
Magic 8.3 revision 489 - Compiled on Thu Aug 22 13:45:15 UTC 2024.
Starting magic under Tcl interpreter
Using the terminal as the console.
Using NULL graphics device.
Processing system .magicrc file
Sourcing design .magicrc for technology sky130A ...
2 Magic internal units = 1 Lambda
Input style sky130(): scaleFactor=2, multiplier=2
The following types are not handled by extraction and will be treated as non-electrical types:
    ubm 
Scaled tech values by 2 / 1 to match internal grid scaling
Loading sky130A Device Generator Menu ...
Loading "/nix/store/ss2cw3sxbrwwx9jl0rrppbw4kgcmgi2n-python3-3.11.9-env/lib/python3.11/site-packages/openlane/scripts/magic/wrapper.tcl" from command line.
> lef read /home/minhnd/.volare/volare/sky130/versions/0fe599b2afb6708d281543108caf8310912f54af/sky130A/libs.ref/sky130_fd_sc_hd/techlef/sky130_fd_sc_hd__nom.tlef
Reading LEF data from file /home/minhnd/.volare/volare/sky130/versions/0fe599b2afb6708d281543108caf8310912f54af/sky130A/libs.ref/sky130_fd_sc_hd/techlef/sky130_fd_sc_hd__nom.tlef.
This action cannot be undone.
LEF read, Line 82 (Message): Unknown keyword "ANTENNAMODEL" in LEF file; ignoring.
LEF read, Line 83 (Message): Unknown keyword "ANTENNADIFFSIDEAREARATIO" in LEF file; ignoring.
LEF read, Line 116 (Message): Unknown keyword "MINENCLOSEDAREA" in LEF file; ignoring.
LEF read, Line 118 (Message): Unknown keyword "ANTENNAMODEL" in LEF file; ignoring.
LEF read, Line 119 (Message): Unknown keyword "ANTENNADIFFSIDEAREARATIO" in LEF file; ignoring.
LEF read, Line 125 (Message): Unknown keyword "MAXIMUMDENSITY" in LEF file; ignoring.
LEF read, Line 126 (Message): Unknown keyword "DENSITYCHECKWINDOW" in LEF file; ignoring.
LEF read, Line 127 (Message): Unknown keyword "DENSITYCHECKSTEP" in LEF file; ignoring.
LEF read, Line 160 (Message): Unknown keyword "MINENCLOSEDAREA" in LEF file; ignoring.
LEF read, Line 168 (Message): Unknown keyword "ANTENNAMODEL" in LEF file; ignoring.
LEF read, Line 169 (Message): Unknown keyword "ANTENNADIFFSIDEAREARATIO" in LEF file; ignoring.
LEF read, Line 171 (Message): Unknown keyword "MAXIMUMDENSITY" in LEF file; ignoring.
LEF read, Line 172 (Message): Unknown keyword "DENSITYCHECKWINDOW" in LEF file; ignoring.
LEF read, Line 173 (Message): Unknown keyword "DENSITYCHECKSTEP" in LEF file; ignoring.
LEF read, Line 210 (Message): Unknown keyword "ANTENNAMODEL" in LEF file; ignoring.
LEF read, Line 211 (Message): Unknown keyword "ANTENNADIFFSIDEAREARATIO" in LEF file; ignoring.
LEF read, Line 213 (Message): Unknown keyword "MAXIMUMDENSITY" in LEF file; ignoring.
LEF read, Line 214 (Message): Unknown keyword "DENSITYCHECKWINDOW" in LEF file; ignoring.
LEF read, Line 215 (Message): Unknown keyword "DENSITYCHECKSTEP" in LEF file; ignoring.
LEF read, Line 252 (Message): Unknown keyword "ANTENNAMODEL" in LEF file; ignoring.
LEF read, Line 253 (Message): Unknown keyword "ANTENNADIFFSIDEAREARATIO" in LEF file; ignoring.
LEF read, Line 255 (Message): Unknown keyword "MAXIMUMDENSITY" in LEF file; ignoring.
LEF read, Line 256 (Message): Unknown keyword "DENSITYCHECKWINDOW" in LEF file; ignoring.
LEF read, Line 257 (Message): Unknown keyword "DENSITYCHECKSTEP" in LEF file; ignoring.
LEF read, Line 294 (Message): Unknown keyword "ANTENNAMODEL" in LEF file; ignoring.
LEF read, Line 295 (Message): Unknown keyword "ANTENNADIFFSIDEAREARATIO" in LEF file; ignoring.
LEF read: Processed 801 lines.
> lef read /home/minhnd/.volare/volare/sky130/versions/0fe599b2afb6708d281543108caf8310912f54af/sky130A/libs.ref/sky130_fd_sc_hd/lef/sky130_ef_sc_hd.lef
Reading LEF data from file /home/minhnd/.volare/volare/sky130/versions/0fe599b2afb6708d281543108caf8310912f54af/sky130A/libs.ref/sky130_fd_sc_hd/lef/sky130_ef_sc_hd.lef.
This action cannot be undone.
LEF read: Processed 278 lines.
> lef read /home/minhnd/.volare/volare/sky130/versions/0fe599b2afb6708d281543108caf8310912f54af/sky130A/libs.ref/sky130_fd_sc_hd/lef/sky130_fd_sc_hd.lef
Reading LEF data from file /home/minhnd/.volare/volare/sky130/versions/0fe599b2afb6708d281543108caf8310912f54af/sky130A/libs.ref/sky130_fd_sc_hd/lef/sky130_fd_sc_hd.lef.
This action cannot be undone.
LEF read: Processed 56536 lines.
> lef read /home/minhnd/projects/CLA32_Floorplanning/macros/sky130_sram_macros/sky130_sram_1kbyte_1rw1r_32x256_8/sky130_sram_1kbyte_1rw1r_32x256_8.lef
Reading LEF data from file /home/minhnd/projects/CLA32_Floorplanning/macros/sky130_sram_macros/sky130_sram_1kbyte_1rw1r_32x256_8/sky130_sram_1kbyte_1rw1r_32x256_8.lef.
This action cannot be undone.
LEF read: Processed 1093 lines.
> def read /home/minhnd/projects/CLA32_Floorplanning/runs/acc32_sram_v9/52-odb-cellfrequencytables/acc32_sram.def -noblockage -labels
Reading DEF data from file /home/minhnd/projects/CLA32_Floorplanning/runs/acc32_sram_v9/52-odb-cellfrequencytables/acc32_sram.def.
This action cannot be undone.
  Processed 4 vias total.
  Processed 28918 subcell instances total.
  Processed 77 pins total.
  Processed 4 special nets total.
  Processed 1190 nets total.
DEF read: Processed 47330 lines.
Moving label "_056_" from metal2 to via2 in cell acc32_sram.
Moving label "_136_" from metal1 to via1 in cell acc32_sram.
Moving label "_159_" from metal1 to viali in cell acc32_sram.
Moving label "_175_" from metal1 to via1 in cell acc32_sram.
Moving label "_184_" from metal1 to via1 in cell acc32_sram.
Moving label "_209_" from metal1 to viali in cell acc32_sram.
Moving label "_226_" from metal1 to via1 in cell acc32_sram.
Moving label "_244_" from metal1 to via1 in cell acc32_sram.
Moving label "_247_" from metal2 to via2 in cell acc32_sram.
Moving label "dout0_q\[24\]" from metal1 to via1 in cell acc32_sram.
Moving label "dout0_q\[27\]" from metal1 to via1 in cell acc32_sram.
Moving label "net101" from metal1 to viali in cell acc32_sram.
Moving label "net167" from metal1 to viali in cell acc32_sram.
Moving label "net241" from metal1 to viali in cell acc32_sram.
Moving label "net253" from metal1 to viali in cell acc32_sram.
Moving label "net259" from metal1 to viali in cell acc32_sram.
Moving label "net263" from metal2 to via2 in cell acc32_sram.
Moving label "net269" from metal1 to viali in cell acc32_sram.
Moving label "net347" from metal1 to viali in cell acc32_sram.
Moving label "net352" from metal2 to via2 in cell acc32_sram.
Moving label "net369" from metal2 to via2 in cell acc32_sram.
Moving label "net38" from metal2 to via1 in cell acc32_sram.
Moving label "net386" from metal2 to via2 in cell acc32_sram.
Moving label "net398" from metal2 to via2 in cell acc32_sram.
Moving label "net435" from metal3 to via3 in cell acc32_sram.
Moving label "net446" from metal1 to via1 in cell acc32_sram.
Moving label "net475" from metal3 to via3 in cell acc32_sram.
Moving label "net493" from metal1 to via1 in cell acc32_sram.
Moving label "net528" from metal1 to via1 in cell acc32_sram.
Moving label "net533" from metal1 to viali in cell acc32_sram.
Moving label "net544" from metal2 to via2 in cell acc32_sram.
Moving label "net546" from metal2 to via2 in cell acc32_sram.
Moving label "net550" from metal1 to viali in cell acc32_sram.
Moving label "net570" from metal1 to via1 in cell acc32_sram.
Moving label "net576" from metal2 to via1 in cell acc32_sram.
Moving label "net577" from metal1 to via1 in cell acc32_sram.
Moving label "net603" from metal2 to via2 in cell acc32_sram.
Moving label "net87" from metal2 to via2 in cell acc32_sram.
[INFO] Loading acc32_sram

DRC style is now "drc(full)"
Loading DRC CIF style.
[INFO] COUNT: 389
[INFO] Should be divided by 3 or 4
[INFO] DRC Checking DONE (/home/minhnd/projects/CLA32_Floorplanning/runs/acc32_sram_v9/62-magic-drc/reports/drc_violations.magic.rpt)
[INFO] Saving mag view with DRC errors (/home/minhnd/projects/CLA32_Floorplanning/runs/acc32_sram_v9/62-magic-drc/views/acc32_sram.drc.mag)
[INFO] Saved
