Reading OpenROAD database at '/home/minhnd/projects/CLA32_Floorplanning/runs/acc32_util60/41-openroad-repairantennas/1-diodeinsertion/acc32.odb'…
Reading library file at '/home/minhnd/.volare/volare/sky130/versions/0fe599b2afb6708d281543108caf8310912f54af/sky130A/libs.ref/sky130_fd_sc_hd/lib/sky130_fd_sc_hd__tt_025C_1v80.lib'…
Reading design constraints file at '/nix/store/ss2cw3sxbrwwx9jl0rrppbw4kgcmgi2n-python3-3.11.9-env/lib/python3.11/site-packages/openlane/scripts/base.sdc'…
[INFO] Using clock clk…
[INFO] Setting output delay to: 4
[INFO] Setting input delay to: 4
[INFO] Setting load to: 0.033442
[INFO] Setting clock uncertainty to: 0.25
[INFO] Setting clock transition to: 0.1499999999999999944488848768742172978818416595458984375
[INFO] Setting timing derate to: 5%
[INFO ORD-0030] Using 16 thread(s).
[INFO DRT-0149] Reading tech and libs.
[WARNING DRT-0349] LEF58_ENCLOSURE with no CUTCLASS is not supported. Skipping for layer mcon
[WARNING DRT-0349] LEF58_ENCLOSURE with no CUTCLASS is not supported. Skipping for layer mcon
[WARNING DRT-0349] LEF58_ENCLOSURE with no CUTCLASS is not supported. Skipping for layer via
[WARNING DRT-0349] LEF58_ENCLOSURE with no CUTCLASS is not supported. Skipping for layer via
[WARNING DRT-0349] LEF58_ENCLOSURE with no CUTCLASS is not supported. Skipping for layer via2
[WARNING DRT-0349] LEF58_ENCLOSURE with no CUTCLASS is not supported. Skipping for layer via2
[WARNING DRT-0349] LEF58_ENCLOSURE with no CUTCLASS is not supported. Skipping for layer via3
[WARNING DRT-0349] LEF58_ENCLOSURE with no CUTCLASS is not supported. Skipping for layer via3
[WARNING DRT-0349] LEF58_ENCLOSURE with no CUTCLASS is not supported. Skipping for layer via4
[WARNING DRT-0349] LEF58_ENCLOSURE with no CUTCLASS is not supported. Skipping for layer via4

Units:                1000
Number of layers:     13
Number of macros:     441
Number of vias:       28
Number of viarulegen: 25

[INFO DRT-0150] Reading design.

Design:                   acc32
Die area:                 ( 0 0 ) ( 78570 89290 )
Number of track patterns: 12
Number of DEF vias:       0
Number of components:     454
Number of terminals:      68
Number of snets:          2
Number of nets:           372

[INFO DRT-0167] List of default vias:
  Layer via
    default via: M1M2_PR
  Layer via2
    default via: M2M3_PR
  Layer via3
    default via: M3M4_PR
  Layer via4
    default via: M4M5_PR
[INFO DRT-0162] Library cell analysis.
[INFO DRT-0163] Instance analysis.
[INFO DRT-0164] Number of unique instances = 100.
[INFO DRT-0168] Init region query.
[INFO DRT-0024]   Complete FR_MASTERSLICE.
[INFO DRT-0024]   Complete licon.
[INFO DRT-0024]   Complete li1.
[INFO DRT-0024]   Complete mcon.
[INFO DRT-0024]   Complete met1.
[INFO DRT-0024]   Complete via.
[INFO DRT-0024]   Complete met2.
[INFO DRT-0024]   Complete via2.
[INFO DRT-0024]   Complete met3.
[INFO DRT-0024]   Complete via3.
[INFO DRT-0024]   Complete met4.
[INFO DRT-0024]   Complete via4.
[INFO DRT-0024]   Complete met5.
[INFO DRT-0033] FR_MASTERSLICE shape region query size = 0.
[INFO DRT-0033] licon shape region query size = 0.
[INFO DRT-0033] li1 shape region query size = 9285.
[INFO DRT-0033] mcon shape region query size = 0.
[INFO DRT-0033] met1 shape region query size = 1406.
[INFO DRT-0033] via shape region query size = 125.
[INFO DRT-0033] met2 shape region query size = 99.
[INFO DRT-0033] via2 shape region query size = 100.
[INFO DRT-0033] met3 shape region query size = 117.
[INFO DRT-0033] via3 shape region query size = 100.
[INFO DRT-0033] met4 shape region query size = 29.
[INFO DRT-0033] via4 shape region query size = 0.
[INFO DRT-0033] met5 shape region query size = 0.
[INFO DRT-0165] Start pin access.
[INFO DRT-0078]   Complete 320 pins.
[INFO DRT-0081]   Complete 94 unique inst patterns.
[INFO DRT-0084]   Complete 188 groups.
#scanned instances     = 454
#unique  instances     = 100
#stdCellGenAp          = 2658
#stdCellValidPlanarAp  = 20
#stdCellValidViaAp     = 2049
#stdCellPinNoAp        = 0
#stdCellPinCnt         = 1026
#instTermValidViaApCnt = 0
#macroGenAp            = 0
#macroValidPlanarAp    = 0
#macroValidViaAp       = 0
#macroNoAp             = 0
[INFO DRT-0166] Complete pin access.
[INFO DRT-0267] cpu time = 00:00:17, elapsed time = 00:00:01, memory = 142.95 (MB), peak = 141.41 (MB)

[INFO DRT-0157] Number of guides:     1961

[INFO DRT-0169] Post process guides.
[INFO DRT-0176] GCELLGRID X 0 DO 11 STEP 6900 ;
[INFO DRT-0177] GCELLGRID Y 0 DO 12 STEP 6900 ;
[INFO DRT-0028]   Complete FR_MASTERSLICE.
[INFO DRT-0028]   Complete licon.
[INFO DRT-0028]   Complete li1.
[INFO DRT-0028]   Complete mcon.
[INFO DRT-0028]   Complete met1.
[INFO DRT-0028]   Complete via.
[INFO DRT-0028]   Complete met2.
[INFO DRT-0028]   Complete via2.
[INFO DRT-0028]   Complete met3.
[INFO DRT-0028]   Complete via3.
[INFO DRT-0028]   Complete met4.
[INFO DRT-0028]   Complete via4.
[INFO DRT-0028]   Complete met5.
[INFO DRT-0178] Init guide query.
[INFO DRT-0035]   Complete FR_MASTERSLICE (guide).
[INFO DRT-0035]   Complete licon (guide).
[INFO DRT-0035]   Complete li1 (guide).
[INFO DRT-0035]   Complete mcon (guide).
[INFO DRT-0035]   Complete met1 (guide).
[INFO DRT-0035]   Complete via (guide).
[INFO DRT-0035]   Complete met2 (guide).
[INFO DRT-0035]   Complete via2 (guide).
[INFO DRT-0035]   Complete met3 (guide).
[INFO DRT-0035]   Complete via3 (guide).
[INFO DRT-0035]   Complete met4 (guide).
[INFO DRT-0035]   Complete via4 (guide).
[INFO DRT-0035]   Complete met5 (guide).
[INFO DRT-0036] FR_MASTERSLICE guide region query size = 0.
[INFO DRT-0036] licon guide region query size = 0.
[INFO DRT-0036] li1 guide region query size = 718.
[INFO DRT-0036] mcon guide region query size = 0.
[INFO DRT-0036] met1 guide region query size = 514.
[INFO DRT-0036] via guide region query size = 0.
[INFO DRT-0036] met2 guide region query size = 248.
[INFO DRT-0036] via2 guide region query size = 0.
[INFO DRT-0036] met3 guide region query size = 46.
[INFO DRT-0036] via3 guide region query size = 0.
[INFO DRT-0036] met4 guide region query size = 2.
[INFO DRT-0036] via4 guide region query size = 0.
[INFO DRT-0036] met5 guide region query size = 0.
[INFO DRT-0179] Init gr pin query.
[INFO DRT-0245] skipped writing guide updates to database.
[INFO DRT-0185] Post process initialize RPin region query.
[INFO DRT-0181] Start track assignment.
[INFO DRT-0184] Done with 968 vertical wires in 1 frboxes and 560 horizontal wires in 1 frboxes.
[INFO DRT-0186] Done with 60 vertical wires in 1 frboxes and 139 horizontal wires in 1 frboxes.
[INFO DRT-0182] Complete track assignment.
[INFO DRT-0267] cpu time = 00:00:01, elapsed time = 00:00:00, memory = 146.01 (MB), peak = 144.61 (MB)
[INFO DRT-0187] Start routing data preparation.
[INFO DRT-0267] cpu time = 00:00:00, elapsed time = 00:00:00, memory = 146.01 (MB), peak = 144.61 (MB)
[INFO DRT-0194] Start detail routing.
[INFO DRT-0195] Start 0th optimization iteration.
    Completing 10% with 0 violations.
    elapsed time = 00:00:00, memory = 154.11 (MB).
    Completing 20% with 31 violations.
    elapsed time = 00:00:01, memory = 173.59 (MB).
    Completing 30% with 51 violations.
    elapsed time = 00:00:01, memory = 191.25 (MB).
    Completing 40% with 60 violations.
    elapsed time = 00:00:02, memory = 192.70 (MB).
[INFO DRT-0199]   Number of violations = 76.
Viol/Layer        mcon   met1    via   met2   met3
Cut Spacing          1      0      0      0      0
Metal Spacing        0     15      0      6     10
Recheck              0      5      0      0      0
Short                0     38      1      0      0
[INFO DRT-0267] cpu time = 00:00:16, elapsed time = 00:00:02, memory = 545.95 (MB), peak = 544.35 (MB)
Total wire length = 4490 um.
Total wire length on LAYER li1 = 0 um.
Total wire length on LAYER met1 = 2175 um.
Total wire length on LAYER met2 = 2092 um.
Total wire length on LAYER met3 = 212 um.
Total wire length on LAYER met4 = 10 um.
Total wire length on LAYER met5 = 0 um.
Total number of vias = 1922.
Up-via summary (total 1922):

-----------------------
 FR_MASTERSLICE       0
            li1     994
           met1     882
           met2      44
           met3       2
           met4       0
-----------------------
                   1922


[INFO DRT-0195] Start 1st optimization iteration.
    Completing 10% with 76 violations.
    elapsed time = 00:00:00, memory = 545.95 (MB).
    Completing 20% with 72 violations.
    elapsed time = 00:00:00, memory = 568.93 (MB).
    Completing 30% with 64 violations.
    elapsed time = 00:00:01, memory = 568.93 (MB).
    Completing 40% with 56 violations.
    elapsed time = 00:00:01, memory = 568.93 (MB).
[INFO DRT-0199]   Number of violations = 33.
Viol/Layer        met1   met3
Metal Spacing        4     11
Short               18      0
[INFO DRT-0267] cpu time = 00:00:14, elapsed time = 00:00:01, memory = 569.06 (MB), peak = 585.60 (MB)
Total wire length = 4484 um.
Total wire length on LAYER li1 = 0 um.
Total wire length on LAYER met1 = 2176 um.
Total wire length on LAYER met2 = 2086 um.
Total wire length on LAYER met3 = 210 um.
Total wire length on LAYER met4 = 10 um.
Total wire length on LAYER met5 = 0 um.
Total number of vias = 1904.
Up-via summary (total 1904):

-----------------------
 FR_MASTERSLICE       0
            li1     994
           met1     864
           met2      44
           met3       2
           met4       0
-----------------------
                   1904


[INFO DRT-0195] Start 2nd optimization iteration.
    Completing 10% with 33 violations.
    elapsed time = 00:00:00, memory = 569.06 (MB).
    Completing 20% with 33 violations.
    elapsed time = 00:00:00, memory = 569.06 (MB).
    Completing 30% with 33 violations.
    elapsed time = 00:00:00, memory = 574.25 (MB).
    Completing 40% with 33 violations.
    elapsed time = 00:00:00, memory = 574.40 (MB).
    Completing 50% with 31 violations.
    elapsed time = 00:00:00, memory = 574.40 (MB).
    Completing 60% with 31 violations.
    elapsed time = 00:00:00, memory = 579.98 (MB).
    Completing 70% with 34 violations.
    elapsed time = 00:00:00, memory = 579.98 (MB).
    Completing 80% with 34 violations.
    elapsed time = 00:00:00, memory = 579.98 (MB).
    Completing 90% with 34 violations.
    elapsed time = 00:00:01, memory = 579.98 (MB).
    Completing 100% with 41 violations.
    elapsed time = 00:00:01, memory = 579.98 (MB).
[INFO DRT-0199]   Number of violations = 41.
Viol/Layer        mcon   met1   met2   met3   met4
Cut Spacing          1      0      0      0      0
Metal Spacing        0      9      1      9      1
Min Hole             0      1      0      0      0
Short                0     19      0      0      0
[INFO DRT-0267] cpu time = 00:00:12, elapsed time = 00:00:01, memory = 580.94 (MB), peak = 603.11 (MB)
Total wire length = 4496 um.
Total wire length on LAYER li1 = 0 um.
Total wire length on LAYER met1 = 2196 um.
Total wire length on LAYER met2 = 2079 um.
Total wire length on LAYER met3 = 212 um.
Total wire length on LAYER met4 = 8 um.
Total wire length on LAYER met5 = 0 um.
Total number of vias = 1901.
Up-via summary (total 1901):

-----------------------
 FR_MASTERSLICE       0
            li1     994
           met1     861
           met2      44
           met3       2
           met4       0
-----------------------
                   1901


[INFO DRT-0195] Start 3rd optimization iteration.
    Completing 10% with 41 violations.
    elapsed time = 00:00:00, memory = 580.94 (MB).
    Completing 20% with 16 violations.
    elapsed time = 00:00:02, memory = 593.77 (MB).
    Completing 30% with 9 violations.
    elapsed time = 00:00:02, memory = 593.77 (MB).
    Completing 40% with 8 violations.
    elapsed time = 00:00:02, memory = 593.77 (MB).
[INFO DRT-0199]   Number of violations = 8.
Viol/Layer        met1   met4
Metal Spacing        2      1
Min Hole             1      0
Short                4      0
[INFO DRT-0267] cpu time = 00:00:14, elapsed time = 00:00:02, memory = 596.54 (MB), peak = 603.11 (MB)
Total wire length = 4521 um.
Total wire length on LAYER li1 = 0 um.
Total wire length on LAYER met1 = 2178 um.
Total wire length on LAYER met2 = 2092 um.
Total wire length on LAYER met3 = 242 um.
Total wire length on LAYER met4 = 8 um.
Total wire length on LAYER met5 = 0 um.
Total number of vias = 1913.
Up-via summary (total 1913):

-----------------------
 FR_MASTERSLICE       0
            li1     994
           met1     869
           met2      48
           met3       2
           met4       0
-----------------------
                   1913


[INFO DRT-0195] Start 4th optimization iteration.
    Completing 10% with 8 violations.
    elapsed time = 00:00:00, memory = 596.54 (MB).
    Completing 20% with 8 violations.
    elapsed time = 00:00:00, memory = 596.54 (MB).
    Completing 30% with 8 violations.
    elapsed time = 00:00:00, memory = 596.54 (MB).
    Completing 40% with 8 violations.
    elapsed time = 00:00:00, memory = 596.54 (MB).
[INFO DRT-0199]   Number of violations = 0.
[INFO DRT-0267] cpu time = 00:00:03, elapsed time = 00:00:00, memory = 596.54 (MB), peak = 603.11 (MB)
Total wire length = 4521 um.
Total wire length on LAYER li1 = 0 um.
Total wire length on LAYER met1 = 2183 um.
Total wire length on LAYER met2 = 2102 um.
Total wire length on LAYER met3 = 235 um.
Total wire length on LAYER met4 = 0 um.
Total wire length on LAYER met5 = 0 um.
Total number of vias = 1911.
Up-via summary (total 1911):

-----------------------
 FR_MASTERSLICE       0
            li1     994
           met1     871
           met2      46
           met3       0
           met4       0
-----------------------
                   1911


[INFO DRT-0198] Complete detail routing.
Total wire length = 4521 um.
Total wire length on LAYER li1 = 0 um.
Total wire length on LAYER met1 = 2183 um.
Total wire length on LAYER met2 = 2102 um.
Total wire length on LAYER met3 = 235 um.
Total wire length on LAYER met4 = 0 um.
Total wire length on LAYER met5 = 0 um.
Total number of vias = 1911.
Up-via summary (total 1911):

-----------------------
 FR_MASTERSLICE       0
            li1     994
           met1     871
           met2      46
           met3       0
           met4       0
-----------------------
                   1911


[INFO DRT-0267] cpu time = 00:01:01, elapsed time = 00:00:09, memory = 596.54 (MB), peak = 603.11 (MB)

[INFO DRT-0180] Post processing.
Setting global connections for newly added cells…
[INFO] Setting global connections...
Updating metrics…
Cell type report:                       Count       Area
  Fill cell                                48     180.17
  Tap cell                                 65      81.33
  Clock buffer                              8     153.90
  Timing Repair Buffer                     69     319.06
  Inverter                                 35     131.38
  Sequential cell                          32     804.52
  Multi-Input combinational cell          197    1256.20
  Total                                   454    2926.56
Writing OpenROAD database to '/home/minhnd/projects/CLA32_Floorplanning/runs/acc32_util60/43-openroad-detailedrouting/acc32.odb'…
Writing netlist to '/home/minhnd/projects/CLA32_Floorplanning/runs/acc32_util60/43-openroad-detailedrouting/acc32.nl.v'…
Writing powered netlist to '/home/minhnd/projects/CLA32_Floorplanning/runs/acc32_util60/43-openroad-detailedrouting/acc32.pnl.v'…
Writing layout to '/home/minhnd/projects/CLA32_Floorplanning/runs/acc32_util60/43-openroad-detailedrouting/acc32.def'…
Writing timing constraints to '/home/minhnd/projects/CLA32_Floorplanning/runs/acc32_util60/43-openroad-detailedrouting/acc32.sdc'…
