Clock: clk
Sources: clk 
Generated: no
Virtual: yes
Propagated: no
Period: 20.000000

===========================================================================
report_clock_properties
============================================================================
Clock                   Period          Waveform
----------------------------------------------------
clk                  20.000000    0.000000 10.000000

===========================================================================
report_clock_latency
============================================================================
Clock clk
rise -> rise
    min     max
0.000000 0.000000 source latency
0.276327         network latency _92_/CLK
        0.276772 network latency _94_/CLK
---------------
0.276327 0.276772 latency
        0.000445 skew

fall -> fall
    min     max
0.000000 0.000000 source latency
0.283894         network latency _92_/CLK
        0.284283 network latency _94_/CLK
---------------
0.283894 0.284283 latency
        0.000389 skew



===========================================================================
report_clock_min_period
============================================================================
clk period_min = 2.39 fmax = 418.29
