
===========================================================================
report_checks -path_delay max (Setup)
============================================================================
======================= max_tt_025C_1v80 Corner ===================================

Startpoint: data_in[0] (input port clocked by clk)
Endpoint: _98_ (rising edge-triggered flip-flop clocked by clk)
Path Group: clk
Path Type: max

Fanout         Cap        Slew       Delay        Time   Description
---------------------------------------------------------------------------------------------
                                  0.000000    0.000000   clock clk (rise edge)
                                  0.000000    0.000000   clock network delay (propagated)
                                  4.000000    4.000000 ^ input external delay
     1    0.004076    0.025279    0.014852    4.014852 ^ data_in[0] (in)
                                                         data_in[0] (net)
                      0.025281    0.000000    4.014852 ^ input1/A (sky130_fd_sc_hd__clkbuf_1)
     2    0.007054    0.091511    0.107442    4.122293 ^ input1/X (sky130_fd_sc_hd__clkbuf_1)
                                                         net1 (net)
                      0.091515    0.000478    4.122772 ^ _53_/A (sky130_fd_sc_hd__nand2_1)
     3    0.009650    0.077940    0.095423    4.218194 v _53_/Y (sky130_fd_sc_hd__nand2_1)
                                                         _18_ (net)
                      0.077946    0.000556    4.218750 v _54_/A (sky130_fd_sc_hd__or3b_1)
     3    0.008021    0.095616    0.418068    4.636818 v _54_/X (sky130_fd_sc_hd__or3b_1)
                                                         _19_ (net)
                      0.095616    0.000291    4.637109 v _55_/A2 (sky130_fd_sc_hd__a211o_1)
     4    0.012436    0.090270    0.356278    4.993387 v _55_/X (sky130_fd_sc_hd__a211o_1)
                                                         _20_ (net)
                      0.090273    0.000690    4.994077 v _60_/A2 (sky130_fd_sc_hd__a311o_1)
     4    0.013233    0.102253    0.380795    5.374872 v _60_/X (sky130_fd_sc_hd__a311o_1)
                                                         _25_ (net)
                      0.102259    0.000885    5.375757 v _70_/A2 (sky130_fd_sc_hd__a31o_1)
     1    0.005703    0.049667    0.237676    5.613433 v _70_/X (sky130_fd_sc_hd__a31o_1)
                                                         _33_ (net)
                      0.049667    0.000271    5.613704 v _71_/B (sky130_fd_sc_hd__xnor2_1)
     1    0.002540    0.043656    0.117662    5.731366 v _71_/Y (sky130_fd_sc_hd__xnor2_1)
                                                         adder.high.sum[2] (net)
                      0.043656    0.000175    5.731542 v _98_/D (sky130_fd_sc_hd__dfrtp_1)
                                              5.731542   data arrival time

                                 20.000000   20.000000   clock clk (rise edge)
                                  0.000000   20.000000   clock source latency
     1    0.009595    0.049653    0.032861   20.032862 ^ clk (in)
                                                         clk (net)
                      0.049660    0.000000   20.032862 ^ clkbuf_0_clk/A (sky130_fd_sc_hd__clkbuf_16)
     2    0.018778    0.040800    0.125663   20.158524 ^ clkbuf_0_clk/X (sky130_fd_sc_hd__clkbuf_16)
                                                         clknet_0_clk (net)
                      0.040807    0.000949   20.159473 ^ clkbuf_1_1__f_clk/A (sky130_fd_sc_hd__clkbuf_16)
     4    0.012109    0.035152    0.116232   20.275705 ^ clkbuf_1_1__f_clk/X (sky130_fd_sc_hd__clkbuf_16)
                                                         clknet_1_1__leaf_clk (net)
                      0.035153    0.000625   20.276331 ^ _98_/CLK (sky130_fd_sc_hd__dfrtp_1)
                                 -0.250000   20.026331   clock uncertainty
                                  0.000000   20.026331   clock reconvergence pessimism
                                 -0.115940   19.910393   library setup time
                                             19.910393   data required time
---------------------------------------------------------------------------------------------
                                             19.910393   data required time
                                             -5.731542   data arrival time
---------------------------------------------------------------------------------------------
                                             14.178850   slack (MET)


Startpoint: data_in[0] (input port clocked by clk)
Endpoint: _99_ (rising edge-triggered flip-flop clocked by clk)
Path Group: clk
Path Type: max

Fanout         Cap        Slew       Delay        Time   Description
---------------------------------------------------------------------------------------------
                                  0.000000    0.000000   clock clk (rise edge)
                                  0.000000    0.000000   clock network delay (propagated)
                                  4.000000    4.000000 ^ input external delay
     1    0.004076    0.025279    0.014852    4.014852 ^ data_in[0] (in)
                                                         data_in[0] (net)
                      0.025281    0.000000    4.014852 ^ input1/A (sky130_fd_sc_hd__clkbuf_1)
     2    0.007054    0.091511    0.107442    4.122293 ^ input1/X (sky130_fd_sc_hd__clkbuf_1)
                                                         net1 (net)
                      0.091515    0.000478    4.122772 ^ _53_/A (sky130_fd_sc_hd__nand2_1)
     3    0.009650    0.077940    0.095423    4.218194 v _53_/Y (sky130_fd_sc_hd__nand2_1)
                                                         _18_ (net)
                      0.077946    0.000556    4.218750 v _54_/A (sky130_fd_sc_hd__or3b_1)
     3    0.008021    0.095616    0.418068    4.636818 v _54_/X (sky130_fd_sc_hd__or3b_1)
                                                         _19_ (net)
                      0.095616    0.000291    4.637109 v _55_/A2 (sky130_fd_sc_hd__a211o_1)
     4    0.012436    0.090270    0.356278    4.993387 v _55_/X (sky130_fd_sc_hd__a211o_1)
                                                         _20_ (net)
                      0.090273    0.000690    4.994077 v _60_/A2 (sky130_fd_sc_hd__a311o_1)
     4    0.013233    0.102253    0.380795    5.374872 v _60_/X (sky130_fd_sc_hd__a311o_1)
                                                         _25_ (net)
                      0.102256    0.000700    5.375572 v _74_/A1 (sky130_fd_sc_hd__a21oi_1)
     1    0.005124    0.146274    0.173300    5.548872 ^ _74_/Y (sky130_fd_sc_hd__a21oi_1)
                                                         _36_ (net)
                      0.146274    0.000390    5.549262 ^ _76_/A (sky130_fd_sc_hd__xnor2_1)
     1    0.002318    0.046723    0.085542    5.634803 v _76_/Y (sky130_fd_sc_hd__xnor2_1)
                                                         adder.high.sum[3] (net)
                      0.046725    0.000167    5.634971 v _99_/D (sky130_fd_sc_hd__dfrtp_1)
                                              5.634971   data arrival time

                                 20.000000   20.000000   clock clk (rise edge)
                                  0.000000   20.000000   clock source latency
     1    0.009595    0.049653    0.032861   20.032862 ^ clk (in)
                                                         clk (net)
                      0.049660    0.000000   20.032862 ^ clkbuf_0_clk/A (sky130_fd_sc_hd__clkbuf_16)
     2    0.018778    0.040800    0.125663   20.158524 ^ clkbuf_0_clk/X (sky130_fd_sc_hd__clkbuf_16)
                                                         clknet_0_clk (net)
                      0.040807    0.000949   20.159473 ^ clkbuf_1_1__f_clk/A (sky130_fd_sc_hd__clkbuf_16)
     4    0.012109    0.035152    0.116232   20.275705 ^ clkbuf_1_1__f_clk/X (sky130_fd_sc_hd__clkbuf_16)
                                                         clknet_1_1__leaf_clk (net)
                      0.035153    0.000641   20.276346 ^ _99_/CLK (sky130_fd_sc_hd__dfrtp_1)
                                 -0.250000   20.026348   clock uncertainty
                                  0.000000   20.026348   clock reconvergence pessimism
                                 -0.117280   19.909067   library setup time
                                             19.909067   data required time
---------------------------------------------------------------------------------------------
                                             19.909067   data required time
                                             -5.634971   data arrival time
---------------------------------------------------------------------------------------------
                                             14.274097   slack (MET)


Startpoint: data_in[0] (input port clocked by clk)
Endpoint: _96_ (rising edge-triggered flip-flop clocked by clk)
Path Group: clk
Path Type: max

Fanout         Cap        Slew       Delay        Time   Description
---------------------------------------------------------------------------------------------
                                  0.000000    0.000000   clock clk (rise edge)
                                  0.000000    0.000000   clock network delay (propagated)
                                  4.000000    4.000000 ^ input external delay
     1    0.004076    0.025279    0.014852    4.014852 ^ data_in[0] (in)
                                                         data_in[0] (net)
                      0.025281    0.000000    4.014852 ^ input1/A (sky130_fd_sc_hd__clkbuf_1)
     2    0.007054    0.091511    0.107442    4.122293 ^ input1/X (sky130_fd_sc_hd__clkbuf_1)
                                                         net1 (net)
                      0.091515    0.000478    4.122772 ^ _53_/A (sky130_fd_sc_hd__nand2_1)
     3    0.009650    0.077940    0.095423    4.218194 v _53_/Y (sky130_fd_sc_hd__nand2_1)
                                                         _18_ (net)
                      0.077946    0.000556    4.218750 v _54_/A (sky130_fd_sc_hd__or3b_1)
     3    0.008021    0.095616    0.418068    4.636818 v _54_/X (sky130_fd_sc_hd__or3b_1)
                                                         _19_ (net)
                      0.095616    0.000291    4.637109 v _55_/A2 (sky130_fd_sc_hd__a211o_1)
     4    0.012436    0.090270    0.356278    4.993387 v _55_/X (sky130_fd_sc_hd__a211o_1)
                                                         _20_ (net)
                      0.090273    0.000690    4.994077 v _60_/A2 (sky130_fd_sc_hd__a311o_1)
     4    0.013233    0.102253    0.380795    5.374872 v _60_/X (sky130_fd_sc_hd__a311o_1)
                                                         _25_ (net)
                      0.102256    0.000664    5.375536 v _61_/B (sky130_fd_sc_hd__and2_1)
     1    0.003090    0.036290    0.177856    5.553392 v _61_/X (sky130_fd_sc_hd__and2_1)
                                                         adder.high.sum[0] (net)
                      0.036290    0.000194    5.553586 v _96_/D (sky130_fd_sc_hd__dfrtp_1)
                                              5.553586   data arrival time

                                 20.000000   20.000000   clock clk (rise edge)
                                  0.000000   20.000000   clock source latency
     1    0.009595    0.049653    0.032861   20.032862 ^ clk (in)
                                                         clk (net)
                      0.049660    0.000000   20.032862 ^ clkbuf_0_clk/A (sky130_fd_sc_hd__clkbuf_16)
     2    0.018778    0.040800    0.125663   20.158524 ^ clkbuf_0_clk/X (sky130_fd_sc_hd__clkbuf_16)
                                                         clknet_0_clk (net)
                      0.040807    0.000963   20.159487 ^ clkbuf_1_0__f_clk/A (sky130_fd_sc_hd__clkbuf_16)
     4    0.012461    0.035453    0.116554   20.276041 ^ clkbuf_1_0__f_clk/X (sky130_fd_sc_hd__clkbuf_16)
                                                         clknet_1_0__leaf_clk (net)
                      0.035454    0.000673   20.276714 ^ _96_/CLK (sky130_fd_sc_hd__dfrtp_1)
                                 -0.250000   20.026714   clock uncertainty
                                  0.000000   20.026714   clock reconvergence pessimism
                                 -0.112656   19.914061   library setup time
                                             19.914061   data required time
---------------------------------------------------------------------------------------------
                                             19.914061   data required time
                                             -5.553586   data arrival time
---------------------------------------------------------------------------------------------
                                             14.360474   slack (MET)


Startpoint: data_in[0] (input port clocked by clk)
Endpoint: _97_ (rising edge-triggered flip-flop clocked by clk)
Path Group: clk
Path Type: max

Fanout         Cap        Slew       Delay        Time   Description
---------------------------------------------------------------------------------------------
                                  0.000000    0.000000   clock clk (rise edge)
                                  0.000000    0.000000   clock network delay (propagated)
                                  4.000000    4.000000 ^ input external delay
     1    0.004076    0.025279    0.014852    4.014852 ^ data_in[0] (in)
                                                         data_in[0] (net)
                      0.025281    0.000000    4.014852 ^ input1/A (sky130_fd_sc_hd__clkbuf_1)
     2    0.007054    0.091511    0.107442    4.122293 ^ input1/X (sky130_fd_sc_hd__clkbuf_1)
                                                         net1 (net)
                      0.091515    0.000478    4.122772 ^ _53_/A (sky130_fd_sc_hd__nand2_1)
     3    0.009650    0.077940    0.095423    4.218194 v _53_/Y (sky130_fd_sc_hd__nand2_1)
                                                         _18_ (net)
                      0.077946    0.000556    4.218750 v _54_/A (sky130_fd_sc_hd__or3b_1)
     3    0.008021    0.095616    0.418068    4.636818 v _54_/X (sky130_fd_sc_hd__or3b_1)
                                                         _19_ (net)
                      0.095616    0.000291    4.637109 v _55_/A2 (sky130_fd_sc_hd__a211o_1)
     4    0.012436    0.090270    0.356278    4.993387 v _55_/X (sky130_fd_sc_hd__a211o_1)
                                                         _20_ (net)
                      0.090273    0.000690    4.994077 v _60_/A2 (sky130_fd_sc_hd__a311o_1)
     4    0.013233    0.102253    0.380795    5.374872 v _60_/X (sky130_fd_sc_hd__a311o_1)
                                                         _25_ (net)
                      0.102258    0.000831    5.375703 v _65_/B (sky130_fd_sc_hd__nand2_1)
     1    0.004950    0.065751    0.100271    5.475974 ^ _65_/Y (sky130_fd_sc_hd__nand2_1)
                                                         _29_ (net)
                      0.065752    0.000234    5.476208 ^ _66_/B (sky130_fd_sc_hd__xnor2_1)
     1    0.002182    0.103996    0.105236    5.581443 ^ _66_/Y (sky130_fd_sc_hd__xnor2_1)
                                                         adder.high.sum[1] (net)
                      0.103996    0.000159    5.581603 ^ _97_/D (sky130_fd_sc_hd__dfrtp_1)
                                              5.581603   data arrival time

                                 20.000000   20.000000   clock clk (rise edge)
                                  0.000000   20.000000   clock source latency
     1    0.009595    0.049653    0.032861   20.032862 ^ clk (in)
                                                         clk (net)
                      0.049660    0.000000   20.032862 ^ clkbuf_0_clk/A (sky130_fd_sc_hd__clkbuf_16)
     2    0.018778    0.040800    0.125663   20.158524 ^ clkbuf_0_clk/X (sky130_fd_sc_hd__clkbuf_16)
                                                         clknet_0_clk (net)
                      0.040807    0.000963   20.159487 ^ clkbuf_1_0__f_clk/A (sky130_fd_sc_hd__clkbuf_16)
     4    0.012461    0.035453    0.116554   20.276041 ^ clkbuf_1_0__f_clk/X (sky130_fd_sc_hd__clkbuf_16)
                                                         clknet_1_0__leaf_clk (net)
                      0.035453    0.000595   20.276636 ^ _97_/CLK (sky130_fd_sc_hd__dfrtp_1)
                                 -0.250000   20.026636   clock uncertainty
                                  0.000000   20.026636   clock reconvergence pessimism
                                 -0.074918   19.951719   library setup time
                                             19.951719   data required time
---------------------------------------------------------------------------------------------
                                             19.951719   data required time
                                             -5.581603   data arrival time
---------------------------------------------------------------------------------------------
                                             14.370116   slack (MET)


Startpoint: data_in[0] (input port clocked by clk)
Endpoint: _95_ (rising edge-triggered flip-flop clocked by clk)
Path Group: clk
Path Type: max

Fanout         Cap        Slew       Delay        Time   Description
---------------------------------------------------------------------------------------------
                                  0.000000    0.000000   clock clk (rise edge)
                                  0.000000    0.000000   clock network delay (propagated)
                                  4.000000    4.000000 ^ input external delay
     1    0.004076    0.025279    0.014852    4.014852 ^ data_in[0] (in)
                                                         data_in[0] (net)
                      0.025281    0.000000    4.014852 ^ input1/A (sky130_fd_sc_hd__clkbuf_1)
     2    0.007054    0.091511    0.107442    4.122293 ^ input1/X (sky130_fd_sc_hd__clkbuf_1)
                                                         net1 (net)
                      0.091515    0.000478    4.122772 ^ _53_/A (sky130_fd_sc_hd__nand2_1)
     3    0.009650    0.077940    0.095423    4.218194 v _53_/Y (sky130_fd_sc_hd__nand2_1)
                                                         _18_ (net)
                      0.077946    0.000556    4.218750 v _54_/A (sky130_fd_sc_hd__or3b_1)
     3    0.008021    0.095616    0.418068    4.636818 v _54_/X (sky130_fd_sc_hd__or3b_1)
                                                         _19_ (net)
                      0.095616    0.000291    4.637109 v _55_/A2 (sky130_fd_sc_hd__a211o_1)
     4    0.012436    0.090270    0.356278    4.993387 v _55_/X (sky130_fd_sc_hd__a211o_1)
                                                         _20_ (net)
                      0.090275    0.000788    4.994175 v _81_/B (sky130_fd_sc_hd__nand2_1)
     1    0.005393    0.067849    0.097541    5.091716 ^ _81_/Y (sky130_fd_sc_hd__nand2_1)
                                                         _40_ (net)
                      0.067850    0.000396    5.092112 ^ _82_/B (sky130_fd_sc_hd__xnor2_1)
     1    0.002602    0.111976    0.109378    5.201490 ^ _82_/Y (sky130_fd_sc_hd__xnor2_1)
                                                         adder.low.sum[3] (net)
                      0.111976    0.000175    5.201665 ^ _95_/D (sky130_fd_sc_hd__dfrtp_1)
                                              5.201665   data arrival time

                                 20.000000   20.000000   clock clk (rise edge)
                                  0.000000   20.000000   clock source latency
     1    0.009595    0.049653    0.032861   20.032862 ^ clk (in)
                                                         clk (net)
                      0.049660    0.000000   20.032862 ^ clkbuf_0_clk/A (sky130_fd_sc_hd__clkbuf_16)
     2    0.018778    0.040800    0.125663   20.158524 ^ clkbuf_0_clk/X (sky130_fd_sc_hd__clkbuf_16)
                                                         clknet_0_clk (net)
                      0.040807    0.000963   20.159487 ^ clkbuf_1_0__f_clk/A (sky130_fd_sc_hd__clkbuf_16)
     4    0.012461    0.035453    0.116554   20.276041 ^ clkbuf_1_0__f_clk/X (sky130_fd_sc_hd__clkbuf_16)
                                                         clknet_1_0__leaf_clk (net)
                      0.035453    0.000632   20.276674 ^ _95_/CLK (sky130_fd_sc_hd__dfrtp_1)
                                 -0.250000   20.026674   clock uncertainty
                                  0.000000   20.026674   clock reconvergence pessimism
                                 -0.076766   19.949909   library setup time
                                             19.949909   data required time
---------------------------------------------------------------------------------------------
                                             19.949909   data required time
                                             -5.201665   data arrival time
---------------------------------------------------------------------------------------------
                                             14.748244   slack (MET)


Startpoint: data_in[0] (input port clocked by clk)
Endpoint: _94_ (rising edge-triggered flip-flop clocked by clk)
Path Group: clk
Path Type: max

Fanout         Cap        Slew       Delay        Time   Description
---------------------------------------------------------------------------------------------
                                  0.000000    0.000000   clock clk (rise edge)
                                  0.000000    0.000000   clock network delay (propagated)
                                  4.000000    4.000000 ^ input external delay
     1    0.004076    0.025279    0.014852    4.014852 ^ data_in[0] (in)
                                                         data_in[0] (net)
                      0.025281    0.000000    4.014852 ^ input1/A (sky130_fd_sc_hd__clkbuf_1)
     2    0.007054    0.091511    0.107442    4.122293 ^ input1/X (sky130_fd_sc_hd__clkbuf_1)
                                                         net1 (net)
                      0.091515    0.000478    4.122772 ^ _53_/A (sky130_fd_sc_hd__nand2_1)
     3    0.009650    0.077940    0.095423    4.218194 v _53_/Y (sky130_fd_sc_hd__nand2_1)
                                                         _18_ (net)
                      0.077946    0.000556    4.218750 v _54_/A (sky130_fd_sc_hd__or3b_1)
     3    0.008021    0.095616    0.418068    4.636818 v _54_/X (sky130_fd_sc_hd__or3b_1)
                                                         _19_ (net)
                      0.095616    0.000291    4.637109 v _55_/A2 (sky130_fd_sc_hd__a211o_1)
     4    0.012436    0.090270    0.356278    4.993387 v _55_/X (sky130_fd_sc_hd__a211o_1)
                                                         _20_ (net)
                      0.090274    0.000718    4.994105 v _80_/A (sky130_fd_sc_hd__and2_1)
     1    0.003639    0.038673    0.156391    5.150496 v _80_/X (sky130_fd_sc_hd__and2_1)
                                                         adder.low.sum[2] (net)
                      0.038673    0.000219    5.150716 v _94_/D (sky130_fd_sc_hd__dfrtp_1)
                                              5.150716   data arrival time

                                 20.000000   20.000000   clock clk (rise edge)
                                  0.000000   20.000000   clock source latency
     1    0.009595    0.049653    0.032861   20.032862 ^ clk (in)
                                                         clk (net)
                      0.049660    0.000000   20.032862 ^ clkbuf_0_clk/A (sky130_fd_sc_hd__clkbuf_16)
     2    0.018778    0.040800    0.125663   20.158524 ^ clkbuf_0_clk/X (sky130_fd_sc_hd__clkbuf_16)
                                                         clknet_0_clk (net)
                      0.040807    0.000963   20.159487 ^ clkbuf_1_0__f_clk/A (sky130_fd_sc_hd__clkbuf_16)
     4    0.012461    0.035453    0.116554   20.276041 ^ clkbuf_1_0__f_clk/X (sky130_fd_sc_hd__clkbuf_16)
                                                         clknet_1_0__leaf_clk (net)
                      0.035454    0.000732   20.276773 ^ _94_/CLK (sky130_fd_sc_hd__dfrtp_1)
                                 -0.250000   20.026773   clock uncertainty
                                  0.000000   20.026773   clock reconvergence pessimism
                                 -0.113696   19.913078   library setup time
                                             19.913078   data required time
---------------------------------------------------------------------------------------------
                                             19.913078   data required time
                                             -5.150716   data arrival time
---------------------------------------------------------------------------------------------
                                             14.762362   slack (MET)


Startpoint: _94_ (rising edge-triggered flip-flop clocked by clk)
Endpoint: acc[2] (output port clocked by clk)
Path Group: clk
Path Type: max

Fanout         Cap        Slew       Delay        Time   Description
---------------------------------------------------------------------------------------------
                                  0.000000    0.000000   clock clk (rise edge)
                                  0.000000    0.000000   clock source latency
     1    0.009595    0.049653    0.032860    0.032860 ^ clk (in)
                                                         clk (net)
                      0.049660    0.000000    0.032860 ^ clkbuf_0_clk/A (sky130_fd_sc_hd__clkbuf_16)
     2    0.018778    0.040800    0.125663    0.158524 ^ clkbuf_0_clk/X (sky130_fd_sc_hd__clkbuf_16)
                                                         clknet_0_clk (net)
                      0.040807    0.000963    0.159487 ^ clkbuf_1_0__f_clk/A (sky130_fd_sc_hd__clkbuf_16)
     4    0.012461    0.035453    0.116554    0.276041 ^ clkbuf_1_0__f_clk/X (sky130_fd_sc_hd__clkbuf_16)
                                                         clknet_1_0__leaf_clk (net)
                      0.035454    0.000731    0.276772 ^ _94_/CLK (sky130_fd_sc_hd__dfrtp_1)
     4    0.013327    0.127631    0.379157    0.655929 ^ _94_/Q (sky130_fd_sc_hd__dfrtp_1)
                                                         net12 (net)
                      0.127644    0.001351    0.657280 ^ output12/A (sky130_fd_sc_hd__buf_2)
     1    0.034738    0.172961    0.228920    0.886200 ^ output12/X (sky130_fd_sc_hd__buf_2)
                                                         acc[2] (net)
                      0.172975    0.001617    0.887817 ^ acc[2] (out)
                                              0.887817   data arrival time

                                 20.000000   20.000000   clock clk (rise edge)
                                  0.000000   20.000000   clock network delay (propagated)
                                 -0.250000   19.750002   clock uncertainty
                                  0.000000   19.750002   clock reconvergence pessimism
                                 -4.000000   15.750001   output external delay
                                             15.750001   data required time
---------------------------------------------------------------------------------------------
                                             15.750001   data required time
                                             -0.887817   data arrival time
---------------------------------------------------------------------------------------------
                                             14.862184   slack (MET)


Startpoint: _96_ (rising edge-triggered flip-flop clocked by clk)
Endpoint: acc[4] (output port clocked by clk)
Path Group: clk
Path Type: max

Fanout         Cap        Slew       Delay        Time   Description
---------------------------------------------------------------------------------------------
                                  0.000000    0.000000   clock clk (rise edge)
                                  0.000000    0.000000   clock source latency
     1    0.009595    0.049653    0.032860    0.032860 ^ clk (in)
                                                         clk (net)
                      0.049660    0.000000    0.032860 ^ clkbuf_0_clk/A (sky130_fd_sc_hd__clkbuf_16)
     2    0.018778    0.040800    0.125663    0.158524 ^ clkbuf_0_clk/X (sky130_fd_sc_hd__clkbuf_16)
                                                         clknet_0_clk (net)
                      0.040807    0.000963    0.159487 ^ clkbuf_1_0__f_clk/A (sky130_fd_sc_hd__clkbuf_16)
     4    0.012461    0.035453    0.116554    0.276041 ^ clkbuf_1_0__f_clk/X (sky130_fd_sc_hd__clkbuf_16)
                                                         clknet_1_0__leaf_clk (net)
                      0.035454    0.000672    0.276714 ^ _96_/CLK (sky130_fd_sc_hd__dfrtp_1)
     3    0.010484    0.104269    0.362166    0.638880 ^ _96_/Q (sky130_fd_sc_hd__dfrtp_1)
                                                         net14 (net)
                      0.104274    0.000839    0.639719 ^ output14/A (sky130_fd_sc_hd__buf_2)
     1    0.034228    0.170484    0.219061    0.858780 ^ output14/X (sky130_fd_sc_hd__buf_2)
                                                         acc[4] (net)
                      0.170560    0.001705    0.860485 ^ acc[4] (out)
                                              0.860485   data arrival time

                                 20.000000   20.000000   clock clk (rise edge)
                                  0.000000   20.000000   clock network delay (propagated)
                                 -0.250000   19.750002   clock uncertainty
                                  0.000000   19.750002   clock reconvergence pessimism
                                 -4.000000   15.750001   output external delay
                                             15.750001   data required time
---------------------------------------------------------------------------------------------
                                             15.750001   data required time
                                             -0.860485   data arrival time
---------------------------------------------------------------------------------------------
                                             14.889516   slack (MET)


Startpoint: _93_ (rising edge-triggered flip-flop clocked by clk)
Endpoint: acc[1] (output port clocked by clk)
Path Group: clk
Path Type: max

Fanout         Cap        Slew       Delay        Time   Description
---------------------------------------------------------------------------------------------
                                  0.000000    0.000000   clock clk (rise edge)
                                  0.000000    0.000000   clock source latency
     1    0.009595    0.049653    0.032860    0.032860 ^ clk (in)
                                                         clk (net)
                      0.049660    0.000000    0.032860 ^ clkbuf_0_clk/A (sky130_fd_sc_hd__clkbuf_16)
     2    0.018778    0.040800    0.125663    0.158524 ^ clkbuf_0_clk/X (sky130_fd_sc_hd__clkbuf_16)
                                                         clknet_0_clk (net)
                      0.040807    0.000948    0.159472 ^ clkbuf_1_1__f_clk/A (sky130_fd_sc_hd__clkbuf_16)
     4    0.012109    0.035152    0.116234    0.275705 ^ clkbuf_1_1__f_clk/X (sky130_fd_sc_hd__clkbuf_16)
                                                         clknet_1_1__leaf_clk (net)
                      0.035153    0.000655    0.276361 ^ _93_/CLK (sky130_fd_sc_hd__dfrtp_1)
     3    0.010253    0.102386    0.360664    0.637025 ^ _93_/Q (sky130_fd_sc_hd__dfrtp_1)
                                                         net11 (net)
                      0.102387    0.000617    0.637641 ^ output11/A (sky130_fd_sc_hd__buf_2)
     1    0.034049    0.169623    0.217832    0.855474 ^ output11/X (sky130_fd_sc_hd__buf_2)
                                                         acc[1] (net)
                      0.169695    0.001616    0.857090 ^ acc[1] (out)
                                              0.857090   data arrival time

                                 20.000000   20.000000   clock clk (rise edge)
                                  0.000000   20.000000   clock network delay (propagated)
                                 -0.250000   19.750002   clock uncertainty
                                  0.000000   19.750002   clock reconvergence pessimism
                                 -4.000000   15.750001   output external delay
                                             15.750001   data required time
---------------------------------------------------------------------------------------------
                                             15.750001   data required time
                                             -0.857090   data arrival time
---------------------------------------------------------------------------------------------
                                             14.892911   slack (MET)


Startpoint: _98_ (rising edge-triggered flip-flop clocked by clk)
Endpoint: acc[6] (output port clocked by clk)
Path Group: clk
Path Type: max

Fanout         Cap        Slew       Delay        Time   Description
---------------------------------------------------------------------------------------------
                                  0.000000    0.000000   clock clk (rise edge)
                                  0.000000    0.000000   clock source latency
     1    0.009595    0.049653    0.032860    0.032860 ^ clk (in)
                                                         clk (net)
                      0.049660    0.000000    0.032860 ^ clkbuf_0_clk/A (sky130_fd_sc_hd__clkbuf_16)
     2    0.018778    0.040800    0.125663    0.158524 ^ clkbuf_0_clk/X (sky130_fd_sc_hd__clkbuf_16)
                                                         clknet_0_clk (net)
                      0.040807    0.000948    0.159472 ^ clkbuf_1_1__f_clk/A (sky130_fd_sc_hd__clkbuf_16)
     4    0.012109    0.035152    0.116234    0.275705 ^ clkbuf_1_1__f_clk/X (sky130_fd_sc_hd__clkbuf_16)
                                                         clknet_1_1__leaf_clk (net)
                      0.035153    0.000625    0.276330 ^ _98_/CLK (sky130_fd_sc_hd__dfrtp_1)
     3    0.010186    0.101845    0.360202    0.636532 ^ _98_/Q (sky130_fd_sc_hd__dfrtp_1)
                                                         net16 (net)
                      0.101847    0.000613    0.637144 ^ output16/A (sky130_fd_sc_hd__buf_2)
     1    0.034216    0.170408    0.218167    0.855311 ^ output16/X (sky130_fd_sc_hd__buf_2)
                                                         acc[6] (net)
                      0.170482    0.001648    0.856959 ^ acc[6] (out)
                                              0.856959   data arrival time

                                 20.000000   20.000000   clock clk (rise edge)
                                  0.000000   20.000000   clock network delay (propagated)
                                 -0.250000   19.750002   clock uncertainty
                                  0.000000   19.750002   clock reconvergence pessimism
                                 -4.000000   15.750001   output external delay
                                             15.750001   data required time
---------------------------------------------------------------------------------------------
                                             15.750001   data required time
                                             -0.856959   data arrival time
---------------------------------------------------------------------------------------------
                                             14.893042   slack (MET)


Startpoint: _92_ (rising edge-triggered flip-flop clocked by clk)
Endpoint: acc[0] (output port clocked by clk)
Path Group: clk
Path Type: max

Fanout         Cap        Slew       Delay        Time   Description
---------------------------------------------------------------------------------------------
                                  0.000000    0.000000   clock clk (rise edge)
                                  0.000000    0.000000   clock source latency
     1    0.009595    0.049653    0.032860    0.032860 ^ clk (in)
                                                         clk (net)
                      0.049660    0.000000    0.032860 ^ clkbuf_0_clk/A (sky130_fd_sc_hd__clkbuf_16)
     2    0.018778    0.040800    0.125663    0.158524 ^ clkbuf_0_clk/X (sky130_fd_sc_hd__clkbuf_16)
                                                         clknet_0_clk (net)
                      0.040807    0.000948    0.159472 ^ clkbuf_1_1__f_clk/A (sky130_fd_sc_hd__clkbuf_16)
     4    0.012109    0.035152    0.116234    0.275705 ^ clkbuf_1_1__f_clk/X (sky130_fd_sc_hd__clkbuf_16)
                                                         clknet_1_1__leaf_clk (net)
                      0.035153    0.000622    0.276327 ^ _92_/CLK (sky130_fd_sc_hd__dfrtp_1)
     3    0.009628    0.097274    0.356903    0.633230 ^ _92_/Q (sky130_fd_sc_hd__dfrtp_1)
                                                         net10 (net)
                      0.097276    0.000611    0.633841 ^ output10/A (sky130_fd_sc_hd__buf_2)
     1    0.035298    0.175476    0.219880    0.853721 ^ output10/X (sky130_fd_sc_hd__buf_2)
                                                         acc[0] (net)
                      0.175559    0.001938    0.855659 ^ acc[0] (out)
                                              0.855659   data arrival time

                                 20.000000   20.000000   clock clk (rise edge)
                                  0.000000   20.000000   clock network delay (propagated)
                                 -0.250000   19.750002   clock uncertainty
                                  0.000000   19.750002   clock reconvergence pessimism
                                 -4.000000   15.750001   output external delay
                                             15.750001   data required time
---------------------------------------------------------------------------------------------
                                             15.750001   data required time
                                             -0.855659   data arrival time
---------------------------------------------------------------------------------------------
                                             14.894342   slack (MET)


Startpoint: _97_ (rising edge-triggered flip-flop clocked by clk)
Endpoint: acc[5] (output port clocked by clk)
Path Group: clk
Path Type: max

Fanout         Cap        Slew       Delay        Time   Description
---------------------------------------------------------------------------------------------
                                  0.000000    0.000000   clock clk (rise edge)
                                  0.000000    0.000000   clock source latency
     1    0.009595    0.049653    0.032860    0.032860 ^ clk (in)
                                                         clk (net)
                      0.049660    0.000000    0.032860 ^ clkbuf_0_clk/A (sky130_fd_sc_hd__clkbuf_16)
     2    0.018778    0.040800    0.125663    0.158524 ^ clkbuf_0_clk/X (sky130_fd_sc_hd__clkbuf_16)
                                                         clknet_0_clk (net)
                      0.040807    0.000963    0.159487 ^ clkbuf_1_0__f_clk/A (sky130_fd_sc_hd__clkbuf_16)
     4    0.012461    0.035453    0.116554    0.276041 ^ clkbuf_1_0__f_clk/X (sky130_fd_sc_hd__clkbuf_16)
                                                         clknet_1_0__leaf_clk (net)
                      0.035453    0.000594    0.276635 ^ _97_/CLK (sky130_fd_sc_hd__dfrtp_1)
     3    0.009628    0.097262    0.357106    0.633740 ^ _97_/Q (sky130_fd_sc_hd__dfrtp_1)
                                                         net15 (net)
                      0.097263    0.000529    0.634269 ^ output15/A (sky130_fd_sc_hd__buf_2)
     1    0.034138    0.170016    0.216224    0.850494 ^ output15/X (sky130_fd_sc_hd__buf_2)
                                                         acc[5] (net)
                      0.170090    0.001642    0.852136 ^ acc[5] (out)
                                              0.852136   data arrival time

                                 20.000000   20.000000   clock clk (rise edge)
                                  0.000000   20.000000   clock network delay (propagated)
                                 -0.250000   19.750002   clock uncertainty
                                  0.000000   19.750002   clock reconvergence pessimism
                                 -4.000000   15.750001   output external delay
                                             15.750001   data required time
---------------------------------------------------------------------------------------------
                                             15.750001   data required time
                                             -0.852136   data arrival time
---------------------------------------------------------------------------------------------
                                             14.897865   slack (MET)


Startpoint: _95_ (rising edge-triggered flip-flop clocked by clk)
Endpoint: acc[3] (output port clocked by clk)
Path Group: clk
Path Type: max

Fanout         Cap        Slew       Delay        Time   Description
---------------------------------------------------------------------------------------------
                                  0.000000    0.000000   clock clk (rise edge)
                                  0.000000    0.000000   clock source latency
     1    0.009595    0.049653    0.032860    0.032860 ^ clk (in)
                                                         clk (net)
                      0.049660    0.000000    0.032860 ^ clkbuf_0_clk/A (sky130_fd_sc_hd__clkbuf_16)
     2    0.018778    0.040800    0.125663    0.158524 ^ clkbuf_0_clk/X (sky130_fd_sc_hd__clkbuf_16)
                                                         clknet_0_clk (net)
                      0.040807    0.000963    0.159487 ^ clkbuf_1_0__f_clk/A (sky130_fd_sc_hd__clkbuf_16)
     4    0.012461    0.035453    0.116554    0.276041 ^ clkbuf_1_0__f_clk/X (sky130_fd_sc_hd__clkbuf_16)
                                                         clknet_1_0__leaf_clk (net)
                      0.035453    0.000632    0.276673 ^ _95_/CLK (sky130_fd_sc_hd__dfrtp_1)
     3    0.009224    0.094154    0.354533    0.631206 ^ _95_/Q (sky130_fd_sc_hd__dfrtp_1)
                                                         net13 (net)
                      0.094155    0.000545    0.631751 ^ output13/A (sky130_fd_sc_hd__buf_2)
     1    0.034452    0.171459    0.216144    0.847895 ^ output13/X (sky130_fd_sc_hd__buf_2)
                                                         acc[3] (net)
                      0.171532    0.001615    0.849510 ^ acc[3] (out)
                                              0.849510   data arrival time

                                 20.000000   20.000000   clock clk (rise edge)
                                  0.000000   20.000000   clock network delay (propagated)
                                 -0.250000   19.750002   clock uncertainty
                                  0.000000   19.750002   clock reconvergence pessimism
                                 -4.000000   15.750001   output external delay
                                             15.750001   data required time
---------------------------------------------------------------------------------------------
                                             15.750001   data required time
                                             -0.849510   data arrival time
---------------------------------------------------------------------------------------------
                                             14.900491   slack (MET)


Startpoint: _99_ (rising edge-triggered flip-flop clocked by clk)
Endpoint: acc[7] (output port clocked by clk)
Path Group: clk
Path Type: max

Fanout         Cap        Slew       Delay        Time   Description
---------------------------------------------------------------------------------------------
                                  0.000000    0.000000   clock clk (rise edge)
                                  0.000000    0.000000   clock source latency
     1    0.009595    0.049653    0.032860    0.032860 ^ clk (in)
                                                         clk (net)
                      0.049660    0.000000    0.032860 ^ clkbuf_0_clk/A (sky130_fd_sc_hd__clkbuf_16)
     2    0.018778    0.040800    0.125663    0.158524 ^ clkbuf_0_clk/X (sky130_fd_sc_hd__clkbuf_16)
                                                         clknet_0_clk (net)
                      0.040807    0.000948    0.159472 ^ clkbuf_1_1__f_clk/A (sky130_fd_sc_hd__clkbuf_16)
     4    0.012109    0.035152    0.116234    0.275705 ^ clkbuf_1_1__f_clk/X (sky130_fd_sc_hd__clkbuf_16)
                                                         clknet_1_1__leaf_clk (net)
                      0.035153    0.000641    0.276346 ^ _99_/CLK (sky130_fd_sc_hd__dfrtp_1)
     2    0.007720    0.062395    0.376526    0.652872 v _99_/Q (sky130_fd_sc_hd__dfrtp_1)
                                                         net17 (net)
                      0.062396    0.000332    0.653204 v output17/A (sky130_fd_sc_hd__buf_2)
     1    0.034025    0.089331    0.186622    0.839826 v output17/X (sky130_fd_sc_hd__buf_2)
                                                         acc[7] (net)
                      0.089364    0.001592    0.841417 v acc[7] (out)
                                              0.841417   data arrival time

                                 20.000000   20.000000   clock clk (rise edge)
                                  0.000000   20.000000   clock network delay (propagated)
                                 -0.250000   19.750002   clock uncertainty
                                  0.000000   19.750002   clock reconvergence pessimism
                                 -4.000000   15.750001   output external delay
                                             15.750001   data required time
---------------------------------------------------------------------------------------------
                                             15.750001   data required time
                                             -0.841417   data arrival time
---------------------------------------------------------------------------------------------
                                             14.908584   slack (MET)


Startpoint: data_in[0] (input port clocked by clk)
Endpoint: _93_ (rising edge-triggered flip-flop clocked by clk)
Path Group: clk
Path Type: max

Fanout         Cap        Slew       Delay        Time   Description
---------------------------------------------------------------------------------------------
                                  0.000000    0.000000   clock clk (rise edge)
                                  0.000000    0.000000   clock network delay (propagated)
                                  4.000000    4.000000 ^ input external delay
     1    0.004076    0.025279    0.014852    4.014852 ^ data_in[0] (in)
                                                         data_in[0] (net)
                      0.025281    0.000000    4.014852 ^ input1/A (sky130_fd_sc_hd__clkbuf_1)
     2    0.007054    0.091511    0.107442    4.122293 ^ input1/X (sky130_fd_sc_hd__clkbuf_1)
                                                         net1 (net)
                      0.091515    0.000478    4.122772 ^ _53_/A (sky130_fd_sc_hd__nand2_1)
     3    0.009650    0.077940    0.095423    4.218194 v _53_/Y (sky130_fd_sc_hd__nand2_1)
                                                         _18_ (net)
                      0.077946    0.000556    4.218750 v _54_/A (sky130_fd_sc_hd__or3b_1)
     3    0.008021    0.095616    0.418068    4.636818 v _54_/X (sky130_fd_sc_hd__or3b_1)
                                                         _19_ (net)
                      0.095616    0.000230    4.637048 v _78_/A (sky130_fd_sc_hd__and2_1)
     1    0.002200    0.032589    0.150714    4.787761 v _78_/X (sky130_fd_sc_hd__and2_1)
                                                         adder.low.sum[1] (net)
                      0.032589    0.000157    4.787919 v _93_/D (sky130_fd_sc_hd__dfrtp_1)
                                              4.787919   data arrival time

                                 20.000000   20.000000   clock clk (rise edge)
                                  0.000000   20.000000   clock source latency
     1    0.009595    0.049653    0.032861   20.032862 ^ clk (in)
                                                         clk (net)
                      0.049660    0.000000   20.032862 ^ clkbuf_0_clk/A (sky130_fd_sc_hd__clkbuf_16)
     2    0.018778    0.040800    0.125663   20.158524 ^ clkbuf_0_clk/X (sky130_fd_sc_hd__clkbuf_16)
                                                         clknet_0_clk (net)
                      0.040807    0.000949   20.159473 ^ clkbuf_1_1__f_clk/A (sky130_fd_sc_hd__clkbuf_16)
     4    0.012109    0.035152    0.116232   20.275705 ^ clkbuf_1_1__f_clk/X (sky130_fd_sc_hd__clkbuf_16)
                                                         clknet_1_1__leaf_clk (net)
                      0.035153    0.000655   20.276361 ^ _93_/CLK (sky130_fd_sc_hd__dfrtp_1)
                                 -0.250000   20.026361   clock uncertainty
                                  0.000000   20.026361   clock reconvergence pessimism
                                 -0.111109   19.915253   library setup time
                                             19.915253   data required time
---------------------------------------------------------------------------------------------
                                             19.915253   data required time
                                             -4.787919   data arrival time
---------------------------------------------------------------------------------------------
                                             15.127335   slack (MET)


Startpoint: data_in[0] (input port clocked by clk)
Endpoint: _92_ (rising edge-triggered flip-flop clocked by clk)
Path Group: clk
Path Type: max

Fanout         Cap        Slew       Delay        Time   Description
---------------------------------------------------------------------------------------------
                                  0.000000    0.000000   clock clk (rise edge)
                                  0.000000    0.000000   clock network delay (propagated)
                                  4.000000    4.000000 v input external delay
     1    0.003900    0.011188    0.006348    4.006348 v data_in[0] (in)
                                                         data_in[0] (net)
                      0.011192    0.000000    4.006348 v input1/A (sky130_fd_sc_hd__clkbuf_1)
     2    0.006789    0.047651    0.091616    4.097964 v input1/X (sky130_fd_sc_hd__clkbuf_1)
                                                         net1 (net)
                      0.047654    0.000416    4.098380 v _83_/A (sky130_fd_sc_hd__or2_1)
     1    0.003219    0.050146    0.224234    4.322614 v _83_/X (sky130_fd_sc_hd__or2_1)
                                                         _41_ (net)
                      0.050146    0.000211    4.322824 v _84_/B (sky130_fd_sc_hd__and2_1)
     1    0.002977    0.035896    0.153233    4.476057 v _84_/X (sky130_fd_sc_hd__and2_1)
                                                         adder.low.p[0] (net)
                      0.035896    0.000190    4.476247 v _92_/D (sky130_fd_sc_hd__dfrtp_1)
                                              4.476247   data arrival time

                                 20.000000   20.000000   clock clk (rise edge)
                                  0.000000   20.000000   clock source latency
     1    0.009595    0.049653    0.032861   20.032862 ^ clk (in)
                                                         clk (net)
                      0.049660    0.000000   20.032862 ^ clkbuf_0_clk/A (sky130_fd_sc_hd__clkbuf_16)
     2    0.018778    0.040800    0.125663   20.158524 ^ clkbuf_0_clk/X (sky130_fd_sc_hd__clkbuf_16)
                                                         clknet_0_clk (net)
                      0.040807    0.000949   20.159473 ^ clkbuf_1_1__f_clk/A (sky130_fd_sc_hd__clkbuf_16)
     4    0.012109    0.035152    0.116232   20.275705 ^ clkbuf_1_1__f_clk/X (sky130_fd_sc_hd__clkbuf_16)
                                                         clknet_1_1__leaf_clk (net)
                      0.035153    0.000622   20.276327 ^ _92_/CLK (sky130_fd_sc_hd__dfrtp_1)
                                 -0.250000   20.026327   clock uncertainty
                                  0.000000   20.026327   clock reconvergence pessimism
                                 -0.112552   19.913776   library setup time
                                             19.913776   data required time
---------------------------------------------------------------------------------------------
                                             19.913776   data required time
                                             -4.476247   data arrival time
---------------------------------------------------------------------------------------------
                                             15.437529   slack (MET)


Startpoint: rst (input port clocked by clk)
Endpoint: _96_ (recovery check against rising-edge clock clk)
Path Group: asynchronous
Path Type: max

Fanout         Cap        Slew       Delay        Time   Description
---------------------------------------------------------------------------------------------
                                  0.000000    0.000000   clock clk (rise edge)
                                  0.000000    0.000000   clock network delay (propagated)
                                  4.000000    4.000000 v input external delay
     1    0.002901    0.008848    0.004646    4.004646 v rst (in)
                                                         rst (net)
                      0.008855    0.000000    4.004646 v input9/A (sky130_fd_sc_hd__clkbuf_4)
     8    0.047322    0.103829    0.185217    4.189863 v input9/X (sky130_fd_sc_hd__clkbuf_4)
                                                         net9 (net)
                      0.103942    0.003058    4.192921 v _88_/A (sky130_fd_sc_hd__inv_2)
     1    0.005772    0.044444    0.073189    4.266110 ^ _88_/Y (sky130_fd_sc_hd__inv_2)
                                                         _04_ (net)
                      0.044449    0.000330    4.266440 ^ _96_/RESET_B (sky130_fd_sc_hd__dfrtp_1)
                                              4.266440   data arrival time

                                 20.000000   20.000000   clock clk (rise edge)
                                  0.000000   20.000000   clock source latency
     1    0.009595    0.049653    0.032861   20.032862 ^ clk (in)
                                                         clk (net)
                      0.049660    0.000000   20.032862 ^ clkbuf_0_clk/A (sky130_fd_sc_hd__clkbuf_16)
     2    0.018778    0.040800    0.125663   20.158524 ^ clkbuf_0_clk/X (sky130_fd_sc_hd__clkbuf_16)
                                                         clknet_0_clk (net)
                      0.040807    0.000963   20.159487 ^ clkbuf_1_0__f_clk/A (sky130_fd_sc_hd__clkbuf_16)
     4    0.012461    0.035453    0.116554   20.276041 ^ clkbuf_1_0__f_clk/X (sky130_fd_sc_hd__clkbuf_16)
                                                         clknet_1_0__leaf_clk (net)
                      0.035454    0.000673   20.276714 ^ _96_/CLK (sky130_fd_sc_hd__dfrtp_1)
                                 -0.250000   20.026714   clock uncertainty
                                  0.000000   20.026714   clock reconvergence pessimism
                                  0.227548   20.254263   library recovery time
                                             20.254263   data required time
---------------------------------------------------------------------------------------------
                                             20.254263   data required time
                                             -4.266440   data arrival time
---------------------------------------------------------------------------------------------
                                             15.987823   slack (MET)


Startpoint: rst (input port clocked by clk)
Endpoint: _94_ (recovery check against rising-edge clock clk)
Path Group: asynchronous
Path Type: max

Fanout         Cap        Slew       Delay        Time   Description
---------------------------------------------------------------------------------------------
                                  0.000000    0.000000   clock clk (rise edge)
                                  0.000000    0.000000   clock network delay (propagated)
                                  4.000000    4.000000 v input external delay
     1    0.002901    0.008848    0.004646    4.004646 v rst (in)
                                                         rst (net)
                      0.008855    0.000000    4.004646 v input9/A (sky130_fd_sc_hd__clkbuf_4)
     8    0.047322    0.103829    0.185217    4.189863 v input9/X (sky130_fd_sc_hd__clkbuf_4)
                                                         net9 (net)
                      0.103992    0.003618    4.193481 v _86_/A (sky130_fd_sc_hd__inv_2)
     1    0.005531    0.043711    0.072346    4.265827 ^ _86_/Y (sky130_fd_sc_hd__inv_2)
                                                         _02_ (net)
                      0.043711    0.000304    4.266130 ^ _94_/RESET_B (sky130_fd_sc_hd__dfrtp_1)
                                              4.266130   data arrival time

                                 20.000000   20.000000   clock clk (rise edge)
                                  0.000000   20.000000   clock source latency
     1    0.009595    0.049653    0.032861   20.032862 ^ clk (in)
                                                         clk (net)
                      0.049660    0.000000   20.032862 ^ clkbuf_0_clk/A (sky130_fd_sc_hd__clkbuf_16)
     2    0.018778    0.040800    0.125663   20.158524 ^ clkbuf_0_clk/X (sky130_fd_sc_hd__clkbuf_16)
                                                         clknet_0_clk (net)
                      0.040807    0.000963   20.159487 ^ clkbuf_1_0__f_clk/A (sky130_fd_sc_hd__clkbuf_16)
     4    0.012461    0.035453    0.116554   20.276041 ^ clkbuf_1_0__f_clk/X (sky130_fd_sc_hd__clkbuf_16)
                                                         clknet_1_0__leaf_clk (net)
                      0.035454    0.000732   20.276773 ^ _94_/CLK (sky130_fd_sc_hd__dfrtp_1)
                                 -0.250000   20.026773   clock uncertainty
                                  0.000000   20.026773   clock reconvergence pessimism
                                  0.227740   20.254513   library recovery time
                                             20.254513   data required time
---------------------------------------------------------------------------------------------
                                             20.254513   data required time
                                             -4.266130   data arrival time
---------------------------------------------------------------------------------------------
                                             15.988382   slack (MET)


Startpoint: rst (input port clocked by clk)
Endpoint: _99_ (recovery check against rising-edge clock clk)
Path Group: asynchronous
Path Type: max

Fanout         Cap        Slew       Delay        Time   Description
---------------------------------------------------------------------------------------------
                                  0.000000    0.000000   clock clk (rise edge)
                                  0.000000    0.000000   clock network delay (propagated)
                                  4.000000    4.000000 v input external delay
     1    0.002901    0.008848    0.004646    4.004646 v rst (in)
                                                         rst (net)
                      0.008855    0.000000    4.004646 v input9/A (sky130_fd_sc_hd__clkbuf_4)
     8    0.047322    0.103829    0.185217    4.189863 v input9/X (sky130_fd_sc_hd__clkbuf_4)
                                                         net9 (net)
                      0.103934    0.002962    4.192825 v _91_/A (sky130_fd_sc_hd__inv_2)
     1    0.004775    0.041370    0.069601    4.262426 ^ _91_/Y (sky130_fd_sc_hd__inv_2)
                                                         _07_ (net)
                      0.041370    0.000253    4.262679 ^ _99_/RESET_B (sky130_fd_sc_hd__dfrtp_1)
                                              4.262679   data arrival time

                                 20.000000   20.000000   clock clk (rise edge)
                                  0.000000   20.000000   clock source latency
     1    0.009595    0.049653    0.032861   20.032862 ^ clk (in)
                                                         clk (net)
                      0.049660    0.000000   20.032862 ^ clkbuf_0_clk/A (sky130_fd_sc_hd__clkbuf_16)
     2    0.018778    0.040800    0.125663   20.158524 ^ clkbuf_0_clk/X (sky130_fd_sc_hd__clkbuf_16)
                                                         clknet_0_clk (net)
                      0.040807    0.000949   20.159473 ^ clkbuf_1_1__f_clk/A (sky130_fd_sc_hd__clkbuf_16)
     4    0.012109    0.035152    0.116232   20.275705 ^ clkbuf_1_1__f_clk/X (sky130_fd_sc_hd__clkbuf_16)
                                                         clknet_1_1__leaf_clk (net)
                      0.035153    0.000641   20.276346 ^ _99_/CLK (sky130_fd_sc_hd__dfrtp_1)
                                 -0.250000   20.026348   clock uncertainty
                                  0.000000   20.026348   clock reconvergence pessimism
                                  0.228255   20.254602   library recovery time
                                             20.254602   data required time
---------------------------------------------------------------------------------------------
                                             20.254602   data required time
                                             -4.262679   data arrival time
---------------------------------------------------------------------------------------------
                                             15.991923   slack (MET)


Startpoint: rst (input port clocked by clk)
Endpoint: _93_ (recovery check against rising-edge clock clk)
Path Group: asynchronous
Path Type: max

Fanout         Cap        Slew       Delay        Time   Description
---------------------------------------------------------------------------------------------
                                  0.000000    0.000000   clock clk (rise edge)
                                  0.000000    0.000000   clock network delay (propagated)
                                  4.000000    4.000000 v input external delay
     1    0.002901    0.008848    0.004646    4.004646 v rst (in)
                                                         rst (net)
                      0.008855    0.000000    4.004646 v input9/A (sky130_fd_sc_hd__clkbuf_4)
     8    0.047322    0.103829    0.185217    4.189863 v input9/X (sky130_fd_sc_hd__clkbuf_4)
                                                         net9 (net)
                      0.103892    0.002356    4.192220 v _85_/A (sky130_fd_sc_hd__inv_2)
     1    0.004430    0.040296    0.068380    4.260600 ^ _85_/Y (sky130_fd_sc_hd__inv_2)
                                                         _01_ (net)
                      0.040296    0.000115    4.260714 ^ _93_/RESET_B (sky130_fd_sc_hd__dfrtp_1)
                                              4.260714   data arrival time

                                 20.000000   20.000000   clock clk (rise edge)
                                  0.000000   20.000000   clock source latency
     1    0.009595    0.049653    0.032861   20.032862 ^ clk (in)
                                                         clk (net)
                      0.049660    0.000000   20.032862 ^ clkbuf_0_clk/A (sky130_fd_sc_hd__clkbuf_16)
     2    0.018778    0.040800    0.125663   20.158524 ^ clkbuf_0_clk/X (sky130_fd_sc_hd__clkbuf_16)
                                                         clknet_0_clk (net)
                      0.040807    0.000949   20.159473 ^ clkbuf_1_1__f_clk/A (sky130_fd_sc_hd__clkbuf_16)
     4    0.012109    0.035152    0.116232   20.275705 ^ clkbuf_1_1__f_clk/X (sky130_fd_sc_hd__clkbuf_16)
                                                         clknet_1_1__leaf_clk (net)
                      0.035153    0.000655   20.276361 ^ _93_/CLK (sky130_fd_sc_hd__dfrtp_1)
                                 -0.250000   20.026361   clock uncertainty
                                  0.000000   20.026361   clock reconvergence pessimism
                                  0.228533   20.254896   library recovery time
                                             20.254896   data required time
---------------------------------------------------------------------------------------------
                                             20.254896   data required time
                                             -4.260714   data arrival time
---------------------------------------------------------------------------------------------
                                             15.994181   slack (MET)


Startpoint: rst (input port clocked by clk)
Endpoint: _97_ (recovery check against rising-edge clock clk)
Path Group: asynchronous
Path Type: max

Fanout         Cap        Slew       Delay        Time   Description
---------------------------------------------------------------------------------------------
                                  0.000000    0.000000   clock clk (rise edge)
                                  0.000000    0.000000   clock network delay (propagated)
                                  4.000000    4.000000 v input external delay
     1    0.002901    0.008848    0.004646    4.004646 v rst (in)
                                                         rst (net)
                      0.008855    0.000000    4.004646 v input9/A (sky130_fd_sc_hd__clkbuf_4)
     8    0.047322    0.103829    0.185217    4.189863 v input9/X (sky130_fd_sc_hd__clkbuf_4)
                                                         net9 (net)
                      0.103984    0.003542    4.193406 v _89_/A (sky130_fd_sc_hd__inv_2)
     1    0.004057    0.038822    0.066470    4.259876 ^ _89_/Y (sky130_fd_sc_hd__inv_2)
                                                         _05_ (net)
                      0.038822    0.000215    4.260091 ^ _97_/RESET_B (sky130_fd_sc_hd__dfrtp_1)
                                              4.260091   data arrival time

                                 20.000000   20.000000   clock clk (rise edge)
                                  0.000000   20.000000   clock source latency
     1    0.009595    0.049653    0.032861   20.032862 ^ clk (in)
                                                         clk (net)
                      0.049660    0.000000   20.032862 ^ clkbuf_0_clk/A (sky130_fd_sc_hd__clkbuf_16)
     2    0.018778    0.040800    0.125663   20.158524 ^ clkbuf_0_clk/X (sky130_fd_sc_hd__clkbuf_16)
                                                         clknet_0_clk (net)
                      0.040807    0.000963   20.159487 ^ clkbuf_1_0__f_clk/A (sky130_fd_sc_hd__clkbuf_16)
     4    0.012461    0.035453    0.116554   20.276041 ^ clkbuf_1_0__f_clk/X (sky130_fd_sc_hd__clkbuf_16)
                                                         clknet_1_0__leaf_clk (net)
                      0.035453    0.000595   20.276636 ^ _97_/CLK (sky130_fd_sc_hd__dfrtp_1)
                                 -0.250000   20.026636   clock uncertainty
                                  0.000000   20.026636   clock reconvergence pessimism
                                  0.229007   20.255646   library recovery time
                                             20.255646   data required time
---------------------------------------------------------------------------------------------
                                             20.255646   data required time
                                             -4.260091   data arrival time
---------------------------------------------------------------------------------------------
                                             15.995554   slack (MET)


Startpoint: rst (input port clocked by clk)
Endpoint: _98_ (recovery check against rising-edge clock clk)
Path Group: asynchronous
Path Type: max

Fanout         Cap        Slew       Delay        Time   Description
---------------------------------------------------------------------------------------------
                                  0.000000    0.000000   clock clk (rise edge)
                                  0.000000    0.000000   clock network delay (propagated)
                                  4.000000    4.000000 v input external delay
     1    0.002901    0.008848    0.004646    4.004646 v rst (in)
                                                         rst (net)
                      0.008855    0.000000    4.004646 v input9/A (sky130_fd_sc_hd__clkbuf_4)
     8    0.047322    0.103829    0.185217    4.189863 v input9/X (sky130_fd_sc_hd__clkbuf_4)
                                                         net9 (net)
                      0.103953    0.003197    4.193060 v _90_/A (sky130_fd_sc_hd__inv_2)
     1    0.004014    0.038636    0.066225    4.259285 ^ _90_/Y (sky130_fd_sc_hd__inv_2)
                                                         _06_ (net)
                      0.038636    0.000214    4.259499 ^ _98_/RESET_B (sky130_fd_sc_hd__dfrtp_1)
                                              4.259499   data arrival time

                                 20.000000   20.000000   clock clk (rise edge)
                                  0.000000   20.000000   clock source latency
     1    0.009595    0.049653    0.032861   20.032862 ^ clk (in)
                                                         clk (net)
                      0.049660    0.000000   20.032862 ^ clkbuf_0_clk/A (sky130_fd_sc_hd__clkbuf_16)
     2    0.018778    0.040800    0.125663   20.158524 ^ clkbuf_0_clk/X (sky130_fd_sc_hd__clkbuf_16)
                                                         clknet_0_clk (net)
                      0.040807    0.000949   20.159473 ^ clkbuf_1_1__f_clk/A (sky130_fd_sc_hd__clkbuf_16)
     4    0.012109    0.035152    0.116232   20.275705 ^ clkbuf_1_1__f_clk/X (sky130_fd_sc_hd__clkbuf_16)
                                                         clknet_1_1__leaf_clk (net)
                      0.035153    0.000625   20.276331 ^ _98_/CLK (sky130_fd_sc_hd__dfrtp_1)
                                 -0.250000   20.026331   clock uncertainty
                                  0.000000   20.026331   clock reconvergence pessimism
                                  0.228963   20.255295   library recovery time
                                             20.255295   data required time
---------------------------------------------------------------------------------------------
                                             20.255295   data required time
                                             -4.259499   data arrival time
---------------------------------------------------------------------------------------------
                                             15.995795   slack (MET)


Startpoint: rst (input port clocked by clk)
Endpoint: _95_ (recovery check against rising-edge clock clk)
Path Group: asynchronous
Path Type: max

Fanout         Cap        Slew       Delay        Time   Description
---------------------------------------------------------------------------------------------
                                  0.000000    0.000000   clock clk (rise edge)
                                  0.000000    0.000000   clock network delay (propagated)
                                  4.000000    4.000000 v input external delay
     1    0.002901    0.008848    0.004646    4.004646 v rst (in)
                                                         rst (net)
                      0.008855    0.000000    4.004646 v input9/A (sky130_fd_sc_hd__clkbuf_4)
     8    0.047322    0.103829    0.185217    4.189863 v input9/X (sky130_fd_sc_hd__clkbuf_4)
                                                         net9 (net)
                      0.103998    0.003680    4.193543 v _87_/A (sky130_fd_sc_hd__inv_2)
     1    0.003994    0.038564    0.066135    4.259677 ^ _87_/Y (sky130_fd_sc_hd__inv_2)
                                                         _03_ (net)
                      0.038564    0.000213    4.259891 ^ _95_/RESET_B (sky130_fd_sc_hd__dfrtp_1)
                                              4.259891   data arrival time

                                 20.000000   20.000000   clock clk (rise edge)
                                  0.000000   20.000000   clock source latency
     1    0.009595    0.049653    0.032861   20.032862 ^ clk (in)
                                                         clk (net)
                      0.049660    0.000000   20.032862 ^ clkbuf_0_clk/A (sky130_fd_sc_hd__clkbuf_16)
     2    0.018778    0.040800    0.125663   20.158524 ^ clkbuf_0_clk/X (sky130_fd_sc_hd__clkbuf_16)
                                                         clknet_0_clk (net)
                      0.040807    0.000963   20.159487 ^ clkbuf_1_0__f_clk/A (sky130_fd_sc_hd__clkbuf_16)
     4    0.012461    0.035453    0.116554   20.276041 ^ clkbuf_1_0__f_clk/X (sky130_fd_sc_hd__clkbuf_16)
                                                         clknet_1_0__leaf_clk (net)
                      0.035453    0.000632   20.276674 ^ _95_/CLK (sky130_fd_sc_hd__dfrtp_1)
                                 -0.250000   20.026674   clock uncertainty
                                  0.000000   20.026674   clock reconvergence pessimism
                                  0.229074   20.255749   library recovery time
                                             20.255749   data required time
---------------------------------------------------------------------------------------------
                                             20.255749   data required time
                                             -4.259891   data arrival time
---------------------------------------------------------------------------------------------
                                             15.995857   slack (MET)


Startpoint: rst (input port clocked by clk)
Endpoint: _92_ (recovery check against rising-edge clock clk)
Path Group: asynchronous
Path Type: max

Fanout         Cap        Slew       Delay        Time   Description
---------------------------------------------------------------------------------------------
                                  0.000000    0.000000   clock clk (rise edge)
                                  0.000000    0.000000   clock network delay (propagated)
                                  4.000000    4.000000 v input external delay
     1    0.002901    0.008848    0.004646    4.004646 v rst (in)
                                                         rst (net)
                      0.008855    0.000000    4.004646 v input9/A (sky130_fd_sc_hd__clkbuf_4)
     8    0.047322    0.103829    0.185217    4.189863 v input9/X (sky130_fd_sc_hd__clkbuf_4)
                                                         net9 (net)
                      0.103847    0.001372    4.191236 v _42_/A (sky130_fd_sc_hd__inv_2)
     1    0.004051    0.038768    0.066386    4.257622 ^ _42_/Y (sky130_fd_sc_hd__inv_2)
                                                         _00_ (net)
                      0.038768    0.000218    4.257840 ^ _92_/RESET_B (sky130_fd_sc_hd__dfrtp_1)
                                              4.257840   data arrival time

                                 20.000000   20.000000   clock clk (rise edge)
                                  0.000000   20.000000   clock source latency
     1    0.009595    0.049653    0.032861   20.032862 ^ clk (in)
                                                         clk (net)
                      0.049660    0.000000   20.032862 ^ clkbuf_0_clk/A (sky130_fd_sc_hd__clkbuf_16)
     2    0.018778    0.040800    0.125663   20.158524 ^ clkbuf_0_clk/X (sky130_fd_sc_hd__clkbuf_16)
                                                         clknet_0_clk (net)
                      0.040807    0.000949   20.159473 ^ clkbuf_1_1__f_clk/A (sky130_fd_sc_hd__clkbuf_16)
     4    0.012109    0.035152    0.116232   20.275705 ^ clkbuf_1_1__f_clk/X (sky130_fd_sc_hd__clkbuf_16)
                                                         clknet_1_1__leaf_clk (net)
                      0.035153    0.000622   20.276327 ^ _92_/CLK (sky130_fd_sc_hd__dfrtp_1)
                                 -0.250000   20.026327   clock uncertainty
                                  0.000000   20.026327   clock reconvergence pessimism
                                  0.228929   20.255257   library recovery time
                                             20.255257   data required time
---------------------------------------------------------------------------------------------
                                             20.255257   data required time
                                             -4.257840   data arrival time
---------------------------------------------------------------------------------------------
                                             15.997419   slack (MET)



