%Warning-PINMISSING: /home/minhnd/projects/CLA32_Floorplanning/src/acc32_sram.v:40:39: Cell has missing pin: 'vccd1'
   40 |     sky130_sram_1kbyte_1rw1r_32x256_8 sram0 (
      |                                       ^~~~~
                     ... For warning description see https://verilator.org/warn/PINMISSING?v=5.018
                     ... Use "/* verilator lint_off PINMISSING */" and lint_on around source to disable this message.
%Warning-PINMISSING: /home/minhnd/projects/CLA32_Floorplanning/src/acc32_sram.v:40:39: Cell has missing pin: 'vssd1'
   40 |     sky130_sram_1kbyte_1rw1r_32x256_8 sram0 (
      |                                       ^~~~~
%Warning-UNUSEDSIGNAL: /home/minhnd/projects/CLA32_Floorplanning/src/acc32_sram.v:10:36: Signal is not used: 'valid_d3'
                                                                                       : ... note: In instance 'acc32_sram'
   10 |     reg        valid_d1, valid_d2, valid_d3;
      |                                    ^~~~~~~~
%Warning-UNUSEDSIGNAL: /home/minhnd/projects/CLA32_Floorplanning/macros/blackbox/sky130_sram_1kbyte_1rw1r_32x256_8_bb.v:18:31: Signal is not used: 'clk0'
                                                                                                                             : ... note: In instance 'acc32_sram.sram0'
   18 |     input                     clk0;
      |                               ^~~~
%Warning-UNUSEDSIGNAL: /home/minhnd/projects/CLA32_Floorplanning/macros/blackbox/sky130_sram_1kbyte_1rw1r_32x256_8_bb.v:19:31: Signal is not used: 'csb0'
                                                                                                                             : ... note: In instance 'acc32_sram.sram0'
   19 |     input                     csb0;
      |                               ^~~~
%Warning-UNUSEDSIGNAL: /home/minhnd/projects/CLA32_Floorplanning/macros/blackbox/sky130_sram_1kbyte_1rw1r_32x256_8_bb.v:20:31: Signal is not used: 'web0'
                                                                                                                             : ... note: In instance 'acc32_sram.sram0'
   20 |     input                     web0;
      |                               ^~~~
%Warning-UNUSEDSIGNAL: /home/minhnd/projects/CLA32_Floorplanning/macros/blackbox/sky130_sram_1kbyte_1rw1r_32x256_8_bb.v:21:31: Signal is not used: 'wmask0'
                                                                                                                             : ... note: In instance 'acc32_sram.sram0'
   21 |     input  [NUM_WMASKS-1:0]   wmask0;
      |                               ^~~~~~
%Warning-UNUSEDSIGNAL: /home/minhnd/projects/CLA32_Floorplanning/macros/blackbox/sky130_sram_1kbyte_1rw1r_32x256_8_bb.v:22:31: Signal is not used: 'addr0'
                                                                                                                             : ... note: In instance 'acc32_sram.sram0'
   22 |     input  [ADDR_WIDTH-1:0]   addr0;
      |                               ^~~~~
%Warning-UNUSEDSIGNAL: /home/minhnd/projects/CLA32_Floorplanning/macros/blackbox/sky130_sram_1kbyte_1rw1r_32x256_8_bb.v:23:31: Signal is not used: 'din0'
                                                                                                                             : ... note: In instance 'acc32_sram.sram0'
   23 |     input  [DATA_WIDTH-1:0]   din0;
      |                               ^~~~
%Warning-UNDRIVEN: /home/minhnd/projects/CLA32_Floorplanning/macros/blackbox/sky130_sram_1kbyte_1rw1r_32x256_8_bb.v:24:31: Signal is not driven: 'dout0'
                                                                                                                         : ... note: In instance 'acc32_sram.sram0'
   24 |     output [DATA_WIDTH-1:0]   dout0;
      |                               ^~~~~
%Warning-UNUSEDSIGNAL: /home/minhnd/projects/CLA32_Floorplanning/macros/blackbox/sky130_sram_1kbyte_1rw1r_32x256_8_bb.v:25:31: Signal is not used: 'clk1'
                                                                                                                             : ... note: In instance 'acc32_sram.sram0'
   25 |     input                     clk1;
      |                               ^~~~
%Warning-UNUSEDSIGNAL: /home/minhnd/projects/CLA32_Floorplanning/macros/blackbox/sky130_sram_1kbyte_1rw1r_32x256_8_bb.v:26:31: Signal is not used: 'csb1'
                                                                                                                             : ... note: In instance 'acc32_sram.sram0'
   26 |     input                     csb1;
      |                               ^~~~
%Warning-UNUSEDSIGNAL: /home/minhnd/projects/CLA32_Floorplanning/macros/blackbox/sky130_sram_1kbyte_1rw1r_32x256_8_bb.v:27:31: Signal is not used: 'addr1'
                                                                                                                             : ... note: In instance 'acc32_sram.sram0'
   27 |     input  [ADDR_WIDTH-1:0]   addr1;
      |                               ^~~~~
%Warning-UNDRIVEN: /home/minhnd/projects/CLA32_Floorplanning/macros/blackbox/sky130_sram_1kbyte_1rw1r_32x256_8_bb.v:28:31: Signal is not driven: 'dout1'
                                                                                                                         : ... note: In instance 'acc32_sram.sram0'
   28 |     output [DATA_WIDTH-1:0]   dout1;
      |                               ^~~~~
