Clock: clk
Sources: clk 
Generated: no
Virtual: yes
Propagated: no
Period: 20.000000

===========================================================================
report_clock_properties
============================================================================
Clock                   Period          Waveform
----------------------------------------------------
clk                  20.000000    0.000000 10.000000

===========================================================================
report_clock_latency
============================================================================
Clock clk
rise -> rise
    min     max
0.000000 0.000000 source latency
0.245729         network latency _461_/CLK
        0.252217 network latency _439_/CLK
---------------
0.245729 0.252217 latency
        0.006488 skew

fall -> fall
    min     max
0.000000 0.000000 source latency
0.229399         network latency _461_/CLK
        0.235000 network latency _439_/CLK
---------------
0.229399 0.235000 latency
        0.005601 skew



===========================================================================
report_clock_min_period
============================================================================
clk period_min = 2.45 fmax = 408.62
