Clock: clk
Sources: clk 
Generated: no
Virtual: yes
Propagated: no
Period: 20.000000

===========================================================================
report_clock_properties
============================================================================
Clock                   Period          Waveform
----------------------------------------------------
clk                  20.000000    0.000000 10.000000

===========================================================================
report_clock_latency
============================================================================
Clock clk
rise -> rise
    min     max
0.000000 0.000000 source latency
0.274305         network latency _98_/CLK
        0.274686 network latency _94_/CLK
---------------
0.274305 0.274686 latency
        0.000380 skew

fall -> fall
    min     max
0.000000 0.000000 source latency
0.282304         network latency _98_/CLK
        0.282631 network latency _94_/CLK
---------------
0.282304 0.282631 latency
        0.000327 skew



===========================================================================
report_clock_min_period
============================================================================
clk period_min = 2.38 fmax = 420.43
