
===========================================================================
report_checks -path_delay max (Setup)
============================================================================
======================= nom_tt_025C_1v80 Corner ===================================

Startpoint: data_in[0] (input port clocked by clk)
Endpoint: _98_ (rising edge-triggered flip-flop clocked by clk)
Path Group: clk
Path Type: max

Fanout         Cap        Slew       Delay        Time   Description
---------------------------------------------------------------------------------------------
                                  0.000000    0.000000   clock clk (rise edge)
                                  0.000000    0.000000   clock network delay (propagated)
                                  4.000000    4.000000 ^ input external delay
     1    0.003947    0.024707    0.014347    4.014347 ^ data_in[0] (in)
                                                         data_in[0] (net)
                      0.024716    0.000000    4.014347 ^ input1/A (sky130_fd_sc_hd__clkbuf_1)
     2    0.006742    0.087947    0.104916    4.119263 ^ input1/X (sky130_fd_sc_hd__clkbuf_1)
                                                         net1 (net)
                      0.087947    0.000210    4.119473 ^ _53_/A (sky130_fd_sc_hd__nand2_1)
     3    0.009216    0.074683    0.092161    4.211635 v _53_/Y (sky130_fd_sc_hd__nand2_1)
                                                         _18_ (net)
                      0.074683    0.000264    4.211898 v _54_/A (sky130_fd_sc_hd__or3b_1)
     3    0.007866    0.094539    0.415879    4.627778 v _54_/X (sky130_fd_sc_hd__or3b_1)
                                                         _19_ (net)
                      0.094539    0.000133    4.627911 v _55_/A2 (sky130_fd_sc_hd__a211o_1)
     4    0.012074    0.088597    0.354549    4.982460 v _55_/X (sky130_fd_sc_hd__a211o_1)
                                                         _20_ (net)
                      0.088597    0.000278    4.982738 v _60_/A2 (sky130_fd_sc_hd__a311o_1)
     4    0.012811    0.100141    0.378396    5.361134 v _60_/X (sky130_fd_sc_hd__a311o_1)
                                                         _25_ (net)
                      0.100141    0.000388    5.361522 v _70_/A2 (sky130_fd_sc_hd__a31o_1)
     1    0.005638    0.049333    0.236534    5.598056 v _70_/X (sky130_fd_sc_hd__a31o_1)
                                                         _33_ (net)
                      0.049333    0.000138    5.598194 v _71_/B (sky130_fd_sc_hd__xnor2_1)
     1    0.002491    0.043327    0.117247    5.715440 v _71_/Y (sky130_fd_sc_hd__xnor2_1)
                                                         adder.high.sum[2] (net)
                      0.043327    0.000070    5.715510 v _98_/D (sky130_fd_sc_hd__dfrtp_1)
                                              5.715510   data arrival time

                                 20.000000   20.000000   clock clk (rise edge)
                                  0.000000   20.000000   clock source latency
     1    0.009480    0.049113    0.032374   20.032375 ^ clk (in)
                                                         clk (net)
                      0.049115    0.000000   20.032375 ^ clkbuf_0_clk/A (sky130_fd_sc_hd__clkbuf_16)
     2    0.018519    0.040583    0.125425   20.157799 ^ clkbuf_0_clk/X (sky130_fd_sc_hd__clkbuf_16)
                                                         clknet_0_clk (net)
                      0.040584    0.000393   20.158192 ^ clkbuf_1_1__f_clk/A (sky130_fd_sc_hd__clkbuf_16)
     4    0.011699    0.034790    0.115849   20.274040 ^ clkbuf_1_1__f_clk/X (sky130_fd_sc_hd__clkbuf_16)
                                                         clknet_1_1__leaf_clk (net)
                      0.034790    0.000265   20.274305 ^ _98_/CLK (sky130_fd_sc_hd__dfrtp_1)
                                 -0.250000   20.024307   clock uncertainty
                                  0.000000   20.024307   clock reconvergence pessimism
                                 -0.115879   19.908428   library setup time
                                             19.908428   data required time
---------------------------------------------------------------------------------------------
                                             19.908428   data required time
                                             -5.715510   data arrival time
---------------------------------------------------------------------------------------------
                                             14.192918   slack (MET)


Startpoint: data_in[0] (input port clocked by clk)
Endpoint: _99_ (rising edge-triggered flip-flop clocked by clk)
Path Group: clk
Path Type: max

Fanout         Cap        Slew       Delay        Time   Description
---------------------------------------------------------------------------------------------
                                  0.000000    0.000000   clock clk (rise edge)
                                  0.000000    0.000000   clock network delay (propagated)
                                  4.000000    4.000000 ^ input external delay
     1    0.003947    0.024707    0.014347    4.014347 ^ data_in[0] (in)
                                                         data_in[0] (net)
                      0.024716    0.000000    4.014347 ^ input1/A (sky130_fd_sc_hd__clkbuf_1)
     2    0.006742    0.087947    0.104916    4.119263 ^ input1/X (sky130_fd_sc_hd__clkbuf_1)
                                                         net1 (net)
                      0.087947    0.000210    4.119473 ^ _53_/A (sky130_fd_sc_hd__nand2_1)
     3    0.009216    0.074683    0.092161    4.211635 v _53_/Y (sky130_fd_sc_hd__nand2_1)
                                                         _18_ (net)
                      0.074683    0.000264    4.211898 v _54_/A (sky130_fd_sc_hd__or3b_1)
     3    0.007866    0.094539    0.415879    4.627778 v _54_/X (sky130_fd_sc_hd__or3b_1)
                                                         _19_ (net)
                      0.094539    0.000133    4.627911 v _55_/A2 (sky130_fd_sc_hd__a211o_1)
     4    0.012074    0.088597    0.354549    4.982460 v _55_/X (sky130_fd_sc_hd__a211o_1)
                                                         _20_ (net)
                      0.088597    0.000278    4.982738 v _60_/A2 (sky130_fd_sc_hd__a311o_1)
     4    0.012811    0.100141    0.378396    5.361134 v _60_/X (sky130_fd_sc_hd__a311o_1)
                                                         _25_ (net)
                      0.100141    0.000307    5.361440 v _74_/A1 (sky130_fd_sc_hd__a21oi_1)
     1    0.005084    0.145545    0.172003    5.533443 ^ _74_/Y (sky130_fd_sc_hd__a21oi_1)
                                                         _36_ (net)
                      0.145545    0.000151    5.533595 ^ _76_/A (sky130_fd_sc_hd__xnor2_1)
     1    0.002268    0.046312    0.085064    5.618658 v _76_/Y (sky130_fd_sc_hd__xnor2_1)
                                                         adder.high.sum[3] (net)
                      0.046312    0.000064    5.618722 v _99_/D (sky130_fd_sc_hd__dfrtp_1)
                                              5.618722   data arrival time

                                 20.000000   20.000000   clock clk (rise edge)
                                  0.000000   20.000000   clock source latency
     1    0.009480    0.049113    0.032374   20.032375 ^ clk (in)
                                                         clk (net)
                      0.049115    0.000000   20.032375 ^ clkbuf_0_clk/A (sky130_fd_sc_hd__clkbuf_16)
     2    0.018519    0.040583    0.125425   20.157799 ^ clkbuf_0_clk/X (sky130_fd_sc_hd__clkbuf_16)
                                                         clknet_0_clk (net)
                      0.040584    0.000393   20.158192 ^ clkbuf_1_1__f_clk/A (sky130_fd_sc_hd__clkbuf_16)
     4    0.011699    0.034790    0.115849   20.274040 ^ clkbuf_1_1__f_clk/X (sky130_fd_sc_hd__clkbuf_16)
                                                         clknet_1_1__leaf_clk (net)
                      0.034790    0.000281   20.274321 ^ _99_/CLK (sky130_fd_sc_hd__dfrtp_1)
                                 -0.250000   20.024323   clock uncertainty
                                  0.000000   20.024323   clock reconvergence pessimism
                                 -0.117183   19.907139   library setup time
                                             19.907139   data required time
---------------------------------------------------------------------------------------------
                                             19.907139   data required time
                                             -5.618722   data arrival time
---------------------------------------------------------------------------------------------
                                             14.288417   slack (MET)


Startpoint: data_in[0] (input port clocked by clk)
Endpoint: _96_ (rising edge-triggered flip-flop clocked by clk)
Path Group: clk
Path Type: max

Fanout         Cap        Slew       Delay        Time   Description
---------------------------------------------------------------------------------------------
                                  0.000000    0.000000   clock clk (rise edge)
                                  0.000000    0.000000   clock network delay (propagated)
                                  4.000000    4.000000 ^ input external delay
     1    0.003947    0.024707    0.014347    4.014347 ^ data_in[0] (in)
                                                         data_in[0] (net)
                      0.024716    0.000000    4.014347 ^ input1/A (sky130_fd_sc_hd__clkbuf_1)
     2    0.006742    0.087947    0.104916    4.119263 ^ input1/X (sky130_fd_sc_hd__clkbuf_1)
                                                         net1 (net)
                      0.087947    0.000210    4.119473 ^ _53_/A (sky130_fd_sc_hd__nand2_1)
     3    0.009216    0.074683    0.092161    4.211635 v _53_/Y (sky130_fd_sc_hd__nand2_1)
                                                         _18_ (net)
                      0.074683    0.000264    4.211898 v _54_/A (sky130_fd_sc_hd__or3b_1)
     3    0.007866    0.094539    0.415879    4.627778 v _54_/X (sky130_fd_sc_hd__or3b_1)
                                                         _19_ (net)
                      0.094539    0.000133    4.627911 v _55_/A2 (sky130_fd_sc_hd__a211o_1)
     4    0.012074    0.088597    0.354549    4.982460 v _55_/X (sky130_fd_sc_hd__a211o_1)
                                                         _20_ (net)
                      0.088597    0.000278    4.982738 v _60_/A2 (sky130_fd_sc_hd__a311o_1)
     4    0.012811    0.100141    0.378396    5.361134 v _60_/X (sky130_fd_sc_hd__a311o_1)
                                                         _25_ (net)
                      0.100141    0.000277    5.361411 v _61_/B (sky130_fd_sc_hd__and2_1)
     1    0.002946    0.035653    0.176059    5.537470 v _61_/X (sky130_fd_sc_hd__and2_1)
                                                         adder.high.sum[0] (net)
                      0.035653    0.000087    5.537557 v _96_/D (sky130_fd_sc_hd__dfrtp_1)
                                              5.537557   data arrival time

                                 20.000000   20.000000   clock clk (rise edge)
                                  0.000000   20.000000   clock source latency
     1    0.009480    0.049113    0.032374   20.032375 ^ clk (in)
                                                         clk (net)
                      0.049115    0.000000   20.032375 ^ clkbuf_0_clk/A (sky130_fd_sc_hd__clkbuf_16)
     2    0.018519    0.040583    0.125425   20.157799 ^ clkbuf_0_clk/X (sky130_fd_sc_hd__clkbuf_16)
                                                         clknet_0_clk (net)
                      0.040585    0.000405   20.158205 ^ clkbuf_1_0__f_clk/A (sky130_fd_sc_hd__clkbuf_16)
     4    0.012039    0.035079    0.116177   20.274382 ^ clkbuf_1_0__f_clk/X (sky130_fd_sc_hd__clkbuf_16)
                                                         clknet_1_0__leaf_clk (net)
                      0.035079    0.000266   20.274649 ^ _96_/CLK (sky130_fd_sc_hd__dfrtp_1)
                                 -0.250000   20.024649   clock uncertainty
                                  0.000000   20.024649   clock reconvergence pessimism
                                 -0.112463   19.912186   library setup time
                                             19.912186   data required time
---------------------------------------------------------------------------------------------
                                             19.912186   data required time
                                             -5.537557   data arrival time
---------------------------------------------------------------------------------------------
                                             14.374630   slack (MET)


Startpoint: data_in[0] (input port clocked by clk)
Endpoint: _97_ (rising edge-triggered flip-flop clocked by clk)
Path Group: clk
Path Type: max

Fanout         Cap        Slew       Delay        Time   Description
---------------------------------------------------------------------------------------------
                                  0.000000    0.000000   clock clk (rise edge)
                                  0.000000    0.000000   clock network delay (propagated)
                                  4.000000    4.000000 ^ input external delay
     1    0.003947    0.024707    0.014347    4.014347 ^ data_in[0] (in)
                                                         data_in[0] (net)
                      0.024716    0.000000    4.014347 ^ input1/A (sky130_fd_sc_hd__clkbuf_1)
     2    0.006742    0.087947    0.104916    4.119263 ^ input1/X (sky130_fd_sc_hd__clkbuf_1)
                                                         net1 (net)
                      0.087947    0.000210    4.119473 ^ _53_/A (sky130_fd_sc_hd__nand2_1)
     3    0.009216    0.074683    0.092161    4.211635 v _53_/Y (sky130_fd_sc_hd__nand2_1)
                                                         _18_ (net)
                      0.074683    0.000264    4.211898 v _54_/A (sky130_fd_sc_hd__or3b_1)
     3    0.007866    0.094539    0.415879    4.627778 v _54_/X (sky130_fd_sc_hd__or3b_1)
                                                         _19_ (net)
                      0.094539    0.000133    4.627911 v _55_/A2 (sky130_fd_sc_hd__a211o_1)
     4    0.012074    0.088597    0.354549    4.982460 v _55_/X (sky130_fd_sc_hd__a211o_1)
                                                         _20_ (net)
                      0.088597    0.000278    4.982738 v _60_/A2 (sky130_fd_sc_hd__a311o_1)
     4    0.012811    0.100141    0.378396    5.361134 v _60_/X (sky130_fd_sc_hd__a311o_1)
                                                         _25_ (net)
                      0.100141    0.000377    5.361510 v _65_/B (sky130_fd_sc_hd__nand2_1)
     1    0.004932    0.065418    0.099256    5.460766 ^ _65_/Y (sky130_fd_sc_hd__nand2_1)
                                                         _29_ (net)
                      0.065418    0.000100    5.460866 ^ _66_/B (sky130_fd_sc_hd__xnor2_1)
     1    0.002163    0.103628    0.105004    5.565870 ^ _66_/Y (sky130_fd_sc_hd__xnor2_1)
                                                         adder.high.sum[1] (net)
                      0.103628    0.000060    5.565930 ^ _97_/D (sky130_fd_sc_hd__dfrtp_1)
                                              5.565930   data arrival time

                                 20.000000   20.000000   clock clk (rise edge)
                                  0.000000   20.000000   clock source latency
     1    0.009480    0.049113    0.032374   20.032375 ^ clk (in)
                                                         clk (net)
                      0.049115    0.000000   20.032375 ^ clkbuf_0_clk/A (sky130_fd_sc_hd__clkbuf_16)
     2    0.018519    0.040583    0.125425   20.157799 ^ clkbuf_0_clk/X (sky130_fd_sc_hd__clkbuf_16)
                                                         clknet_0_clk (net)
                      0.040585    0.000405   20.158205 ^ clkbuf_1_0__f_clk/A (sky130_fd_sc_hd__clkbuf_16)
     4    0.012039    0.035079    0.116177   20.274382 ^ clkbuf_1_0__f_clk/X (sky130_fd_sc_hd__clkbuf_16)
                                                         clknet_1_0__leaf_clk (net)
                      0.035079    0.000220   20.274603 ^ _97_/CLK (sky130_fd_sc_hd__dfrtp_1)
                                 -0.250000   20.024603   clock uncertainty
                                  0.000000   20.024603   clock reconvergence pessimism
                                 -0.074890   19.949711   library setup time
                                             19.949711   data required time
---------------------------------------------------------------------------------------------
                                             19.949711   data required time
                                             -5.565930   data arrival time
---------------------------------------------------------------------------------------------
                                             14.383781   slack (MET)


Startpoint: data_in[0] (input port clocked by clk)
Endpoint: _95_ (rising edge-triggered flip-flop clocked by clk)
Path Group: clk
Path Type: max

Fanout         Cap        Slew       Delay        Time   Description
---------------------------------------------------------------------------------------------
                                  0.000000    0.000000   clock clk (rise edge)
                                  0.000000    0.000000   clock network delay (propagated)
                                  4.000000    4.000000 ^ input external delay
     1    0.003947    0.024707    0.014347    4.014347 ^ data_in[0] (in)
                                                         data_in[0] (net)
                      0.024716    0.000000    4.014347 ^ input1/A (sky130_fd_sc_hd__clkbuf_1)
     2    0.006742    0.087947    0.104916    4.119263 ^ input1/X (sky130_fd_sc_hd__clkbuf_1)
                                                         net1 (net)
                      0.087947    0.000210    4.119473 ^ _53_/A (sky130_fd_sc_hd__nand2_1)
     3    0.009216    0.074683    0.092161    4.211635 v _53_/Y (sky130_fd_sc_hd__nand2_1)
                                                         _18_ (net)
                      0.074683    0.000264    4.211898 v _54_/A (sky130_fd_sc_hd__or3b_1)
     3    0.007866    0.094539    0.415879    4.627778 v _54_/X (sky130_fd_sc_hd__or3b_1)
                                                         _19_ (net)
                      0.094539    0.000133    4.627911 v _55_/A2 (sky130_fd_sc_hd__a211o_1)
     4    0.012074    0.088597    0.354549    4.982460 v _55_/X (sky130_fd_sc_hd__a211o_1)
                                                         _20_ (net)
                      0.088597    0.000297    4.982757 v _81_/B (sky130_fd_sc_hd__nand2_1)
     1    0.005345    0.067352    0.096579    5.079335 ^ _81_/Y (sky130_fd_sc_hd__nand2_1)
                                                         _40_ (net)
                      0.067352    0.000161    5.079496 ^ _82_/B (sky130_fd_sc_hd__xnor2_1)
     1    0.002552    0.111041    0.108848    5.188344 ^ _82_/Y (sky130_fd_sc_hd__xnor2_1)
                                                         adder.low.sum[3] (net)
                      0.111041    0.000072    5.188416 ^ _95_/D (sky130_fd_sc_hd__dfrtp_1)
                                              5.188416   data arrival time

                                 20.000000   20.000000   clock clk (rise edge)
                                  0.000000   20.000000   clock source latency
     1    0.009480    0.049113    0.032374   20.032375 ^ clk (in)
                                                         clk (net)
                      0.049115    0.000000   20.032375 ^ clkbuf_0_clk/A (sky130_fd_sc_hd__clkbuf_16)
     2    0.018519    0.040583    0.125425   20.157799 ^ clkbuf_0_clk/X (sky130_fd_sc_hd__clkbuf_16)
                                                         clknet_0_clk (net)
                      0.040585    0.000405   20.158205 ^ clkbuf_1_0__f_clk/A (sky130_fd_sc_hd__clkbuf_16)
     4    0.012039    0.035079    0.116177   20.274382 ^ clkbuf_1_0__f_clk/X (sky130_fd_sc_hd__clkbuf_16)
                                                         clknet_1_0__leaf_clk (net)
                      0.035079    0.000252   20.274633 ^ _95_/CLK (sky130_fd_sc_hd__dfrtp_1)
                                 -0.250000   20.024635   clock uncertainty
                                  0.000000   20.024635   clock reconvergence pessimism
                                 -0.076607   19.948029   library setup time
                                             19.948029   data required time
---------------------------------------------------------------------------------------------
                                             19.948029   data required time
                                             -5.188416   data arrival time
---------------------------------------------------------------------------------------------
                                             14.759611   slack (MET)


Startpoint: data_in[0] (input port clocked by clk)
Endpoint: _94_ (rising edge-triggered flip-flop clocked by clk)
Path Group: clk
Path Type: max

Fanout         Cap        Slew       Delay        Time   Description
---------------------------------------------------------------------------------------------
                                  0.000000    0.000000   clock clk (rise edge)
                                  0.000000    0.000000   clock network delay (propagated)
                                  4.000000    4.000000 ^ input external delay
     1    0.003947    0.024707    0.014347    4.014347 ^ data_in[0] (in)
                                                         data_in[0] (net)
                      0.024716    0.000000    4.014347 ^ input1/A (sky130_fd_sc_hd__clkbuf_1)
     2    0.006742    0.087947    0.104916    4.119263 ^ input1/X (sky130_fd_sc_hd__clkbuf_1)
                                                         net1 (net)
                      0.087947    0.000210    4.119473 ^ _53_/A (sky130_fd_sc_hd__nand2_1)
     3    0.009216    0.074683    0.092161    4.211635 v _53_/Y (sky130_fd_sc_hd__nand2_1)
                                                         _18_ (net)
                      0.074683    0.000264    4.211898 v _54_/A (sky130_fd_sc_hd__or3b_1)
     3    0.007866    0.094539    0.415879    4.627778 v _54_/X (sky130_fd_sc_hd__or3b_1)
                                                         _19_ (net)
                      0.094539    0.000133    4.627911 v _55_/A2 (sky130_fd_sc_hd__a211o_1)
     4    0.012074    0.088597    0.354549    4.982460 v _55_/X (sky130_fd_sc_hd__a211o_1)
                                                         _20_ (net)
                      0.088597    0.000263    4.982723 v _80_/A (sky130_fd_sc_hd__and2_1)
     1    0.003542    0.038310    0.155229    5.137952 v _80_/X (sky130_fd_sc_hd__and2_1)
                                                         adder.low.sum[2] (net)
                      0.038310    0.000107    5.138059 v _94_/D (sky130_fd_sc_hd__dfrtp_1)
                                              5.138059   data arrival time

                                 20.000000   20.000000   clock clk (rise edge)
                                  0.000000   20.000000   clock source latency
     1    0.009480    0.049113    0.032374   20.032375 ^ clk (in)
                                                         clk (net)
                      0.049115    0.000000   20.032375 ^ clkbuf_0_clk/A (sky130_fd_sc_hd__clkbuf_16)
     2    0.018519    0.040583    0.125425   20.157799 ^ clkbuf_0_clk/X (sky130_fd_sc_hd__clkbuf_16)
                                                         clknet_0_clk (net)
                      0.040585    0.000405   20.158205 ^ clkbuf_1_0__f_clk/A (sky130_fd_sc_hd__clkbuf_16)
     4    0.012039    0.035079    0.116177   20.274382 ^ clkbuf_1_0__f_clk/X (sky130_fd_sc_hd__clkbuf_16)
                                                         clknet_1_0__leaf_clk (net)
                      0.035079    0.000304   20.274685 ^ _94_/CLK (sky130_fd_sc_hd__dfrtp_1)
                                 -0.250000   20.024687   clock uncertainty
                                  0.000000   20.024687   clock reconvergence pessimism
                                 -0.113623   19.911064   library setup time
                                             19.911064   data required time
---------------------------------------------------------------------------------------------
                                             19.911064   data required time
                                             -5.138059   data arrival time
---------------------------------------------------------------------------------------------
                                             14.773005   slack (MET)


Startpoint: _94_ (rising edge-triggered flip-flop clocked by clk)
Endpoint: acc[2] (output port clocked by clk)
Path Group: clk
Path Type: max

Fanout         Cap        Slew       Delay        Time   Description
---------------------------------------------------------------------------------------------
                                  0.000000    0.000000   clock clk (rise edge)
                                  0.000000    0.000000   clock source latency
     1    0.009480    0.049113    0.032375    0.032375 ^ clk (in)
                                                         clk (net)
                      0.049115    0.000000    0.032375 ^ clkbuf_0_clk/A (sky130_fd_sc_hd__clkbuf_16)
     2    0.018519    0.040583    0.125424    0.157799 ^ clkbuf_0_clk/X (sky130_fd_sc_hd__clkbuf_16)
                                                         clknet_0_clk (net)
                      0.040585    0.000406    0.158204 ^ clkbuf_1_0__f_clk/A (sky130_fd_sc_hd__clkbuf_16)
     4    0.012039    0.035079    0.116176    0.274381 ^ clkbuf_1_0__f_clk/X (sky130_fd_sc_hd__clkbuf_16)
                                                         clknet_1_0__leaf_clk (net)
                      0.035079    0.000305    0.274686 ^ _94_/CLK (sky130_fd_sc_hd__dfrtp_1)
     4    0.012963    0.124547    0.377187    0.651872 ^ _94_/Q (sky130_fd_sc_hd__dfrtp_1)
                                                         net12 (net)
                      0.124548    0.000580    0.652452 ^ output12/A (sky130_fd_sc_hd__buf_2)
     1    0.034624    0.172279    0.228318    0.880770 ^ output12/X (sky130_fd_sc_hd__buf_2)
                                                         acc[2] (net)
                      0.172280    0.000742    0.881512 ^ acc[2] (out)
                                              0.881512   data arrival time

                                 20.000000   20.000000   clock clk (rise edge)
                                  0.000000   20.000000   clock network delay (propagated)
                                 -0.250000   19.750002   clock uncertainty
                                  0.000000   19.750002   clock reconvergence pessimism
                                 -4.000000   15.750001   output external delay
                                             15.750001   data required time
---------------------------------------------------------------------------------------------
                                             15.750001   data required time
                                             -0.881512   data arrival time
---------------------------------------------------------------------------------------------
                                             14.868489   slack (MET)


Startpoint: _96_ (rising edge-triggered flip-flop clocked by clk)
Endpoint: acc[4] (output port clocked by clk)
Path Group: clk
Path Type: max

Fanout         Cap        Slew       Delay        Time   Description
---------------------------------------------------------------------------------------------
                                  0.000000    0.000000   clock clk (rise edge)
                                  0.000000    0.000000   clock source latency
     1    0.009480    0.049113    0.032375    0.032375 ^ clk (in)
                                                         clk (net)
                      0.049115    0.000000    0.032375 ^ clkbuf_0_clk/A (sky130_fd_sc_hd__clkbuf_16)
     2    0.018519    0.040583    0.125424    0.157799 ^ clkbuf_0_clk/X (sky130_fd_sc_hd__clkbuf_16)
                                                         clknet_0_clk (net)
                      0.040585    0.000406    0.158204 ^ clkbuf_1_0__f_clk/A (sky130_fd_sc_hd__clkbuf_16)
     4    0.012039    0.035079    0.116176    0.274381 ^ clkbuf_1_0__f_clk/X (sky130_fd_sc_hd__clkbuf_16)
                                                         clknet_1_0__leaf_clk (net)
                      0.035079    0.000267    0.274647 ^ _96_/CLK (sky130_fd_sc_hd__dfrtp_1)
     3    0.010107    0.101146    0.359953    0.634601 ^ _96_/Q (sky130_fd_sc_hd__dfrtp_1)
                                                         net14 (net)
                      0.101146    0.000407    0.635008 ^ output14/A (sky130_fd_sc_hd__buf_2)
     1    0.034182    0.170081    0.218456    0.853464 ^ output14/X (sky130_fd_sc_hd__buf_2)
                                                         acc[4] (net)
                      0.170082    0.000707    0.854170 ^ acc[4] (out)
                                              0.854170   data arrival time

                                 20.000000   20.000000   clock clk (rise edge)
                                  0.000000   20.000000   clock network delay (propagated)
                                 -0.250000   19.750002   clock uncertainty
                                  0.000000   19.750002   clock reconvergence pessimism
                                 -4.000000   15.750001   output external delay
                                             15.750001   data required time
---------------------------------------------------------------------------------------------
                                             15.750001   data required time
                                             -0.854170   data arrival time
---------------------------------------------------------------------------------------------
                                             14.895831   slack (MET)


Startpoint: _93_ (rising edge-triggered flip-flop clocked by clk)
Endpoint: acc[1] (output port clocked by clk)
Path Group: clk
Path Type: max

Fanout         Cap        Slew       Delay        Time   Description
---------------------------------------------------------------------------------------------
                                  0.000000    0.000000   clock clk (rise edge)
                                  0.000000    0.000000   clock source latency
     1    0.009480    0.049113    0.032375    0.032375 ^ clk (in)
                                                         clk (net)
                      0.049115    0.000000    0.032375 ^ clkbuf_0_clk/A (sky130_fd_sc_hd__clkbuf_16)
     2    0.018519    0.040583    0.125424    0.157799 ^ clkbuf_0_clk/X (sky130_fd_sc_hd__clkbuf_16)
                                                         clknet_0_clk (net)
                      0.040584    0.000393    0.158192 ^ clkbuf_1_1__f_clk/A (sky130_fd_sc_hd__clkbuf_16)
     4    0.011699    0.034790    0.115849    0.274041 ^ clkbuf_1_1__f_clk/X (sky130_fd_sc_hd__clkbuf_16)
                                                         clknet_1_1__leaf_clk (net)
                      0.034790    0.000292    0.274333 ^ _93_/CLK (sky130_fd_sc_hd__dfrtp_1)
     3    0.009973    0.100048    0.359063    0.633396 ^ _93_/Q (sky130_fd_sc_hd__dfrtp_1)
                                                         net11 (net)
                      0.100048    0.000244    0.633640 ^ output11/A (sky130_fd_sc_hd__buf_2)
     1    0.034006    0.169241    0.217517    0.851158 ^ output11/X (sky130_fd_sc_hd__buf_2)
                                                         acc[1] (net)
                      0.169241    0.000635    0.851793 ^ acc[1] (out)
                                              0.851793   data arrival time

                                 20.000000   20.000000   clock clk (rise edge)
                                  0.000000   20.000000   clock network delay (propagated)
                                 -0.250000   19.750002   clock uncertainty
                                  0.000000   19.750002   clock reconvergence pessimism
                                 -4.000000   15.750001   output external delay
                                             15.750001   data required time
---------------------------------------------------------------------------------------------
                                             15.750001   data required time
                                             -0.851793   data arrival time
---------------------------------------------------------------------------------------------
                                             14.898209   slack (MET)


Startpoint: _98_ (rising edge-triggered flip-flop clocked by clk)
Endpoint: acc[6] (output port clocked by clk)
Path Group: clk
Path Type: max

Fanout         Cap        Slew       Delay        Time   Description
---------------------------------------------------------------------------------------------
                                  0.000000    0.000000   clock clk (rise edge)
                                  0.000000    0.000000   clock source latency
     1    0.009480    0.049113    0.032375    0.032375 ^ clk (in)
                                                         clk (net)
                      0.049115    0.000000    0.032375 ^ clkbuf_0_clk/A (sky130_fd_sc_hd__clkbuf_16)
     2    0.018519    0.040583    0.125424    0.157799 ^ clkbuf_0_clk/X (sky130_fd_sc_hd__clkbuf_16)
                                                         clknet_0_clk (net)
                      0.040584    0.000393    0.158192 ^ clkbuf_1_1__f_clk/A (sky130_fd_sc_hd__clkbuf_16)
     4    0.011699    0.034790    0.115849    0.274041 ^ clkbuf_1_1__f_clk/X (sky130_fd_sc_hd__clkbuf_16)
                                                         clknet_1_1__leaf_clk (net)
                      0.034790    0.000264    0.274305 ^ _98_/CLK (sky130_fd_sc_hd__dfrtp_1)
     3    0.009862    0.099148    0.358382    0.632687 ^ _98_/Q (sky130_fd_sc_hd__dfrtp_1)
                                                         net16 (net)
                      0.099148    0.000230    0.632916 ^ output16/A (sky130_fd_sc_hd__buf_2)
     1    0.034154    0.169932    0.217661    0.850577 ^ output16/X (sky130_fd_sc_hd__buf_2)
                                                         acc[6] (net)
                      0.169932    0.000658    0.851235 ^ acc[6] (out)
                                              0.851235   data arrival time

                                 20.000000   20.000000   clock clk (rise edge)
                                  0.000000   20.000000   clock network delay (propagated)
                                 -0.250000   19.750002   clock uncertainty
                                  0.000000   19.750002   clock reconvergence pessimism
                                 -4.000000   15.750001   output external delay
                                             15.750001   data required time
---------------------------------------------------------------------------------------------
                                             15.750001   data required time
                                             -0.851235   data arrival time
---------------------------------------------------------------------------------------------
                                             14.898766   slack (MET)


Startpoint: _92_ (rising edge-triggered flip-flop clocked by clk)
Endpoint: acc[0] (output port clocked by clk)
Path Group: clk
Path Type: max

Fanout         Cap        Slew       Delay        Time   Description
---------------------------------------------------------------------------------------------
                                  0.000000    0.000000   clock clk (rise edge)
                                  0.000000    0.000000   clock source latency
     1    0.009480    0.049113    0.032375    0.032375 ^ clk (in)
                                                         clk (net)
                      0.049115    0.000000    0.032375 ^ clkbuf_0_clk/A (sky130_fd_sc_hd__clkbuf_16)
     2    0.018519    0.040583    0.125424    0.157799 ^ clkbuf_0_clk/X (sky130_fd_sc_hd__clkbuf_16)
                                                         clknet_0_clk (net)
                      0.040584    0.000393    0.158192 ^ clkbuf_1_1__f_clk/A (sky130_fd_sc_hd__clkbuf_16)
     4    0.011699    0.034790    0.115849    0.274041 ^ clkbuf_1_1__f_clk/X (sky130_fd_sc_hd__clkbuf_16)
                                                         clknet_1_1__leaf_clk (net)
                      0.034790    0.000273    0.274314 ^ _92_/CLK (sky130_fd_sc_hd__dfrtp_1)
     3    0.009313    0.094728    0.355012    0.629326 ^ _92_/Q (sky130_fd_sc_hd__dfrtp_1)
                                                         net10 (net)
                      0.094728    0.000266    0.629592 ^ output10/A (sky130_fd_sc_hd__buf_2)
     1    0.035143    0.174566    0.219153    0.848745 ^ output10/X (sky130_fd_sc_hd__buf_2)
                                                         acc[0] (net)
                      0.174568    0.000892    0.849637 ^ acc[0] (out)
                                              0.849637   data arrival time

                                 20.000000   20.000000   clock clk (rise edge)
                                  0.000000   20.000000   clock network delay (propagated)
                                 -0.250000   19.750002   clock uncertainty
                                  0.000000   19.750002   clock reconvergence pessimism
                                 -4.000000   15.750001   output external delay
                                             15.750001   data required time
---------------------------------------------------------------------------------------------
                                             15.750001   data required time
                                             -0.849637   data arrival time
---------------------------------------------------------------------------------------------
                                             14.900364   slack (MET)


Startpoint: _97_ (rising edge-triggered flip-flop clocked by clk)
Endpoint: acc[5] (output port clocked by clk)
Path Group: clk
Path Type: max

Fanout         Cap        Slew       Delay        Time   Description
---------------------------------------------------------------------------------------------
                                  0.000000    0.000000   clock clk (rise edge)
                                  0.000000    0.000000   clock source latency
     1    0.009480    0.049113    0.032375    0.032375 ^ clk (in)
                                                         clk (net)
                      0.049115    0.000000    0.032375 ^ clkbuf_0_clk/A (sky130_fd_sc_hd__clkbuf_16)
     2    0.018519    0.040583    0.125424    0.157799 ^ clkbuf_0_clk/X (sky130_fd_sc_hd__clkbuf_16)
                                                         clknet_0_clk (net)
                      0.040585    0.000406    0.158204 ^ clkbuf_1_0__f_clk/A (sky130_fd_sc_hd__clkbuf_16)
     4    0.012039    0.035079    0.116176    0.274381 ^ clkbuf_1_0__f_clk/X (sky130_fd_sc_hd__clkbuf_16)
                                                         clknet_1_0__leaf_clk (net)
                      0.035079    0.000222    0.274602 ^ _97_/CLK (sky130_fd_sc_hd__dfrtp_1)
     3    0.009373    0.095152    0.355589    0.630191 ^ _97_/Q (sky130_fd_sc_hd__dfrtp_1)
                                                         net15 (net)
                      0.095152    0.000227    0.630419 ^ output15/A (sky130_fd_sc_hd__buf_2)
     1    0.034087    0.169593    0.215966    0.846384 ^ output15/X (sky130_fd_sc_hd__buf_2)
                                                         acc[5] (net)
                      0.169593    0.000656    0.847040 ^ acc[5] (out)
                                              0.847040   data arrival time

                                 20.000000   20.000000   clock clk (rise edge)
                                  0.000000   20.000000   clock network delay (propagated)
                                 -0.250000   19.750002   clock uncertainty
                                  0.000000   19.750002   clock reconvergence pessimism
                                 -4.000000   15.750001   output external delay
                                             15.750001   data required time
---------------------------------------------------------------------------------------------
                                             15.750001   data required time
                                             -0.847040   data arrival time
---------------------------------------------------------------------------------------------
                                             14.902961   slack (MET)


Startpoint: _95_ (rising edge-triggered flip-flop clocked by clk)
Endpoint: acc[3] (output port clocked by clk)
Path Group: clk
Path Type: max

Fanout         Cap        Slew       Delay        Time   Description
---------------------------------------------------------------------------------------------
                                  0.000000    0.000000   clock clk (rise edge)
                                  0.000000    0.000000   clock source latency
     1    0.009480    0.049113    0.032375    0.032375 ^ clk (in)
                                                         clk (net)
                      0.049115    0.000000    0.032375 ^ clkbuf_0_clk/A (sky130_fd_sc_hd__clkbuf_16)
     2    0.018519    0.040583    0.125424    0.157799 ^ clkbuf_0_clk/X (sky130_fd_sc_hd__clkbuf_16)
                                                         clknet_0_clk (net)
                      0.040585    0.000406    0.158204 ^ clkbuf_1_0__f_clk/A (sky130_fd_sc_hd__clkbuf_16)
     4    0.012039    0.035079    0.116176    0.274381 ^ clkbuf_1_0__f_clk/X (sky130_fd_sc_hd__clkbuf_16)
                                                         clknet_1_0__leaf_clk (net)
                      0.035079    0.000253    0.274634 ^ _95_/CLK (sky130_fd_sc_hd__dfrtp_1)
     3    0.008326    0.065420    0.379843    0.654477 v _95_/Q (sky130_fd_sc_hd__dfrtp_1)
                                                         net13 (net)
                      0.065420    0.000207    0.654684 v output13/A (sky130_fd_sc_hd__buf_2)
     1    0.034398    0.089790    0.189366    0.844049 v output13/X (sky130_fd_sc_hd__buf_2)
                                                         acc[3] (net)
                      0.089795    0.000748    0.844797 v acc[3] (out)
                                              0.844797   data arrival time

                                 20.000000   20.000000   clock clk (rise edge)
                                  0.000000   20.000000   clock network delay (propagated)
                                 -0.250000   19.750002   clock uncertainty
                                  0.000000   19.750002   clock reconvergence pessimism
                                 -4.000000   15.750001   output external delay
                                             15.750001   data required time
---------------------------------------------------------------------------------------------
                                             15.750001   data required time
                                             -0.844797   data arrival time
---------------------------------------------------------------------------------------------
                                             14.905205   slack (MET)


Startpoint: _99_ (rising edge-triggered flip-flop clocked by clk)
Endpoint: acc[7] (output port clocked by clk)
Path Group: clk
Path Type: max

Fanout         Cap        Slew       Delay        Time   Description
---------------------------------------------------------------------------------------------
                                  0.000000    0.000000   clock clk (rise edge)
                                  0.000000    0.000000   clock source latency
     1    0.009480    0.049113    0.032375    0.032375 ^ clk (in)
                                                         clk (net)
                      0.049115    0.000000    0.032375 ^ clkbuf_0_clk/A (sky130_fd_sc_hd__clkbuf_16)
     2    0.018519    0.040583    0.125424    0.157799 ^ clkbuf_0_clk/X (sky130_fd_sc_hd__clkbuf_16)
                                                         clknet_0_clk (net)
                      0.040584    0.000393    0.158192 ^ clkbuf_1_1__f_clk/A (sky130_fd_sc_hd__clkbuf_16)
     4    0.011699    0.034790    0.115849    0.274041 ^ clkbuf_1_1__f_clk/X (sky130_fd_sc_hd__clkbuf_16)
                                                         clknet_1_1__leaf_clk (net)
                      0.034790    0.000280    0.274321 ^ _99_/CLK (sky130_fd_sc_hd__dfrtp_1)
     2    0.007533    0.061378    0.375501    0.649822 v _99_/Q (sky130_fd_sc_hd__dfrtp_1)
                                                         net17 (net)
                      0.061378    0.000148    0.649970 v output17/A (sky130_fd_sc_hd__buf_2)
     1    0.033990    0.088852    0.186868    0.836838 v output17/X (sky130_fd_sc_hd__buf_2)
                                                         acc[7] (net)
                      0.088856    0.000615    0.837453 v acc[7] (out)
                                              0.837453   data arrival time

                                 20.000000   20.000000   clock clk (rise edge)
                                  0.000000   20.000000   clock network delay (propagated)
                                 -0.250000   19.750002   clock uncertainty
                                  0.000000   19.750002   clock reconvergence pessimism
                                 -4.000000   15.750001   output external delay
                                             15.750001   data required time
---------------------------------------------------------------------------------------------
                                             15.750001   data required time
                                             -0.837453   data arrival time
---------------------------------------------------------------------------------------------
                                             14.912548   slack (MET)


Startpoint: data_in[0] (input port clocked by clk)
Endpoint: _93_ (rising edge-triggered flip-flop clocked by clk)
Path Group: clk
Path Type: max

Fanout         Cap        Slew       Delay        Time   Description
---------------------------------------------------------------------------------------------
                                  0.000000    0.000000   clock clk (rise edge)
                                  0.000000    0.000000   clock network delay (propagated)
                                  4.000000    4.000000 ^ input external delay
     1    0.003947    0.024707    0.014347    4.014347 ^ data_in[0] (in)
                                                         data_in[0] (net)
                      0.024716    0.000000    4.014347 ^ input1/A (sky130_fd_sc_hd__clkbuf_1)
     2    0.006742    0.087947    0.104916    4.119263 ^ input1/X (sky130_fd_sc_hd__clkbuf_1)
                                                         net1 (net)
                      0.087947    0.000210    4.119473 ^ _53_/A (sky130_fd_sc_hd__nand2_1)
     3    0.009216    0.074683    0.092161    4.211635 v _53_/Y (sky130_fd_sc_hd__nand2_1)
                                                         _18_ (net)
                      0.074683    0.000264    4.211898 v _54_/A (sky130_fd_sc_hd__or3b_1)
     3    0.007866    0.094539    0.415879    4.627778 v _54_/X (sky130_fd_sc_hd__or3b_1)
                                                         _19_ (net)
                      0.094539    0.000094    4.627871 v _78_/A (sky130_fd_sc_hd__and2_1)
     1    0.002165    0.032438    0.150055    4.777926 v _78_/X (sky130_fd_sc_hd__and2_1)
                                                         adder.low.sum[1] (net)
                      0.032438    0.000060    4.777986 v _93_/D (sky130_fd_sc_hd__dfrtp_1)
                                              4.777986   data arrival time

                                 20.000000   20.000000   clock clk (rise edge)
                                  0.000000   20.000000   clock source latency
     1    0.009480    0.049113    0.032374   20.032375 ^ clk (in)
                                                         clk (net)
                      0.049115    0.000000   20.032375 ^ clkbuf_0_clk/A (sky130_fd_sc_hd__clkbuf_16)
     2    0.018519    0.040583    0.125425   20.157799 ^ clkbuf_0_clk/X (sky130_fd_sc_hd__clkbuf_16)
                                                         clknet_0_clk (net)
                      0.040584    0.000393   20.158192 ^ clkbuf_1_1__f_clk/A (sky130_fd_sc_hd__clkbuf_16)
     4    0.011699    0.034790    0.115849   20.274040 ^ clkbuf_1_1__f_clk/X (sky130_fd_sc_hd__clkbuf_16)
                                                         clknet_1_1__leaf_clk (net)
                      0.034790    0.000293   20.274334 ^ _93_/CLK (sky130_fd_sc_hd__dfrtp_1)
                                 -0.250000   20.024334   clock uncertainty
                                  0.000000   20.024334   clock reconvergence pessimism
                                 -0.111126   19.913210   library setup time
                                             19.913210   data required time
---------------------------------------------------------------------------------------------
                                             19.913210   data required time
                                             -4.777986   data arrival time
---------------------------------------------------------------------------------------------
                                             15.135223   slack (MET)


Startpoint: data_in[0] (input port clocked by clk)
Endpoint: _92_ (rising edge-triggered flip-flop clocked by clk)
Path Group: clk
Path Type: max

Fanout         Cap        Slew       Delay        Time   Description
---------------------------------------------------------------------------------------------
                                  0.000000    0.000000   clock clk (rise edge)
                                  0.000000    0.000000   clock network delay (propagated)
                                  4.000000    4.000000 v input external delay
     1    0.003771    0.010868    0.006085    4.006085 v data_in[0] (in)
                                                         data_in[0] (net)
                      0.010874    0.000000    4.006085 v input1/A (sky130_fd_sc_hd__clkbuf_1)
     2    0.006477    0.045884    0.090219    4.096304 v input1/X (sky130_fd_sc_hd__clkbuf_1)
                                                         net1 (net)
                      0.045884    0.000183    4.096488 v _83_/A (sky130_fd_sc_hd__or2_1)
     1    0.003071    0.049234    0.222458    4.318946 v _83_/X (sky130_fd_sc_hd__or2_1)
                                                         _41_ (net)
                      0.049234    0.000103    4.319049 v _84_/B (sky130_fd_sc_hd__and2_1)
     1    0.002912    0.035596    0.152485    4.471534 v _84_/X (sky130_fd_sc_hd__and2_1)
                                                         adder.low.p[0] (net)
                      0.035596    0.000085    4.471619 v _92_/D (sky130_fd_sc_hd__dfrtp_1)
                                              4.471619   data arrival time

                                 20.000000   20.000000   clock clk (rise edge)
                                  0.000000   20.000000   clock source latency
     1    0.009480    0.049113    0.032374   20.032375 ^ clk (in)
                                                         clk (net)
                      0.049115    0.000000   20.032375 ^ clkbuf_0_clk/A (sky130_fd_sc_hd__clkbuf_16)
     2    0.018519    0.040583    0.125425   20.157799 ^ clkbuf_0_clk/X (sky130_fd_sc_hd__clkbuf_16)
                                                         clknet_0_clk (net)
                      0.040584    0.000393   20.158192 ^ clkbuf_1_1__f_clk/A (sky130_fd_sc_hd__clkbuf_16)
     4    0.011699    0.034790    0.115849   20.274040 ^ clkbuf_1_1__f_clk/X (sky130_fd_sc_hd__clkbuf_16)
                                                         clknet_1_1__leaf_clk (net)
                      0.034790    0.000274   20.274315 ^ _92_/CLK (sky130_fd_sc_hd__dfrtp_1)
                                 -0.250000   20.024315   clock uncertainty
                                  0.000000   20.024315   clock reconvergence pessimism
                                 -0.112505   19.911810   library setup time
                                             19.911810   data required time
---------------------------------------------------------------------------------------------
                                             19.911810   data required time
                                             -4.471619   data arrival time
---------------------------------------------------------------------------------------------
                                             15.440190   slack (MET)


Startpoint: rst (input port clocked by clk)
Endpoint: _96_ (recovery check against rising-edge clock clk)
Path Group: asynchronous
Path Type: max

Fanout         Cap        Slew       Delay        Time   Description
---------------------------------------------------------------------------------------------
                                  0.000000    0.000000   clock clk (rise edge)
                                  0.000000    0.000000   clock network delay (propagated)
                                  4.000000    4.000000 v input external delay
     1    0.002820    0.008669    0.004468    4.004468 v rst (in)
                                                         rst (net)
                      0.008669    0.000000    4.004468 v input9/A (sky130_fd_sc_hd__clkbuf_4)
     8    0.046218    0.101370    0.184611    4.189079 v input9/X (sky130_fd_sc_hd__clkbuf_4)
                                                         net9 (net)
                      0.101395    0.001525    4.190604 v _88_/A (sky130_fd_sc_hd__inv_2)
     1    0.005552    0.043250    0.071485    4.262089 ^ _88_/Y (sky130_fd_sc_hd__inv_2)
                                                         _04_ (net)
                      0.043250    0.000142    4.262231 ^ _96_/RESET_B (sky130_fd_sc_hd__dfrtp_1)
                                              4.262231   data arrival time

                                 20.000000   20.000000   clock clk (rise edge)
                                  0.000000   20.000000   clock source latency
     1    0.009480    0.049113    0.032374   20.032375 ^ clk (in)
                                                         clk (net)
                      0.049115    0.000000   20.032375 ^ clkbuf_0_clk/A (sky130_fd_sc_hd__clkbuf_16)
     2    0.018519    0.040583    0.125425   20.157799 ^ clkbuf_0_clk/X (sky130_fd_sc_hd__clkbuf_16)
                                                         clknet_0_clk (net)
                      0.040585    0.000405   20.158205 ^ clkbuf_1_0__f_clk/A (sky130_fd_sc_hd__clkbuf_16)
     4    0.012039    0.035079    0.116177   20.274382 ^ clkbuf_1_0__f_clk/X (sky130_fd_sc_hd__clkbuf_16)
                                                         clknet_1_0__leaf_clk (net)
                      0.035079    0.000266   20.274649 ^ _96_/CLK (sky130_fd_sc_hd__dfrtp_1)
                                 -0.250000   20.024649   clock uncertainty
                                  0.000000   20.024649   clock reconvergence pessimism
                                  0.227744   20.252394   library recovery time
                                             20.252394   data required time
---------------------------------------------------------------------------------------------
                                             20.252394   data required time
                                             -4.262231   data arrival time
---------------------------------------------------------------------------------------------
                                             15.990163   slack (MET)


Startpoint: rst (input port clocked by clk)
Endpoint: _94_ (recovery check against rising-edge clock clk)
Path Group: asynchronous
Path Type: max

Fanout         Cap        Slew       Delay        Time   Description
---------------------------------------------------------------------------------------------
                                  0.000000    0.000000   clock clk (rise edge)
                                  0.000000    0.000000   clock network delay (propagated)
                                  4.000000    4.000000 v input external delay
     1    0.002820    0.008669    0.004468    4.004468 v rst (in)
                                                         rst (net)
                      0.008669    0.000000    4.004468 v input9/A (sky130_fd_sc_hd__clkbuf_4)
     8    0.046218    0.101370    0.184611    4.189079 v input9/X (sky130_fd_sc_hd__clkbuf_4)
                                                         net9 (net)
                      0.101408    0.001818    4.190897 v _86_/A (sky130_fd_sc_hd__inv_2)
     1    0.005377    0.042704    0.070861    4.261758 ^ _86_/Y (sky130_fd_sc_hd__inv_2)
                                                         _02_ (net)
                      0.042704    0.000131    4.261889 ^ _94_/RESET_B (sky130_fd_sc_hd__dfrtp_1)
                                              4.261889   data arrival time

                                 20.000000   20.000000   clock clk (rise edge)
                                  0.000000   20.000000   clock source latency
     1    0.009480    0.049113    0.032374   20.032375 ^ clk (in)
                                                         clk (net)
                      0.049115    0.000000   20.032375 ^ clkbuf_0_clk/A (sky130_fd_sc_hd__clkbuf_16)
     2    0.018519    0.040583    0.125425   20.157799 ^ clkbuf_0_clk/X (sky130_fd_sc_hd__clkbuf_16)
                                                         clknet_0_clk (net)
                      0.040585    0.000405   20.158205 ^ clkbuf_1_0__f_clk/A (sky130_fd_sc_hd__clkbuf_16)
     4    0.012039    0.035079    0.116177   20.274382 ^ clkbuf_1_0__f_clk/X (sky130_fd_sc_hd__clkbuf_16)
                                                         clknet_1_0__leaf_clk (net)
                      0.035079    0.000304   20.274685 ^ _94_/CLK (sky130_fd_sc_hd__dfrtp_1)
                                 -0.250000   20.024687   clock uncertainty
                                  0.000000   20.024687   clock reconvergence pessimism
                                  0.227886   20.252571   library recovery time
                                             20.252571   data required time
---------------------------------------------------------------------------------------------
                                             20.252571   data required time
                                             -4.261889   data arrival time
---------------------------------------------------------------------------------------------
                                             15.990683   slack (MET)


Startpoint: rst (input port clocked by clk)
Endpoint: _99_ (recovery check against rising-edge clock clk)
Path Group: asynchronous
Path Type: max

Fanout         Cap        Slew       Delay        Time   Description
---------------------------------------------------------------------------------------------
                                  0.000000    0.000000   clock clk (rise edge)
                                  0.000000    0.000000   clock network delay (propagated)
                                  4.000000    4.000000 v input external delay
     1    0.002820    0.008669    0.004468    4.004468 v rst (in)
                                                         rst (net)
                      0.008669    0.000000    4.004468 v input9/A (sky130_fd_sc_hd__clkbuf_4)
     8    0.046218    0.101370    0.184611    4.189079 v input9/X (sky130_fd_sc_hd__clkbuf_4)
                                                         net9 (net)
                      0.101396    0.001540    4.190619 v _91_/A (sky130_fd_sc_hd__inv_2)
     1    0.004651    0.040434    0.068248    4.258867 ^ _91_/Y (sky130_fd_sc_hd__inv_2)
                                                         _07_ (net)
                      0.040434    0.000104    4.258971 ^ _99_/RESET_B (sky130_fd_sc_hd__dfrtp_1)
                                              4.258971   data arrival time

                                 20.000000   20.000000   clock clk (rise edge)
                                  0.000000   20.000000   clock source latency
     1    0.009480    0.049113    0.032374   20.032375 ^ clk (in)
                                                         clk (net)
                      0.049115    0.000000   20.032375 ^ clkbuf_0_clk/A (sky130_fd_sc_hd__clkbuf_16)
     2    0.018519    0.040583    0.125425   20.157799 ^ clkbuf_0_clk/X (sky130_fd_sc_hd__clkbuf_16)
                                                         clknet_0_clk (net)
                      0.040584    0.000393   20.158192 ^ clkbuf_1_1__f_clk/A (sky130_fd_sc_hd__clkbuf_16)
     4    0.011699    0.034790    0.115849   20.274040 ^ clkbuf_1_1__f_clk/X (sky130_fd_sc_hd__clkbuf_16)
                                                         clknet_1_1__leaf_clk (net)
                      0.034790    0.000281   20.274321 ^ _99_/CLK (sky130_fd_sc_hd__dfrtp_1)
                                 -0.250000   20.024323   clock uncertainty
                                  0.000000   20.024323   clock reconvergence pessimism
                                  0.228386   20.252708   library recovery time
                                             20.252708   data required time
---------------------------------------------------------------------------------------------
                                             20.252708   data required time
                                             -4.258971   data arrival time
---------------------------------------------------------------------------------------------
                                             15.993738   slack (MET)


Startpoint: rst (input port clocked by clk)
Endpoint: _93_ (recovery check against rising-edge clock clk)
Path Group: asynchronous
Path Type: max

Fanout         Cap        Slew       Delay        Time   Description
---------------------------------------------------------------------------------------------
                                  0.000000    0.000000   clock clk (rise edge)
                                  0.000000    0.000000   clock network delay (propagated)
                                  4.000000    4.000000 v input external delay
     1    0.002820    0.008669    0.004468    4.004468 v rst (in)
                                                         rst (net)
                      0.008669    0.000000    4.004468 v input9/A (sky130_fd_sc_hd__clkbuf_4)
     8    0.046218    0.101370    0.184611    4.189079 v input9/X (sky130_fd_sc_hd__clkbuf_4)
                                                         net9 (net)
                      0.101381    0.001082    4.190161 v _85_/A (sky130_fd_sc_hd__inv_2)
     1    0.004377    0.039574    0.067270    4.257432 ^ _85_/Y (sky130_fd_sc_hd__inv_2)
                                                         _01_ (net)
                      0.039574    0.000056    4.257487 ^ _93_/RESET_B (sky130_fd_sc_hd__dfrtp_1)
                                              4.257487   data arrival time

                                 20.000000   20.000000   clock clk (rise edge)
                                  0.000000   20.000000   clock source latency
     1    0.009480    0.049113    0.032374   20.032375 ^ clk (in)
                                                         clk (net)
                      0.049115    0.000000   20.032375 ^ clkbuf_0_clk/A (sky130_fd_sc_hd__clkbuf_16)
     2    0.018519    0.040583    0.125425   20.157799 ^ clkbuf_0_clk/X (sky130_fd_sc_hd__clkbuf_16)
                                                         clknet_0_clk (net)
                      0.040584    0.000393   20.158192 ^ clkbuf_1_1__f_clk/A (sky130_fd_sc_hd__clkbuf_16)
     4    0.011699    0.034790    0.115849   20.274040 ^ clkbuf_1_1__f_clk/X (sky130_fd_sc_hd__clkbuf_16)
                                                         clknet_1_1__leaf_clk (net)
                      0.034790    0.000293   20.274334 ^ _93_/CLK (sky130_fd_sc_hd__dfrtp_1)
                                 -0.250000   20.024334   clock uncertainty
                                  0.000000   20.024334   clock reconvergence pessimism
                                  0.228609   20.252943   library recovery time
                                             20.252943   data required time
---------------------------------------------------------------------------------------------
                                             20.252943   data required time
                                             -4.257487   data arrival time
---------------------------------------------------------------------------------------------
                                             15.995456   slack (MET)


Startpoint: rst (input port clocked by clk)
Endpoint: _97_ (recovery check against rising-edge clock clk)
Path Group: asynchronous
Path Type: max

Fanout         Cap        Slew       Delay        Time   Description
---------------------------------------------------------------------------------------------
                                  0.000000    0.000000   clock clk (rise edge)
                                  0.000000    0.000000   clock network delay (propagated)
                                  4.000000    4.000000 v input external delay
     1    0.002820    0.008669    0.004468    4.004468 v rst (in)
                                                         rst (net)
                      0.008669    0.000000    4.004468 v input9/A (sky130_fd_sc_hd__clkbuf_4)
     8    0.046218    0.101370    0.184611    4.189079 v input9/X (sky130_fd_sc_hd__clkbuf_4)
                                                         net9 (net)
                      0.101405    0.001759    4.190837 v _89_/A (sky130_fd_sc_hd__inv_2)
     1    0.004017    0.038098    0.065386    4.256224 ^ _89_/Y (sky130_fd_sc_hd__inv_2)
                                                         _05_ (net)
                      0.038098    0.000082    4.256306 ^ _97_/RESET_B (sky130_fd_sc_hd__dfrtp_1)
                                              4.256306   data arrival time

                                 20.000000   20.000000   clock clk (rise edge)
                                  0.000000   20.000000   clock source latency
     1    0.009480    0.049113    0.032374   20.032375 ^ clk (in)
                                                         clk (net)
                      0.049115    0.000000   20.032375 ^ clkbuf_0_clk/A (sky130_fd_sc_hd__clkbuf_16)
     2    0.018519    0.040583    0.125425   20.157799 ^ clkbuf_0_clk/X (sky130_fd_sc_hd__clkbuf_16)
                                                         clknet_0_clk (net)
                      0.040585    0.000405   20.158205 ^ clkbuf_1_0__f_clk/A (sky130_fd_sc_hd__clkbuf_16)
     4    0.012039    0.035079    0.116177   20.274382 ^ clkbuf_1_0__f_clk/X (sky130_fd_sc_hd__clkbuf_16)
                                                         clknet_1_0__leaf_clk (net)
                      0.035079    0.000220   20.274603 ^ _97_/CLK (sky130_fd_sc_hd__dfrtp_1)
                                 -0.250000   20.024603   clock uncertainty
                                  0.000000   20.024603   clock reconvergence pessimism
                                  0.229080   20.253683   library recovery time
                                             20.253683   data required time
---------------------------------------------------------------------------------------------
                                             20.253683   data required time
                                             -4.256306   data arrival time
---------------------------------------------------------------------------------------------
                                             15.997378   slack (MET)


Startpoint: rst (input port clocked by clk)
Endpoint: _98_ (recovery check against rising-edge clock clk)
Path Group: asynchronous
Path Type: max

Fanout         Cap        Slew       Delay        Time   Description
---------------------------------------------------------------------------------------------
                                  0.000000    0.000000   clock clk (rise edge)
                                  0.000000    0.000000   clock network delay (propagated)
                                  4.000000    4.000000 v input external delay
     1    0.002820    0.008669    0.004468    4.004468 v rst (in)
                                                         rst (net)
                      0.008669    0.000000    4.004468 v input9/A (sky130_fd_sc_hd__clkbuf_4)
     8    0.046218    0.101370    0.184611    4.189079 v input9/X (sky130_fd_sc_hd__clkbuf_4)
                                                         net9 (net)
                      0.101401    0.001659    4.190738 v _90_/A (sky130_fd_sc_hd__inv_2)
     1    0.003974    0.037922    0.065159    4.255897 ^ _90_/Y (sky130_fd_sc_hd__inv_2)
                                                         _06_ (net)
                      0.037922    0.000080    4.255977 ^ _98_/RESET_B (sky130_fd_sc_hd__dfrtp_1)
                                              4.255977   data arrival time

                                 20.000000   20.000000   clock clk (rise edge)
                                  0.000000   20.000000   clock source latency
     1    0.009480    0.049113    0.032374   20.032375 ^ clk (in)
                                                         clk (net)
                      0.049115    0.000000   20.032375 ^ clkbuf_0_clk/A (sky130_fd_sc_hd__clkbuf_16)
     2    0.018519    0.040583    0.125425   20.157799 ^ clkbuf_0_clk/X (sky130_fd_sc_hd__clkbuf_16)
                                                         clknet_0_clk (net)
                      0.040584    0.000393   20.158192 ^ clkbuf_1_1__f_clk/A (sky130_fd_sc_hd__clkbuf_16)
     4    0.011699    0.034790    0.115849   20.274040 ^ clkbuf_1_1__f_clk/X (sky130_fd_sc_hd__clkbuf_16)
                                                         clknet_1_1__leaf_clk (net)
                      0.034790    0.000265   20.274305 ^ _98_/CLK (sky130_fd_sc_hd__dfrtp_1)
                                 -0.250000   20.024307   clock uncertainty
                                  0.000000   20.024307   clock reconvergence pessimism
                                  0.229037   20.253344   library recovery time
                                             20.253344   data required time
---------------------------------------------------------------------------------------------
                                             20.253344   data required time
                                             -4.255977   data arrival time
---------------------------------------------------------------------------------------------
                                             15.997366   slack (MET)


Startpoint: rst (input port clocked by clk)
Endpoint: _95_ (recovery check against rising-edge clock clk)
Path Group: asynchronous
Path Type: max

Fanout         Cap        Slew       Delay        Time   Description
---------------------------------------------------------------------------------------------
                                  0.000000    0.000000   clock clk (rise edge)
                                  0.000000    0.000000   clock network delay (propagated)
                                  4.000000    4.000000 v input external delay
     1    0.002820    0.008669    0.004468    4.004468 v rst (in)
                                                         rst (net)
                      0.008669    0.000000    4.004468 v input9/A (sky130_fd_sc_hd__clkbuf_4)
     8    0.046218    0.101370    0.184611    4.189079 v input9/X (sky130_fd_sc_hd__clkbuf_4)
                                                         net9 (net)
                      0.101410    0.001875    4.190953 v _87_/A (sky130_fd_sc_hd__inv_2)
     1    0.003954    0.037846    0.065060    4.256013 ^ _87_/Y (sky130_fd_sc_hd__inv_2)
                                                         _03_ (net)
                      0.037846    0.000079    4.256093 ^ _95_/RESET_B (sky130_fd_sc_hd__dfrtp_1)
                                              4.256093   data arrival time

                                 20.000000   20.000000   clock clk (rise edge)
                                  0.000000   20.000000   clock source latency
     1    0.009480    0.049113    0.032374   20.032375 ^ clk (in)
                                                         clk (net)
                      0.049115    0.000000   20.032375 ^ clkbuf_0_clk/A (sky130_fd_sc_hd__clkbuf_16)
     2    0.018519    0.040583    0.125425   20.157799 ^ clkbuf_0_clk/X (sky130_fd_sc_hd__clkbuf_16)
                                                         clknet_0_clk (net)
                      0.040585    0.000405   20.158205 ^ clkbuf_1_0__f_clk/A (sky130_fd_sc_hd__clkbuf_16)
     4    0.012039    0.035079    0.116177   20.274382 ^ clkbuf_1_0__f_clk/X (sky130_fd_sc_hd__clkbuf_16)
                                                         clknet_1_0__leaf_clk (net)
                      0.035079    0.000252   20.274633 ^ _95_/CLK (sky130_fd_sc_hd__dfrtp_1)
                                 -0.250000   20.024635   clock uncertainty
                                  0.000000   20.024635   clock reconvergence pessimism
                                  0.229146   20.253782   library recovery time
                                             20.253782   data required time
---------------------------------------------------------------------------------------------
                                             20.253782   data required time
                                             -4.256093   data arrival time
---------------------------------------------------------------------------------------------
                                             15.997689   slack (MET)


Startpoint: rst (input port clocked by clk)
Endpoint: _92_ (recovery check against rising-edge clock clk)
Path Group: asynchronous
Path Type: max

Fanout         Cap        Slew       Delay        Time   Description
---------------------------------------------------------------------------------------------
                                  0.000000    0.000000   clock clk (rise edge)
                                  0.000000    0.000000   clock network delay (propagated)
                                  4.000000    4.000000 v input external delay
     1    0.002820    0.008669    0.004468    4.004468 v rst (in)
                                                         rst (net)
                      0.008669    0.000000    4.004468 v input9/A (sky130_fd_sc_hd__clkbuf_4)
     8    0.046218    0.101370    0.184611    4.189079 v input9/X (sky130_fd_sc_hd__clkbuf_4)
                                                         net9 (net)
                      0.101372    0.000552    4.189631 v _42_/A (sky130_fd_sc_hd__inv_2)
     1    0.004006    0.038049    0.065320    4.254951 ^ _42_/Y (sky130_fd_sc_hd__inv_2)
                                                         _00_ (net)
                      0.038049    0.000081    4.255032 ^ _92_/RESET_B (sky130_fd_sc_hd__dfrtp_1)
                                              4.255032   data arrival time

                                 20.000000   20.000000   clock clk (rise edge)
                                  0.000000   20.000000   clock source latency
     1    0.009480    0.049113    0.032374   20.032375 ^ clk (in)
                                                         clk (net)
                      0.049115    0.000000   20.032375 ^ clkbuf_0_clk/A (sky130_fd_sc_hd__clkbuf_16)
     2    0.018519    0.040583    0.125425   20.157799 ^ clkbuf_0_clk/X (sky130_fd_sc_hd__clkbuf_16)
                                                         clknet_0_clk (net)
                      0.040584    0.000393   20.158192 ^ clkbuf_1_1__f_clk/A (sky130_fd_sc_hd__clkbuf_16)
     4    0.011699    0.034790    0.115849   20.274040 ^ clkbuf_1_1__f_clk/X (sky130_fd_sc_hd__clkbuf_16)
                                                         clknet_1_1__leaf_clk (net)
                      0.034790    0.000274   20.274315 ^ _92_/CLK (sky130_fd_sc_hd__dfrtp_1)
                                 -0.250000   20.024315   clock uncertainty
                                  0.000000   20.024315   clock reconvergence pessimism
                                  0.229004   20.253319   library recovery time
                                             20.253319   data required time
---------------------------------------------------------------------------------------------
                                             20.253319   data required time
                                             -4.255032   data arrival time
---------------------------------------------------------------------------------------------
                                             15.998287   slack (MET)



