
===========================================================================
report_checks -path_delay min (Hold)
============================================================================
======================= nom_tt_025C_1v80 Corner ===================================

Startpoint: _99_ (rising edge-triggered flip-flop clocked by clk)
Endpoint: _99_ (rising edge-triggered flip-flop clocked by clk)
Path Group: clk
Path Type: min

Fanout         Cap        Slew       Delay        Time   Description
---------------------------------------------------------------------------------------------
                                  0.000000    0.000000   clock clk (rise edge)
                                  0.000000    0.000000   clock source latency
     1    0.009480    0.049113    0.032375    0.032375 ^ clk (in)
                                                         clk (net)
                      0.049115    0.000000    0.032375 ^ clkbuf_0_clk/A (sky130_fd_sc_hd__clkbuf_16)
     2    0.018519    0.040583    0.125424    0.157799 ^ clkbuf_0_clk/X (sky130_fd_sc_hd__clkbuf_16)
                                                         clknet_0_clk (net)
                      0.040584    0.000393    0.158192 ^ clkbuf_1_1__f_clk/A (sky130_fd_sc_hd__clkbuf_16)
     4    0.011699    0.034790    0.115849    0.274041 ^ clkbuf_1_1__f_clk/X (sky130_fd_sc_hd__clkbuf_16)
                                                         clknet_1_1__leaf_clk (net)
                      0.034790    0.000280    0.274321 ^ _99_/CLK (sky130_fd_sc_hd__dfrtp_1)
     2    0.007875    0.084337    0.345416    0.619738 ^ _99_/Q (sky130_fd_sc_hd__dfrtp_1)
                                                         net17 (net)
                      0.084337    0.000132    0.619870 ^ _75_/B (sky130_fd_sc_hd__xnor2_1)
     1    0.006494    0.059742    0.087208    0.707078 v _75_/Y (sky130_fd_sc_hd__xnor2_1)
                                                         _37_ (net)
                      0.059742    0.000234    0.707312 v _76_/B (sky130_fd_sc_hd__xnor2_1)
     1    0.002325    0.044917    0.124164    0.831475 ^ _76_/Y (sky130_fd_sc_hd__xnor2_1)
                                                         adder.high.sum[3] (net)
                      0.044917    0.000066    0.831542 ^ _99_/D (sky130_fd_sc_hd__dfrtp_1)
                                              0.831542   data arrival time

                                  0.000000    0.000000   clock clk (rise edge)
                                  0.000000    0.000000   clock source latency
     1    0.009480    0.049113    0.032375    0.032375 ^ clk (in)
                                                         clk (net)
                      0.049115    0.000000    0.032375 ^ clkbuf_0_clk/A (sky130_fd_sc_hd__clkbuf_16)
     2    0.018519    0.040583    0.125424    0.157799 ^ clkbuf_0_clk/X (sky130_fd_sc_hd__clkbuf_16)
                                                         clknet_0_clk (net)
                      0.040584    0.000393    0.158192 ^ clkbuf_1_1__f_clk/A (sky130_fd_sc_hd__clkbuf_16)
     4    0.011699    0.034790    0.115849    0.274041 ^ clkbuf_1_1__f_clk/X (sky130_fd_sc_hd__clkbuf_16)
                                                         clknet_1_1__leaf_clk (net)
                      0.034790    0.000280    0.274321 ^ _99_/CLK (sky130_fd_sc_hd__dfrtp_1)
                                  0.250000    0.524321   clock uncertainty
                                  0.000000    0.524321   clock reconvergence pessimism
                                 -0.036142    0.488179   library hold time
                                              0.488179   data required time
---------------------------------------------------------------------------------------------
                                              0.488179   data required time
                                             -0.831542   data arrival time
---------------------------------------------------------------------------------------------
                                              0.343363   slack (MET)


Startpoint: _92_ (rising edge-triggered flip-flop clocked by clk)
Endpoint: _92_ (rising edge-triggered flip-flop clocked by clk)
Path Group: clk
Path Type: min

Fanout         Cap        Slew       Delay        Time   Description
---------------------------------------------------------------------------------------------
                                  0.000000    0.000000   clock clk (rise edge)
                                  0.000000    0.000000   clock source latency
     1    0.009480    0.049113    0.032375    0.032375 ^ clk (in)
                                                         clk (net)
                      0.049115    0.000000    0.032375 ^ clkbuf_0_clk/A (sky130_fd_sc_hd__clkbuf_16)
     2    0.018519    0.040583    0.125424    0.157799 ^ clkbuf_0_clk/X (sky130_fd_sc_hd__clkbuf_16)
                                                         clknet_0_clk (net)
                      0.040584    0.000393    0.158192 ^ clkbuf_1_1__f_clk/A (sky130_fd_sc_hd__clkbuf_16)
     4    0.011699    0.034790    0.115849    0.274041 ^ clkbuf_1_1__f_clk/X (sky130_fd_sc_hd__clkbuf_16)
                                                         clknet_1_1__leaf_clk (net)
                      0.034790    0.000273    0.274314 ^ _92_/CLK (sky130_fd_sc_hd__dfrtp_1)
     3    0.009313    0.094728    0.355012    0.629326 ^ _92_/Q (sky130_fd_sc_hd__dfrtp_1)
                                                         net10 (net)
                      0.094728    0.000286    0.629612 ^ _83_/B (sky130_fd_sc_hd__or2_1)
     1    0.003200    0.043132    0.107131    0.736743 ^ _83_/X (sky130_fd_sc_hd__or2_1)
                                                         _41_ (net)
                      0.043132    0.000108    0.736851 ^ _84_/B (sky130_fd_sc_hd__and2_1)
     1    0.002969    0.047414    0.115350    0.852201 ^ _84_/X (sky130_fd_sc_hd__and2_1)
                                                         adder.low.p[0] (net)
                      0.047414    0.000087    0.852287 ^ _92_/D (sky130_fd_sc_hd__dfrtp_1)
                                              0.852287   data arrival time

                                  0.000000    0.000000   clock clk (rise edge)
                                  0.000000    0.000000   clock source latency
     1    0.009480    0.049113    0.032375    0.032375 ^ clk (in)
                                                         clk (net)
                      0.049115    0.000000    0.032375 ^ clkbuf_0_clk/A (sky130_fd_sc_hd__clkbuf_16)
     2    0.018519    0.040583    0.125424    0.157799 ^ clkbuf_0_clk/X (sky130_fd_sc_hd__clkbuf_16)
                                                         clknet_0_clk (net)
                      0.040584    0.000393    0.158192 ^ clkbuf_1_1__f_clk/A (sky130_fd_sc_hd__clkbuf_16)
     4    0.011699    0.034790    0.115849    0.274041 ^ clkbuf_1_1__f_clk/X (sky130_fd_sc_hd__clkbuf_16)
                                                         clknet_1_1__leaf_clk (net)
                      0.034790    0.000273    0.274314 ^ _92_/CLK (sky130_fd_sc_hd__dfrtp_1)
                                  0.250000    0.524314   clock uncertainty
                                  0.000000    0.524314   clock reconvergence pessimism
                                 -0.036666    0.487648   library hold time
                                              0.487648   data required time
---------------------------------------------------------------------------------------------
                                              0.487648   data required time
                                             -0.852287   data arrival time
---------------------------------------------------------------------------------------------
                                              0.364640   slack (MET)


Startpoint: _97_ (rising edge-triggered flip-flop clocked by clk)
Endpoint: _97_ (rising edge-triggered flip-flop clocked by clk)
Path Group: clk
Path Type: min

Fanout         Cap        Slew       Delay        Time   Description
---------------------------------------------------------------------------------------------
                                  0.000000    0.000000   clock clk (rise edge)
                                  0.000000    0.000000   clock source latency
     1    0.009480    0.049113    0.032375    0.032375 ^ clk (in)
                                                         clk (net)
                      0.049115    0.000000    0.032375 ^ clkbuf_0_clk/A (sky130_fd_sc_hd__clkbuf_16)
     2    0.018519    0.040583    0.125424    0.157799 ^ clkbuf_0_clk/X (sky130_fd_sc_hd__clkbuf_16)
                                                         clknet_0_clk (net)
                      0.040585    0.000406    0.158204 ^ clkbuf_1_0__f_clk/A (sky130_fd_sc_hd__clkbuf_16)
     4    0.012039    0.035079    0.116176    0.274381 ^ clkbuf_1_0__f_clk/X (sky130_fd_sc_hd__clkbuf_16)
                                                         clknet_1_0__leaf_clk (net)
                      0.035079    0.000222    0.274602 ^ _97_/CLK (sky130_fd_sc_hd__dfrtp_1)
     3    0.009373    0.095152    0.355589    0.630191 ^ _97_/Q (sky130_fd_sc_hd__dfrtp_1)
                                                         net15 (net)
                      0.095152    0.000224    0.630415 ^ _63_/B (sky130_fd_sc_hd__nand2_1)
     3    0.007956    0.066739    0.089723    0.720138 v _63_/Y (sky130_fd_sc_hd__nand2_1)
                                                         _27_ (net)
                      0.066739    0.000183    0.720321 v _64_/B (sky130_fd_sc_hd__nand2b_1)
     1    0.005608    0.072206    0.093237    0.813558 ^ _64_/Y (sky130_fd_sc_hd__nand2b_1)
                                                         _28_ (net)
                      0.072206    0.000181    0.813739 ^ _66_/A (sky130_fd_sc_hd__xnor2_1)
     1    0.002106    0.029288    0.066604    0.880343 v _66_/Y (sky130_fd_sc_hd__xnor2_1)
                                                         adder.high.sum[1] (net)
                      0.029288    0.000059    0.880401 v _97_/D (sky130_fd_sc_hd__dfrtp_1)
                                              0.880401   data arrival time

                                  0.000000    0.000000   clock clk (rise edge)
                                  0.000000    0.000000   clock source latency
     1    0.009480    0.049113    0.032375    0.032375 ^ clk (in)
                                                         clk (net)
                      0.049115    0.000000    0.032375 ^ clkbuf_0_clk/A (sky130_fd_sc_hd__clkbuf_16)
     2    0.018519    0.040583    0.125424    0.157799 ^ clkbuf_0_clk/X (sky130_fd_sc_hd__clkbuf_16)
                                                         clknet_0_clk (net)
                      0.040585    0.000406    0.158204 ^ clkbuf_1_0__f_clk/A (sky130_fd_sc_hd__clkbuf_16)
     4    0.012039    0.035079    0.116176    0.274381 ^ clkbuf_1_0__f_clk/X (sky130_fd_sc_hd__clkbuf_16)
                                                         clknet_1_0__leaf_clk (net)
                      0.035079    0.000222    0.274602 ^ _97_/CLK (sky130_fd_sc_hd__dfrtp_1)
                                  0.250000    0.524602   clock uncertainty
                                  0.000000    0.524602   clock reconvergence pessimism
                                 -0.041641    0.482961   library hold time
                                              0.482961   data required time
---------------------------------------------------------------------------------------------
                                              0.482961   data required time
                                             -0.880401   data arrival time
---------------------------------------------------------------------------------------------
                                              0.397440   slack (MET)


Startpoint: _95_ (rising edge-triggered flip-flop clocked by clk)
Endpoint: _95_ (rising edge-triggered flip-flop clocked by clk)
Path Group: clk
Path Type: min

Fanout         Cap        Slew       Delay        Time   Description
---------------------------------------------------------------------------------------------
                                  0.000000    0.000000   clock clk (rise edge)
                                  0.000000    0.000000   clock source latency
     1    0.009480    0.049113    0.032375    0.032375 ^ clk (in)
                                                         clk (net)
                      0.049115    0.000000    0.032375 ^ clkbuf_0_clk/A (sky130_fd_sc_hd__clkbuf_16)
     2    0.018519    0.040583    0.125424    0.157799 ^ clkbuf_0_clk/X (sky130_fd_sc_hd__clkbuf_16)
                                                         clknet_0_clk (net)
                      0.040585    0.000406    0.158204 ^ clkbuf_1_0__f_clk/A (sky130_fd_sc_hd__clkbuf_16)
     4    0.012039    0.035079    0.116176    0.274381 ^ clkbuf_1_0__f_clk/X (sky130_fd_sc_hd__clkbuf_16)
                                                         clknet_1_0__leaf_clk (net)
                      0.035079    0.000253    0.274634 ^ _95_/CLK (sky130_fd_sc_hd__dfrtp_1)
     3    0.008989    0.092497    0.352999    0.627633 ^ _95_/Q (sky130_fd_sc_hd__dfrtp_1)
                                                         net13 (net)
                      0.092497    0.000215    0.627848 ^ _56_/B (sky130_fd_sc_hd__nand2_1)
     3    0.010889    0.085187    0.104276    0.732124 v _56_/Y (sky130_fd_sc_hd__nand2_1)
                                                         _21_ (net)
                      0.085188    0.000269    0.732393 v _57_/B (sky130_fd_sc_hd__nand2b_1)
     1    0.004849    0.065319    0.096553    0.828946 ^ _57_/Y (sky130_fd_sc_hd__nand2b_1)
                                                         _22_ (net)
                      0.065319    0.000095    0.829041 ^ _82_/A (sky130_fd_sc_hd__xnor2_1)
     1    0.002495    0.031923    0.067217    0.896258 v _82_/Y (sky130_fd_sc_hd__xnor2_1)
                                                         adder.low.sum[3] (net)
                      0.031923    0.000070    0.896328 v _95_/D (sky130_fd_sc_hd__dfrtp_1)
                                              0.896328   data arrival time

                                  0.000000    0.000000   clock clk (rise edge)
                                  0.000000    0.000000   clock source latency
     1    0.009480    0.049113    0.032375    0.032375 ^ clk (in)
                                                         clk (net)
                      0.049115    0.000000    0.032375 ^ clkbuf_0_clk/A (sky130_fd_sc_hd__clkbuf_16)
     2    0.018519    0.040583    0.125424    0.157799 ^ clkbuf_0_clk/X (sky130_fd_sc_hd__clkbuf_16)
                                                         clknet_0_clk (net)
                      0.040585    0.000406    0.158204 ^ clkbuf_1_0__f_clk/A (sky130_fd_sc_hd__clkbuf_16)
     4    0.012039    0.035079    0.116176    0.274381 ^ clkbuf_1_0__f_clk/X (sky130_fd_sc_hd__clkbuf_16)
                                                         clknet_1_0__leaf_clk (net)
                      0.035079    0.000253    0.274634 ^ _95_/CLK (sky130_fd_sc_hd__dfrtp_1)
                                  0.250000    0.524634   clock uncertainty
                                  0.000000    0.524634   clock reconvergence pessimism
                                 -0.042714    0.481920   library hold time
                                              0.481920   data required time
---------------------------------------------------------------------------------------------
                                              0.481920   data required time
                                             -0.896328   data arrival time
---------------------------------------------------------------------------------------------
                                              0.414408   slack (MET)


Startpoint: _93_ (rising edge-triggered flip-flop clocked by clk)
Endpoint: _93_ (rising edge-triggered flip-flop clocked by clk)
Path Group: clk
Path Type: min

Fanout         Cap        Slew       Delay        Time   Description
---------------------------------------------------------------------------------------------
                                  0.000000    0.000000   clock clk (rise edge)
                                  0.000000    0.000000   clock source latency
     1    0.009480    0.049113    0.032375    0.032375 ^ clk (in)
                                                         clk (net)
                      0.049115    0.000000    0.032375 ^ clkbuf_0_clk/A (sky130_fd_sc_hd__clkbuf_16)
     2    0.018519    0.040583    0.125424    0.157799 ^ clkbuf_0_clk/X (sky130_fd_sc_hd__clkbuf_16)
                                                         clknet_0_clk (net)
                      0.040584    0.000393    0.158192 ^ clkbuf_1_1__f_clk/A (sky130_fd_sc_hd__clkbuf_16)
     4    0.011699    0.034790    0.115849    0.274041 ^ clkbuf_1_1__f_clk/X (sky130_fd_sc_hd__clkbuf_16)
                                                         clknet_1_1__leaf_clk (net)
                      0.034790    0.000292    0.274333 ^ _93_/CLK (sky130_fd_sc_hd__dfrtp_1)
     3    0.009973    0.100048    0.359063    0.633396 ^ _93_/Q (sky130_fd_sc_hd__dfrtp_1)
                                                         net11 (net)
                      0.100048    0.000387    0.633784 ^ _52_/B (sky130_fd_sc_hd__nor2_1)
     2    0.004737    0.038589    0.058269    0.692052 v _52_/Y (sky130_fd_sc_hd__nor2_1)
                                                         _17_ (net)
                      0.038589    0.000079    0.692131 v _77_/A2 (sky130_fd_sc_hd__o21ai_1)
     1    0.002461    0.071508    0.103838    0.795969 ^ _77_/Y (sky130_fd_sc_hd__o21ai_1)
                                                         _38_ (net)
                      0.071508    0.000071    0.796040 ^ _78_/B (sky130_fd_sc_hd__and2_1)
     1    0.002222    0.041447    0.117837    0.913877 ^ _78_/X (sky130_fd_sc_hd__and2_1)
                                                         adder.low.sum[1] (net)
                      0.041447    0.000062    0.913939 ^ _93_/D (sky130_fd_sc_hd__dfrtp_1)
                                              0.913939   data arrival time

                                  0.000000    0.000000   clock clk (rise edge)
                                  0.000000    0.000000   clock source latency
     1    0.009480    0.049113    0.032375    0.032375 ^ clk (in)
                                                         clk (net)
                      0.049115    0.000000    0.032375 ^ clkbuf_0_clk/A (sky130_fd_sc_hd__clkbuf_16)
     2    0.018519    0.040583    0.125424    0.157799 ^ clkbuf_0_clk/X (sky130_fd_sc_hd__clkbuf_16)
                                                         clknet_0_clk (net)
                      0.040584    0.000393    0.158192 ^ clkbuf_1_1__f_clk/A (sky130_fd_sc_hd__clkbuf_16)
     4    0.011699    0.034790    0.115849    0.274041 ^ clkbuf_1_1__f_clk/X (sky130_fd_sc_hd__clkbuf_16)
                                                         clknet_1_1__leaf_clk (net)
                      0.034790    0.000292    0.274333 ^ _93_/CLK (sky130_fd_sc_hd__dfrtp_1)
                                  0.250000    0.524333   clock uncertainty
                                  0.000000    0.524333   clock reconvergence pessimism
                                 -0.035414    0.488919   library hold time
                                              0.488919   data required time
---------------------------------------------------------------------------------------------
                                              0.488919   data required time
                                             -0.913939   data arrival time
---------------------------------------------------------------------------------------------
                                              0.425020   slack (MET)


Startpoint: _96_ (rising edge-triggered flip-flop clocked by clk)
Endpoint: _96_ (rising edge-triggered flip-flop clocked by clk)
Path Group: clk
Path Type: min

Fanout         Cap        Slew       Delay        Time   Description
---------------------------------------------------------------------------------------------
                                  0.000000    0.000000   clock clk (rise edge)
                                  0.000000    0.000000   clock source latency
     1    0.009480    0.049113    0.032375    0.032375 ^ clk (in)
                                                         clk (net)
                      0.049115    0.000000    0.032375 ^ clkbuf_0_clk/A (sky130_fd_sc_hd__clkbuf_16)
     2    0.018519    0.040583    0.125424    0.157799 ^ clkbuf_0_clk/X (sky130_fd_sc_hd__clkbuf_16)
                                                         clknet_0_clk (net)
                      0.040585    0.000406    0.158204 ^ clkbuf_1_0__f_clk/A (sky130_fd_sc_hd__clkbuf_16)
     4    0.012039    0.035079    0.116176    0.274381 ^ clkbuf_1_0__f_clk/X (sky130_fd_sc_hd__clkbuf_16)
                                                         clknet_1_0__leaf_clk (net)
                      0.035079    0.000267    0.274647 ^ _96_/CLK (sky130_fd_sc_hd__dfrtp_1)
     3    0.010107    0.101146    0.359953    0.634601 ^ _96_/Q (sky130_fd_sc_hd__dfrtp_1)
                                                         net14 (net)
                      0.101146    0.000374    0.634975 ^ _44_/B (sky130_fd_sc_hd__or2_1)
     1    0.002533    0.037645    0.104607    0.739582 ^ _44_/X (sky130_fd_sc_hd__or2_1)
                                                         _09_ (net)
                      0.037645    0.000048    0.739630 ^ _45_/B (sky130_fd_sc_hd__nand2_1)
     2    0.007256    0.058848    0.068598    0.808228 v _45_/Y (sky130_fd_sc_hd__nand2_1)
                                                         _10_ (net)
                      0.058867    0.000184    0.808412 v _59_/A (sky130_fd_sc_hd__nand2_1)
     1    0.002138    0.034151    0.055089    0.863501 ^ _59_/Y (sky130_fd_sc_hd__nand2_1)
                                                         _24_ (net)
                      0.034151    0.000063    0.863564 ^ _61_/A (sky130_fd_sc_hd__and2_1)
     1    0.003003    0.047775    0.107607    0.971171 ^ _61_/X (sky130_fd_sc_hd__and2_1)
                                                         adder.high.sum[0] (net)
                      0.047775    0.000089    0.971260 ^ _96_/D (sky130_fd_sc_hd__dfrtp_1)
                                              0.971260   data arrival time

                                  0.000000    0.000000   clock clk (rise edge)
                                  0.000000    0.000000   clock source latency
     1    0.009480    0.049113    0.032375    0.032375 ^ clk (in)
                                                         clk (net)
                      0.049115    0.000000    0.032375 ^ clkbuf_0_clk/A (sky130_fd_sc_hd__clkbuf_16)
     2    0.018519    0.040583    0.125424    0.157799 ^ clkbuf_0_clk/X (sky130_fd_sc_hd__clkbuf_16)
                                                         clknet_0_clk (net)
                      0.040585    0.000406    0.158204 ^ clkbuf_1_0__f_clk/A (sky130_fd_sc_hd__clkbuf_16)
     4    0.012039    0.035079    0.116176    0.274381 ^ clkbuf_1_0__f_clk/X (sky130_fd_sc_hd__clkbuf_16)
                                                         clknet_1_0__leaf_clk (net)
                      0.035079    0.000267    0.274647 ^ _96_/CLK (sky130_fd_sc_hd__dfrtp_1)
                                  0.250000    0.524647   clock uncertainty
                                  0.000000    0.524647   clock reconvergence pessimism
                                 -0.036702    0.487945   library hold time
                                              0.487945   data required time
---------------------------------------------------------------------------------------------
                                              0.487945   data required time
                                             -0.971260   data arrival time
---------------------------------------------------------------------------------------------
                                              0.483315   slack (MET)


Startpoint: _98_ (rising edge-triggered flip-flop clocked by clk)
Endpoint: _98_ (rising edge-triggered flip-flop clocked by clk)
Path Group: clk
Path Type: min

Fanout         Cap        Slew       Delay        Time   Description
---------------------------------------------------------------------------------------------
                                  0.000000    0.000000   clock clk (rise edge)
                                  0.000000    0.000000   clock source latency
     1    0.009480    0.049113    0.032375    0.032375 ^ clk (in)
                                                         clk (net)
                      0.049115    0.000000    0.032375 ^ clkbuf_0_clk/A (sky130_fd_sc_hd__clkbuf_16)
     2    0.018519    0.040583    0.125424    0.157799 ^ clkbuf_0_clk/X (sky130_fd_sc_hd__clkbuf_16)
                                                         clknet_0_clk (net)
                      0.040584    0.000393    0.158192 ^ clkbuf_1_1__f_clk/A (sky130_fd_sc_hd__clkbuf_16)
     4    0.011699    0.034790    0.115849    0.274041 ^ clkbuf_1_1__f_clk/X (sky130_fd_sc_hd__clkbuf_16)
                                                         clknet_1_1__leaf_clk (net)
                      0.034790    0.000264    0.274305 ^ _98_/CLK (sky130_fd_sc_hd__dfrtp_1)
     3    0.009862    0.099148    0.358382    0.632687 ^ _98_/Q (sky130_fd_sc_hd__dfrtp_1)
                                                         net16 (net)
                      0.099148    0.000359    0.633046 ^ _67_/B (sky130_fd_sc_hd__nor2_1)
     3    0.009141    0.052800    0.075696    0.708742 v _67_/Y (sky130_fd_sc_hd__nor2_1)
                                                         _30_ (net)
                      0.052800    0.000164    0.708906 v _69_/A_N (sky130_fd_sc_hd__and2b_1)
     1    0.005230    0.060886    0.201085    0.909991 ^ _69_/X (sky130_fd_sc_hd__and2b_1)
                                                         _32_ (net)
                      0.060886    0.000109    0.910100 ^ _71_/A (sky130_fd_sc_hd__xnor2_1)
     1    0.002491    0.032488    0.065996    0.976097 v _71_/Y (sky130_fd_sc_hd__xnor2_1)
                                                         adder.high.sum[2] (net)
                      0.032488    0.000070    0.976166 v _98_/D (sky130_fd_sc_hd__dfrtp_1)
                                              0.976166   data arrival time

                                  0.000000    0.000000   clock clk (rise edge)
                                  0.000000    0.000000   clock source latency
     1    0.009480    0.049113    0.032375    0.032375 ^ clk (in)
                                                         clk (net)
                      0.049115    0.000000    0.032375 ^ clkbuf_0_clk/A (sky130_fd_sc_hd__clkbuf_16)
     2    0.018519    0.040583    0.125424    0.157799 ^ clkbuf_0_clk/X (sky130_fd_sc_hd__clkbuf_16)
                                                         clknet_0_clk (net)
                      0.040584    0.000393    0.158192 ^ clkbuf_1_1__f_clk/A (sky130_fd_sc_hd__clkbuf_16)
     4    0.011699    0.034790    0.115849    0.274041 ^ clkbuf_1_1__f_clk/X (sky130_fd_sc_hd__clkbuf_16)
                                                         clknet_1_1__leaf_clk (net)
                      0.034790    0.000264    0.274305 ^ _98_/CLK (sky130_fd_sc_hd__dfrtp_1)
                                  0.250000    0.524305   clock uncertainty
                                  0.000000    0.524305   clock reconvergence pessimism
                                 -0.043010    0.481295   library hold time
                                              0.481295   data required time
---------------------------------------------------------------------------------------------
                                              0.481295   data required time
                                             -0.976166   data arrival time
---------------------------------------------------------------------------------------------
                                              0.494871   slack (MET)


Startpoint: _93_ (rising edge-triggered flip-flop clocked by clk)
Endpoint: _94_ (rising edge-triggered flip-flop clocked by clk)
Path Group: clk
Path Type: min

Fanout         Cap        Slew       Delay        Time   Description
---------------------------------------------------------------------------------------------
                                  0.000000    0.000000   clock clk (rise edge)
                                  0.000000    0.000000   clock source latency
     1    0.009480    0.049113    0.032375    0.032375 ^ clk (in)
                                                         clk (net)
                      0.049115    0.000000    0.032375 ^ clkbuf_0_clk/A (sky130_fd_sc_hd__clkbuf_16)
     2    0.018519    0.040583    0.125424    0.157799 ^ clkbuf_0_clk/X (sky130_fd_sc_hd__clkbuf_16)
                                                         clknet_0_clk (net)
                      0.040584    0.000393    0.158192 ^ clkbuf_1_1__f_clk/A (sky130_fd_sc_hd__clkbuf_16)
     4    0.011699    0.034790    0.115849    0.274041 ^ clkbuf_1_1__f_clk/X (sky130_fd_sc_hd__clkbuf_16)
                                                         clknet_1_1__leaf_clk (net)
                      0.034790    0.000292    0.274333 ^ _93_/CLK (sky130_fd_sc_hd__dfrtp_1)
     3    0.009973    0.100048    0.359063    0.633396 ^ _93_/Q (sky130_fd_sc_hd__dfrtp_1)
                                                         net11 (net)
                      0.100048    0.000257    0.633653 ^ _50_/B (sky130_fd_sc_hd__nand2_1)
     4    0.013419    0.102498    0.119666    0.753319 v _50_/Y (sky130_fd_sc_hd__nand2_1)
                                                         _15_ (net)
                      0.102529    0.000355    0.753674 v _79_/B1 (sky130_fd_sc_hd__o211ai_1)
     1    0.003322    0.084103    0.115873    0.869547 ^ _79_/Y (sky130_fd_sc_hd__o211ai_1)
                                                         _39_ (net)
                      0.084103    0.000109    0.869656 ^ _80_/B (sky130_fd_sc_hd__and2_1)
     1    0.003599    0.052855    0.131786    1.001442 ^ _80_/X (sky130_fd_sc_hd__and2_1)
                                                         adder.low.sum[2] (net)
                      0.052855    0.000109    1.001551 ^ _94_/D (sky130_fd_sc_hd__dfrtp_1)
                                              1.001551   data arrival time

                                  0.000000    0.000000   clock clk (rise edge)
                                  0.000000    0.000000   clock source latency
     1    0.009480    0.049113    0.032375    0.032375 ^ clk (in)
                                                         clk (net)
                      0.049115    0.000000    0.032375 ^ clkbuf_0_clk/A (sky130_fd_sc_hd__clkbuf_16)
     2    0.018519    0.040583    0.125424    0.157799 ^ clkbuf_0_clk/X (sky130_fd_sc_hd__clkbuf_16)
                                                         clknet_0_clk (net)
                      0.040585    0.000406    0.158204 ^ clkbuf_1_0__f_clk/A (sky130_fd_sc_hd__clkbuf_16)
     4    0.012039    0.035079    0.116176    0.274381 ^ clkbuf_1_0__f_clk/X (sky130_fd_sc_hd__clkbuf_16)
                                                         clknet_1_0__leaf_clk (net)
                      0.035079    0.000305    0.274686 ^ _94_/CLK (sky130_fd_sc_hd__dfrtp_1)
                                  0.250000    0.524686   clock uncertainty
                                  0.000000    0.524686   clock reconvergence pessimism
                                 -0.037769    0.486917   library hold time
                                              0.486917   data required time
---------------------------------------------------------------------------------------------
                                              0.486917   data required time
                                             -1.001551   data arrival time
---------------------------------------------------------------------------------------------
                                              0.514634   slack (MET)


Startpoint: rst (input port clocked by clk)
Endpoint: _92_ (removal check against rising-edge clock clk)
Path Group: asynchronous
Path Type: min

Fanout         Cap        Slew       Delay        Time   Description
---------------------------------------------------------------------------------------------
                                  0.000000    0.000000   clock clk (rise edge)
                                  0.000000    0.000000   clock network delay (propagated)
                                  4.000000    4.000000 v input external delay
     1    0.002820    0.008669    0.004468    4.004468 v rst (in)
                                                         rst (net)
                      0.008669    0.000000    4.004468 v input9/A (sky130_fd_sc_hd__clkbuf_4)
     8    0.046218    0.101370    0.184611    4.189079 v input9/X (sky130_fd_sc_hd__clkbuf_4)
                                                         net9 (net)
                      0.101372    0.000552    4.189631 v _42_/A (sky130_fd_sc_hd__inv_2)
     1    0.004006    0.038049    0.065320    4.254951 ^ _42_/Y (sky130_fd_sc_hd__inv_2)
                                                         _00_ (net)
                      0.038049    0.000081    4.255032 ^ _92_/RESET_B (sky130_fd_sc_hd__dfrtp_1)
                                              4.255032   data arrival time

                                  0.000000    0.000000   clock clk (rise edge)
                                  0.000000    0.000000   clock source latency
     1    0.009480    0.049113    0.032375    0.032375 ^ clk (in)
                                                         clk (net)
                      0.049115    0.000000    0.032375 ^ clkbuf_0_clk/A (sky130_fd_sc_hd__clkbuf_16)
     2    0.018519    0.040583    0.125424    0.157799 ^ clkbuf_0_clk/X (sky130_fd_sc_hd__clkbuf_16)
                                                         clknet_0_clk (net)
                      0.040584    0.000393    0.158192 ^ clkbuf_1_1__f_clk/A (sky130_fd_sc_hd__clkbuf_16)
     4    0.011699    0.034790    0.115849    0.274041 ^ clkbuf_1_1__f_clk/X (sky130_fd_sc_hd__clkbuf_16)
                                                         clknet_1_1__leaf_clk (net)
                      0.034790    0.000273    0.274314 ^ _92_/CLK (sky130_fd_sc_hd__dfrtp_1)
                                  0.250000    0.524314   clock uncertainty
                                  0.000000    0.524314   clock reconvergence pessimism
                                  0.315552    0.839866   library removal time
                                              0.839866   data required time
---------------------------------------------------------------------------------------------
                                              0.839866   data required time
                                             -4.255032   data arrival time
---------------------------------------------------------------------------------------------
                                              3.415166   slack (MET)


Startpoint: rst (input port clocked by clk)
Endpoint: _95_ (removal check against rising-edge clock clk)
Path Group: asynchronous
Path Type: min

Fanout         Cap        Slew       Delay        Time   Description
---------------------------------------------------------------------------------------------
                                  0.000000    0.000000   clock clk (rise edge)
                                  0.000000    0.000000   clock network delay (propagated)
                                  4.000000    4.000000 v input external delay
     1    0.002820    0.008669    0.004468    4.004468 v rst (in)
                                                         rst (net)
                      0.008669    0.000000    4.004468 v input9/A (sky130_fd_sc_hd__clkbuf_4)
     8    0.046218    0.101370    0.184611    4.189079 v input9/X (sky130_fd_sc_hd__clkbuf_4)
                                                         net9 (net)
                      0.101410    0.001875    4.190953 v _87_/A (sky130_fd_sc_hd__inv_2)
     1    0.003954    0.037846    0.065060    4.256013 ^ _87_/Y (sky130_fd_sc_hd__inv_2)
                                                         _03_ (net)
                      0.037846    0.000079    4.256093 ^ _95_/RESET_B (sky130_fd_sc_hd__dfrtp_1)
                                              4.256093   data arrival time

                                  0.000000    0.000000   clock clk (rise edge)
                                  0.000000    0.000000   clock source latency
     1    0.009480    0.049113    0.032375    0.032375 ^ clk (in)
                                                         clk (net)
                      0.049115    0.000000    0.032375 ^ clkbuf_0_clk/A (sky130_fd_sc_hd__clkbuf_16)
     2    0.018519    0.040583    0.125424    0.157799 ^ clkbuf_0_clk/X (sky130_fd_sc_hd__clkbuf_16)
                                                         clknet_0_clk (net)
                      0.040585    0.000406    0.158204 ^ clkbuf_1_0__f_clk/A (sky130_fd_sc_hd__clkbuf_16)
     4    0.012039    0.035079    0.116176    0.274381 ^ clkbuf_1_0__f_clk/X (sky130_fd_sc_hd__clkbuf_16)
                                                         clknet_1_0__leaf_clk (net)
                      0.035079    0.000253    0.274634 ^ _95_/CLK (sky130_fd_sc_hd__dfrtp_1)
                                  0.250000    0.524634   clock uncertainty
                                  0.000000    0.524634   clock reconvergence pessimism
                                  0.315576    0.840209   library removal time
                                              0.840209   data required time
---------------------------------------------------------------------------------------------
                                              0.840209   data required time
                                             -4.256093   data arrival time
---------------------------------------------------------------------------------------------
                                              3.415883   slack (MET)


Startpoint: rst (input port clocked by clk)
Endpoint: _97_ (removal check against rising-edge clock clk)
Path Group: asynchronous
Path Type: min

Fanout         Cap        Slew       Delay        Time   Description
---------------------------------------------------------------------------------------------
                                  0.000000    0.000000   clock clk (rise edge)
                                  0.000000    0.000000   clock network delay (propagated)
                                  4.000000    4.000000 v input external delay
     1    0.002820    0.008669    0.004468    4.004468 v rst (in)
                                                         rst (net)
                      0.008669    0.000000    4.004468 v input9/A (sky130_fd_sc_hd__clkbuf_4)
     8    0.046218    0.101370    0.184611    4.189079 v input9/X (sky130_fd_sc_hd__clkbuf_4)
                                                         net9 (net)
                      0.101405    0.001759    4.190837 v _89_/A (sky130_fd_sc_hd__inv_2)
     1    0.004017    0.038098    0.065386    4.256224 ^ _89_/Y (sky130_fd_sc_hd__inv_2)
                                                         _05_ (net)
                      0.038098    0.000082    4.256306 ^ _97_/RESET_B (sky130_fd_sc_hd__dfrtp_1)
                                              4.256306   data arrival time

                                  0.000000    0.000000   clock clk (rise edge)
                                  0.000000    0.000000   clock source latency
     1    0.009480    0.049113    0.032375    0.032375 ^ clk (in)
                                                         clk (net)
                      0.049115    0.000000    0.032375 ^ clkbuf_0_clk/A (sky130_fd_sc_hd__clkbuf_16)
     2    0.018519    0.040583    0.125424    0.157799 ^ clkbuf_0_clk/X (sky130_fd_sc_hd__clkbuf_16)
                                                         clknet_0_clk (net)
                      0.040585    0.000406    0.158204 ^ clkbuf_1_0__f_clk/A (sky130_fd_sc_hd__clkbuf_16)
     4    0.012039    0.035079    0.116176    0.274381 ^ clkbuf_1_0__f_clk/X (sky130_fd_sc_hd__clkbuf_16)
                                                         clknet_1_0__leaf_clk (net)
                      0.035079    0.000222    0.274602 ^ _97_/CLK (sky130_fd_sc_hd__dfrtp_1)
                                  0.250000    0.524602   clock uncertainty
                                  0.000000    0.524602   clock reconvergence pessimism
                                  0.315645    0.840247   library removal time
                                              0.840247   data required time
---------------------------------------------------------------------------------------------
                                              0.840247   data required time
                                             -4.256306   data arrival time
---------------------------------------------------------------------------------------------
                                              3.416059   slack (MET)


Startpoint: rst (input port clocked by clk)
Endpoint: _98_ (removal check against rising-edge clock clk)
Path Group: asynchronous
Path Type: min

Fanout         Cap        Slew       Delay        Time   Description
---------------------------------------------------------------------------------------------
                                  0.000000    0.000000   clock clk (rise edge)
                                  0.000000    0.000000   clock network delay (propagated)
                                  4.000000    4.000000 v input external delay
     1    0.002820    0.008669    0.004468    4.004468 v rst (in)
                                                         rst (net)
                      0.008669    0.000000    4.004468 v input9/A (sky130_fd_sc_hd__clkbuf_4)
     8    0.046218    0.101370    0.184611    4.189079 v input9/X (sky130_fd_sc_hd__clkbuf_4)
                                                         net9 (net)
                      0.101401    0.001659    4.190738 v _90_/A (sky130_fd_sc_hd__inv_2)
     1    0.003974    0.037922    0.065159    4.255897 ^ _90_/Y (sky130_fd_sc_hd__inv_2)
                                                         _06_ (net)
                      0.037922    0.000080    4.255977 ^ _98_/RESET_B (sky130_fd_sc_hd__dfrtp_1)
                                              4.255977   data arrival time

                                  0.000000    0.000000   clock clk (rise edge)
                                  0.000000    0.000000   clock source latency
     1    0.009480    0.049113    0.032375    0.032375 ^ clk (in)
                                                         clk (net)
                      0.049115    0.000000    0.032375 ^ clkbuf_0_clk/A (sky130_fd_sc_hd__clkbuf_16)
     2    0.018519    0.040583    0.125424    0.157799 ^ clkbuf_0_clk/X (sky130_fd_sc_hd__clkbuf_16)
                                                         clknet_0_clk (net)
                      0.040584    0.000393    0.158192 ^ clkbuf_1_1__f_clk/A (sky130_fd_sc_hd__clkbuf_16)
     4    0.011699    0.034790    0.115849    0.274041 ^ clkbuf_1_1__f_clk/X (sky130_fd_sc_hd__clkbuf_16)
                                                         clknet_1_1__leaf_clk (net)
                      0.034790    0.000264    0.274305 ^ _98_/CLK (sky130_fd_sc_hd__dfrtp_1)
                                  0.250000    0.524305   clock uncertainty
                                  0.000000    0.524305   clock reconvergence pessimism
                                  0.315518    0.839823   library removal time
                                              0.839823   data required time
---------------------------------------------------------------------------------------------
                                              0.839823   data required time
                                             -4.255977   data arrival time
---------------------------------------------------------------------------------------------
                                              3.416154   slack (MET)


Startpoint: rst (input port clocked by clk)
Endpoint: _93_ (removal check against rising-edge clock clk)
Path Group: asynchronous
Path Type: min

Fanout         Cap        Slew       Delay        Time   Description
---------------------------------------------------------------------------------------------
                                  0.000000    0.000000   clock clk (rise edge)
                                  0.000000    0.000000   clock network delay (propagated)
                                  4.000000    4.000000 v input external delay
     1    0.002820    0.008669    0.004468    4.004468 v rst (in)
                                                         rst (net)
                      0.008669    0.000000    4.004468 v input9/A (sky130_fd_sc_hd__clkbuf_4)
     8    0.046218    0.101370    0.184611    4.189079 v input9/X (sky130_fd_sc_hd__clkbuf_4)
                                                         net9 (net)
                      0.101381    0.001082    4.190161 v _85_/A (sky130_fd_sc_hd__inv_2)
     1    0.004377    0.039574    0.067270    4.257432 ^ _85_/Y (sky130_fd_sc_hd__inv_2)
                                                         _01_ (net)
                      0.039574    0.000056    4.257487 ^ _93_/RESET_B (sky130_fd_sc_hd__dfrtp_1)
                                              4.257487   data arrival time

                                  0.000000    0.000000   clock clk (rise edge)
                                  0.000000    0.000000   clock source latency
     1    0.009480    0.049113    0.032375    0.032375 ^ clk (in)
                                                         clk (net)
                      0.049115    0.000000    0.032375 ^ clkbuf_0_clk/A (sky130_fd_sc_hd__clkbuf_16)
     2    0.018519    0.040583    0.125424    0.157799 ^ clkbuf_0_clk/X (sky130_fd_sc_hd__clkbuf_16)
                                                         clknet_0_clk (net)
                      0.040584    0.000393    0.158192 ^ clkbuf_1_1__f_clk/A (sky130_fd_sc_hd__clkbuf_16)
     4    0.011699    0.034790    0.115849    0.274041 ^ clkbuf_1_1__f_clk/X (sky130_fd_sc_hd__clkbuf_16)
                                                         clknet_1_1__leaf_clk (net)
                      0.034790    0.000292    0.274333 ^ _93_/CLK (sky130_fd_sc_hd__dfrtp_1)
                                  0.250000    0.524333   clock uncertainty
                                  0.000000    0.524333   clock reconvergence pessimism
                                  0.315972    0.840305   library removal time
                                              0.840305   data required time
---------------------------------------------------------------------------------------------
                                              0.840305   data required time
                                             -4.257487   data arrival time
---------------------------------------------------------------------------------------------
                                              3.417182   slack (MET)


Startpoint: rst (input port clocked by clk)
Endpoint: _99_ (removal check against rising-edge clock clk)
Path Group: asynchronous
Path Type: min

Fanout         Cap        Slew       Delay        Time   Description
---------------------------------------------------------------------------------------------
                                  0.000000    0.000000   clock clk (rise edge)
                                  0.000000    0.000000   clock network delay (propagated)
                                  4.000000    4.000000 v input external delay
     1    0.002820    0.008669    0.004468    4.004468 v rst (in)
                                                         rst (net)
                      0.008669    0.000000    4.004468 v input9/A (sky130_fd_sc_hd__clkbuf_4)
     8    0.046218    0.101370    0.184611    4.189079 v input9/X (sky130_fd_sc_hd__clkbuf_4)
                                                         net9 (net)
                      0.101396    0.001540    4.190619 v _91_/A (sky130_fd_sc_hd__inv_2)
     1    0.004651    0.040434    0.068248    4.258867 ^ _91_/Y (sky130_fd_sc_hd__inv_2)
                                                         _07_ (net)
                      0.040434    0.000104    4.258971 ^ _99_/RESET_B (sky130_fd_sc_hd__dfrtp_1)
                                              4.258971   data arrival time

                                  0.000000    0.000000   clock clk (rise edge)
                                  0.000000    0.000000   clock source latency
     1    0.009480    0.049113    0.032375    0.032375 ^ clk (in)
                                                         clk (net)
                      0.049115    0.000000    0.032375 ^ clkbuf_0_clk/A (sky130_fd_sc_hd__clkbuf_16)
     2    0.018519    0.040583    0.125424    0.157799 ^ clkbuf_0_clk/X (sky130_fd_sc_hd__clkbuf_16)
                                                         clknet_0_clk (net)
                      0.040584    0.000393    0.158192 ^ clkbuf_1_1__f_clk/A (sky130_fd_sc_hd__clkbuf_16)
     4    0.011699    0.034790    0.115849    0.274041 ^ clkbuf_1_1__f_clk/X (sky130_fd_sc_hd__clkbuf_16)
                                                         clknet_1_1__leaf_clk (net)
                      0.034790    0.000280    0.274321 ^ _99_/CLK (sky130_fd_sc_hd__dfrtp_1)
                                  0.250000    0.524321   clock uncertainty
                                  0.000000    0.524321   clock reconvergence pessimism
                                  0.316209    0.840530   library removal time
                                              0.840530   data required time
---------------------------------------------------------------------------------------------
                                              0.840530   data required time
                                             -4.258971   data arrival time
---------------------------------------------------------------------------------------------
                                              3.418441   slack (MET)


Startpoint: rst (input port clocked by clk)
Endpoint: _94_ (removal check against rising-edge clock clk)
Path Group: asynchronous
Path Type: min

Fanout         Cap        Slew       Delay        Time   Description
---------------------------------------------------------------------------------------------
                                  0.000000    0.000000   clock clk (rise edge)
                                  0.000000    0.000000   clock network delay (propagated)
                                  4.000000    4.000000 v input external delay
     1    0.002820    0.008669    0.004468    4.004468 v rst (in)
                                                         rst (net)
                      0.008669    0.000000    4.004468 v input9/A (sky130_fd_sc_hd__clkbuf_4)
     8    0.046218    0.101370    0.184611    4.189079 v input9/X (sky130_fd_sc_hd__clkbuf_4)
                                                         net9 (net)
                      0.101408    0.001818    4.190897 v _86_/A (sky130_fd_sc_hd__inv_2)
     1    0.005377    0.042704    0.070861    4.261758 ^ _86_/Y (sky130_fd_sc_hd__inv_2)
                                                         _02_ (net)
                      0.042704    0.000131    4.261889 ^ _94_/RESET_B (sky130_fd_sc_hd__dfrtp_1)
                                              4.261889   data arrival time

                                  0.000000    0.000000   clock clk (rise edge)
                                  0.000000    0.000000   clock source latency
     1    0.009480    0.049113    0.032375    0.032375 ^ clk (in)
                                                         clk (net)
                      0.049115    0.000000    0.032375 ^ clkbuf_0_clk/A (sky130_fd_sc_hd__clkbuf_16)
     2    0.018519    0.040583    0.125424    0.157799 ^ clkbuf_0_clk/X (sky130_fd_sc_hd__clkbuf_16)
                                                         clknet_0_clk (net)
                      0.040585    0.000406    0.158204 ^ clkbuf_1_0__f_clk/A (sky130_fd_sc_hd__clkbuf_16)
     4    0.012039    0.035079    0.116176    0.274381 ^ clkbuf_1_0__f_clk/X (sky130_fd_sc_hd__clkbuf_16)
                                                         clknet_1_0__leaf_clk (net)
                      0.035079    0.000305    0.274686 ^ _94_/CLK (sky130_fd_sc_hd__dfrtp_1)
                                  0.250000    0.524686   clock uncertainty
                                  0.000000    0.524686   clock reconvergence pessimism
                                  0.316912    0.841598   library removal time
                                              0.841598   data required time
---------------------------------------------------------------------------------------------
                                              0.841598   data required time
                                             -4.261889   data arrival time
---------------------------------------------------------------------------------------------
                                              3.420291   slack (MET)


Startpoint: rst (input port clocked by clk)
Endpoint: _96_ (removal check against rising-edge clock clk)
Path Group: asynchronous
Path Type: min

Fanout         Cap        Slew       Delay        Time   Description
---------------------------------------------------------------------------------------------
                                  0.000000    0.000000   clock clk (rise edge)
                                  0.000000    0.000000   clock network delay (propagated)
                                  4.000000    4.000000 v input external delay
     1    0.002820    0.008669    0.004468    4.004468 v rst (in)
                                                         rst (net)
                      0.008669    0.000000    4.004468 v input9/A (sky130_fd_sc_hd__clkbuf_4)
     8    0.046218    0.101370    0.184611    4.189079 v input9/X (sky130_fd_sc_hd__clkbuf_4)
                                                         net9 (net)
                      0.101395    0.001525    4.190604 v _88_/A (sky130_fd_sc_hd__inv_2)
     1    0.005552    0.043250    0.071485    4.262089 ^ _88_/Y (sky130_fd_sc_hd__inv_2)
                                                         _04_ (net)
                      0.043250    0.000142    4.262231 ^ _96_/RESET_B (sky130_fd_sc_hd__dfrtp_1)
                                              4.262231   data arrival time

                                  0.000000    0.000000   clock clk (rise edge)
                                  0.000000    0.000000   clock source latency
     1    0.009480    0.049113    0.032375    0.032375 ^ clk (in)
                                                         clk (net)
                      0.049115    0.000000    0.032375 ^ clkbuf_0_clk/A (sky130_fd_sc_hd__clkbuf_16)
     2    0.018519    0.040583    0.125424    0.157799 ^ clkbuf_0_clk/X (sky130_fd_sc_hd__clkbuf_16)
                                                         clknet_0_clk (net)
                      0.040585    0.000406    0.158204 ^ clkbuf_1_0__f_clk/A (sky130_fd_sc_hd__clkbuf_16)
     4    0.012039    0.035079    0.116176    0.274381 ^ clkbuf_1_0__f_clk/X (sky130_fd_sc_hd__clkbuf_16)
                                                         clknet_1_0__leaf_clk (net)
                      0.035079    0.000267    0.274647 ^ _96_/CLK (sky130_fd_sc_hd__dfrtp_1)
                                  0.250000    0.524647   clock uncertainty
                                  0.000000    0.524647   clock reconvergence pessimism
                                  0.317063    0.841710   library removal time
                                              0.841710   data required time
---------------------------------------------------------------------------------------------
                                              0.841710   data required time
                                             -4.262231   data arrival time
---------------------------------------------------------------------------------------------
                                              3.420521   slack (MET)


Startpoint: _99_ (rising edge-triggered flip-flop clocked by clk)
Endpoint: acc[7] (output port clocked by clk)
Path Group: clk
Path Type: min

Fanout         Cap        Slew       Delay        Time   Description
---------------------------------------------------------------------------------------------
                                  0.000000    0.000000   clock clk (rise edge)
                                  0.000000    0.000000   clock source latency
     1    0.009480    0.049113    0.032375    0.032375 ^ clk (in)
                                                         clk (net)
                      0.049115    0.000000    0.032375 ^ clkbuf_0_clk/A (sky130_fd_sc_hd__clkbuf_16)
     2    0.018519    0.040583    0.125424    0.157799 ^ clkbuf_0_clk/X (sky130_fd_sc_hd__clkbuf_16)
                                                         clknet_0_clk (net)
                      0.040584    0.000393    0.158192 ^ clkbuf_1_1__f_clk/A (sky130_fd_sc_hd__clkbuf_16)
     4    0.011699    0.034790    0.115849    0.274041 ^ clkbuf_1_1__f_clk/X (sky130_fd_sc_hd__clkbuf_16)
                                                         clknet_1_1__leaf_clk (net)
                      0.034790    0.000280    0.274321 ^ _99_/CLK (sky130_fd_sc_hd__dfrtp_1)
     2    0.007875    0.084337    0.345416    0.619738 ^ _99_/Q (sky130_fd_sc_hd__dfrtp_1)
                                                         net17 (net)
                      0.084337    0.000156    0.619893 ^ output17/A (sky130_fd_sc_hd__buf_2)
     1    0.033990    0.169072    0.211688    0.831581 ^ output17/X (sky130_fd_sc_hd__buf_2)
                                                         acc[7] (net)
                      0.169072    0.000615    0.832196 ^ acc[7] (out)
                                              0.832196   data arrival time

                                  0.000000    0.000000   clock clk (rise edge)
                                  0.000000    0.000000   clock network delay (propagated)
                                  0.250000    0.250000   clock uncertainty
                                  0.000000    0.250000   clock reconvergence pessimism
                                 -4.000000   -3.750000   output external delay
                                             -3.750000   data required time
---------------------------------------------------------------------------------------------
                                             -3.750000   data required time
                                             -0.832196   data arrival time
---------------------------------------------------------------------------------------------
                                              4.582196   slack (MET)


Startpoint: _95_ (rising edge-triggered flip-flop clocked by clk)
Endpoint: acc[3] (output port clocked by clk)
Path Group: clk
Path Type: min

Fanout         Cap        Slew       Delay        Time   Description
---------------------------------------------------------------------------------------------
                                  0.000000    0.000000   clock clk (rise edge)
                                  0.000000    0.000000   clock source latency
     1    0.009480    0.049113    0.032375    0.032375 ^ clk (in)
                                                         clk (net)
                      0.049115    0.000000    0.032375 ^ clkbuf_0_clk/A (sky130_fd_sc_hd__clkbuf_16)
     2    0.018519    0.040583    0.125424    0.157799 ^ clkbuf_0_clk/X (sky130_fd_sc_hd__clkbuf_16)
                                                         clknet_0_clk (net)
                      0.040585    0.000406    0.158204 ^ clkbuf_1_0__f_clk/A (sky130_fd_sc_hd__clkbuf_16)
     4    0.012039    0.035079    0.116176    0.274381 ^ clkbuf_1_0__f_clk/X (sky130_fd_sc_hd__clkbuf_16)
                                                         clknet_1_0__leaf_clk (net)
                      0.035079    0.000253    0.274634 ^ _95_/CLK (sky130_fd_sc_hd__dfrtp_1)
     3    0.008989    0.092497    0.352999    0.627633 ^ _95_/Q (sky130_fd_sc_hd__dfrtp_1)
                                                         net13 (net)
                      0.092497    0.000223    0.627857 ^ output13/A (sky130_fd_sc_hd__buf_2)
     1    0.034398    0.171050    0.215960    0.843816 ^ output13/X (sky130_fd_sc_hd__buf_2)
                                                         acc[3] (net)
                      0.171051    0.000748    0.844564 ^ acc[3] (out)
                                              0.844564   data arrival time

                                  0.000000    0.000000   clock clk (rise edge)
                                  0.000000    0.000000   clock network delay (propagated)
                                  0.250000    0.250000   clock uncertainty
                                  0.000000    0.250000   clock reconvergence pessimism
                                 -4.000000   -3.750000   output external delay
                                             -3.750000   data required time
---------------------------------------------------------------------------------------------
                                             -3.750000   data required time
                                             -0.844564   data arrival time
---------------------------------------------------------------------------------------------
                                              4.594564   slack (MET)


Startpoint: _97_ (rising edge-triggered flip-flop clocked by clk)
Endpoint: acc[5] (output port clocked by clk)
Path Group: clk
Path Type: min

Fanout         Cap        Slew       Delay        Time   Description
---------------------------------------------------------------------------------------------
                                  0.000000    0.000000   clock clk (rise edge)
                                  0.000000    0.000000   clock source latency
     1    0.009480    0.049113    0.032375    0.032375 ^ clk (in)
                                                         clk (net)
                      0.049115    0.000000    0.032375 ^ clkbuf_0_clk/A (sky130_fd_sc_hd__clkbuf_16)
     2    0.018519    0.040583    0.125424    0.157799 ^ clkbuf_0_clk/X (sky130_fd_sc_hd__clkbuf_16)
                                                         clknet_0_clk (net)
                      0.040585    0.000406    0.158204 ^ clkbuf_1_0__f_clk/A (sky130_fd_sc_hd__clkbuf_16)
     4    0.012039    0.035079    0.116176    0.274381 ^ clkbuf_1_0__f_clk/X (sky130_fd_sc_hd__clkbuf_16)
                                                         clknet_1_0__leaf_clk (net)
                      0.035079    0.000222    0.274602 ^ _97_/CLK (sky130_fd_sc_hd__dfrtp_1)
     3    0.008710    0.066262    0.381916    0.656518 v _97_/Q (sky130_fd_sc_hd__dfrtp_1)
                                                         net15 (net)
                      0.066262    0.000211    0.656729 v output15/A (sky130_fd_sc_hd__buf_2)
     1    0.034087    0.089082    0.189238    0.845968 v output15/X (sky130_fd_sc_hd__buf_2)
                                                         acc[5] (net)
                      0.089086    0.000656    0.846623 v acc[5] (out)
                                              0.846623   data arrival time

                                  0.000000    0.000000   clock clk (rise edge)
                                  0.000000    0.000000   clock network delay (propagated)
                                  0.250000    0.250000   clock uncertainty
                                  0.000000    0.250000   clock reconvergence pessimism
                                 -4.000000   -3.750000   output external delay
                                             -3.750000   data required time
---------------------------------------------------------------------------------------------
                                             -3.750000   data required time
                                             -0.846623   data arrival time
---------------------------------------------------------------------------------------------
                                              4.596623   slack (MET)


Startpoint: _92_ (rising edge-triggered flip-flop clocked by clk)
Endpoint: acc[0] (output port clocked by clk)
Path Group: clk
Path Type: min

Fanout         Cap        Slew       Delay        Time   Description
---------------------------------------------------------------------------------------------
                                  0.000000    0.000000   clock clk (rise edge)
                                  0.000000    0.000000   clock source latency
     1    0.009480    0.049113    0.032375    0.032375 ^ clk (in)
                                                         clk (net)
                      0.049115    0.000000    0.032375 ^ clkbuf_0_clk/A (sky130_fd_sc_hd__clkbuf_16)
     2    0.018519    0.040583    0.125424    0.157799 ^ clkbuf_0_clk/X (sky130_fd_sc_hd__clkbuf_16)
                                                         clknet_0_clk (net)
                      0.040584    0.000393    0.158192 ^ clkbuf_1_1__f_clk/A (sky130_fd_sc_hd__clkbuf_16)
     4    0.011699    0.034790    0.115849    0.274041 ^ clkbuf_1_1__f_clk/X (sky130_fd_sc_hd__clkbuf_16)
                                                         clknet_1_1__leaf_clk (net)
                      0.034790    0.000273    0.274314 ^ _92_/CLK (sky130_fd_sc_hd__dfrtp_1)
     3    0.008770    0.066437    0.382064    0.656378 v _92_/Q (sky130_fd_sc_hd__dfrtp_1)
                                                         net10 (net)
                      0.066437    0.000249    0.656627 v output10/A (sky130_fd_sc_hd__buf_2)
     1    0.035143    0.091453    0.191103    0.847730 v output10/X (sky130_fd_sc_hd__buf_2)
                                                         acc[0] (net)
                      0.091461    0.000891    0.848621 v acc[0] (out)
                                              0.848621   data arrival time

                                  0.000000    0.000000   clock clk (rise edge)
                                  0.000000    0.000000   clock network delay (propagated)
                                  0.250000    0.250000   clock uncertainty
                                  0.000000    0.250000   clock reconvergence pessimism
                                 -4.000000   -3.750000   output external delay
                                             -3.750000   data required time
---------------------------------------------------------------------------------------------
                                             -3.750000   data required time
                                             -0.848621   data arrival time
---------------------------------------------------------------------------------------------
                                              4.598621   slack (MET)


Startpoint: _98_ (rising edge-triggered flip-flop clocked by clk)
Endpoint: acc[6] (output port clocked by clk)
Path Group: clk
Path Type: min

Fanout         Cap        Slew       Delay        Time   Description
---------------------------------------------------------------------------------------------
                                  0.000000    0.000000   clock clk (rise edge)
                                  0.000000    0.000000   clock source latency
     1    0.009480    0.049113    0.032375    0.032375 ^ clk (in)
                                                         clk (net)
                      0.049115    0.000000    0.032375 ^ clkbuf_0_clk/A (sky130_fd_sc_hd__clkbuf_16)
     2    0.018519    0.040583    0.125424    0.157799 ^ clkbuf_0_clk/X (sky130_fd_sc_hd__clkbuf_16)
                                                         clknet_0_clk (net)
                      0.040584    0.000393    0.158192 ^ clkbuf_1_1__f_clk/A (sky130_fd_sc_hd__clkbuf_16)
     4    0.011699    0.034790    0.115849    0.274041 ^ clkbuf_1_1__f_clk/X (sky130_fd_sc_hd__clkbuf_16)
                                                         clknet_1_1__leaf_clk (net)
                      0.034790    0.000264    0.274305 ^ _98_/CLK (sky130_fd_sc_hd__dfrtp_1)
     3    0.009199    0.067511    0.384382    0.658687 v _98_/Q (sky130_fd_sc_hd__dfrtp_1)
                                                         net16 (net)
                      0.067574    0.000214    0.658901 v output16/A (sky130_fd_sc_hd__buf_2)
     1    0.034154    0.089230    0.189959    0.848859 v output16/X (sky130_fd_sc_hd__buf_2)
                                                         acc[6] (net)
                      0.089234    0.000658    0.849517 v acc[6] (out)
                                              0.849517   data arrival time

                                  0.000000    0.000000   clock clk (rise edge)
                                  0.000000    0.000000   clock network delay (propagated)
                                  0.250000    0.250000   clock uncertainty
                                  0.000000    0.250000   clock reconvergence pessimism
                                 -4.000000   -3.750000   output external delay
                                             -3.750000   data required time
---------------------------------------------------------------------------------------------
                                             -3.750000   data required time
                                             -0.849517   data arrival time
---------------------------------------------------------------------------------------------
                                              4.599517   slack (MET)


Startpoint: _93_ (rising edge-triggered flip-flop clocked by clk)
Endpoint: acc[1] (output port clocked by clk)
Path Group: clk
Path Type: min

Fanout         Cap        Slew       Delay        Time   Description
---------------------------------------------------------------------------------------------
                                  0.000000    0.000000   clock clk (rise edge)
                                  0.000000    0.000000   clock source latency
     1    0.009480    0.049113    0.032375    0.032375 ^ clk (in)
                                                         clk (net)
                      0.049115    0.000000    0.032375 ^ clkbuf_0_clk/A (sky130_fd_sc_hd__clkbuf_16)
     2    0.018519    0.040583    0.125424    0.157799 ^ clkbuf_0_clk/X (sky130_fd_sc_hd__clkbuf_16)
                                                         clknet_0_clk (net)
                      0.040584    0.000393    0.158192 ^ clkbuf_1_1__f_clk/A (sky130_fd_sc_hd__clkbuf_16)
     4    0.011699    0.034790    0.115849    0.274041 ^ clkbuf_1_1__f_clk/X (sky130_fd_sc_hd__clkbuf_16)
                                                         clknet_1_1__leaf_clk (net)
                      0.034790    0.000292    0.274333 ^ _93_/CLK (sky130_fd_sc_hd__dfrtp_1)
     3    0.009310    0.067872    0.384993    0.659326 v _93_/Q (sky130_fd_sc_hd__dfrtp_1)
                                                         net11 (net)
                      0.067872    0.000227    0.659553 v output11/A (sky130_fd_sc_hd__buf_2)
     1    0.034006    0.088902    0.189837    0.849390 v output11/X (sky130_fd_sc_hd__buf_2)
                                                         acc[1] (net)
                      0.088906    0.000634    0.850024 v acc[1] (out)
                                              0.850024   data arrival time

                                  0.000000    0.000000   clock clk (rise edge)
                                  0.000000    0.000000   clock network delay (propagated)
                                  0.250000    0.250000   clock uncertainty
                                  0.000000    0.250000   clock reconvergence pessimism
                                 -4.000000   -3.750000   output external delay
                                             -3.750000   data required time
---------------------------------------------------------------------------------------------
                                             -3.750000   data required time
                                             -0.850024   data arrival time
---------------------------------------------------------------------------------------------
                                              4.600025   slack (MET)


Startpoint: _96_ (rising edge-triggered flip-flop clocked by clk)
Endpoint: acc[4] (output port clocked by clk)
Path Group: clk
Path Type: min

Fanout         Cap        Slew       Delay        Time   Description
---------------------------------------------------------------------------------------------
                                  0.000000    0.000000   clock clk (rise edge)
                                  0.000000    0.000000   clock source latency
     1    0.009480    0.049113    0.032375    0.032375 ^ clk (in)
                                                         clk (net)
                      0.049115    0.000000    0.032375 ^ clkbuf_0_clk/A (sky130_fd_sc_hd__clkbuf_16)
     2    0.018519    0.040583    0.125424    0.157799 ^ clkbuf_0_clk/X (sky130_fd_sc_hd__clkbuf_16)
                                                         clknet_0_clk (net)
                      0.040585    0.000406    0.158204 ^ clkbuf_1_0__f_clk/A (sky130_fd_sc_hd__clkbuf_16)
     4    0.012039    0.035079    0.116176    0.274381 ^ clkbuf_1_0__f_clk/X (sky130_fd_sc_hd__clkbuf_16)
                                                         clknet_1_0__leaf_clk (net)
                      0.035079    0.000267    0.274647 ^ _96_/CLK (sky130_fd_sc_hd__dfrtp_1)
     3    0.009564    0.068914    0.386203    0.660851 v _96_/Q (sky130_fd_sc_hd__dfrtp_1)
                                                         net14 (net)
                      0.068914    0.000382    0.661233 v output14/A (sky130_fd_sc_hd__buf_2)
     1    0.034182    0.089311    0.190583    0.851816 v output14/X (sky130_fd_sc_hd__buf_2)
                                                         acc[4] (net)
                      0.089316    0.000706    0.852522 v acc[4] (out)
                                              0.852522   data arrival time

                                  0.000000    0.000000   clock clk (rise edge)
                                  0.000000    0.000000   clock network delay (propagated)
                                  0.250000    0.250000   clock uncertainty
                                  0.000000    0.250000   clock reconvergence pessimism
                                 -4.000000   -3.750000   output external delay
                                             -3.750000   data required time
---------------------------------------------------------------------------------------------
                                             -3.750000   data required time
                                             -0.852522   data arrival time
---------------------------------------------------------------------------------------------
                                              4.602522   slack (MET)


Startpoint: _94_ (rising edge-triggered flip-flop clocked by clk)
Endpoint: acc[2] (output port clocked by clk)
Path Group: clk
Path Type: min

Fanout         Cap        Slew       Delay        Time   Description
---------------------------------------------------------------------------------------------
                                  0.000000    0.000000   clock clk (rise edge)
                                  0.000000    0.000000   clock source latency
     1    0.009480    0.049113    0.032375    0.032375 ^ clk (in)
                                                         clk (net)
                      0.049115    0.000000    0.032375 ^ clkbuf_0_clk/A (sky130_fd_sc_hd__clkbuf_16)
     2    0.018519    0.040583    0.125424    0.157799 ^ clkbuf_0_clk/X (sky130_fd_sc_hd__clkbuf_16)
                                                         clknet_0_clk (net)
                      0.040585    0.000406    0.158204 ^ clkbuf_1_0__f_clk/A (sky130_fd_sc_hd__clkbuf_16)
     4    0.012039    0.035079    0.116176    0.274381 ^ clkbuf_1_0__f_clk/X (sky130_fd_sc_hd__clkbuf_16)
                                                         clknet_1_0__leaf_clk (net)
                      0.035079    0.000305    0.274686 ^ _94_/CLK (sky130_fd_sc_hd__dfrtp_1)
     4    0.012171    0.080128    0.396665    0.671351 v _94_/Q (sky130_fd_sc_hd__dfrtp_1)
                                                         net12 (net)
                      0.080130    0.000541    0.671892 v output12/A (sky130_fd_sc_hd__buf_2)
     1    0.034624    0.090289    0.196482    0.868374 v output12/X (sky130_fd_sc_hd__buf_2)
                                                         acc[2] (net)
                      0.090294    0.000741    0.869115 v acc[2] (out)
                                              0.869115   data arrival time

                                  0.000000    0.000000   clock clk (rise edge)
                                  0.000000    0.000000   clock network delay (propagated)
                                  0.250000    0.250000   clock uncertainty
                                  0.000000    0.250000   clock reconvergence pessimism
                                 -4.000000   -3.750000   output external delay
                                             -3.750000   data required time
---------------------------------------------------------------------------------------------
                                             -3.750000   data required time
                                             -0.869115   data arrival time
---------------------------------------------------------------------------------------------
                                              4.619115   slack (MET)



