
===========================================================================
report_checks -unconstrained
===========================================================================
======================= nom_tt_025C_1v80 Corner ===================================

Startpoint: rst (input port clocked by clk)
Endpoint: _442_ (recovery check against rising-edge clock clk)
Path Group: asynchronous
Path Type: max

Fanout         Cap        Slew       Delay        Time   Description
---------------------------------------------------------------------------------------------
                                  0.000000    0.000000   clock clk (rise edge)
                                  0.000000    0.000000   clock network delay (propagated)
                                  4.000000    4.000000 v input external delay
    32    0.171885    0.374755    0.279302    4.279303 v rst (in)
                                                         rst (net)
                      0.374801    0.000000    4.279303 v _201_/A (sky130_fd_sc_hd__inv_2)
     1    0.003710    0.080986    0.122927    4.402230 ^ _201_/Y (sky130_fd_sc_hd__inv_2)
                                                         _010_ (net)
                      0.080986    0.000002    4.402232 ^ _442_/RESET_B (sky130_fd_sc_hd__dfrtp_2)
                                              4.402232   data arrival time

                                 20.000000   20.000000   clock clk (rise edge)
                                  0.000000   20.000000   clock source latency
    32    0.095839    0.433453    0.299679   20.299679 ^ clk (in)
                                                         clk (net)
                      0.433461    0.000000   20.299679 ^ _442_/CLK (sky130_fd_sc_hd__dfrtp_2)
                                 -0.250000   20.049681   clock uncertainty
                                  0.000000   20.049681   clock reconvergence pessimism
                                  0.328390   20.378069   library recovery time
                                             20.378069   data required time
---------------------------------------------------------------------------------------------
                                             20.378069   data required time
                                             -4.402232   data arrival time
---------------------------------------------------------------------------------------------
                                             15.975838   slack (MET)


Startpoint: data_in[6] (input port clocked by clk)
Endpoint: _462_ (rising edge-triggered flip-flop clocked by clk)
Path Group: clk
Path Type: max

Fanout         Cap        Slew       Delay        Time   Description
---------------------------------------------------------------------------------------------
                                  0.000000    0.000000   clock clk (rise edge)
                                  0.000000    0.000000   clock network delay (propagated)
                                  4.000000    4.000000 v input external delay
     3    0.018099    0.041913    0.029130    4.029130 v data_in[6] (in)
                                                         data_in[6] (net)
                      0.041913    0.000000    4.029130 v _272_/A (sky130_fd_sc_hd__xnor2_2)
     3    0.007438    0.068471    0.139758    4.168888 v _272_/Y (sky130_fd_sc_hd__xnor2_2)
                                                         _080_ (net)
                      0.068471    0.000015    4.168902 v _276_/A (sky130_fd_sc_hd__or3_2)
     3    0.009893    0.099586    0.514584    4.683486 v _276_/X (sky130_fd_sc_hd__or3_2)
                                                         _084_ (net)
                      0.099586    0.000047    4.683533 v _287_/A1 (sky130_fd_sc_hd__o31a_2)
     3    0.012132    0.074795    0.393974    5.077507 v _287_/X (sky130_fd_sc_hd__o31a_2)
                                                         _095_ (net)
                      0.074795    0.000071    5.077578 v _289_/A2 (sky130_fd_sc_hd__a211oi_2)
     2    0.005789    0.190510    0.246914    5.324492 ^ _289_/Y (sky130_fd_sc_hd__a211oi_2)
                                                         _097_ (net)
                      0.190510    0.000035    5.324526 ^ _307_/A1 (sky130_fd_sc_hd__o211a_2)
     2    0.007878    0.067417    0.223375    5.547901 ^ _307_/X (sky130_fd_sc_hd__o211a_2)
                                                         _115_ (net)
                      0.067417    0.000073    5.547974 ^ _321_/A1 (sky130_fd_sc_hd__o211ai_2)
     2    0.008152    0.083630    0.107671    5.655645 v _321_/Y (sky130_fd_sc_hd__o211ai_2)
                                                         _129_ (net)
                      0.083630    0.000072    5.655717 v _341_/A1 (sky130_fd_sc_hd__a211o_2)
     3    0.009656    0.065962    0.329340    5.985056 v _341_/X (sky130_fd_sc_hd__a211o_2)
                                                         _149_ (net)
                      0.065962    0.000059    5.985115 v _347_/A1 (sky130_fd_sc_hd__a21o_2)
     4    0.014907    0.061889    0.227280    6.212396 v _347_/X (sky130_fd_sc_hd__a21o_2)
                                                         _155_ (net)
                      0.061889    0.000088    6.212483 v _349_/A3 (sky130_fd_sc_hd__a311o_2)
     3    0.012223    0.080011    0.425219    6.637702 v _349_/X (sky130_fd_sc_hd__a311o_2)
                                                         _157_ (net)
                      0.080011    0.000051    6.637753 v _359_/A2 (sky130_fd_sc_hd__a31o_2)
     1    0.008767    0.051329    0.260501    6.898253 v _359_/X (sky130_fd_sc_hd__a31o_2)
                                                         _165_ (net)
                      0.051329    0.000036    6.898290 v _360_/B (sky130_fd_sc_hd__xnor2_2)
     1    0.002141    0.040365    0.119879    7.018169 v _360_/Y (sky130_fd_sc_hd__xnor2_2)
                                                         adder.cla_blocks[7].block.sum[2] (net)
                      0.040365    0.000002    7.018171 v _462_/D (sky130_fd_sc_hd__dfrtp_2)
                                              7.018171   data arrival time

                                 20.000000   20.000000   clock clk (rise edge)
                                  0.000000   20.000000   clock source latency
    32    0.095839    0.433453    0.298904   20.298904 ^ clk (in)
                                                         clk (net)
                      0.433455    0.000000   20.298904 ^ _462_/CLK (sky130_fd_sc_hd__dfrtp_2)
                                 -0.250000   20.048904   clock uncertainty
                                  0.000000   20.048904   clock reconvergence pessimism
                                 -0.023652   20.025253   library setup time
                                             20.025253   data required time
---------------------------------------------------------------------------------------------
                                             20.025253   data required time
                                             -7.018171   data arrival time
---------------------------------------------------------------------------------------------
                                             13.007082   slack (MET)




===========================================================================
report_checks --slack_max -0.01
============================================================================
======================= nom_tt_025C_1v80 Corner ===================================

No paths found.


===========================================================================
 report_check_types -max_slew -max_cap -max_fanout -violators
============================================================================
======================= nom_tt_025C_1v80 Corner ===================================

max slew

Pin                                        Limit        Slew       Slack
------------------------------------------------------------------------
_205_/A                                 0.750000    0.822176   -0.072176 (VIOLATED)
_201_/A                                 0.750000    0.822176   -0.072176 (VIOLATED)
_202_/A                                 0.750000    0.822175   -0.072175 (VIOLATED)
_203_/A                                 0.750000    0.822174   -0.072174 (VIOLATED)
_200_/A                                 0.750000    0.822173   -0.072173 (VIOLATED)
_429_/A                                 0.750000    0.822173   -0.072173 (VIOLATED)
_431_/A                                 0.750000    0.822173   -0.072173 (VIOLATED)
_426_/A                                 0.750000    0.822168   -0.072168 (VIOLATED)
_430_/A                                 0.750000    0.822168   -0.072168 (VIOLATED)
_428_/A                                 0.750000    0.822168   -0.072168 (VIOLATED)
_427_/A                                 0.750000    0.822167   -0.072167 (VIOLATED)
_424_/A                                 0.750000    0.822166   -0.072166 (VIOLATED)
_206_/A                                 0.750000    0.822164   -0.072164 (VIOLATED)
_208_/A                                 0.750000    0.822163   -0.072163 (VIOLATED)
_204_/A                                 0.750000    0.822163   -0.072163 (VIOLATED)
_223_/A                                 0.750000    0.822162   -0.072162 (VIOLATED)
_207_/A                                 0.750000    0.822162   -0.072162 (VIOLATED)
_219_/A                                 0.750000    0.822161   -0.072161 (VIOLATED)
_425_/A                                 0.750000    0.822161   -0.072161 (VIOLATED)
_209_/A                                 0.750000    0.822161   -0.072161 (VIOLATED)
_211_/A                                 0.750000    0.822160   -0.072160 (VIOLATED)
_220_/A                                 0.750000    0.822159   -0.072159 (VIOLATED)
_215_/A                                 0.750000    0.822158   -0.072158 (VIOLATED)
_210_/A                                 0.750000    0.822158   -0.072158 (VIOLATED)
_212_/A                                 0.750000    0.822157   -0.072157 (VIOLATED)
_213_/A                                 0.750000    0.822157   -0.072157 (VIOLATED)
_214_/A                                 0.750000    0.822156   -0.072156 (VIOLATED)
_216_/A                                 0.750000    0.822156   -0.072156 (VIOLATED)
_222_/A                                 0.750000    0.822156   -0.072156 (VIOLATED)
_217_/A                                 0.750000    0.822155   -0.072155 (VIOLATED)
_221_/A                                 0.750000    0.822153   -0.072153 (VIOLATED)
_218_/A                                 0.750000    0.822153   -0.072153 (VIOLATED)
rst                                     0.750000    0.822152   -0.072152 (VIOLATED)

max fanout

Pin                                   Limit Fanout  Slack
---------------------------------------------------------
clk                                      10     32    -22 (VIOLATED)
rst                                      10     32    -22 (VIOLATED)



===========================================================================
report_parasitic_annotation -report_unannotated
============================================================================
Found 0 unannotated drivers.
Found 0 partially unannotated drivers.

===========================================================================
max slew violation count 33
Writing metric design__max_slew_violation__count__corner:nom_tt_025C_1v80: 33
max fanout violation count 2
Writing metric design__max_fanout_violation__count__corner:nom_tt_025C_1v80: 2
max cap violation count 0
Writing metric design__max_cap_violation__count__corner:nom_tt_025C_1v80: 0
============================================================================

===========================================================================
check_setup -verbose -unconstrained_endpoints -multiple_clock -no_clock -no_input_delay -loops -generated_clocks
===========================================================================
