Reading OpenROAD database at '/home/minhnd/projects/CLA32_Floorplanning/runs/acc32_util80/41-openroad-repairantennas/1-diodeinsertion/acc32.odb'…
Reading library file at '/home/minhnd/.volare/volare/sky130/versions/0fe599b2afb6708d281543108caf8310912f54af/sky130A/libs.ref/sky130_fd_sc_hd/lib/sky130_fd_sc_hd__tt_025C_1v80.lib'…
Reading design constraints file at '/nix/store/ss2cw3sxbrwwx9jl0rrppbw4kgcmgi2n-python3-3.11.9-env/lib/python3.11/site-packages/openlane/scripts/base.sdc'…
[INFO] Using clock clk…
[INFO] Setting output delay to: 4
[INFO] Setting input delay to: 4
[INFO] Setting load to: 0.033442
[INFO] Setting clock uncertainty to: 0.25
[INFO] Setting clock transition to: 0.1499999999999999944488848768742172978818416595458984375
[INFO] Setting timing derate to: 5%
[INFO ORD-0030] Using 16 thread(s).
[INFO DRT-0149] Reading tech and libs.
[WARNING DRT-0349] LEF58_ENCLOSURE with no CUTCLASS is not supported. Skipping for layer mcon
[WARNING DRT-0349] LEF58_ENCLOSURE with no CUTCLASS is not supported. Skipping for layer mcon
[WARNING DRT-0349] LEF58_ENCLOSURE with no CUTCLASS is not supported. Skipping for layer via
[WARNING DRT-0349] LEF58_ENCLOSURE with no CUTCLASS is not supported. Skipping for layer via
[WARNING DRT-0349] LEF58_ENCLOSURE with no CUTCLASS is not supported. Skipping for layer via2
[WARNING DRT-0349] LEF58_ENCLOSURE with no CUTCLASS is not supported. Skipping for layer via2
[WARNING DRT-0349] LEF58_ENCLOSURE with no CUTCLASS is not supported. Skipping for layer via3
[WARNING DRT-0349] LEF58_ENCLOSURE with no CUTCLASS is not supported. Skipping for layer via3
[WARNING DRT-0349] LEF58_ENCLOSURE with no CUTCLASS is not supported. Skipping for layer via4
[WARNING DRT-0349] LEF58_ENCLOSURE with no CUTCLASS is not supported. Skipping for layer via4

Units:                1000
Number of layers:     13
Number of macros:     441
Number of vias:       28
Number of viarulegen: 25

[INFO DRT-0150] Reading design.

Design:                   acc32
Die area:                 ( 0 0 ) ( 69525 80245 )
Number of track patterns: 12
Number of DEF vias:       0
Number of components:     429
Number of terminals:      68
Number of snets:          2
Number of nets:           372

[INFO DRT-0167] List of default vias:
  Layer via
    default via: M1M2_PR
  Layer via2
    default via: M2M3_PR
  Layer via3
    default via: M3M4_PR
  Layer via4
    default via: M4M5_PR
[INFO DRT-0162] Library cell analysis.
[INFO DRT-0163] Instance analysis.
[INFO DRT-0164] Number of unique instances = 107.
[INFO DRT-0168] Init region query.
[INFO DRT-0024]   Complete FR_MASTERSLICE.
[INFO DRT-0024]   Complete licon.
[INFO DRT-0024]   Complete li1.
[INFO DRT-0024]   Complete mcon.
[INFO DRT-0024]   Complete met1.
[INFO DRT-0024]   Complete via.
[INFO DRT-0024]   Complete met2.
[INFO DRT-0024]   Complete via2.
[INFO DRT-0024]   Complete met3.
[INFO DRT-0024]   Complete via3.
[INFO DRT-0024]   Complete met4.
[INFO DRT-0024]   Complete via4.
[INFO DRT-0024]   Complete met5.
[INFO DRT-0033] FR_MASTERSLICE shape region query size = 0.
[INFO DRT-0033] licon shape region query size = 0.
[INFO DRT-0033] li1 shape region query size = 9177.
[INFO DRT-0033] mcon shape region query size = 0.
[INFO DRT-0033] met1 shape region query size = 1350.
[INFO DRT-0033] via shape region query size = 110.
[INFO DRT-0033] met2 shape region query size = 90.
[INFO DRT-0033] via2 shape region query size = 88.
[INFO DRT-0033] met3 shape region query size = 108.
[INFO DRT-0033] via3 shape region query size = 88.
[INFO DRT-0033] met4 shape region query size = 26.
[INFO DRT-0033] via4 shape region query size = 0.
[INFO DRT-0033] met5 shape region query size = 0.
[INFO DRT-0165] Start pin access.
[INFO DRT-0078]   Complete 348 pins.
[INFO DRT-0079]   Complete 100 unique inst patterns.
[INFO DRT-0081]   Complete 101 unique inst patterns.
[INFO DRT-0084]   Complete 138 groups.
#scanned instances     = 429
#unique  instances     = 107
#stdCellGenAp          = 2887
#stdCellValidPlanarAp  = 20
#stdCellValidViaAp     = 2215
#stdCellPinNoAp        = 0
#stdCellPinCnt         = 1026
#instTermValidViaApCnt = 0
#macroGenAp            = 0
#macroValidPlanarAp    = 0
#macroValidViaAp       = 0
#macroNoAp             = 0
[INFO DRT-0166] Complete pin access.
[INFO DRT-0267] cpu time = 00:00:19, elapsed time = 00:00:01, memory = 142.64 (MB), peak = 141.28 (MB)

[INFO DRT-0157] Number of guides:     2152

[INFO DRT-0169] Post process guides.
[INFO DRT-0176] GCELLGRID X 0 DO 10 STEP 6900 ;
[INFO DRT-0177] GCELLGRID Y 0 DO 11 STEP 6900 ;
[INFO DRT-0028]   Complete FR_MASTERSLICE.
[INFO DRT-0028]   Complete licon.
[INFO DRT-0028]   Complete li1.
[INFO DRT-0028]   Complete mcon.
[INFO DRT-0028]   Complete met1.
[INFO DRT-0028]   Complete via.
[INFO DRT-0028]   Complete met2.
[INFO DRT-0028]   Complete via2.
[INFO DRT-0028]   Complete met3.
[INFO DRT-0028]   Complete via3.
[INFO DRT-0028]   Complete met4.
[INFO DRT-0028]   Complete via4.
[INFO DRT-0028]   Complete met5.
[INFO DRT-0178] Init guide query.
[INFO DRT-0035]   Complete FR_MASTERSLICE (guide).
[INFO DRT-0035]   Complete licon (guide).
[INFO DRT-0035]   Complete li1 (guide).
[INFO DRT-0035]   Complete mcon (guide).
[INFO DRT-0035]   Complete met1 (guide).
[INFO DRT-0035]   Complete via (guide).
[INFO DRT-0035]   Complete met2 (guide).
[INFO DRT-0035]   Complete via2 (guide).
[INFO DRT-0035]   Complete met3 (guide).
[INFO DRT-0035]   Complete via3 (guide).
[INFO DRT-0035]   Complete met4 (guide).
[INFO DRT-0035]   Complete via4 (guide).
[INFO DRT-0035]   Complete met5 (guide).
[INFO DRT-0036] FR_MASTERSLICE guide region query size = 0.
[INFO DRT-0036] licon guide region query size = 0.
[INFO DRT-0036] li1 guide region query size = 750.
[INFO DRT-0036] mcon guide region query size = 0.
[INFO DRT-0036] met1 guide region query size = 575.
[INFO DRT-0036] via guide region query size = 0.
[INFO DRT-0036] met2 guide region query size = 312.
[INFO DRT-0036] via2 guide region query size = 0.
[INFO DRT-0036] met3 guide region query size = 64.
[INFO DRT-0036] via3 guide region query size = 0.
[INFO DRT-0036] met4 guide region query size = 7.
[INFO DRT-0036] via4 guide region query size = 0.
[INFO DRT-0036] met5 guide region query size = 0.
[INFO DRT-0179] Init gr pin query.
[INFO DRT-0245] skipped writing guide updates to database.
[INFO DRT-0185] Post process initialize RPin region query.
[INFO DRT-0181] Start track assignment.
[INFO DRT-0184] Done with 1069 vertical wires in 1 frboxes and 639 horizontal wires in 1 frboxes.
[INFO DRT-0186] Done with 93 vertical wires in 1 frboxes and 201 horizontal wires in 1 frboxes.
[INFO DRT-0182] Complete track assignment.
[INFO DRT-0267] cpu time = 00:00:01, elapsed time = 00:00:00, memory = 145.89 (MB), peak = 144.40 (MB)
[INFO DRT-0187] Start routing data preparation.
[INFO DRT-0267] cpu time = 00:00:00, elapsed time = 00:00:00, memory = 145.93 (MB), peak = 144.40 (MB)
[INFO DRT-0194] Start detail routing.
[INFO DRT-0195] Start 0th optimization iteration.
    Completing 10% with 0 violations.
    elapsed time = 00:00:01, memory = 156.22 (MB).
    Completing 20% with 31 violations.
    elapsed time = 00:00:01, memory = 175.75 (MB).
    Completing 30% with 58 violations.
    elapsed time = 00:00:02, memory = 177.84 (MB).
    Completing 40% with 95 violations.
    elapsed time = 00:00:03, memory = 177.84 (MB).
[INFO DRT-0199]   Number of violations = 138.
Viol/Layer         li1   met1    via   met2   met3
Metal Spacing        2     14      0      7      5
Recheck              0     11      0      0      0
Short                0     98      1      0      0
[INFO DRT-0267] cpu time = 00:00:16, elapsed time = 00:00:03, memory = 528.83 (MB), peak = 527.14 (MB)
Total wire length = 5602 um.
Total wire length on LAYER li1 = 0 um.
Total wire length on LAYER met1 = 2587 um.
Total wire length on LAYER met2 = 2488 um.
Total wire length on LAYER met3 = 436 um.
Total wire length on LAYER met4 = 89 um.
Total wire length on LAYER met5 = 0 um.
Total number of vias = 2092.
Up-via summary (total 2092):

-----------------------
 FR_MASTERSLICE       0
            li1     994
           met1    1008
           met2      78
           met3      12
           met4       0
-----------------------
                   2092


[INFO DRT-0195] Start 1st optimization iteration.
    Completing 10% with 138 violations.
    elapsed time = 00:00:00, memory = 545.59 (MB).
    Completing 20% with 142 violations.
    elapsed time = 00:00:01, memory = 557.12 (MB).
    Completing 30% with 154 violations.
    elapsed time = 00:00:02, memory = 557.97 (MB).
    Completing 40% with 122 violations.
    elapsed time = 00:00:03, memory = 557.97 (MB).
[INFO DRT-0199]   Number of violations = 66.
Viol/Layer        met1   met2   met3
Metal Spacing        9      3      4
Short               46      4      0
[INFO DRT-0267] cpu time = 00:00:15, elapsed time = 00:00:03, memory = 504.96 (MB), peak = 557.27 (MB)
Total wire length = 5538 um.
Total wire length on LAYER li1 = 0 um.
Total wire length on LAYER met1 = 2589 um.
Total wire length on LAYER met2 = 2442 um.
Total wire length on LAYER met3 = 427 um.
Total wire length on LAYER met4 = 78 um.
Total wire length on LAYER met5 = 0 um.
Total number of vias = 2063.
Up-via summary (total 2063):

-----------------------
 FR_MASTERSLICE       0
            li1     994
           met1     982
           met2      77
           met3      10
           met4       0
-----------------------
                   2063


[INFO DRT-0195] Start 2nd optimization iteration.
    Completing 10% with 66 violations.
    elapsed time = 00:00:00, memory = 504.96 (MB).
    Completing 20% with 66 violations.
    elapsed time = 00:00:00, memory = 504.97 (MB).
    Completing 30% with 66 violations.
    elapsed time = 00:00:00, memory = 504.97 (MB).
    Completing 40% with 66 violations.
    elapsed time = 00:00:00, memory = 504.97 (MB).
    Completing 50% with 66 violations.
    elapsed time = 00:00:00, memory = 504.97 (MB).
    Completing 60% with 66 violations.
    elapsed time = 00:00:00, memory = 504.97 (MB).
    Completing 70% with 61 violations.
    elapsed time = 00:00:00, memory = 509.93 (MB).
    Completing 80% with 61 violations.
    elapsed time = 00:00:00, memory = 509.93 (MB).
    Completing 90% with 52 violations.
    elapsed time = 00:00:03, memory = 509.93 (MB).
    Completing 100% with 94 violations.
    elapsed time = 00:00:03, memory = 509.93 (MB).
[INFO DRT-0199]   Number of violations = 94.
Viol/Layer        met1   met2
Metal Spacing       13      2
Short               79      0
[INFO DRT-0267] cpu time = 00:00:13, elapsed time = 00:00:04, memory = 564.54 (MB), peak = 562.87 (MB)
Total wire length = 5553 um.
Total wire length on LAYER li1 = 0 um.
Total wire length on LAYER met1 = 2590 um.
Total wire length on LAYER met2 = 2439 um.
Total wire length on LAYER met3 = 443 um.
Total wire length on LAYER met4 = 79 um.
Total wire length on LAYER met5 = 0 um.
Total number of vias = 2038.
Up-via summary (total 2038):

-----------------------
 FR_MASTERSLICE       0
            li1     994
           met1     955
           met2      79
           met3      10
           met4       0
-----------------------
                   2038


[INFO DRT-0195] Start 3rd optimization iteration.
    Completing 10% with 94 violations.
    elapsed time = 00:00:01, memory = 582.99 (MB).
    Completing 20% with 72 violations.
    elapsed time = 00:00:01, memory = 589.53 (MB).
    Completing 30% with 45 violations.
    elapsed time = 00:00:05, memory = 591.10 (MB).
    Completing 40% with 45 violations.
    elapsed time = 00:00:05, memory = 591.10 (MB).
[INFO DRT-0199]   Number of violations = 27.
Viol/Layer        met1
Metal Spacing        4
Short               23
[INFO DRT-0267] cpu time = 00:00:18, elapsed time = 00:00:05, memory = 591.10 (MB), peak = 603.74 (MB)
Total wire length = 5555 um.
Total wire length on LAYER li1 = 0 um.
Total wire length on LAYER met1 = 2508 um.
Total wire length on LAYER met2 = 2461 um.
Total wire length on LAYER met3 = 501 um.
Total wire length on LAYER met4 = 84 um.
Total wire length on LAYER met5 = 0 um.
Total number of vias = 2080.
Up-via summary (total 2080):

-----------------------
 FR_MASTERSLICE       0
            li1     994
           met1     974
           met2     100
           met3      12
           met4       0
-----------------------
                   2080


[INFO DRT-0195] Start 4th optimization iteration.
    Completing 10% with 27 violations.
    elapsed time = 00:00:00, memory = 615.67 (MB).
    Completing 20% with 27 violations.
    elapsed time = 00:00:00, memory = 615.67 (MB).
    Completing 30% with 27 violations.
    elapsed time = 00:00:01, memory = 615.67 (MB).
    Completing 40% with 3 violations.
    elapsed time = 00:00:01, memory = 615.67 (MB).
[INFO DRT-0199]   Number of violations = 3.
Viol/Layer        met1
Metal Spacing        1
Short                2
[INFO DRT-0267] cpu time = 00:00:08, elapsed time = 00:00:01, memory = 616.02 (MB), peak = 614.27 (MB)
Total wire length = 5555 um.
Total wire length on LAYER li1 = 0 um.
Total wire length on LAYER met1 = 2441 um.
Total wire length on LAYER met2 = 2453 um.
Total wire length on LAYER met3 = 560 um.
Total wire length on LAYER met4 = 99 um.
Total wire length on LAYER met5 = 0 um.
Total number of vias = 2098.
Up-via summary (total 2098):

-----------------------
 FR_MASTERSLICE       0
            li1     994
           met1     978
           met2     112
           met3      14
           met4       0
-----------------------
                   2098


[INFO DRT-0195] Start 5th optimization iteration.
    Completing 10% with 3 violations.
    elapsed time = 00:00:00, memory = 616.02 (MB).
    Completing 20% with 3 violations.
    elapsed time = 00:00:00, memory = 616.02 (MB).
    Completing 30% with 3 violations.
    elapsed time = 00:00:00, memory = 616.02 (MB).
    Completing 40% with 0 violations.
    elapsed time = 00:00:00, memory = 616.02 (MB).
[INFO DRT-0199]   Number of violations = 0.
[INFO DRT-0267] cpu time = 00:00:04, elapsed time = 00:00:00, memory = 616.02 (MB), peak = 614.27 (MB)
Total wire length = 5554 um.
Total wire length on LAYER li1 = 0 um.
Total wire length on LAYER met1 = 2441 um.
Total wire length on LAYER met2 = 2452 um.
Total wire length on LAYER met3 = 560 um.
Total wire length on LAYER met4 = 99 um.
Total wire length on LAYER met5 = 0 um.
Total number of vias = 2096.
Up-via summary (total 2096):

-----------------------
 FR_MASTERSLICE       0
            li1     994
           met1     976
           met2     112
           met3      14
           met4       0
-----------------------
                   2096


[INFO DRT-0198] Complete detail routing.
Total wire length = 5554 um.
Total wire length on LAYER li1 = 0 um.
Total wire length on LAYER met1 = 2441 um.
Total wire length on LAYER met2 = 2452 um.
Total wire length on LAYER met3 = 560 um.
Total wire length on LAYER met4 = 99 um.
Total wire length on LAYER met5 = 0 um.
Total number of vias = 2096.
Up-via summary (total 2096):

-----------------------
 FR_MASTERSLICE       0
            li1     994
           met1     976
           met2     112
           met3      14
           met4       0
-----------------------
                   2096


[INFO DRT-0267] cpu time = 00:01:17, elapsed time = 00:00:18, memory = 616.02 (MB), peak = 614.27 (MB)

[INFO DRT-0180] Post processing.
Setting global connections for newly added cells…
[INFO] Setting global connections...
Updating metrics…
Cell type report:                       Count       Area
  Fill cell                                42     157.65
  Tap cell                                 46      57.56
  Clock buffer                              8     160.15
  Timing Repair Buffer                     69     319.06
  Inverter                                 35     131.38
  Sequential cell                          32     804.52
  Multi-Input combinational cell          197    1256.20
  Total                                   429    2886.52
Writing OpenROAD database to '/home/minhnd/projects/CLA32_Floorplanning/runs/acc32_util80/43-openroad-detailedrouting/acc32.odb'…
Writing netlist to '/home/minhnd/projects/CLA32_Floorplanning/runs/acc32_util80/43-openroad-detailedrouting/acc32.nl.v'…
Writing powered netlist to '/home/minhnd/projects/CLA32_Floorplanning/runs/acc32_util80/43-openroad-detailedrouting/acc32.pnl.v'…
Writing layout to '/home/minhnd/projects/CLA32_Floorplanning/runs/acc32_util80/43-openroad-detailedrouting/acc32.def'…
Writing timing constraints to '/home/minhnd/projects/CLA32_Floorplanning/runs/acc32_util80/43-openroad-detailedrouting/acc32.sdc'…
