Reading OpenROAD database at '/home/minhnd/projects/CLA32_Floorplanning/runs/acc32_sram_v10/41-openroad-repairantennas/1-diodeinsertion/acc32_sram.odb'…
Reading library file at '/home/minhnd/.volare/volare/sky130/versions/0fe599b2afb6708d281543108caf8310912f54af/sky130A/libs.ref/sky130_fd_sc_hd/lib/sky130_fd_sc_hd__tt_025C_1v80.lib'…
Reading library file at '/home/minhnd/projects/CLA32_Floorplanning/macros/sky130_sram_macros/sky130_sram_1kbyte_1rw1r_32x256_8/sky130_sram_1kbyte_1rw1r_32x256_8_TT_1p8V_25C.lib'…
Reading macro library file at '/home/minhnd/projects/CLA32_Floorplanning/macros/sky130_sram_macros/sky130_sram_1kbyte_1rw1r_32x256_8/sky130_sram_1kbyte_1rw1r_32x256_8_TT_1p8V_25C.lib'…
[WARNING STA-1140] /home/minhnd/projects/CLA32_Floorplanning/macros/sky130_sram_macros/sky130_sram_1kbyte_1rw1r_32x256_8/sky130_sram_1kbyte_1rw1r_32x256_8_TT_1p8V_25C.lib line 1, library sky130_sram_1kbyte_1rw1r_32x256_8_TT_1p8V_25C_lib already exists.
Reading design constraints file at '/nix/store/ss2cw3sxbrwwx9jl0rrppbw4kgcmgi2n-python3-3.11.9-env/lib/python3.11/site-packages/openlane/scripts/base.sdc'…
[INFO] Using clock clk…
[INFO] Setting output delay to: 10
[INFO] Setting input delay to: 10
[INFO] Setting load to: 0.033442
[INFO] Setting clock uncertainty to: 0.25
[INFO] Setting clock transition to: 0.1499999999999999944488848768742172978818416595458984375
[INFO] Setting timing derate to: 5%
%OL_CREATE_REPORT /home/minhnd/projects/CLA32_Floorplanning/runs/acc32_sram_v10/41-openroad-repairantennas/2-openroad-checkantennas/reports/antenna.rpt
Net: dout0\[15\]
  Pin:   _617_/D (sky130_fd_sc_hd__dfrtp_1)
    Layer: mcon
      Partial area ratio:    0.23
      Required ratio:    3.00 (Gate area) 
      Cumulative area ratio:    0.23
      Required ratio:    0.00 (Cumulative area) 

    Layer: met1
      Partial area ratio:    5.29
      Required ratio:    0.00 (Gate area) 
      Cumulative area ratio:    5.29
      Required ratio:    0.00 (Cumulative area) 
      Partial area ratio:   25.00
      Required ratio:  400.00 (Side area) 
      Cumulative area ratio:   25.00
      Required ratio:    0.00 (Cumulative side area) 

    Layer: via
      Partial area ratio:    0.36
      Required ratio:    6.00 (Gate area) 
      Cumulative area ratio:    0.59
      Required ratio:    0.00 (Cumulative area) 

    Layer: met2
      Partial area ratio:    1.48
      Required ratio:    0.00 (Gate area) 
      Cumulative area ratio:    6.78
      Required ratio:    0.00 (Cumulative area) 
      Partial area ratio:    6.83
      Required ratio:  400.00 (Side area) 
      Cumulative area ratio:   31.83
      Required ratio:    0.00 (Cumulative side area) 

    Layer: via2
      Partial area ratio:    0.32
      Required ratio:    6.00 (Gate area) 
      Cumulative area ratio:    0.90
      Required ratio:    0.00 (Cumulative area) 

    Layer: met3
      Partial area ratio:    0.99
      Required ratio:    0.00 (Gate area) 
      Cumulative area ratio:    7.77
      Required ratio:    0.00 (Cumulative area) 
      Partial area ratio:    9.02
      Required ratio:  400.00 (Side area) 
      Cumulative area ratio:   40.85
      Required ratio:    0.00 (Cumulative side area) 

    Layer: via3
      Partial area ratio:    0.32
      Required ratio:    6.00 (Gate area) 
      Cumulative area ratio:    1.22
      Required ratio:    0.00 (Cumulative area) 

    Layer: met4
      Partial area ratio:   26.55
      Required ratio:    0.00 (Gate area) 
      Cumulative area ratio:   34.31
      Required ratio:    0.00 (Cumulative area) 
      Partial area ratio:  112.57
      Required ratio:  400.00 (Side area) 
      Cumulative area ratio:  153.42
      Required ratio:    0.00 (Cumulative side area) 

    Layer: via4
      Partial area ratio:    5.08
      Required ratio:    6.00 (Gate area) 
      Cumulative area ratio:    6.30
      Required ratio:    0.00 (Cumulative area) 

    Layer: met5
      Partial area ratio:  283.17
      Required ratio:    0.00 (Gate area) 
      Cumulative area ratio:  317.49
      Required ratio:    0.00 (Cumulative area) 
      Partial area ratio:  455.24
      Required ratio:  400.00 (Side area) (VIOLATED)
      Cumulative area ratio:  608.66
      Required ratio:    0.00 (Cumulative side area) 



[INFO ANT-0002] Found 1 net violations.
[INFO ANT-0001] Found 1 pin violations.
%OL_END_REPORT
