
===========================================================================
report_checks -path_delay max (Setup)
============================================================================
======================= max_ss_100C_1v60 Corner ===================================

Startpoint: b[3] (input port clocked by __VIRTUAL_CLK__)
Endpoint: cout (output port clocked by __VIRTUAL_CLK__)
Path Group: __VIRTUAL_CLK__
Path Type: max

Fanout         Cap        Slew       Delay        Time   Description
---------------------------------------------------------------------------------------------
                      0.000000    0.000000    0.000000   clock __VIRTUAL_CLK__ (rise edge)
                                  0.000000    0.000000   clock network delay (ideal)
                                  4.000000    4.000000 v input external delay
     1    0.003257    0.020220    0.010723    4.010723 v b[3] (in)
                                                         b[3] (net)
                      0.020221    0.000000    4.010723 v input12/A (sky130_fd_sc_hd__clkbuf_1)
     3    0.007565    0.099252    0.178761    4.189484 v input12/X (sky130_fd_sc_hd__clkbuf_1)
                                                         net12 (net)
                      0.099252    0.000385    4.189869 v _40_/A (sky130_fd_sc_hd__or2_1)
     2    0.007897    0.140637    0.563280    4.753149 v _40_/X (sky130_fd_sc_hd__or2_1)
                                                         _01_ (net)
                      0.140637    0.000499    4.753648 v _70_/A1 (sky130_fd_sc_hd__a211o_1)
     1    0.002688    0.083816    0.508233    5.261881 v _70_/X (sky130_fd_sc_hd__a211o_1)
                                                         _27_ (net)
                      0.083816    0.000188    5.262069 v _71_/B1 (sky130_fd_sc_hd__a21oi_1)
     2    0.008800    0.348143    0.329933    5.592001 ^ _71_/Y (sky130_fd_sc_hd__a21oi_1)
                                                         _28_ (net)
                      0.348145    0.000625    5.592627 ^ _74_/A2 (sky130_fd_sc_hd__o31ai_2)
     3    0.013012    0.167171    0.279053    5.871679 v _74_/Y (sky130_fd_sc_hd__o31ai_2)
                                                         _31_ (net)
                      0.167173    0.000788    5.872467 v _81_/A2 (sky130_fd_sc_hd__a21bo_1)
     2    0.007814    0.101747    0.419805    6.292272 v _81_/X (sky130_fd_sc_hd__a21bo_1)
                                                         _37_ (net)
                      0.101747    0.000254    6.292526 v _86_/B1 (sky130_fd_sc_hd__o221a_1)
     1    0.001858    0.081359    0.420607    6.713132 v _86_/X (sky130_fd_sc_hd__o221a_1)
                                                         net18 (net)
                      0.081359    0.000133    6.713265 v output18/A (sky130_fd_sc_hd__buf_2)
     1    0.034432    0.166824    0.349587    7.062853 v output18/X (sky130_fd_sc_hd__buf_2)
                                                         cout (net)
                      0.166842    0.001763    7.064616 v cout (out)
                                              7.064616   data arrival time

                      0.000000   20.000000   20.000000   clock __VIRTUAL_CLK__ (rise edge)
                                  0.000000   20.000000   clock network delay (ideal)
                                 -0.250000   19.750002   clock uncertainty
                                  0.000000   19.750002   clock reconvergence pessimism
                                 -4.000000   15.750001   output external delay
                                             15.750001   data required time
---------------------------------------------------------------------------------------------
                                             15.750001   data required time
                                             -7.064616   data arrival time
---------------------------------------------------------------------------------------------
                                              8.685385   slack (MET)


Startpoint: b[3] (input port clocked by __VIRTUAL_CLK__)
Endpoint: sum[7] (output port clocked by __VIRTUAL_CLK__)
Path Group: __VIRTUAL_CLK__
Path Type: max

Fanout         Cap        Slew       Delay        Time   Description
---------------------------------------------------------------------------------------------
                      0.000000    0.000000    0.000000   clock __VIRTUAL_CLK__ (rise edge)
                                  0.000000    0.000000   clock network delay (ideal)
                                  4.000000    4.000000 v input external delay
     1    0.003257    0.020220    0.010723    4.010723 v b[3] (in)
                                                         b[3] (net)
                      0.020221    0.000000    4.010723 v input12/A (sky130_fd_sc_hd__clkbuf_1)
     3    0.007565    0.099252    0.178761    4.189484 v input12/X (sky130_fd_sc_hd__clkbuf_1)
                                                         net12 (net)
                      0.099252    0.000385    4.189869 v _40_/A (sky130_fd_sc_hd__or2_1)
     2    0.007897    0.140637    0.563280    4.753149 v _40_/X (sky130_fd_sc_hd__or2_1)
                                                         _01_ (net)
                      0.140637    0.000499    4.753648 v _70_/A1 (sky130_fd_sc_hd__a211o_1)
     1    0.002688    0.083816    0.508233    5.261881 v _70_/X (sky130_fd_sc_hd__a211o_1)
                                                         _27_ (net)
                      0.083816    0.000188    5.262069 v _71_/B1 (sky130_fd_sc_hd__a21oi_1)
     2    0.008800    0.348143    0.329933    5.592001 ^ _71_/Y (sky130_fd_sc_hd__a21oi_1)
                                                         _28_ (net)
                      0.348145    0.000625    5.592627 ^ _74_/A2 (sky130_fd_sc_hd__o31ai_2)
     3    0.013012    0.167171    0.279053    5.871679 v _74_/Y (sky130_fd_sc_hd__o31ai_2)
                                                         _31_ (net)
                      0.167174    0.000892    5.872571 v _77_/A1 (sky130_fd_sc_hd__o211a_1)
     1    0.004738    0.089507    0.463672    6.336243 v _77_/X (sky130_fd_sc_hd__o211a_1)
                                                         _34_ (net)
                      0.089507    0.000224    6.336467 v _78_/B (sky130_fd_sc_hd__xnor2_1)
     1    0.002508    0.179283    0.211357    6.547824 ^ _78_/Y (sky130_fd_sc_hd__xnor2_1)
                                                         net26 (net)
                      0.179283    0.000163    6.547987 ^ output26/A (sky130_fd_sc_hd__buf_2)
     1    0.035209    0.279532    0.398968    6.946955 ^ output26/X (sky130_fd_sc_hd__buf_2)
                                                         sum[7] (net)
                      0.279538    0.001662    6.948617 ^ sum[7] (out)
                                              6.948617   data arrival time

                      0.000000   20.000000   20.000000   clock __VIRTUAL_CLK__ (rise edge)
                                  0.000000   20.000000   clock network delay (ideal)
                                 -0.250000   19.750002   clock uncertainty
                                  0.000000   19.750002   clock reconvergence pessimism
                                 -4.000000   15.750001   output external delay
                                             15.750001   data required time
---------------------------------------------------------------------------------------------
                                             15.750001   data required time
                                             -6.948617   data arrival time
---------------------------------------------------------------------------------------------
                                              8.801384   slack (MET)


Startpoint: b[3] (input port clocked by __VIRTUAL_CLK__)
Endpoint: sum[6] (output port clocked by __VIRTUAL_CLK__)
Path Group: __VIRTUAL_CLK__
Path Type: max

Fanout         Cap        Slew       Delay        Time   Description
---------------------------------------------------------------------------------------------
                      0.000000    0.000000    0.000000   clock __VIRTUAL_CLK__ (rise edge)
                                  0.000000    0.000000   clock network delay (ideal)
                                  4.000000    4.000000 v input external delay
     1    0.003257    0.020220    0.010723    4.010723 v b[3] (in)
                                                         b[3] (net)
                      0.020221    0.000000    4.010723 v input12/A (sky130_fd_sc_hd__clkbuf_1)
     3    0.007565    0.099252    0.178761    4.189484 v input12/X (sky130_fd_sc_hd__clkbuf_1)
                                                         net12 (net)
                      0.099252    0.000385    4.189869 v _40_/A (sky130_fd_sc_hd__or2_1)
     2    0.007897    0.140637    0.563280    4.753149 v _40_/X (sky130_fd_sc_hd__or2_1)
                                                         _01_ (net)
                      0.140637    0.000499    4.753648 v _70_/A1 (sky130_fd_sc_hd__a211o_1)
     1    0.002688    0.083816    0.508233    5.261881 v _70_/X (sky130_fd_sc_hd__a211o_1)
                                                         _27_ (net)
                      0.083816    0.000188    5.262069 v _71_/B1 (sky130_fd_sc_hd__a21oi_1)
     2    0.008800    0.348143    0.329933    5.592001 ^ _71_/Y (sky130_fd_sc_hd__a21oi_1)
                                                         _28_ (net)
                      0.348145    0.000625    5.592627 ^ _74_/A2 (sky130_fd_sc_hd__o31ai_2)
     3    0.013012    0.167171    0.279053    5.871679 v _74_/Y (sky130_fd_sc_hd__o31ai_2)
                                                         _31_ (net)
                      0.167173    0.000788    5.872467 v _81_/A2 (sky130_fd_sc_hd__a21bo_1)
     2    0.007814    0.101747    0.419805    6.292272 v _81_/X (sky130_fd_sc_hd__a21bo_1)
                                                         _37_ (net)
                      0.101747    0.000444    6.292717 v _82_/B (sky130_fd_sc_hd__xnor2_1)
     1    0.001945    0.161802    0.202069    6.494786 ^ _82_/Y (sky130_fd_sc_hd__xnor2_1)
                                                         net25 (net)
                      0.161802    0.000088    6.494874 ^ output25/A (sky130_fd_sc_hd__buf_2)
     1    0.034304    0.272782    0.385961    6.880834 ^ output25/X (sky130_fd_sc_hd__buf_2)
                                                         sum[6] (net)
                      0.272788    0.001650    6.882484 ^ sum[6] (out)
                                              6.882484   data arrival time

                      0.000000   20.000000   20.000000   clock __VIRTUAL_CLK__ (rise edge)
                                  0.000000   20.000000   clock network delay (ideal)
                                 -0.250000   19.750002   clock uncertainty
                                  0.000000   19.750002   clock reconvergence pessimism
                                 -4.000000   15.750001   output external delay
                                             15.750001   data required time
---------------------------------------------------------------------------------------------
                                             15.750001   data required time
                                             -6.882484   data arrival time
---------------------------------------------------------------------------------------------
                                              8.867517   slack (MET)


Startpoint: a[1] (input port clocked by __VIRTUAL_CLK__)
Endpoint: sum[5] (output port clocked by __VIRTUAL_CLK__)
Path Group: __VIRTUAL_CLK__
Path Type: max

Fanout         Cap        Slew       Delay        Time   Description
---------------------------------------------------------------------------------------------
                      0.000000    0.000000    0.000000   clock __VIRTUAL_CLK__ (rise edge)
                                  0.000000    0.000000   clock network delay (ideal)
                                  4.000000    4.000000 v input external delay
     1    0.003568    0.021434    0.011699    4.011699 v a[1] (in)
                                                         a[1] (net)
                      0.021434    0.000000    4.011699 v input2/A (sky130_fd_sc_hd__clkbuf_1)
     2    0.004583    0.068261    0.154704    4.166402 v input2/X (sky130_fd_sc_hd__clkbuf_1)
                                                         net2 (net)
                      0.068261    0.000273    4.166676 v _46_/B (sky130_fd_sc_hd__and2_1)
     3    0.008593    0.113997    0.361914    4.528589 v _46_/X (sky130_fd_sc_hd__and2_1)
                                                         _07_ (net)
                      0.113997    0.000518    4.529107 v _52_/A (sky130_fd_sc_hd__nor2_1)
     3    0.011388    0.364438    0.362902    4.892009 ^ _52_/Y (sky130_fd_sc_hd__nor2_1)
                                                         _13_ (net)
                      0.364439    0.000536    4.892545 ^ _71_/A2 (sky130_fd_sc_hd__a21oi_1)
     2    0.008135    0.179071    0.303086    5.195632 v _71_/Y (sky130_fd_sc_hd__a21oi_1)
                                                         _28_ (net)
                      0.179071    0.000572    5.196204 v _74_/A2 (sky130_fd_sc_hd__o31ai_2)
     3    0.013671    0.534969    0.601486    5.797689 ^ _74_/Y (sky130_fd_sc_hd__o31ai_2)
                                                         _31_ (net)
                      0.534969    0.000787    5.798477 ^ _83_/A (sky130_fd_sc_hd__xnor2_1)
     1    0.002169    0.168749    0.340049    6.138526 ^ _83_/Y (sky130_fd_sc_hd__xnor2_1)
                                                         net24 (net)
                      0.168749    0.000155    6.138681 ^ output24/A (sky130_fd_sc_hd__buf_2)
     1    0.034729    0.275979    0.391362    6.530043 ^ output24/X (sky130_fd_sc_hd__buf_2)
                                                         sum[5] (net)
                      0.275987    0.001801    6.531844 ^ sum[5] (out)
                                              6.531844   data arrival time

                      0.000000   20.000000   20.000000   clock __VIRTUAL_CLK__ (rise edge)
                                  0.000000   20.000000   clock network delay (ideal)
                                 -0.250000   19.750002   clock uncertainty
                                  0.000000   19.750002   clock reconvergence pessimism
                                 -4.000000   15.750001   output external delay
                                             15.750001   data required time
---------------------------------------------------------------------------------------------
                                             15.750001   data required time
                                             -6.531844   data arrival time
---------------------------------------------------------------------------------------------
                                              9.218157   slack (MET)


Startpoint: b[0] (input port clocked by __VIRTUAL_CLK__)
Endpoint: sum[3] (output port clocked by __VIRTUAL_CLK__)
Path Group: __VIRTUAL_CLK__
Path Type: max

Fanout         Cap        Slew       Delay        Time   Description
---------------------------------------------------------------------------------------------
                      0.000000    0.000000    0.000000   clock __VIRTUAL_CLK__ (rise edge)
                                  0.000000    0.000000   clock network delay (ideal)
                                  4.000000    4.000000 v input external delay
     1    0.003457    0.020999    0.011354    4.011353 v b[0] (in)
                                                         b[0] (net)
                      0.020999    0.000000    4.011353 v input9/A (sky130_fd_sc_hd__clkbuf_1)
     2    0.004762    0.070091    0.155989    4.167343 v input9/X (sky130_fd_sc_hd__clkbuf_1)
                                                         net9 (net)
                      0.070091    0.000242    4.167584 v _48_/A (sky130_fd_sc_hd__or2_1)
     2    0.006200    0.126312    0.534353    4.701938 v _48_/X (sky130_fd_sc_hd__or2_1)
                                                         _09_ (net)
                      0.126312    0.000221    4.702158 v _50_/A2 (sky130_fd_sc_hd__a21bo_1)
     3    0.012168    0.137511    0.437229    5.139387 v _50_/X (sky130_fd_sc_hd__a21bo_1)
                                                         _11_ (net)
                      0.137513    0.000721    5.140109 v _53_/A1 (sky130_fd_sc_hd__a21oi_1)
     2    0.007976    0.322826    0.351763    5.491871 ^ _53_/Y (sky130_fd_sc_hd__a21oi_1)
                                                         _14_ (net)
                      0.322827    0.000509    5.492380 ^ _54_/A2 (sky130_fd_sc_hd__o21ba_1)
     1    0.004791    0.100377    0.326931    5.819312 ^ _54_/X (sky130_fd_sc_hd__o21ba_1)
                                                         _15_ (net)
                      0.100377    0.000227    5.819538 ^ _55_/B (sky130_fd_sc_hd__xnor2_1)
     1    0.002991    0.194408    0.205088    6.024626 ^ _55_/Y (sky130_fd_sc_hd__xnor2_1)
                                                         net22 (net)
                      0.194408    0.000193    6.024819 ^ output22/A (sky130_fd_sc_hd__buf_2)
     1    0.034460    0.273991    0.402112    6.426931 ^ output22/X (sky130_fd_sc_hd__buf_2)
                                                         sum[3] (net)
                      0.273997    0.001615    6.428545 ^ sum[3] (out)
                                              6.428545   data arrival time

                      0.000000   20.000000   20.000000   clock __VIRTUAL_CLK__ (rise edge)
                                  0.000000   20.000000   clock network delay (ideal)
                                 -0.250000   19.750002   clock uncertainty
                                  0.000000   19.750002   clock reconvergence pessimism
                                 -4.000000   15.750001   output external delay
                                             15.750001   data required time
---------------------------------------------------------------------------------------------
                                             15.750001   data required time
                                             -6.428545   data arrival time
---------------------------------------------------------------------------------------------
                                              9.321456   slack (MET)


Startpoint: b[3] (input port clocked by __VIRTUAL_CLK__)
Endpoint: sum[4] (output port clocked by __VIRTUAL_CLK__)
Path Group: __VIRTUAL_CLK__
Path Type: max

Fanout         Cap        Slew       Delay        Time   Description
---------------------------------------------------------------------------------------------
                      0.000000    0.000000    0.000000   clock __VIRTUAL_CLK__ (rise edge)
                                  0.000000    0.000000   clock network delay (ideal)
                                  4.000000    4.000000 v input external delay
     1    0.003257    0.020220    0.010723    4.010723 v b[3] (in)
                                                         b[3] (net)
                      0.020221    0.000000    4.010723 v input12/A (sky130_fd_sc_hd__clkbuf_1)
     3    0.007565    0.099252    0.178761    4.189484 v input12/X (sky130_fd_sc_hd__clkbuf_1)
                                                         net12 (net)
                      0.099252    0.000385    4.189869 v _40_/A (sky130_fd_sc_hd__or2_1)
     2    0.007897    0.140637    0.563280    4.753149 v _40_/X (sky130_fd_sc_hd__or2_1)
                                                         _01_ (net)
                      0.140637    0.000499    4.753648 v _70_/A1 (sky130_fd_sc_hd__a211o_1)
     1    0.002688    0.083816    0.508233    5.261881 v _70_/X (sky130_fd_sc_hd__a211o_1)
                                                         _27_ (net)
                      0.083816    0.000188    5.262069 v _71_/B1 (sky130_fd_sc_hd__a21oi_1)
     2    0.008800    0.348143    0.329933    5.592001 ^ _71_/Y (sky130_fd_sc_hd__a21oi_1)
                                                         _28_ (net)
                      0.348144    0.000568    5.592569 ^ _73_/A (sky130_fd_sc_hd__nor2_1)
     1    0.005463    0.111476    0.206293    5.798862 v _73_/Y (sky130_fd_sc_hd__nor2_1)
                                                         _30_ (net)
                      0.111476    0.000429    5.799292 v _84_/B (sky130_fd_sc_hd__xnor2_1)
     1    0.002502    0.179085    0.220557    6.019848 ^ _84_/Y (sky130_fd_sc_hd__xnor2_1)
                                                         net23 (net)
                      0.179085    0.000164    6.020012 ^ output23/A (sky130_fd_sc_hd__buf_2)
     1    0.034226    0.272232    0.393642    6.413654 ^ output23/X (sky130_fd_sc_hd__buf_2)
                                                         sum[4] (net)
                      0.272238    0.001664    6.415318 ^ sum[4] (out)
                                              6.415318   data arrival time

                      0.000000   20.000000   20.000000   clock __VIRTUAL_CLK__ (rise edge)
                                  0.000000   20.000000   clock network delay (ideal)
                                 -0.250000   19.750002   clock uncertainty
                                  0.000000   19.750002   clock reconvergence pessimism
                                 -4.000000   15.750001   output external delay
                                             15.750001   data required time
---------------------------------------------------------------------------------------------
                                             15.750001   data required time
                                             -6.415318   data arrival time
---------------------------------------------------------------------------------------------
                                              9.334682   slack (MET)


Startpoint: b[0] (input port clocked by __VIRTUAL_CLK__)
Endpoint: sum[2] (output port clocked by __VIRTUAL_CLK__)
Path Group: __VIRTUAL_CLK__
Path Type: max

Fanout         Cap        Slew       Delay        Time   Description
---------------------------------------------------------------------------------------------
                      0.000000    0.000000    0.000000   clock __VIRTUAL_CLK__ (rise edge)
                                  0.000000    0.000000   clock network delay (ideal)
                                  4.000000    4.000000 v input external delay
     1    0.003457    0.020999    0.011354    4.011353 v b[0] (in)
                                                         b[0] (net)
                      0.020999    0.000000    4.011353 v input9/A (sky130_fd_sc_hd__clkbuf_1)
     2    0.004762    0.070091    0.155989    4.167343 v input9/X (sky130_fd_sc_hd__clkbuf_1)
                                                         net9 (net)
                      0.070091    0.000242    4.167584 v _48_/A (sky130_fd_sc_hd__or2_1)
     2    0.006200    0.126312    0.534353    4.701938 v _48_/X (sky130_fd_sc_hd__or2_1)
                                                         _09_ (net)
                      0.126312    0.000221    4.702158 v _50_/A2 (sky130_fd_sc_hd__a21bo_1)
     3    0.012168    0.137511    0.437229    5.139387 v _50_/X (sky130_fd_sc_hd__a21bo_1)
                                                         _11_ (net)
                      0.137513    0.000721    5.140109 v _53_/A1 (sky130_fd_sc_hd__a21oi_1)
     2    0.007976    0.322826    0.351763    5.491871 ^ _53_/Y (sky130_fd_sc_hd__a21oi_1)
                                                         _14_ (net)
                      0.322827    0.000535    5.492406 ^ _56_/B (sky130_fd_sc_hd__xnor2_1)
     1    0.002260    0.171643    0.279286    5.771693 ^ _56_/Y (sky130_fd_sc_hd__xnor2_1)
                                                         net21 (net)
                      0.171643    0.000152    5.771845 ^ output21/A (sky130_fd_sc_hd__buf_2)
     1    0.034358    0.273205    0.390852    6.162697 ^ output21/X (sky130_fd_sc_hd__buf_2)
                                                         sum[2] (net)
                      0.273211    0.001674    6.164371 ^ sum[2] (out)
                                              6.164371   data arrival time

                      0.000000   20.000000   20.000000   clock __VIRTUAL_CLK__ (rise edge)
                                  0.000000   20.000000   clock network delay (ideal)
                                 -0.250000   19.750002   clock uncertainty
                                  0.000000   19.750002   clock reconvergence pessimism
                                 -4.000000   15.750001   output external delay
                                             15.750001   data required time
---------------------------------------------------------------------------------------------
                                             15.750001   data required time
                                             -6.164371   data arrival time
---------------------------------------------------------------------------------------------
                                              9.585629   slack (MET)


Startpoint: b[0] (input port clocked by __VIRTUAL_CLK__)
Endpoint: sum[1] (output port clocked by __VIRTUAL_CLK__)
Path Group: __VIRTUAL_CLK__
Path Type: max

Fanout         Cap        Slew       Delay        Time   Description
---------------------------------------------------------------------------------------------
                      0.000000    0.000000    0.000000   clock __VIRTUAL_CLK__ (rise edge)
                                  0.000000    0.000000   clock network delay (ideal)
                                  4.000000    4.000000 v input external delay
     1    0.003457    0.020999    0.011354    4.011353 v b[0] (in)
                                                         b[0] (net)
                      0.020999    0.000000    4.011353 v input9/A (sky130_fd_sc_hd__clkbuf_1)
     2    0.004762    0.070091    0.155989    4.167343 v input9/X (sky130_fd_sc_hd__clkbuf_1)
                                                         net9 (net)
                      0.070091    0.000242    4.167584 v _48_/A (sky130_fd_sc_hd__or2_1)
     2    0.006200    0.126312    0.534353    4.701938 v _48_/X (sky130_fd_sc_hd__or2_1)
                                                         _09_ (net)
                      0.126312    0.000221    4.702158 v _50_/A2 (sky130_fd_sc_hd__a21bo_1)
     3    0.012168    0.137511    0.437229    5.139387 v _50_/X (sky130_fd_sc_hd__a21bo_1)
                                                         _11_ (net)
                      0.137514    0.000806    5.140193 v _57_/A (sky130_fd_sc_hd__xor2_1)
     1    0.002741    0.124951    0.319088    5.459281 v _57_/X (sky130_fd_sc_hd__xor2_1)
                                                         net20 (net)
                      0.124951    0.000111    5.459392 v output20/A (sky130_fd_sc_hd__buf_2)
     1    0.034102    0.165536    0.369660    5.829052 v output20/X (sky130_fd_sc_hd__buf_2)
                                                         sum[1] (net)
                      0.165550    0.001608    5.830661 v sum[1] (out)
                                              5.830661   data arrival time

                      0.000000   20.000000   20.000000   clock __VIRTUAL_CLK__ (rise edge)
                                  0.000000   20.000000   clock network delay (ideal)
                                 -0.250000   19.750002   clock uncertainty
                                  0.000000   19.750002   clock reconvergence pessimism
                                 -4.000000   15.750001   output external delay
                                             15.750001   data required time
---------------------------------------------------------------------------------------------
                                             15.750001   data required time
                                             -5.830661   data arrival time
---------------------------------------------------------------------------------------------
                                              9.919340   slack (MET)


Startpoint: b[0] (input port clocked by __VIRTUAL_CLK__)
Endpoint: sum[0] (output port clocked by __VIRTUAL_CLK__)
Path Group: __VIRTUAL_CLK__
Path Type: max

Fanout         Cap        Slew       Delay        Time   Description
---------------------------------------------------------------------------------------------
                      0.000000    0.000000    0.000000   clock __VIRTUAL_CLK__ (rise edge)
                                  0.000000    0.000000   clock network delay (ideal)
                                  4.000000    4.000000 v input external delay
     1    0.003457    0.020999    0.011354    4.011353 v b[0] (in)
                                                         b[0] (net)
                      0.020999    0.000000    4.011353 v input9/A (sky130_fd_sc_hd__clkbuf_1)
     2    0.004762    0.070091    0.155989    4.167343 v input9/X (sky130_fd_sc_hd__clkbuf_1)
                                                         net9 (net)
                      0.070091    0.000242    4.167584 v _48_/A (sky130_fd_sc_hd__or2_1)
     2    0.006200    0.126312    0.534353    4.701938 v _48_/X (sky130_fd_sc_hd__or2_1)
                                                         _09_ (net)
                      0.126312    0.000306    4.702244 v _49_/B (sky130_fd_sc_hd__nand2_1)
     1    0.005574    0.108725    0.154320    4.856564 ^ _49_/Y (sky130_fd_sc_hd__nand2_1)
                                                         _10_ (net)
                      0.108726    0.000413    4.856977 ^ _58_/B (sky130_fd_sc_hd__xnor2_1)
     1    0.002150    0.168185    0.198408    5.055385 ^ _58_/Y (sky130_fd_sc_hd__xnor2_1)
                                                         net19 (net)
                      0.168185    0.000098    5.055482 ^ output19/A (sky130_fd_sc_hd__buf_2)
     1    0.034396    0.273495    0.389365    5.444848 ^ output19/X (sky130_fd_sc_hd__buf_2)
                                                         sum[0] (net)
                      0.273502    0.001755    5.446602 ^ sum[0] (out)
                                              5.446602   data arrival time

                      0.000000   20.000000   20.000000   clock __VIRTUAL_CLK__ (rise edge)
                                  0.000000   20.000000   clock network delay (ideal)
                                 -0.250000   19.750002   clock uncertainty
                                  0.000000   19.750002   clock reconvergence pessimism
                                 -4.000000   15.750001   output external delay
                                             15.750001   data required time
---------------------------------------------------------------------------------------------
                                             15.750001   data required time
                                             -5.446602   data arrival time
---------------------------------------------------------------------------------------------
                                             10.303398   slack (MET)



