Clock: clk
Sources: clk 
Generated: no
Virtual: no
Propagated: no
Period: 20.000000

===========================================================================
report_clock_properties
============================================================================
Clock                   Period          Waveform
----------------------------------------------------
clk                  20.000000    0.000000 10.000000

===========================================================================
report_clock_latency
============================================================================
Clock clk
rise -> rise
    min     max
0.000000 0.000000 source latency
0.049755         network latency _92_/CLK
        0.049755 network latency _92_/CLK
---------------
0.049755 0.049755 latency
        0.000000 skew

fall -> fall
    min     max
0.000000 0.000000 source latency
0.022232         network latency _92_/CLK
        0.022232 network latency _92_/CLK
---------------
0.022232 0.022232 latency
        0.000000 skew



===========================================================================
report_clock_min_period
============================================================================
clk period_min = 2.62 fmax = 381.42
