
===========================================================================
report_checks -path_delay max (Setup)
============================================================================
======================= nom_tt_025C_1v80 Corner ===================================

Startpoint: b[3] (input port clocked by __VIRTUAL_CLK__)
Endpoint: cout (output port clocked by __VIRTUAL_CLK__)
Path Group: __VIRTUAL_CLK__
Path Type: max

Fanout         Cap        Slew       Delay        Time   Description
---------------------------------------------------------------------------------------------
                      0.000000    0.000000    0.000000   clock __VIRTUAL_CLK__ (rise edge)
                                  0.000000    0.000000   clock network delay (ideal)
                                  4.000000    4.000000 v input external delay
     1    0.002862    0.008775    0.004518    4.004518 v b[3] (in)
                                                         b[3] (net)
                      0.008775    0.000000    4.004518 v input12/A (sky130_fd_sc_hd__clkbuf_1)
     3    0.006233    0.044499    0.088394    4.092911 v input12/X (sky130_fd_sc_hd__clkbuf_1)
                                                         net12 (net)
                      0.044499    0.000016    4.092928 v _40_/A (sky130_fd_sc_hd__or2_1)
     2    0.007155    0.070153    0.246439    4.339367 v _40_/X (sky130_fd_sc_hd__or2_1)
                                                         _01_ (net)
                      0.070153    0.000017    4.339385 v _70_/A1 (sky130_fd_sc_hd__a211o_1)
     1    0.002431    0.046392    0.254896    4.594280 v _70_/X (sky130_fd_sc_hd__a211o_1)
                                                         _27_ (net)
                      0.046392    0.000004    4.594284 v _71_/B1 (sky130_fd_sc_hd__a21oi_1)
     2    0.007884    0.204877    0.183116    4.777400 ^ _71_/Y (sky130_fd_sc_hd__a21oi_1)
                                                         _28_ (net)
                      0.204877    0.000025    4.777425 ^ _74_/A2 (sky130_fd_sc_hd__o31ai_2)
     3    0.010533    0.073957    0.117113    4.894538 v _74_/Y (sky130_fd_sc_hd__o31ai_2)
                                                         _31_ (net)
                      0.073957    0.000048    4.894586 v _81_/A2 (sky130_fd_sc_hd__a21bo_1)
     2    0.007204    0.054732    0.217044    5.111629 v _81_/X (sky130_fd_sc_hd__a21bo_1)
                                                         _37_ (net)
                      0.054732    0.000007    5.111637 v _86_/B1 (sky130_fd_sc_hd__o221a_1)
     1    0.001856    0.040713    0.213941    5.325578 v _86_/X (sky130_fd_sc_hd__o221a_1)
                                                         net18 (net)
                      0.040713    0.000003    5.325581 v output18/A (sky130_fd_sc_hd__buf_2)
     1    0.034220    0.089202    0.178585    5.504165 v output18/X (sky130_fd_sc_hd__buf_2)
                                                         cout (net)
                      0.089202    0.000136    5.504301 v cout (out)
                                              5.504301   data arrival time

                      0.000000   20.000000   20.000000   clock __VIRTUAL_CLK__ (rise edge)
                                  0.000000   20.000000   clock network delay (ideal)
                                 -0.250000   19.750002   clock uncertainty
                                  0.000000   19.750002   clock reconvergence pessimism
                                 -4.000000   15.750001   output external delay
                                             15.750001   data required time
---------------------------------------------------------------------------------------------
                                             15.750001   data required time
                                             -5.504301   data arrival time
---------------------------------------------------------------------------------------------
                                             10.245700   slack (MET)


Startpoint: b[3] (input port clocked by __VIRTUAL_CLK__)
Endpoint: sum[7] (output port clocked by __VIRTUAL_CLK__)
Path Group: __VIRTUAL_CLK__
Path Type: max

Fanout         Cap        Slew       Delay        Time   Description
---------------------------------------------------------------------------------------------
                      0.000000    0.000000    0.000000   clock __VIRTUAL_CLK__ (rise edge)
                                  0.000000    0.000000   clock network delay (ideal)
                                  4.000000    4.000000 v input external delay
     1    0.002862    0.008775    0.004518    4.004518 v b[3] (in)
                                                         b[3] (net)
                      0.008775    0.000000    4.004518 v input12/A (sky130_fd_sc_hd__clkbuf_1)
     3    0.006233    0.044499    0.088394    4.092911 v input12/X (sky130_fd_sc_hd__clkbuf_1)
                                                         net12 (net)
                      0.044499    0.000016    4.092928 v _40_/A (sky130_fd_sc_hd__or2_1)
     2    0.007155    0.070153    0.246439    4.339367 v _40_/X (sky130_fd_sc_hd__or2_1)
                                                         _01_ (net)
                      0.070153    0.000017    4.339385 v _70_/A1 (sky130_fd_sc_hd__a211o_1)
     1    0.002431    0.046392    0.254896    4.594280 v _70_/X (sky130_fd_sc_hd__a211o_1)
                                                         _27_ (net)
                      0.046392    0.000004    4.594284 v _71_/B1 (sky130_fd_sc_hd__a21oi_1)
     2    0.007884    0.204877    0.183116    4.777400 ^ _71_/Y (sky130_fd_sc_hd__a21oi_1)
                                                         _28_ (net)
                      0.204877    0.000025    4.777425 ^ _74_/A2 (sky130_fd_sc_hd__o31ai_2)
     3    0.010533    0.073957    0.117113    4.894538 v _74_/Y (sky130_fd_sc_hd__o31ai_2)
                                                         _31_ (net)
                      0.073957    0.000053    4.894591 v _77_/A1 (sky130_fd_sc_hd__o211a_1)
     1    0.004650    0.048547    0.237804    5.132396 v _77_/X (sky130_fd_sc_hd__o211a_1)
                                                         _34_ (net)
                      0.048547    0.000004    5.132400 v _78_/B (sky130_fd_sc_hd__xnor2_1)
     1    0.002153    0.105185    0.117249    5.249649 ^ _78_/Y (sky130_fd_sc_hd__xnor2_1)
                                                         net26 (net)
                      0.105185    0.000004    5.249652 ^ output26/A (sky130_fd_sc_hd__buf_2)
     1    0.034483    0.171394    0.221336    5.470989 ^ output26/X (sky130_fd_sc_hd__buf_2)
                                                         sum[7] (net)
                      0.171394    0.000149    5.471138 ^ sum[7] (out)
                                              5.471138   data arrival time

                      0.000000   20.000000   20.000000   clock __VIRTUAL_CLK__ (rise edge)
                                  0.000000   20.000000   clock network delay (ideal)
                                 -0.250000   19.750002   clock uncertainty
                                  0.000000   19.750002   clock reconvergence pessimism
                                 -4.000000   15.750001   output external delay
                                             15.750001   data required time
---------------------------------------------------------------------------------------------
                                             15.750001   data required time
                                             -5.471138   data arrival time
---------------------------------------------------------------------------------------------
                                             10.278863   slack (MET)


Startpoint: b[3] (input port clocked by __VIRTUAL_CLK__)
Endpoint: sum[6] (output port clocked by __VIRTUAL_CLK__)
Path Group: __VIRTUAL_CLK__
Path Type: max

Fanout         Cap        Slew       Delay        Time   Description
---------------------------------------------------------------------------------------------
                      0.000000    0.000000    0.000000   clock __VIRTUAL_CLK__ (rise edge)
                                  0.000000    0.000000   clock network delay (ideal)
                                  4.000000    4.000000 v input external delay
     1    0.002862    0.008775    0.004518    4.004518 v b[3] (in)
                                                         b[3] (net)
                      0.008775    0.000000    4.004518 v input12/A (sky130_fd_sc_hd__clkbuf_1)
     3    0.006233    0.044499    0.088394    4.092911 v input12/X (sky130_fd_sc_hd__clkbuf_1)
                                                         net12 (net)
                      0.044499    0.000016    4.092928 v _40_/A (sky130_fd_sc_hd__or2_1)
     2    0.007155    0.070153    0.246439    4.339367 v _40_/X (sky130_fd_sc_hd__or2_1)
                                                         _01_ (net)
                      0.070153    0.000017    4.339385 v _70_/A1 (sky130_fd_sc_hd__a211o_1)
     1    0.002431    0.046392    0.254896    4.594280 v _70_/X (sky130_fd_sc_hd__a211o_1)
                                                         _27_ (net)
                      0.046392    0.000004    4.594284 v _71_/B1 (sky130_fd_sc_hd__a21oi_1)
     2    0.007884    0.204877    0.183116    4.777400 ^ _71_/Y (sky130_fd_sc_hd__a21oi_1)
                                                         _28_ (net)
                      0.204877    0.000025    4.777425 ^ _74_/A2 (sky130_fd_sc_hd__o31ai_2)
     3    0.010533    0.073957    0.117113    4.894538 v _74_/Y (sky130_fd_sc_hd__o31ai_2)
                                                         _31_ (net)
                      0.073957    0.000048    4.894586 v _81_/A2 (sky130_fd_sc_hd__a21bo_1)
     2    0.007204    0.054732    0.217044    5.111629 v _81_/X (sky130_fd_sc_hd__a21bo_1)
                                                         _37_ (net)
                      0.054732    0.000012    5.111641 v _82_/B (sky130_fd_sc_hd__xnor2_1)
     1    0.001901    0.100047    0.115481    5.227122 ^ _82_/Y (sky130_fd_sc_hd__xnor2_1)
                                                         net25 (net)
                      0.100047    0.000000    5.227123 ^ output25/A (sky130_fd_sc_hd__buf_2)
     1    0.034117    0.169648    0.218267    5.445390 ^ output25/X (sky130_fd_sc_hd__buf_2)
                                                         sum[6] (net)
                      0.169648    0.000098    5.445488 ^ sum[6] (out)
                                              5.445488   data arrival time

                      0.000000   20.000000   20.000000   clock __VIRTUAL_CLK__ (rise edge)
                                  0.000000   20.000000   clock network delay (ideal)
                                 -0.250000   19.750002   clock uncertainty
                                  0.000000   19.750002   clock reconvergence pessimism
                                 -4.000000   15.750001   output external delay
                                             15.750001   data required time
---------------------------------------------------------------------------------------------
                                             15.750001   data required time
                                             -5.445488   data arrival time
---------------------------------------------------------------------------------------------
                                             10.304513   slack (MET)


Startpoint: a[1] (input port clocked by __VIRTUAL_CLK__)
Endpoint: sum[5] (output port clocked by __VIRTUAL_CLK__)
Path Group: __VIRTUAL_CLK__
Path Type: max

Fanout         Cap        Slew       Delay        Time   Description
---------------------------------------------------------------------------------------------
                      0.000000    0.000000    0.000000   clock __VIRTUAL_CLK__ (rise edge)
                                  0.000000    0.000000   clock network delay (ideal)
                                  4.000000    4.000000 v input external delay
     1    0.003063    0.009242    0.004859    4.004859 v a[1] (in)
                                                         a[1] (net)
                      0.009242    0.000000    4.004859 v input2/A (sky130_fd_sc_hd__clkbuf_1)
     2    0.003991    0.033726    0.078283    4.083142 v input2/X (sky130_fd_sc_hd__clkbuf_1)
                                                         net2 (net)
                      0.033726    0.000007    4.083149 v _46_/B (sky130_fd_sc_hd__and2_1)
     3    0.007614    0.056605    0.167801    4.250951 v _46_/X (sky130_fd_sc_hd__and2_1)
                                                         _07_ (net)
                      0.056605    0.000010    4.250961 v _52_/A (sky130_fd_sc_hd__nor2_1)
     3    0.010339    0.204732    0.193846    4.444807 ^ _52_/Y (sky130_fd_sc_hd__nor2_1)
                                                         _13_ (net)
                      0.204732    0.000023    4.444829 ^ _71_/A2 (sky130_fd_sc_hd__a21oi_1)
     2    0.007112    0.084112    0.126206    4.571035 v _71_/Y (sky130_fd_sc_hd__a21oi_1)
                                                         _28_ (net)
                      0.084112    0.000023    4.571058 v _74_/A2 (sky130_fd_sc_hd__o31ai_2)
     3    0.011356    0.310272    0.322863    4.893921 ^ _74_/Y (sky130_fd_sc_hd__o31ai_2)
                                                         _31_ (net)
                      0.310272    0.000035    4.893956 ^ _83_/A (sky130_fd_sc_hd__xnor2_1)
     1    0.002160    0.105307    0.151028    5.044984 ^ _83_/Y (sky130_fd_sc_hd__xnor2_1)
                                                         net24 (net)
                      0.105307    0.000004    5.044988 ^ output24/A (sky130_fd_sc_hd__buf_2)
     1    0.034535    0.171660    0.221490    5.266478 ^ output24/X (sky130_fd_sc_hd__buf_2)
                                                         sum[5] (net)
                      0.171660    0.000242    5.266721 ^ sum[5] (out)
                                              5.266721   data arrival time

                      0.000000   20.000000   20.000000   clock __VIRTUAL_CLK__ (rise edge)
                                  0.000000   20.000000   clock network delay (ideal)
                                 -0.250000   19.750002   clock uncertainty
                                  0.000000   19.750002   clock reconvergence pessimism
                                 -4.000000   15.750001   output external delay
                                             15.750001   data required time
---------------------------------------------------------------------------------------------
                                             15.750001   data required time
                                             -5.266721   data arrival time
---------------------------------------------------------------------------------------------
                                             10.483280   slack (MET)


Startpoint: b[0] (input port clocked by __VIRTUAL_CLK__)
Endpoint: sum[3] (output port clocked by __VIRTUAL_CLK__)
Path Group: __VIRTUAL_CLK__
Path Type: max

Fanout         Cap        Slew       Delay        Time   Description
---------------------------------------------------------------------------------------------
                      0.000000    0.000000    0.000000   clock __VIRTUAL_CLK__ (rise edge)
                                  0.000000    0.000000   clock network delay (ideal)
                                  4.000000    4.000000 v input external delay
     1    0.002964    0.009012    0.004690    4.004691 v b[0] (in)
                                                         b[0] (net)
                      0.009012    0.000000    4.004691 v input9/A (sky130_fd_sc_hd__clkbuf_1)
     2    0.004116    0.034377    0.078768    4.083458 v input9/X (sky130_fd_sc_hd__clkbuf_1)
                                                         net9 (net)
                      0.034377    0.000005    4.083463 v _48_/A (sky130_fd_sc_hd__or2_1)
     2    0.005115    0.060488    0.231077    4.314540 v _48_/X (sky130_fd_sc_hd__or2_1)
                                                         _09_ (net)
                      0.060488    0.000007    4.314547 v _50_/A2 (sky130_fd_sc_hd__a21bo_1)
     3    0.010076    0.064572    0.225051    4.539598 v _50_/X (sky130_fd_sc_hd__a21bo_1)
                                                         _11_ (net)
                      0.064572    0.000030    4.539629 v _53_/A1 (sky130_fd_sc_hd__a21oi_1)
     2    0.007648    0.200313    0.194035    4.733664 ^ _53_/Y (sky130_fd_sc_hd__a21oi_1)
                                                         _14_ (net)
                      0.200313    0.000012    4.733675 ^ _54_/A2 (sky130_fd_sc_hd__o21ba_1)
     1    0.004833    0.063655    0.155658    4.889333 ^ _54_/X (sky130_fd_sc_hd__o21ba_1)
                                                         _15_ (net)
                      0.063655    0.000004    4.889337 ^ _55_/B (sky130_fd_sc_hd__xnor2_1)
     1    0.002470    0.111644    0.107075    4.996412 ^ _55_/Y (sky130_fd_sc_hd__xnor2_1)
                                                         net22 (net)
                      0.111644    0.000007    4.996419 ^ output22/A (sky130_fd_sc_hd__buf_2)
     1    0.034344    0.170795    0.223222    5.219641 ^ output22/X (sky130_fd_sc_hd__buf_2)
                                                         sum[3] (net)
                      0.170795    0.000198    5.219839 ^ sum[3] (out)
                                              5.219839   data arrival time

                      0.000000   20.000000   20.000000   clock __VIRTUAL_CLK__ (rise edge)
                                  0.000000   20.000000   clock network delay (ideal)
                                 -0.250000   19.750002   clock uncertainty
                                  0.000000   19.750002   clock reconvergence pessimism
                                 -4.000000   15.750001   output external delay
                                             15.750001   data required time
---------------------------------------------------------------------------------------------
                                             15.750001   data required time
                                             -5.219839   data arrival time
---------------------------------------------------------------------------------------------
                                             10.530162   slack (MET)


Startpoint: b[3] (input port clocked by __VIRTUAL_CLK__)
Endpoint: sum[4] (output port clocked by __VIRTUAL_CLK__)
Path Group: __VIRTUAL_CLK__
Path Type: max

Fanout         Cap        Slew       Delay        Time   Description
---------------------------------------------------------------------------------------------
                      0.000000    0.000000    0.000000   clock __VIRTUAL_CLK__ (rise edge)
                                  0.000000    0.000000   clock network delay (ideal)
                                  4.000000    4.000000 v input external delay
     1    0.002862    0.008775    0.004518    4.004518 v b[3] (in)
                                                         b[3] (net)
                      0.008775    0.000000    4.004518 v input12/A (sky130_fd_sc_hd__clkbuf_1)
     3    0.006233    0.044499    0.088394    4.092911 v input12/X (sky130_fd_sc_hd__clkbuf_1)
                                                         net12 (net)
                      0.044499    0.000016    4.092928 v _40_/A (sky130_fd_sc_hd__or2_1)
     2    0.007155    0.070153    0.246439    4.339367 v _40_/X (sky130_fd_sc_hd__or2_1)
                                                         _01_ (net)
                      0.070153    0.000017    4.339385 v _70_/A1 (sky130_fd_sc_hd__a211o_1)
     1    0.002431    0.046392    0.254896    4.594280 v _70_/X (sky130_fd_sc_hd__a211o_1)
                                                         _27_ (net)
                      0.046392    0.000004    4.594284 v _71_/B1 (sky130_fd_sc_hd__a21oi_1)
     2    0.007884    0.204877    0.183116    4.777400 ^ _71_/Y (sky130_fd_sc_hd__a21oi_1)
                                                         _28_ (net)
                      0.204877    0.000024    4.777423 ^ _73_/A (sky130_fd_sc_hd__nor2_1)
     1    0.005160    0.070270    0.089153    4.866577 v _73_/Y (sky130_fd_sc_hd__nor2_1)
                                                         _30_ (net)
                      0.070270    0.000016    4.866593 v _84_/B (sky130_fd_sc_hd__xnor2_1)
     1    0.002214    0.106408    0.126683    4.993276 ^ _84_/Y (sky130_fd_sc_hd__xnor2_1)
                                                         net23 (net)
                      0.106408    0.000005    4.993281 ^ output23/A (sky130_fd_sc_hd__buf_2)
     1    0.033953    0.171487    0.220135    5.213417 ^ output23/X (sky130_fd_sc_hd__buf_2)
                                                         sum[4] (net)
                      0.171487    0.000075    5.213491 ^ sum[4] (out)
                                              5.213491   data arrival time

                      0.000000   20.000000   20.000000   clock __VIRTUAL_CLK__ (rise edge)
                                  0.000000   20.000000   clock network delay (ideal)
                                 -0.250000   19.750002   clock uncertainty
                                  0.000000   19.750002   clock reconvergence pessimism
                                 -4.000000   15.750001   output external delay
                                             15.750001   data required time
---------------------------------------------------------------------------------------------
                                             15.750001   data required time
                                             -5.213491   data arrival time
---------------------------------------------------------------------------------------------
                                             10.536509   slack (MET)


Startpoint: b[0] (input port clocked by __VIRTUAL_CLK__)
Endpoint: sum[2] (output port clocked by __VIRTUAL_CLK__)
Path Group: __VIRTUAL_CLK__
Path Type: max

Fanout         Cap        Slew       Delay        Time   Description
---------------------------------------------------------------------------------------------
                      0.000000    0.000000    0.000000   clock __VIRTUAL_CLK__ (rise edge)
                                  0.000000    0.000000   clock network delay (ideal)
                                  4.000000    4.000000 v input external delay
     1    0.002964    0.009012    0.004690    4.004691 v b[0] (in)
                                                         b[0] (net)
                      0.009012    0.000000    4.004691 v input9/A (sky130_fd_sc_hd__clkbuf_1)
     2    0.004116    0.034377    0.078768    4.083458 v input9/X (sky130_fd_sc_hd__clkbuf_1)
                                                         net9 (net)
                      0.034377    0.000005    4.083463 v _48_/A (sky130_fd_sc_hd__or2_1)
     2    0.005115    0.060488    0.231077    4.314540 v _48_/X (sky130_fd_sc_hd__or2_1)
                                                         _09_ (net)
                      0.060488    0.000007    4.314547 v _50_/A2 (sky130_fd_sc_hd__a21bo_1)
     3    0.010076    0.064572    0.225051    4.539598 v _50_/X (sky130_fd_sc_hd__a21bo_1)
                                                         _11_ (net)
                      0.064572    0.000030    4.539629 v _53_/A1 (sky130_fd_sc_hd__a21oi_1)
     2    0.007648    0.200313    0.194035    4.733664 ^ _53_/Y (sky130_fd_sc_hd__a21oi_1)
                                                         _14_ (net)
                      0.200313    0.000010    4.733673 ^ _56_/B (sky130_fd_sc_hd__xnor2_1)
     1    0.002153    0.105190    0.135539    4.869212 ^ _56_/Y (sky130_fd_sc_hd__xnor2_1)
                                                         net21 (net)
                      0.105190    0.000004    4.869216 ^ output21/A (sky130_fd_sc_hd__buf_2)
     1    0.034344    0.170758    0.220844    5.090060 ^ output21/X (sky130_fd_sc_hd__buf_2)
                                                         sum[2] (net)
                      0.170758    0.000198    5.090258 ^ sum[2] (out)
                                              5.090258   data arrival time

                      0.000000   20.000000   20.000000   clock __VIRTUAL_CLK__ (rise edge)
                                  0.000000   20.000000   clock network delay (ideal)
                                 -0.250000   19.750002   clock uncertainty
                                  0.000000   19.750002   clock reconvergence pessimism
                                 -4.000000   15.750001   output external delay
                                             15.750001   data required time
---------------------------------------------------------------------------------------------
                                             15.750001   data required time
                                             -5.090258   data arrival time
---------------------------------------------------------------------------------------------
                                             10.659743   slack (MET)


Startpoint: b[0] (input port clocked by __VIRTUAL_CLK__)
Endpoint: sum[1] (output port clocked by __VIRTUAL_CLK__)
Path Group: __VIRTUAL_CLK__
Path Type: max

Fanout         Cap        Slew       Delay        Time   Description
---------------------------------------------------------------------------------------------
                      0.000000    0.000000    0.000000   clock __VIRTUAL_CLK__ (rise edge)
                                  0.000000    0.000000   clock network delay (ideal)
                                  4.000000    4.000000 v input external delay
     1    0.002964    0.009012    0.004690    4.004691 v b[0] (in)
                                                         b[0] (net)
                      0.009012    0.000000    4.004691 v input9/A (sky130_fd_sc_hd__clkbuf_1)
     2    0.004116    0.034377    0.078768    4.083458 v input9/X (sky130_fd_sc_hd__clkbuf_1)
                                                         net9 (net)
                      0.034377    0.000005    4.083463 v _48_/A (sky130_fd_sc_hd__or2_1)
     2    0.005115    0.060488    0.231077    4.314540 v _48_/X (sky130_fd_sc_hd__or2_1)
                                                         _09_ (net)
                      0.060488    0.000007    4.314547 v _50_/A2 (sky130_fd_sc_hd__a21bo_1)
     3    0.010076    0.064572    0.225051    4.539598 v _50_/X (sky130_fd_sc_hd__a21bo_1)
                                                         _11_ (net)
                      0.064572    0.000024    4.539622 v _57_/A (sky130_fd_sc_hd__xor2_1)
     1    0.002356    0.105524    0.143229    4.682851 ^ _57_/X (sky130_fd_sc_hd__xor2_1)
                                                         net20 (net)
                      0.105524    0.000005    4.682856 ^ output20/A (sky130_fd_sc_hd__buf_2)
     1    0.033942    0.171427    0.219772    4.902628 ^ output20/X (sky130_fd_sc_hd__buf_2)
                                                         sum[1] (net)
                      0.171427    0.000071    4.902699 ^ sum[1] (out)
                                              4.902699   data arrival time

                      0.000000   20.000000   20.000000   clock __VIRTUAL_CLK__ (rise edge)
                                  0.000000   20.000000   clock network delay (ideal)
                                 -0.250000   19.750002   clock uncertainty
                                  0.000000   19.750002   clock reconvergence pessimism
                                 -4.000000   15.750001   output external delay
                                             15.750001   data required time
---------------------------------------------------------------------------------------------
                                             15.750001   data required time
                                             -4.902699   data arrival time
---------------------------------------------------------------------------------------------
                                             10.847302   slack (MET)


Startpoint: b[0] (input port clocked by __VIRTUAL_CLK__)
Endpoint: sum[0] (output port clocked by __VIRTUAL_CLK__)
Path Group: __VIRTUAL_CLK__
Path Type: max

Fanout         Cap        Slew       Delay        Time   Description
---------------------------------------------------------------------------------------------
                      0.000000    0.000000    0.000000   clock __VIRTUAL_CLK__ (rise edge)
                                  0.000000    0.000000   clock network delay (ideal)
                                  4.000000    4.000000 v input external delay
     1    0.002964    0.009012    0.004690    4.004691 v b[0] (in)
                                                         b[0] (net)
                      0.009012    0.000000    4.004691 v input9/A (sky130_fd_sc_hd__clkbuf_1)
     2    0.004116    0.034377    0.078768    4.083458 v input9/X (sky130_fd_sc_hd__clkbuf_1)
                                                         net9 (net)
                      0.034377    0.000005    4.083463 v _48_/A (sky130_fd_sc_hd__or2_1)
     2    0.005115    0.060488    0.231077    4.314540 v _48_/X (sky130_fd_sc_hd__or2_1)
                                                         _09_ (net)
                      0.060488    0.000009    4.314549 v _49_/B (sky130_fd_sc_hd__nand2_1)
     1    0.005168    0.065592    0.082842    4.397391 ^ _49_/Y (sky130_fd_sc_hd__nand2_1)
                                                         _10_ (net)
                      0.065592    0.000016    4.397408 ^ _58_/B (sky130_fd_sc_hd__xnor2_1)
     1    0.002020    0.102467    0.103877    4.501285 ^ _58_/Y (sky130_fd_sc_hd__xnor2_1)
                                                         net19 (net)
                      0.102467    0.000002    4.501286 ^ output19/A (sky130_fd_sc_hd__buf_2)
     1    0.034308    0.170565    0.219750    4.721036 ^ output19/X (sky130_fd_sc_hd__buf_2)
                                                         sum[0] (net)
                      0.170565    0.000156    4.721193 ^ sum[0] (out)
                                              4.721193   data arrival time

                      0.000000   20.000000   20.000000   clock __VIRTUAL_CLK__ (rise edge)
                                  0.000000   20.000000   clock network delay (ideal)
                                 -0.250000   19.750002   clock uncertainty
                                  0.000000   19.750002   clock reconvergence pessimism
                                 -4.000000   15.750001   output external delay
                                             15.750001   data required time
---------------------------------------------------------------------------------------------
                                             15.750001   data required time
                                             -4.721193   data arrival time
---------------------------------------------------------------------------------------------
                                             11.028809   slack (MET)



