
===========================================================================
report_checks -unconstrained
===========================================================================
======================= nom_ss_100C_1v60 Corner ===================================

Startpoint: rst (input port clocked by clk)
Endpoint: _92_ (recovery check against rising-edge clock clk)
Path Group: asynchronous
Path Type: max

Fanout         Cap        Slew       Delay        Time   Description
---------------------------------------------------------------------------------------------
                      0.150000    0.000000    0.000000   clock clk (rise edge)
                                  0.000000    0.000000   clock network delay (ideal)
                                  4.000000    4.000000 v input external delay
     8    0.034400    0.150357    0.105518    4.105518 v rst (in)
                                                         rst (net)
                      0.150357    0.000000    4.105518 v _42_/A (sky130_fd_sc_hd__inv_2)
     1    0.003263    0.054991    0.098256    4.203774 ^ _42_/Y (sky130_fd_sc_hd__inv_2)
                                                         _00_ (net)
                      0.054991    0.000000    4.203774 ^ _92_/RESET_B (sky130_fd_sc_hd__dfrtp_2)
                                              4.203774   data arrival time

                      0.150000   20.000000   20.000000   clock clk (rise edge)
                                  0.000000   20.000000   clock network delay (ideal)
                                 -0.250000   19.750002   clock uncertainty
                                  0.000000   19.750002   clock reconvergence pessimism
                                             19.750002 ^ _92_/CLK (sky130_fd_sc_hd__dfrtp_2)
                                  0.477660   20.227661   library recovery time
                                             20.227661   data required time
---------------------------------------------------------------------------------------------
                                             20.227661   data required time
                                             -4.203774   data arrival time
---------------------------------------------------------------------------------------------
                                             16.023886   slack (MET)


Startpoint: data_in[0] (input port clocked by clk)
Endpoint: _98_ (rising edge-triggered flip-flop clocked by clk)
Path Group: clk
Path Type: max

Fanout         Cap        Slew       Delay        Time   Description
---------------------------------------------------------------------------------------------
                      0.150000    0.000000    0.000000   clock clk (rise edge)
                                  0.000000    0.000000   clock network delay (ideal)
                                  4.000000    4.000000 ^ input external delay
     2    0.006034    0.056120    0.032667    4.032667 ^ data_in[0] (in)
                                                         data_in[0] (net)
                      0.056120    0.000000    4.032667 ^ _53_/A (sky130_fd_sc_hd__nand2_2)
     3    0.006988    0.101024    0.097254    4.129921 v _53_/Y (sky130_fd_sc_hd__nand2_2)
                                                         _18_ (net)
                      0.101024    0.000000    4.129921 v _54_/A (sky130_fd_sc_hd__or3b_2)
     3    0.007955    0.200287    1.143278    5.273200 v _54_/X (sky130_fd_sc_hd__or3b_2)
                                                         _19_ (net)
                      0.200287    0.000000    5.273200 v _55_/A2 (sky130_fd_sc_hd__a211o_2)
     4    0.010144    0.122712    0.717822    5.991021 v _55_/X (sky130_fd_sc_hd__a211o_2)
                                                         _20_ (net)
                      0.122712    0.000000    5.991021 v _60_/A2 (sky130_fd_sc_hd__a311o_2)
     4    0.012219    0.142779    0.767741    6.758763 v _60_/X (sky130_fd_sc_hd__a311o_2)
                                                         _25_ (net)
                      0.142779    0.000000    6.758763 v _70_/A2 (sky130_fd_sc_hd__a31o_2)
     1    0.008219    0.090625    0.481931    7.240694 v _70_/X (sky130_fd_sc_hd__a31o_2)
                                                         _33_ (net)
                      0.090625    0.000000    7.240694 v _71_/B (sky130_fd_sc_hd__xnor2_2)
     1    0.001838    0.075264    0.222696    7.463389 v _71_/Y (sky130_fd_sc_hd__xnor2_2)
                                                         adder.high.sum[2] (net)
                      0.075264    0.000000    7.463389 v _98_/D (sky130_fd_sc_hd__dfrtp_2)
                                              7.463389   data arrival time

                      0.150000   20.000000   20.000000   clock clk (rise edge)
                                  0.000000   20.000000   clock network delay (ideal)
                                 -0.250000   19.750002   clock uncertainty
                                  0.000000   19.750002   clock reconvergence pessimism
                                             19.750002 ^ _98_/CLK (sky130_fd_sc_hd__dfrtp_2)
                                 -0.257485   19.492517   library setup time
                                             19.492517   data required time
---------------------------------------------------------------------------------------------
                                             19.492517   data required time
                                             -7.463389   data arrival time
---------------------------------------------------------------------------------------------
                                             12.029127   slack (MET)




===========================================================================
report_checks --slack_max -0.01
============================================================================
======================= nom_ss_100C_1v60 Corner ===================================

No paths found.


===========================================================================
 report_check_types -max_slew -max_cap -max_fanout -violators
============================================================================
======================= nom_ss_100C_1v60 Corner ===================================



===========================================================================
report_parasitic_annotation -report_unannotated
============================================================================
Found 68 unannotated drivers.
 clk
 data_in[0]
 data_in[1]
 data_in[2]
 data_in[3]
 data_in[4]
 data_in[5]
 data_in[6]
 data_in[7]
 rst
 _42_/Y
 _43_/Y
 _44_/X
 _45_/Y
 _46_/Y
 _47_/X
 _48_/Y
 _49_/Y
 _50_/Y
 _51_/Y
 _52_/Y
 _53_/Y
 _54_/X
 _55_/X
 _56_/Y
 _57_/Y
 _58_/X
 _59_/Y
 _60_/X
 _61_/X
 _62_/Y
 _63_/Y
 _64_/Y
 _65_/Y
 _66_/Y
 _67_/Y
 _68_/Y
 _69_/X
 _70_/X
 _71_/Y
 _72_/X
 _73_/X
 _74_/Y
 _75_/Y
 _76_/Y
 _77_/Y
 _78_/X
 _79_/Y
 _80_/X
 _81_/Y
 _82_/Y
 _83_/X
 _84_/X
 _85_/Y
 _86_/Y
 _87_/Y
 _88_/Y
 _89_/Y
 _90_/Y
 _91_/Y
 _92_/Q
 _93_/Q
 _94_/Q
 _95_/Q
 _96_/Q
 _97_/Q
 _98_/Q
 _99_/Q
Found 0 partially unannotated drivers.

===========================================================================
max slew violation count 0
max fanout violation count 0
max cap violation count 0
============================================================================

===========================================================================
check_setup -verbose -unconstrained_endpoints -multiple_clock -no_clock -no_input_delay -loops -generated_clocks
===========================================================================
