
===========================================================================
report_checks -path_delay min (Hold)
============================================================================
======================= nom_ss_100C_1v60 Corner ===================================

Startpoint: cin (input port clocked by __VIRTUAL_CLK__)
Endpoint: sum[0] (output port clocked by __VIRTUAL_CLK__)
Path Group: __VIRTUAL_CLK__
Path Type: min

Fanout         Cap        Slew       Delay        Time   Description
---------------------------------------------------------------------------------------------
                      0.000000    0.000000    0.000000   clock __VIRTUAL_CLK__ (rise edge)
                                  0.000000    0.000000   clock network delay (ideal)
                                  4.000000    4.000000 ^ input external delay
     1    0.002735    0.031821    0.015446    4.015446 ^ cin (in)
                                                         cin (net)
                      0.031821    0.000000    4.015446 ^ input17/A (sky130_fd_sc_hd__buf_1)
     2    0.008264    0.169637    0.204580    4.220026 ^ input17/X (sky130_fd_sc_hd__buf_1)
                                                         net17 (net)
                      0.169637    0.000246    4.220272 ^ _58_/A (sky130_fd_sc_hd__xnor2_1)
     1    0.003166    0.077223    0.177306    4.397578 v _58_/Y (sky130_fd_sc_hd__xnor2_1)
                                                         net19 (net)
                      0.077223    0.000101    4.397680 v output19/A (sky130_fd_sc_hd__buf_2)
     1    0.033985    0.164749    0.346997    4.744677 v output19/X (sky130_fd_sc_hd__buf_2)
                                                         sum[0] (net)
                      0.164749    0.000633    4.745310 v sum[0] (out)
                                              4.745310   data arrival time

                      0.000000    0.000000    0.000000   clock __VIRTUAL_CLK__ (rise edge)
                                  0.000000    0.000000   clock network delay (ideal)
                                  0.250000    0.250000   clock uncertainty
                                  0.000000    0.250000   clock reconvergence pessimism
                                 -4.000000   -3.750000   output external delay
                                             -3.750000   data required time
---------------------------------------------------------------------------------------------
                                             -3.750000   data required time
                                             -4.745310   data arrival time
---------------------------------------------------------------------------------------------
                                              8.495310   slack (MET)


Startpoint: a[3] (input port clocked by __VIRTUAL_CLK__)
Endpoint: sum[3] (output port clocked by __VIRTUAL_CLK__)
Path Group: __VIRTUAL_CLK__
Path Type: min

Fanout         Cap        Slew       Delay        Time   Description
---------------------------------------------------------------------------------------------
                      0.000000    0.000000    0.000000   clock __VIRTUAL_CLK__ (rise edge)
                                  0.000000    0.000000   clock network delay (ideal)
                                  4.000000    4.000000 v input external delay
     1    0.002609    0.017736    0.008635    4.008635 v a[3] (in)
                                                         a[3] (net)
                      0.017736    0.000000    4.008635 v input4/A (sky130_fd_sc_hd__clkbuf_1)
     3    0.005824    0.081038    0.163477    4.172112 v input4/X (sky130_fd_sc_hd__clkbuf_1)
                                                         net4 (net)
                      0.081038    0.000084    4.172196 v _39_/B (sky130_fd_sc_hd__nor2_1)
     1    0.002663    0.124536    0.141796    4.313993 ^ _39_/Y (sky130_fd_sc_hd__nor2_1)
                                                         _00_ (net)
                      0.124536    0.000052    4.314045 ^ _42_/A (sky130_fd_sc_hd__nor2_1)
     1    0.004574    0.063679    0.114050    4.428095 v _42_/Y (sky130_fd_sc_hd__nor2_1)
                                                         _03_ (net)
                      0.063679    0.000092    4.428187 v _55_/A (sky130_fd_sc_hd__xnor2_1)
     1    0.002695    0.070791    0.206994    4.635181 v _55_/Y (sky130_fd_sc_hd__xnor2_1)
                                                         net22 (net)
                      0.070791    0.000078    4.635259 v output22/A (sky130_fd_sc_hd__buf_2)
     1    0.034393    0.166425    0.345276    4.980535 v output22/X (sky130_fd_sc_hd__buf_2)
                                                         sum[3] (net)
                      0.166426    0.000747    4.981282 v sum[3] (out)
                                              4.981282   data arrival time

                      0.000000    0.000000    0.000000   clock __VIRTUAL_CLK__ (rise edge)
                                  0.000000    0.000000   clock network delay (ideal)
                                  0.250000    0.250000   clock uncertainty
                                  0.000000    0.250000   clock reconvergence pessimism
                                 -4.000000   -3.750000   output external delay
                                             -3.750000   data required time
---------------------------------------------------------------------------------------------
                                             -3.750000   data required time
                                             -4.981282   data arrival time
---------------------------------------------------------------------------------------------
                                              8.731282   slack (MET)


Startpoint: b[5] (input port clocked by __VIRTUAL_CLK__)
Endpoint: sum[5] (output port clocked by __VIRTUAL_CLK__)
Path Group: __VIRTUAL_CLK__
Path Type: min

Fanout         Cap        Slew       Delay        Time   Description
---------------------------------------------------------------------------------------------
                      0.000000    0.000000    0.000000   clock __VIRTUAL_CLK__ (rise edge)
                                  0.000000    0.000000   clock network delay (ideal)
                                  4.000000    4.000000 ^ input external delay
     1    0.002968    0.033366    0.016683    4.016683 ^ b[5] (in)
                                                         b[5] (net)
                      0.033366    0.000000    4.016683 ^ input14/A (sky130_fd_sc_hd__clkbuf_1)
     2    0.005516    0.120154    0.169648    4.186331 ^ input14/X (sky130_fd_sc_hd__clkbuf_1)
                                                         net14 (net)
                      0.120154    0.000140    4.186471 ^ _75_/A (sky130_fd_sc_hd__nand2_1)
     3    0.007521    0.141054    0.172811    4.359282 v _75_/Y (sky130_fd_sc_hd__nand2_1)
                                                         _32_ (net)
                      0.141054    0.000175    4.359457 v _80_/B (sky130_fd_sc_hd__nand2_1)
     1    0.005016    0.096046    0.155882    4.515338 ^ _80_/Y (sky130_fd_sc_hd__nand2_1)
                                                         _36_ (net)
                      0.096046    0.000148    4.515487 ^ _83_/B (sky130_fd_sc_hd__xnor2_1)
     1    0.002585    0.069112    0.123808    4.639295 v _83_/Y (sky130_fd_sc_hd__xnor2_1)
                                                         net24 (net)
                      0.069112    0.000075    4.639369 v output24/A (sky130_fd_sc_hd__buf_2)
     1    0.034393    0.166435    0.344508    4.983878 v output24/X (sky130_fd_sc_hd__buf_2)
                                                         sum[5] (net)
                      0.166436    0.000747    4.984625 v sum[5] (out)
                                              4.984625   data arrival time

                      0.000000    0.000000    0.000000   clock __VIRTUAL_CLK__ (rise edge)
                                  0.000000    0.000000   clock network delay (ideal)
                                  0.250000    0.250000   clock uncertainty
                                  0.000000    0.250000   clock reconvergence pessimism
                                 -4.000000   -3.750000   output external delay
                                             -3.750000   data required time
---------------------------------------------------------------------------------------------
                                             -3.750000   data required time
                                             -4.984625   data arrival time
---------------------------------------------------------------------------------------------
                                              8.734626   slack (MET)


Startpoint: b[7] (input port clocked by __VIRTUAL_CLK__)
Endpoint: sum[7] (output port clocked by __VIRTUAL_CLK__)
Path Group: __VIRTUAL_CLK__
Path Type: min

Fanout         Cap        Slew       Delay        Time   Description
---------------------------------------------------------------------------------------------
                      0.000000    0.000000    0.000000   clock __VIRTUAL_CLK__ (rise edge)
                                  0.000000    0.000000   clock network delay (ideal)
                                  4.000000    4.000000 ^ input external delay
     1    0.002801    0.032261    0.015798    4.015798 ^ b[7] (in)
                                                         b[7] (net)
                      0.032261    0.000000    4.015798 ^ input16/A (sky130_fd_sc_hd__clkbuf_1)
     3    0.006762    0.142532    0.185285    4.201083 ^ input16/X (sky130_fd_sc_hd__clkbuf_1)
                                                         net16 (net)
                      0.142532    0.000105    4.201189 ^ _60_/A (sky130_fd_sc_hd__nand2_1)
     2    0.007426    0.140287    0.181049    4.382237 v _60_/Y (sky130_fd_sc_hd__nand2_1)
                                                         _17_ (net)
                      0.140287    0.000254    4.382492 v _62_/A (sky130_fd_sc_hd__nand2_1)
     1    0.005271    0.099687    0.146831    4.529322 ^ _62_/Y (sky130_fd_sc_hd__nand2_1)
                                                         _19_ (net)
                      0.099687    0.000162    4.529484 ^ _78_/A (sky130_fd_sc_hd__xnor2_1)
     1    0.002075    0.062727    0.136597    4.666081 v _78_/Y (sky130_fd_sc_hd__xnor2_1)
                                                         net26 (net)
                      0.062727    0.000042    4.666123 v output26/A (sky130_fd_sc_hd__buf_2)
     1    0.033967    0.164749    0.340297    5.006420 v output26/X (sky130_fd_sc_hd__buf_2)
                                                         sum[7] (net)
                      0.164749    0.000633    5.007053 v sum[7] (out)
                                              5.007053   data arrival time

                      0.000000    0.000000    0.000000   clock __VIRTUAL_CLK__ (rise edge)
                                  0.000000    0.000000   clock network delay (ideal)
                                  0.250000    0.250000   clock uncertainty
                                  0.000000    0.250000   clock reconvergence pessimism
                                 -4.000000   -3.750000   output external delay
                                             -3.750000   data required time
---------------------------------------------------------------------------------------------
                                             -3.750000   data required time
                                             -5.007053   data arrival time
---------------------------------------------------------------------------------------------
                                              8.757052   slack (MET)


Startpoint: a[4] (input port clocked by __VIRTUAL_CLK__)
Endpoint: sum[4] (output port clocked by __VIRTUAL_CLK__)
Path Group: __VIRTUAL_CLK__
Path Type: min

Fanout         Cap        Slew       Delay        Time   Description
---------------------------------------------------------------------------------------------
                      0.000000    0.000000    0.000000   clock __VIRTUAL_CLK__ (rise edge)
                                  0.000000    0.000000   clock network delay (ideal)
                                  4.000000    4.000000 ^ input external delay
     1    0.002697    0.031572    0.015248    4.015248 ^ a[4] (in)
                                                         a[4] (net)
                      0.031572    0.000000    4.015248 ^ input5/A (sky130_fd_sc_hd__clkbuf_1)
     2    0.004905    0.109226    0.160940    4.176188 ^ input5/X (sky130_fd_sc_hd__clkbuf_1)
                                                         net5 (net)
                      0.109226    0.000120    4.176308 ^ _67_/B (sky130_fd_sc_hd__nand2_1)
     2    0.008383    0.154265    0.186543    4.362851 v _67_/Y (sky130_fd_sc_hd__nand2_1)
                                                         _24_ (net)
                      0.154265    0.000158    4.363009 v _69_/A (sky130_fd_sc_hd__nand2_1)
     2    0.010188    0.164386    0.203010    4.566019 ^ _69_/Y (sky130_fd_sc_hd__nand2_1)
                                                         _26_ (net)
                      0.164386    0.000171    4.566190 ^ _84_/A (sky130_fd_sc_hd__xnor2_1)
     1    0.002360    0.069208    0.164973    4.731163 v _84_/Y (sky130_fd_sc_hd__xnor2_1)
                                                         net23 (net)
                      0.069208    0.000068    4.731231 v output23/A (sky130_fd_sc_hd__buf_2)
     1    0.034164    0.165516    0.343847    5.075078 v output23/X (sky130_fd_sc_hd__buf_2)
                                                         sum[4] (net)
                      0.165516    0.000706    5.075784 v sum[4] (out)
                                              5.075784   data arrival time

                      0.000000    0.000000    0.000000   clock __VIRTUAL_CLK__ (rise edge)
                                  0.000000    0.000000   clock network delay (ideal)
                                  0.250000    0.250000   clock uncertainty
                                  0.000000    0.250000   clock reconvergence pessimism
                                 -4.000000   -3.750000   output external delay
                                             -3.750000   data required time
---------------------------------------------------------------------------------------------
                                             -3.750000   data required time
                                             -5.075784   data arrival time
---------------------------------------------------------------------------------------------
                                              8.825784   slack (MET)


Startpoint: cin (input port clocked by __VIRTUAL_CLK__)
Endpoint: sum[1] (output port clocked by __VIRTUAL_CLK__)
Path Group: __VIRTUAL_CLK__
Path Type: min

Fanout         Cap        Slew       Delay        Time   Description
---------------------------------------------------------------------------------------------
                      0.000000    0.000000    0.000000   clock __VIRTUAL_CLK__ (rise edge)
                                  0.000000    0.000000   clock network delay (ideal)
                                  4.000000    4.000000 ^ input external delay
     1    0.002735    0.031821    0.015446    4.015446 ^ cin (in)
                                                         cin (net)
                      0.031821    0.000000    4.015446 ^ input17/A (sky130_fd_sc_hd__buf_1)
     2    0.008264    0.169637    0.204580    4.220026 ^ input17/X (sky130_fd_sc_hd__buf_1)
                                                         net17 (net)
                      0.169637    0.000203    4.220229 ^ _50_/A1 (sky130_fd_sc_hd__a21bo_1)
     3    0.012573    0.177882    0.331711    4.551940 ^ _50_/X (sky130_fd_sc_hd__a21bo_1)
                                                         _11_ (net)
                      0.177882    0.000394    4.552334 ^ _57_/A (sky130_fd_sc_hd__xor2_1)
     1    0.003952    0.076555    0.181120    4.733455 v _57_/X (sky130_fd_sc_hd__xor2_1)
                                                         net20 (net)
                      0.076555    0.000121    4.733575 v output20/A (sky130_fd_sc_hd__buf_2)
     1    0.033895    0.164390    0.346418    5.079993 v output20/X (sky130_fd_sc_hd__buf_2)
                                                         sum[1] (net)
                      0.164390    0.000612    5.080605 v sum[1] (out)
                                              5.080605   data arrival time

                      0.000000    0.000000    0.000000   clock __VIRTUAL_CLK__ (rise edge)
                                  0.000000    0.000000   clock network delay (ideal)
                                  0.250000    0.250000   clock uncertainty
                                  0.000000    0.250000   clock reconvergence pessimism
                                 -4.000000   -3.750000   output external delay
                                             -3.750000   data required time
---------------------------------------------------------------------------------------------
                                             -3.750000   data required time
                                             -5.080605   data arrival time
---------------------------------------------------------------------------------------------
                                              8.830604   slack (MET)


Startpoint: b[6] (input port clocked by __VIRTUAL_CLK__)
Endpoint: sum[6] (output port clocked by __VIRTUAL_CLK__)
Path Group: __VIRTUAL_CLK__
Path Type: min

Fanout         Cap        Slew       Delay        Time   Description
---------------------------------------------------------------------------------------------
                      0.000000    0.000000    0.000000   clock __VIRTUAL_CLK__ (rise edge)
                                  0.000000    0.000000   clock network delay (ideal)
                                  4.000000    4.000000 ^ input external delay
     1    0.002955    0.033276    0.016611    4.016611 ^ b[6] (in)
                                                         b[6] (net)
                      0.033276    0.000000    4.016611 ^ input15/A (sky130_fd_sc_hd__clkbuf_1)
     2    0.005506    0.119974    0.169478    4.186089 ^ input15/X (sky130_fd_sc_hd__clkbuf_1)
                                                         net15 (net)
                      0.119974    0.000152    4.186241 ^ _64_/A (sky130_fd_sc_hd__nand2_1)
     4    0.011572    0.203857    0.221279    4.407520 v _64_/Y (sky130_fd_sc_hd__nand2_1)
                                                         _21_ (net)
                      0.203857    0.000272    4.407793 v _79_/B (sky130_fd_sc_hd__nand2_1)
     1    0.005630    0.105141    0.191898    4.599690 ^ _79_/Y (sky130_fd_sc_hd__nand2_1)
                                                         _35_ (net)
                      0.105141    0.000181    4.599871 ^ _82_/A (sky130_fd_sc_hd__xnor2_1)
     1    0.003340    0.081085    0.154599    4.754469 v _82_/Y (sky130_fd_sc_hd__xnor2_1)
                                                         net25 (net)
                      0.081085    0.000110    4.754579 v output25/A (sky130_fd_sc_hd__buf_2)
     1    0.034186    0.165541    0.349439    5.104018 v output25/X (sky130_fd_sc_hd__buf_2)
                                                         sum[6] (net)
                      0.165541    0.000650    5.104669 v sum[6] (out)
                                              5.104669   data arrival time

                      0.000000    0.000000    0.000000   clock __VIRTUAL_CLK__ (rise edge)
                                  0.000000    0.000000   clock network delay (ideal)
                                  0.250000    0.250000   clock uncertainty
                                  0.000000    0.250000   clock reconvergence pessimism
                                 -4.000000   -3.750000   output external delay
                                             -3.750000   data required time
---------------------------------------------------------------------------------------------
                                             -3.750000   data required time
                                             -5.104669   data arrival time
---------------------------------------------------------------------------------------------
                                              8.854669   slack (MET)


Startpoint: b[2] (input port clocked by __VIRTUAL_CLK__)
Endpoint: sum[2] (output port clocked by __VIRTUAL_CLK__)
Path Group: __VIRTUAL_CLK__
Path Type: min

Fanout         Cap        Slew       Delay        Time   Description
---------------------------------------------------------------------------------------------
                      0.000000    0.000000    0.000000   clock __VIRTUAL_CLK__ (rise edge)
                                  0.000000    0.000000   clock network delay (ideal)
                                  4.000000    4.000000 ^ input external delay
     1    0.002795    0.032221    0.015768    4.015768 ^ b[2] (in)
                                                         b[2] (net)
                      0.032221    0.000000    4.015768 ^ input11/A (sky130_fd_sc_hd__buf_1)
     3    0.009936    0.199840    0.226391    4.242159 ^ input11/X (sky130_fd_sc_hd__buf_1)
                                                         net11 (net)
                      0.199840    0.000226    4.242386 ^ _44_/A (sky130_fd_sc_hd__nor2_1)
     2    0.007154    0.087117    0.165998    4.408384 v _44_/Y (sky130_fd_sc_hd__nor2_1)
                                                         _05_ (net)
                      0.087117    0.000213    4.408597 v _45_/B (sky130_fd_sc_hd__nor2_1)
     1    0.004975    0.186436    0.192965    4.601562 ^ _45_/Y (sky130_fd_sc_hd__nor2_1)
                                                         _06_ (net)
                      0.186436    0.000147    4.601709 ^ _56_/A (sky130_fd_sc_hd__xnor2_1)
     1    0.002565    0.071902    0.176065    4.777774 v _56_/Y (sky130_fd_sc_hd__xnor2_1)
                                                         net21 (net)
                      0.071902    0.000072    4.777847 v output21/A (sky130_fd_sc_hd__buf_2)
     1    0.034309    0.166103    0.345481    5.123328 v output21/X (sky130_fd_sc_hd__buf_2)
                                                         sum[2] (net)
                      0.166105    0.000800    5.124128 v sum[2] (out)
                                              5.124128   data arrival time

                      0.000000    0.000000    0.000000   clock __VIRTUAL_CLK__ (rise edge)
                                  0.000000    0.000000   clock network delay (ideal)
                                  0.250000    0.250000   clock uncertainty
                                  0.000000    0.250000   clock reconvergence pessimism
                                 -4.000000   -3.750000   output external delay
                                             -3.750000   data required time
---------------------------------------------------------------------------------------------
                                             -3.750000   data required time
                                             -5.124128   data arrival time
---------------------------------------------------------------------------------------------
                                              8.874128   slack (MET)


Startpoint: a[7] (input port clocked by __VIRTUAL_CLK__)
Endpoint: cout (output port clocked by __VIRTUAL_CLK__)
Path Group: __VIRTUAL_CLK__
Path Type: min

Fanout         Cap        Slew       Delay        Time   Description
---------------------------------------------------------------------------------------------
                      0.000000    0.000000    0.000000   clock __VIRTUAL_CLK__ (rise edge)
                                  0.000000    0.000000   clock network delay (ideal)
                                  4.000000    4.000000 ^ input external delay
     1    0.002718    0.031713    0.015357    4.015357 ^ a[7] (in)
                                                         a[7] (net)
                      0.031713    0.000000    4.015357 ^ input8/A (sky130_fd_sc_hd__clkbuf_1)
     3    0.006764    0.142566    0.185063    4.200420 ^ input8/X (sky130_fd_sc_hd__clkbuf_1)
                                                         net8 (net)
                      0.142566    0.000123    4.200542 ^ _61_/B (sky130_fd_sc_hd__or2_1)
     2    0.006975    0.121442    0.235172    4.435714 ^ _61_/X (sky130_fd_sc_hd__or2_1)
                                                         _18_ (net)
                      0.121442    0.000151    4.435865 ^ _86_/C1 (sky130_fd_sc_hd__o221a_1)
     1    0.002444    0.088960    0.354558    4.790423 ^ _86_/X (sky130_fd_sc_hd__o221a_1)
                                                         net18 (net)
                      0.088960    0.000071    4.790494 ^ output18/A (sky130_fd_sc_hd__buf_2)
     1    0.034034    0.270442    0.351065    5.141559 ^ output18/X (sky130_fd_sc_hd__buf_2)
                                                         cout (net)
                      0.270442    0.000653    5.142211 ^ cout (out)
                                              5.142211   data arrival time

                      0.000000    0.000000    0.000000   clock __VIRTUAL_CLK__ (rise edge)
                                  0.000000    0.000000   clock network delay (ideal)
                                  0.250000    0.250000   clock uncertainty
                                  0.000000    0.250000   clock reconvergence pessimism
                                 -4.000000   -3.750000   output external delay
                                             -3.750000   data required time
---------------------------------------------------------------------------------------------
                                             -3.750000   data required time
                                             -5.142211   data arrival time
---------------------------------------------------------------------------------------------
                                              8.892212   slack (MET)



