Reading OpenROAD database at '/home/minhnd/projects/CLA32_Floorplanning/runs/acc8_util40/20-openroad-generatepdn/acc8.odb'…
Reading library file at '/home/minhnd/.volare/volare/sky130/versions/0fe599b2afb6708d281543108caf8310912f54af/sky130A/libs.ref/sky130_fd_sc_hd/lib/sky130_fd_sc_hd__tt_025C_1v80.lib'…
Reading design constraints file at '/nix/store/ss2cw3sxbrwwx9jl0rrppbw4kgcmgi2n-python3-3.11.9-env/lib/python3.11/site-packages/openlane/scripts/base.sdc'…
[INFO] Using clock clk…
[INFO] Setting output delay to: 4
[INFO] Setting input delay to: 4
[INFO] Setting load to: 0.033442
[INFO] Setting clock uncertainty to: 0.25
[INFO] Setting clock transition to: 0.1499999999999999944488848768742172978818416595458984375
[INFO] Setting timing derate to: 5%
+ global_placement -density 0.520068 -skip_io -pad_right 0 -pad_left 0 -init_wirelength_coef 0.25
[INFO GPL-0002] DBU: 1000
[INFO GPL-0003] SiteSize: (  0.460  2.720 ) um
[INFO GPL-0004] CoreBBox: (  5.520 10.880 ) ( 44.160 48.960 ) um
[INFO GPL-0006] NumInstances:               102
[INFO GPL-0007] NumPlaceInstances:           58
[INFO GPL-0008] NumFixedInstances:           44
[INFO GPL-0009] NumDummyInstances:            0
[INFO GPL-0010] NumNets:                     68
[INFO GPL-0011] NumPins:                    190
[INFO GPL-0012] DieBBox:  (  0.000  0.000 ) ( 49.705 60.425 ) um
[INFO GPL-0013] CoreBBox: (  5.520 10.880 ) ( 44.160 48.960 ) um
[INFO GPL-0016] CoreArea:              1471.411 um^2
[INFO GPL-0017] NonPlaceInstsArea:      125.120 um^2
[INFO GPL-0018] PlaceInstsArea:         598.074 um^2
[INFO GPL-0019] Util:                    44.424 %
[INFO GPL-0020] StdInstsArea:           598.074 um^2
[INFO GPL-0021] MacroInstsArea:           0.000 um^2
[INFO GPL-0031] FillerInit:NumGCells:        68
[INFO GPL-0032] FillerInit:NumGNets:         68
[INFO GPL-0033] FillerInit:NumGPins:        190
[INFO GPL-0023] TargetDensity:            0.520
[INFO GPL-0024] AvrgPlaceInstArea:       10.312 um^2
[INFO GPL-0025] IdealBinArea:            19.827 um^2
[INFO GPL-0026] IdealBinCnt:                 74
[INFO GPL-0027] TotalBinArea:          1471.411 um^2
[INFO GPL-0028] BinCnt:         8      8
[INFO GPL-0029] BinSize: (  4.830  4.760 )
[INFO GPL-0030] NumBins: 64
[NesterovSolve] Iter:    1 overflow: 0.907 HPWL: 156266
[NesterovSolve] Iter:   10 overflow: 0.901 HPWL: 140014
[NesterovSolve] Iter:   20 overflow: 0.900 HPWL: 140018
[NesterovSolve] Iter:   30 overflow: 0.900 HPWL: 139973
[NesterovSolve] Iter:   40 overflow: 0.900 HPWL: 140008
[NesterovSolve] Iter:   50 overflow: 0.900 HPWL: 140059
[NesterovSolve] Iter:   60 overflow: 0.900 HPWL: 140134
[NesterovSolve] Iter:   70 overflow: 0.900 HPWL: 140309
[NesterovSolve] Iter:   80 overflow: 0.900 HPWL: 140488
[NesterovSolve] Iter:   90 overflow: 0.899 HPWL: 140800
[NesterovSolve] Iter:  100 overflow: 0.898 HPWL: 140962
[NesterovSolve] Iter:  110 overflow: 0.897 HPWL: 141045
[NesterovSolve] Iter:  120 overflow: 0.894 HPWL: 141480
[NesterovSolve] Iter:  130 overflow: 0.887 HPWL: 142406
[NesterovSolve] Iter:  140 overflow: 0.871 HPWL: 145357
[NesterovSolve] Iter:  150 overflow: 0.826 HPWL: 155103
[NesterovSolve] Iter:  160 overflow: 0.768 HPWL: 187116
[NesterovSolve] Iter:  170 overflow: 0.764 HPWL: 212775
[NesterovSolve] Iter:  180 overflow: 0.719 HPWL: 230611
[NesterovSolve] Iter:  190 overflow: 0.680 HPWL: 249184
[NesterovSolve] Iter:  200 overflow: 0.635 HPWL: 268973
[NesterovSolve] Iter:  210 overflow: 0.589 HPWL: 286795
[NesterovSolve] Iter:  220 overflow: 0.545 HPWL: 306109
[NesterovSolve] Iter:  230 overflow: 0.505 HPWL: 327827
[NesterovSolve] Iter:  240 overflow: 0.475 HPWL: 354789
[NesterovSolve] Iter:  250 overflow: 0.442 HPWL: 380731
[NesterovSolve] Iter:  260 overflow: 0.396 HPWL: 397728
[NesterovSolve] Iter:  270 overflow: 0.352 HPWL: 413691
[NesterovSolve] Iter:  280 overflow: 0.319 HPWL: 425869
[NesterovSolve] Iter:  290 overflow: 0.284 HPWL: 432067
[NesterovSolve] Iter:  300 overflow: 0.247 HPWL: 430914
[NesterovSolve] Iter:  310 overflow: 0.219 HPWL: 438029
[NesterovSolve] Iter:  320 overflow: 0.178 HPWL: 450839
[NesterovSolve] Iter:  330 overflow: 0.149 HPWL: 464166
[NesterovSolve] Iter:  340 overflow: 0.121 HPWL: 468107
[NesterovSolve] Iter:  350 overflow: 0.111 HPWL: 470515
[NesterovSolve] Finished with Overflow: 0.098254
[INFO] Setting RC values…
Setting global connections for newly added cells…
[INFO] Setting global connections...
Updating metrics…
Cell type report:                       Count       Area
  Fill cell                                28     105.10
  Tap cell                                 16      20.02
  Inverter                                  9      33.78
  Sequential cell                           8     210.20
  Multi-Input combinational cell           41     354.09
  Total                                   102     723.19
Writing OpenROAD database to '/home/minhnd/projects/CLA32_Floorplanning/runs/acc8_util40/23-openroad-globalplacementskipio/acc8.odb'…
Writing netlist to '/home/minhnd/projects/CLA32_Floorplanning/runs/acc8_util40/23-openroad-globalplacementskipio/acc8.nl.v'…
Writing powered netlist to '/home/minhnd/projects/CLA32_Floorplanning/runs/acc8_util40/23-openroad-globalplacementskipio/acc8.pnl.v'…
Writing layout to '/home/minhnd/projects/CLA32_Floorplanning/runs/acc8_util40/23-openroad-globalplacementskipio/acc8.def'…
Writing timing constraints to '/home/minhnd/projects/CLA32_Floorplanning/runs/acc8_util40/23-openroad-globalplacementskipio/acc8.sdc'…
