
===========================================================================
report_checks -unconstrained
===========================================================================
======================= nom_tt_025C_1v80 Corner ===================================

Startpoint: rst (input port clocked by clk)
Endpoint: _446_ (recovery check against rising-edge clock clk)
Path Group: asynchronous
Path Type: max

Fanout         Cap        Slew       Delay        Time   Description
---------------------------------------------------------------------------------------------
                                  0.000000    0.000000   clock clk (rise edge)
                                  0.000000    0.000000   clock network delay (propagated)
                                  4.000000    4.000000 v input external delay
     1    0.003230    0.009630    0.005167    4.005167 v rst (in)
                                                         rst (net)
                      0.009630    0.000000    4.005167 v input33/A (sky130_fd_sc_hd__buf_1)
     4    0.014649    0.090264    0.124736    4.129903 v input33/X (sky130_fd_sc_hd__buf_1)
                                                         net33 (net)
                      0.090266    0.000544    4.130447 v fanout66/A (sky130_fd_sc_hd__buf_4)
    10    0.062424    0.087648    0.215811    4.346258 v fanout66/X (sky130_fd_sc_hd__buf_4)
                                                         net66 (net)
                      0.087888    0.003959    4.350218 v _205_/A (sky130_fd_sc_hd__inv_2)
     1    0.005427    0.040086    0.065858    4.416075 ^ _205_/Y (sky130_fd_sc_hd__inv_2)
                                                         _014_ (net)
                      0.040086    0.000181    4.416256 ^ _446_/RESET_B (sky130_fd_sc_hd__dfrtp_1)
                                              4.416256   data arrival time

                                 20.000000   20.000000   clock clk (rise edge)
                                  0.000000   20.000000   clock source latency
     1    0.014769    0.072444    0.049644   20.049644 ^ clk (in)
                                                         clk (net)
                      0.072464    0.000000   20.049644 ^ clkbuf_0_clk/A (sky130_fd_sc_hd__clkbuf_16)
     4    0.038453    0.058334    0.150393   20.200037 ^ clkbuf_0_clk/X (sky130_fd_sc_hd__clkbuf_16)
                                                         clknet_0_clk (net)
                      0.058375    0.001343   20.201380 ^ clkbuf_2_0__f_clk/A (sky130_fd_sc_hd__clkbuf_16)
     9    0.028371    0.049619    0.138012   20.339394 ^ clkbuf_2_0__f_clk/X (sky130_fd_sc_hd__clkbuf_16)
                                                         clknet_2_0__leaf_clk (net)
                      0.049623    0.000895   20.340288 ^ _446_/CLK (sky130_fd_sc_hd__dfrtp_1)
                                 -0.250000   20.090288   clock uncertainty
                                  0.000000   20.090288   clock reconvergence pessimism
                                  0.233021   20.323309   library recovery time
                                             20.323309   data required time
---------------------------------------------------------------------------------------------
                                             20.323309   data required time
                                             -4.416256   data arrival time
---------------------------------------------------------------------------------------------
                                             15.907054   slack (MET)


Startpoint: data_in[6] (input port clocked by clk)
Endpoint: _462_ (rising edge-triggered flip-flop clocked by clk)
Path Group: clk
Path Type: max

Fanout         Cap        Slew       Delay        Time   Description
---------------------------------------------------------------------------------------------
                                  0.000000    0.000000   clock clk (rise edge)
                                  0.000000    0.000000   clock network delay (propagated)
                                  4.000000    4.000000 ^ input external delay
     1    0.003517    0.022840    0.012842    4.012842 ^ data_in[6] (in)
                                                         data_in[6] (net)
                      0.022848    0.000000    4.012842 ^ input29/A (sky130_fd_sc_hd__buf_1)
     3    0.011924    0.146516    0.144986    4.157828 ^ input29/X (sky130_fd_sc_hd__buf_1)
                                                         net29 (net)
                      0.146517    0.000429    4.158258 ^ _272_/A (sky130_fd_sc_hd__xnor2_1)
     3    0.008486    0.086274    0.124000    4.282258 v _272_/Y (sky130_fd_sc_hd__xnor2_1)
                                                         _080_ (net)
                      0.086274    0.000142    4.282400 v _276_/A (sky130_fd_sc_hd__or3_1)
     3    0.009508    0.101249    0.427013    4.709412 v _276_/X (sky130_fd_sc_hd__or3_1)
                                                         _084_ (net)
                      0.101249    0.000321    4.709733 v _283_/A (sky130_fd_sc_hd__nor3_1)
     1    0.010327    0.339351    0.344710    5.054444 ^ _283_/Y (sky130_fd_sc_hd__nor3_1)
                                                         _091_ (net)
                      0.339351    0.000437    5.054881 ^ _284_/C1 (sky130_fd_sc_hd__o221ai_4)
     3    0.009024    0.117344    0.170036    5.224916 v _284_/Y (sky130_fd_sc_hd__o221ai_4)
                                                         _092_ (net)
                      0.117344    0.000242    5.225158 v _289_/A1 (sky130_fd_sc_hd__a211oi_1)
     2    0.006543    0.282131    0.300284    5.525443 ^ _289_/Y (sky130_fd_sc_hd__a211oi_1)
                                                         _097_ (net)
                      0.282131    0.000203    5.525645 ^ _307_/A1 (sky130_fd_sc_hd__o211a_1)
     2    0.006888    0.074014    0.225641    5.751286 ^ _307_/X (sky130_fd_sc_hd__o211a_1)
                                                         _115_ (net)
                      0.074014    0.000286    5.751571 ^ _321_/A1 (sky130_fd_sc_hd__o211ai_1)
     2    0.008423    0.115794    0.136878    5.888450 v _321_/Y (sky130_fd_sc_hd__o211ai_1)
                                                         _129_ (net)
                      0.115794    0.000341    5.888791 v _341_/A1 (sky130_fd_sc_hd__a211o_1)
     3    0.009369    0.077609    0.315564    6.204355 v _341_/X (sky130_fd_sc_hd__a211o_1)
                                                         _149_ (net)
                      0.077610    0.000397    6.204751 v _347_/A1 (sky130_fd_sc_hd__a21o_1)
     4    0.012334    0.071784    0.204502    6.409254 v _347_/X (sky130_fd_sc_hd__a21o_1)
                                                         _155_ (net)
                      0.071785    0.000326    6.409579 v _349_/A3 (sky130_fd_sc_hd__a311o_1)
     3    0.008977    0.083193    0.391977    6.801557 v _349_/X (sky130_fd_sc_hd__a311o_1)
                                                         _157_ (net)
                      0.083193    0.000212    6.801769 v _359_/A2 (sky130_fd_sc_hd__a31o_1)
     1    0.006411    0.052997    0.233439    7.035208 v _359_/X (sky130_fd_sc_hd__a31o_1)
                                                         _165_ (net)
                      0.052998    0.000265    7.035473 v _360_/B (sky130_fd_sc_hd__xnor2_1)
     1    0.003593    0.050496    0.125072    7.160545 v _360_/Y (sky130_fd_sc_hd__xnor2_1)
                                                         adder.cla_blocks[7].block.sum[2] (net)
                      0.050496    0.000100    7.160645 v _462_/D (sky130_fd_sc_hd__dfrtp_1)
                                              7.160645   data arrival time

                                 20.000000   20.000000   clock clk (rise edge)
                                  0.000000   20.000000   clock source latency
     1    0.014769    0.072444    0.049644   20.049644 ^ clk (in)
                                                         clk (net)
                      0.072464    0.000000   20.049644 ^ clkbuf_0_clk/A (sky130_fd_sc_hd__clkbuf_16)
     4    0.038453    0.058334    0.150393   20.200037 ^ clkbuf_0_clk/X (sky130_fd_sc_hd__clkbuf_16)
                                                         clknet_0_clk (net)
                      0.058378    0.001371   20.201408 ^ clkbuf_2_3__f_clk/A (sky130_fd_sc_hd__clkbuf_16)
     9    0.028198    0.049488    0.137948   20.339357 ^ clkbuf_2_3__f_clk/X (sky130_fd_sc_hd__clkbuf_16)
                                                         clknet_2_3__leaf_clk (net)
                      0.049489    0.000526   20.339884 ^ _462_/CLK (sky130_fd_sc_hd__dfrtp_1)
                                 -0.250000   20.089884   clock uncertainty
                                  0.000000   20.089884   clock reconvergence pessimism
                                 -0.115644   19.974239   library setup time
                                             19.974239   data required time
---------------------------------------------------------------------------------------------
                                             19.974239   data required time
                                             -7.160645   data arrival time
---------------------------------------------------------------------------------------------
                                             12.813595   slack (MET)




===========================================================================
report_checks --slack_max -0.01
============================================================================
======================= nom_tt_025C_1v80 Corner ===================================

No paths found.


===========================================================================
 report_check_types -max_slew -max_cap -max_fanout -violators
============================================================================
======================= nom_tt_025C_1v80 Corner ===================================



===========================================================================
report_parasitic_annotation -report_unannotated
============================================================================
Found 3 unannotated drivers.
 clkload0/X
 clkload1/X
 clkload2/X
Found 0 partially unannotated drivers.

===========================================================================
max slew violation count 0
Writing metric design__max_slew_violation__count__corner:nom_tt_025C_1v80: 0
max fanout violation count 0
Writing metric design__max_fanout_violation__count__corner:nom_tt_025C_1v80: 0
max cap violation count 0
Writing metric design__max_cap_violation__count__corner:nom_tt_025C_1v80: 0
============================================================================

===========================================================================
check_setup -verbose -unconstrained_endpoints -multiple_clock -no_clock -no_input_delay -loops -generated_clocks
===========================================================================
