Reading OpenROAD database at '/home/minhnd/projects/CLA32_Floorplanning/runs/acc32_pdn_wide/47-odb-reportdisconnectedpins/acc32.odb'…
Reading library file at '/home/minhnd/.volare/volare/sky130/versions/0fe599b2afb6708d281543108caf8310912f54af/sky130A/libs.ref/sky130_fd_sc_hd/lib/sky130_fd_sc_hd__tt_025C_1v80.lib'…
Reading design constraints file at '/nix/store/ss2cw3sxbrwwx9jl0rrppbw4kgcmgi2n-python3-3.11.9-env/lib/python3.11/site-packages/openlane/scripts/base.sdc'…
[INFO] Using clock clk…
[INFO] Setting output delay to: 4
[INFO] Setting input delay to: 4
[INFO] Setting load to: 0.033442
[INFO] Setting clock uncertainty to: 0.25
[INFO] Setting clock transition to: 0.1499999999999999944488848768742172978818416595458984375
[INFO] Setting timing derate to: 5%
sky130_ef_sc_hd__decap_12 sky130_fd_sc_hd__decap_8 sky130_fd_sc_hd__decap_6 sky130_fd_sc_hd__decap_4 sky130_fd_sc_hd__decap_3 sky130_fd_sc_hd__fill*
[INFO DPL-0001] Placed 499 filler instances.
Setting global connections for newly added cells…
[INFO] Setting global connections...
Updating metrics…
Cell type report:                       Count       Area
  Fill cell                               559    3942.53
  Tap cell                                 96     120.12
  Clock buffer                              8     153.90
  Timing Repair Buffer                     69     310.30
  Inverter                                 35     131.38
  Sequential cell                          32     804.52
  Multi-Input combinational cell          197    1256.20
  Total                                   996    6718.94
Writing OpenROAD database to '/home/minhnd/projects/CLA32_Floorplanning/runs/acc32_pdn_wide/51-openroad-fillinsertion/acc32.odb'…
Writing netlist to '/home/minhnd/projects/CLA32_Floorplanning/runs/acc32_pdn_wide/51-openroad-fillinsertion/acc32.nl.v'…
Writing powered netlist to '/home/minhnd/projects/CLA32_Floorplanning/runs/acc32_pdn_wide/51-openroad-fillinsertion/acc32.pnl.v'…
Writing layout to '/home/minhnd/projects/CLA32_Floorplanning/runs/acc32_pdn_wide/51-openroad-fillinsertion/acc32.def'…
Writing timing constraints to '/home/minhnd/projects/CLA32_Floorplanning/runs/acc32_pdn_wide/51-openroad-fillinsertion/acc32.sdc'…
