Clock: clk
Sources: clk 
Generated: no
Virtual: yes
Propagated: no
Period: 20.000000

===========================================================================
report_clock_properties
============================================================================
Clock                   Period          Waveform
----------------------------------------------------
clk                  20.000000    0.000000 10.000000

===========================================================================
report_clock_latency
============================================================================
Clock clk
rise -> rise
    min     max
0.000000 0.000000 source latency
0.289706         network latency _93_/CLK
        0.291028 network latency _95_/CLK
---------------
0.289706 0.291028 latency
        0.001321 skew

fall -> fall
    min     max
0.000000 0.000000 source latency
0.292154         network latency _93_/CLK
        0.293298 network latency _95_/CLK
---------------
0.292154 0.293298 latency
        0.001144 skew



===========================================================================
report_clock_min_period
============================================================================
clk period_min = 2.40 fmax = 415.82
