
===========================================================================
report_checks -path_delay max (Setup)
============================================================================
======================= max_tt_025C_1v80 Corner ===================================

Startpoint: data_in[1] (input port clocked by clk)
Endpoint: _98_ (rising edge-triggered flip-flop clocked by clk)
Path Group: clk
Path Type: max

Fanout         Cap        Slew       Delay        Time   Description
---------------------------------------------------------------------------------------------
                                  0.000000    0.000000   clock clk (rise edge)
                                  0.000000    0.000000   clock network delay (propagated)
                                  4.000000    4.000000 v input external delay
     1    0.002912    0.008875    0.004661    4.004661 v data_in[1] (in)
                                                         data_in[1] (net)
                      0.008881    0.000000    4.004661 v input2/A (sky130_fd_sc_hd__clkbuf_1)
     2    0.005289    0.039499    0.083904    4.088565 v input2/X (sky130_fd_sc_hd__clkbuf_1)
                                                         net2 (net)
                      0.039501    0.000346    4.088911 v _50_/A (sky130_fd_sc_hd__nand2_1)
     4    0.014430    0.142112    0.123626    4.212537 ^ _50_/Y (sky130_fd_sc_hd__nand2_1)
                                                         _15_ (net)
                      0.142119    0.000833    4.213369 ^ _54_/C_N (sky130_fd_sc_hd__or3b_1)
     3    0.009951    0.103664    0.411810    4.625179 v _54_/X (sky130_fd_sc_hd__or3b_1)
                                                         _19_ (net)
                      0.103665    0.000512    4.625691 v _55_/A2 (sky130_fd_sc_hd__a211o_1)
     4    0.011341    0.085644    0.354589    4.980280 v _55_/X (sky130_fd_sc_hd__a211o_1)
                                                         _20_ (net)
                      0.085649    0.000768    4.981048 v _60_/A2 (sky130_fd_sc_hd__a311o_1)
     4    0.014991    0.110564    0.387059    5.368107 v _60_/X (sky130_fd_sc_hd__a311o_1)
                                                         _25_ (net)
                      0.110579    0.001311    5.369418 v _70_/A2 (sky130_fd_sc_hd__a31o_1)
     1    0.004733    0.045341    0.236164    5.605582 v _70_/X (sky130_fd_sc_hd__a31o_1)
                                                         _33_ (net)
                      0.045341    0.000223    5.605805 v _71_/B (sky130_fd_sc_hd__xnor2_1)
     1    0.002411    0.042779    0.115155    5.720960 v _71_/Y (sky130_fd_sc_hd__xnor2_1)
                                                         adder.high.sum[2] (net)
                      0.042779    0.000108    5.721068 v _98_/D (sky130_fd_sc_hd__dfrtp_1)
                                              5.721068   data arrival time

                                 20.000000   20.000000   clock clk (rise edge)
                                  0.000000   20.000000   clock source latency
     1    0.011554    0.058399    0.039245   20.039246 ^ clk (in)
                                                         clk (net)
                      0.058407    0.000000   20.039246 ^ clkbuf_0_clk/A (sky130_fd_sc_hd__clkbuf_16)
     2    0.021328    0.042950    0.131132   20.170378 ^ clkbuf_0_clk/X (sky130_fd_sc_hd__clkbuf_16)
                                                         clknet_0_clk (net)
                      0.043053    0.001315   20.171692 ^ clkbuf_1_1__f_clk/A (sky130_fd_sc_hd__clkbuf_16)
     4    0.013809    0.036592    0.118678   20.290371 ^ clkbuf_1_1__f_clk/X (sky130_fd_sc_hd__clkbuf_16)
                                                         clknet_1_1__leaf_clk (net)
                      0.036592    0.000513   20.290884 ^ _98_/CLK (sky130_fd_sc_hd__dfrtp_1)
                                 -0.250000   20.040886   clock uncertainty
                                  0.000000   20.040886   clock reconvergence pessimism
                                 -0.115228   19.925657   library setup time
                                             19.925657   data required time
---------------------------------------------------------------------------------------------
                                             19.925657   data required time
                                             -5.721068   data arrival time
---------------------------------------------------------------------------------------------
                                             14.204588   slack (MET)


Startpoint: data_in[1] (input port clocked by clk)
Endpoint: _99_ (rising edge-triggered flip-flop clocked by clk)
Path Group: clk
Path Type: max

Fanout         Cap        Slew       Delay        Time   Description
---------------------------------------------------------------------------------------------
                                  0.000000    0.000000   clock clk (rise edge)
                                  0.000000    0.000000   clock network delay (propagated)
                                  4.000000    4.000000 v input external delay
     1    0.002912    0.008875    0.004661    4.004661 v data_in[1] (in)
                                                         data_in[1] (net)
                      0.008881    0.000000    4.004661 v input2/A (sky130_fd_sc_hd__clkbuf_1)
     2    0.005289    0.039499    0.083904    4.088565 v input2/X (sky130_fd_sc_hd__clkbuf_1)
                                                         net2 (net)
                      0.039501    0.000346    4.088911 v _50_/A (sky130_fd_sc_hd__nand2_1)
     4    0.014430    0.142112    0.123626    4.212537 ^ _50_/Y (sky130_fd_sc_hd__nand2_1)
                                                         _15_ (net)
                      0.142119    0.000833    4.213369 ^ _54_/C_N (sky130_fd_sc_hd__or3b_1)
     3    0.009951    0.103664    0.411810    4.625179 v _54_/X (sky130_fd_sc_hd__or3b_1)
                                                         _19_ (net)
                      0.103665    0.000512    4.625691 v _55_/A2 (sky130_fd_sc_hd__a211o_1)
     4    0.011341    0.085644    0.354589    4.980280 v _55_/X (sky130_fd_sc_hd__a211o_1)
                                                         _20_ (net)
                      0.085649    0.000768    4.981048 v _60_/A2 (sky130_fd_sc_hd__a311o_1)
     4    0.014991    0.110564    0.387059    5.368107 v _60_/X (sky130_fd_sc_hd__a311o_1)
                                                         _25_ (net)
                      0.110573    0.001068    5.369175 v _74_/A1 (sky130_fd_sc_hd__a21oi_1)
     1    0.005453    0.152354    0.181324    5.550499 ^ _74_/Y (sky130_fd_sc_hd__a21oi_1)
                                                         _36_ (net)
                      0.152375    0.000398    5.550898 ^ _76_/A (sky130_fd_sc_hd__xnor2_1)
     1    0.002317    0.047418    0.086644    5.637541 v _76_/Y (sky130_fd_sc_hd__xnor2_1)
                                                         adder.high.sum[3] (net)
                      0.047420    0.000105    5.637647 v _99_/D (sky130_fd_sc_hd__dfrtp_1)
                                              5.637647   data arrival time

                                 20.000000   20.000000   clock clk (rise edge)
                                  0.000000   20.000000   clock source latency
     1    0.011554    0.058399    0.039245   20.039246 ^ clk (in)
                                                         clk (net)
                      0.058407    0.000000   20.039246 ^ clkbuf_0_clk/A (sky130_fd_sc_hd__clkbuf_16)
     2    0.021328    0.042950    0.131132   20.170378 ^ clkbuf_0_clk/X (sky130_fd_sc_hd__clkbuf_16)
                                                         clknet_0_clk (net)
                      0.043053    0.001315   20.171692 ^ clkbuf_1_1__f_clk/A (sky130_fd_sc_hd__clkbuf_16)
     4    0.013809    0.036592    0.118678   20.290371 ^ clkbuf_1_1__f_clk/X (sky130_fd_sc_hd__clkbuf_16)
                                                         clknet_1_1__leaf_clk (net)
                      0.036592    0.000529   20.290899 ^ _99_/CLK (sky130_fd_sc_hd__dfrtp_1)
                                 -0.250000   20.040901   clock uncertainty
                                  0.000000   20.040901   clock reconvergence pessimism
                                 -0.117254   19.923647   library setup time
                                             19.923647   data required time
---------------------------------------------------------------------------------------------
                                             19.923647   data required time
                                             -5.637647   data arrival time
---------------------------------------------------------------------------------------------
                                             14.286000   slack (MET)


Startpoint: data_in[1] (input port clocked by clk)
Endpoint: _97_ (rising edge-triggered flip-flop clocked by clk)
Path Group: clk
Path Type: max

Fanout         Cap        Slew       Delay        Time   Description
---------------------------------------------------------------------------------------------
                                  0.000000    0.000000   clock clk (rise edge)
                                  0.000000    0.000000   clock network delay (propagated)
                                  4.000000    4.000000 v input external delay
     1    0.002912    0.008875    0.004661    4.004661 v data_in[1] (in)
                                                         data_in[1] (net)
                      0.008881    0.000000    4.004661 v input2/A (sky130_fd_sc_hd__clkbuf_1)
     2    0.005289    0.039499    0.083904    4.088565 v input2/X (sky130_fd_sc_hd__clkbuf_1)
                                                         net2 (net)
                      0.039501    0.000346    4.088911 v _50_/A (sky130_fd_sc_hd__nand2_1)
     4    0.014430    0.142112    0.123626    4.212537 ^ _50_/Y (sky130_fd_sc_hd__nand2_1)
                                                         _15_ (net)
                      0.142119    0.000833    4.213369 ^ _54_/C_N (sky130_fd_sc_hd__or3b_1)
     3    0.009951    0.103664    0.411810    4.625179 v _54_/X (sky130_fd_sc_hd__or3b_1)
                                                         _19_ (net)
                      0.103665    0.000512    4.625691 v _55_/A2 (sky130_fd_sc_hd__a211o_1)
     4    0.011341    0.085644    0.354589    4.980280 v _55_/X (sky130_fd_sc_hd__a211o_1)
                                                         _20_ (net)
                      0.085649    0.000768    4.981048 v _60_/A2 (sky130_fd_sc_hd__a311o_1)
     4    0.014991    0.110564    0.387059    5.368107 v _60_/X (sky130_fd_sc_hd__a311o_1)
                                                         _25_ (net)
                      0.110571    0.000993    5.369100 v _65_/B (sky130_fd_sc_hd__nand2_1)
     1    0.005011    0.067045    0.104357    5.473456 ^ _65_/Y (sky130_fd_sc_hd__nand2_1)
                                                         _29_ (net)
                      0.067046    0.000374    5.473831 ^ _66_/B (sky130_fd_sc_hd__xnor2_1)
     1    0.003038    0.120224    0.112521    5.586352 ^ _66_/Y (sky130_fd_sc_hd__xnor2_1)
                                                         adder.high.sum[1] (net)
                      0.120224    0.000214    5.586565 ^ _97_/D (sky130_fd_sc_hd__dfrtp_1)
                                              5.586565   data arrival time

                                 20.000000   20.000000   clock clk (rise edge)
                                  0.000000   20.000000   clock source latency
     1    0.011554    0.058399    0.039245   20.039246 ^ clk (in)
                                                         clk (net)
                      0.058407    0.000000   20.039246 ^ clkbuf_0_clk/A (sky130_fd_sc_hd__clkbuf_16)
     2    0.021328    0.042950    0.131132   20.170378 ^ clkbuf_0_clk/X (sky130_fd_sc_hd__clkbuf_16)
                                                         clknet_0_clk (net)
                      0.043053    0.001315   20.171692 ^ clkbuf_1_1__f_clk/A (sky130_fd_sc_hd__clkbuf_16)
     4    0.013809    0.036592    0.118678   20.290371 ^ clkbuf_1_1__f_clk/X (sky130_fd_sc_hd__clkbuf_16)
                                                         clknet_1_1__leaf_clk (net)
                      0.036592    0.000618   20.290989 ^ _97_/CLK (sky130_fd_sc_hd__dfrtp_1)
                                 -0.250000   20.040991   clock uncertainty
                                  0.000000   20.040991   clock reconvergence pessimism
                                 -0.078499   19.962490   library setup time
                                             19.962490   data required time
---------------------------------------------------------------------------------------------
                                             19.962490   data required time
                                             -5.586565   data arrival time
---------------------------------------------------------------------------------------------
                                             14.375925   slack (MET)


Startpoint: data_in[1] (input port clocked by clk)
Endpoint: _96_ (rising edge-triggered flip-flop clocked by clk)
Path Group: clk
Path Type: max

Fanout         Cap        Slew       Delay        Time   Description
---------------------------------------------------------------------------------------------
                                  0.000000    0.000000   clock clk (rise edge)
                                  0.000000    0.000000   clock network delay (propagated)
                                  4.000000    4.000000 v input external delay
     1    0.002912    0.008875    0.004661    4.004661 v data_in[1] (in)
                                                         data_in[1] (net)
                      0.008881    0.000000    4.004661 v input2/A (sky130_fd_sc_hd__clkbuf_1)
     2    0.005289    0.039499    0.083904    4.088565 v input2/X (sky130_fd_sc_hd__clkbuf_1)
                                                         net2 (net)
                      0.039501    0.000346    4.088911 v _50_/A (sky130_fd_sc_hd__nand2_1)
     4    0.014430    0.142112    0.123626    4.212537 ^ _50_/Y (sky130_fd_sc_hd__nand2_1)
                                                         _15_ (net)
                      0.142119    0.000833    4.213369 ^ _54_/C_N (sky130_fd_sc_hd__or3b_1)
     3    0.009951    0.103664    0.411810    4.625179 v _54_/X (sky130_fd_sc_hd__or3b_1)
                                                         _19_ (net)
                      0.103665    0.000512    4.625691 v _55_/A2 (sky130_fd_sc_hd__a211o_1)
     4    0.011341    0.085644    0.354589    4.980280 v _55_/X (sky130_fd_sc_hd__a211o_1)
                                                         _20_ (net)
                      0.085649    0.000768    4.981048 v _60_/A2 (sky130_fd_sc_hd__a311o_1)
     4    0.014991    0.110564    0.387059    5.368107 v _60_/X (sky130_fd_sc_hd__a311o_1)
                                                         _25_ (net)
                      0.110578    0.001267    5.369374 v _61_/B (sky130_fd_sc_hd__and2_1)
     1    0.002372    0.033170    0.177434    5.546808 v _61_/X (sky130_fd_sc_hd__and2_1)
                                                         adder.high.sum[0] (net)
                      0.033170    0.000163    5.546971 v _96_/D (sky130_fd_sc_hd__dfrtp_1)
                                              5.546971   data arrival time

                                 20.000000   20.000000   clock clk (rise edge)
                                  0.000000   20.000000   clock source latency
     1    0.011554    0.058399    0.039245   20.039246 ^ clk (in)
                                                         clk (net)
                      0.058407    0.000000   20.039246 ^ clkbuf_0_clk/A (sky130_fd_sc_hd__clkbuf_16)
     2    0.021328    0.042950    0.131132   20.170378 ^ clkbuf_0_clk/X (sky130_fd_sc_hd__clkbuf_16)
                                                         clknet_0_clk (net)
                      0.043053    0.001307   20.171686 ^ clkbuf_1_0__f_clk/A (sky130_fd_sc_hd__clkbuf_16)
     4    0.012690    0.035645    0.117604   20.289289 ^ clkbuf_1_0__f_clk/X (sky130_fd_sc_hd__clkbuf_16)
                                                         clknet_1_0__leaf_clk (net)
                      0.035645    0.000659   20.289948 ^ _96_/CLK (sky130_fd_sc_hd__dfrtp_1)
                                 -0.250000   20.039949   clock uncertainty
                                  0.000000   20.039949   clock reconvergence pessimism
                                 -0.111250   19.928699   library setup time
                                             19.928699   data required time
---------------------------------------------------------------------------------------------
                                             19.928699   data required time
                                             -5.546971   data arrival time
---------------------------------------------------------------------------------------------
                                             14.381728   slack (MET)


Startpoint: data_in[1] (input port clocked by clk)
Endpoint: _95_ (rising edge-triggered flip-flop clocked by clk)
Path Group: clk
Path Type: max

Fanout         Cap        Slew       Delay        Time   Description
---------------------------------------------------------------------------------------------
                                  0.000000    0.000000   clock clk (rise edge)
                                  0.000000    0.000000   clock network delay (propagated)
                                  4.000000    4.000000 v input external delay
     1    0.002912    0.008875    0.004661    4.004661 v data_in[1] (in)
                                                         data_in[1] (net)
                      0.008881    0.000000    4.004661 v input2/A (sky130_fd_sc_hd__clkbuf_1)
     2    0.005289    0.039499    0.083904    4.088565 v input2/X (sky130_fd_sc_hd__clkbuf_1)
                                                         net2 (net)
                      0.039501    0.000346    4.088911 v _50_/A (sky130_fd_sc_hd__nand2_1)
     4    0.014430    0.142112    0.123626    4.212537 ^ _50_/Y (sky130_fd_sc_hd__nand2_1)
                                                         _15_ (net)
                      0.142119    0.000833    4.213369 ^ _54_/C_N (sky130_fd_sc_hd__or3b_1)
     3    0.009951    0.103664    0.411810    4.625179 v _54_/X (sky130_fd_sc_hd__or3b_1)
                                                         _19_ (net)
                      0.103665    0.000512    4.625691 v _55_/A2 (sky130_fd_sc_hd__a211o_1)
     4    0.011341    0.085644    0.354589    4.980280 v _55_/X (sky130_fd_sc_hd__a211o_1)
                                                         _20_ (net)
                      0.085650    0.000794    4.981075 v _81_/B (sky130_fd_sc_hd__nand2_1)
     1    0.005235    0.066191    0.094470    5.075545 ^ _81_/Y (sky130_fd_sc_hd__nand2_1)
                                                         _40_ (net)
                      0.066192    0.000385    5.075931 ^ _82_/B (sky130_fd_sc_hd__xnor2_1)
     1    0.002306    0.106342    0.106418    5.182348 ^ _82_/Y (sky130_fd_sc_hd__xnor2_1)
                                                         adder.low.sum[3] (net)
                      0.106342    0.000106    5.182454 ^ _95_/D (sky130_fd_sc_hd__dfrtp_1)
                                              5.182454   data arrival time

                                 20.000000   20.000000   clock clk (rise edge)
                                  0.000000   20.000000   clock source latency
     1    0.011554    0.058399    0.039245   20.039246 ^ clk (in)
                                                         clk (net)
                      0.058407    0.000000   20.039246 ^ clkbuf_0_clk/A (sky130_fd_sc_hd__clkbuf_16)
     2    0.021328    0.042950    0.131132   20.170378 ^ clkbuf_0_clk/X (sky130_fd_sc_hd__clkbuf_16)
                                                         clknet_0_clk (net)
                      0.043053    0.001315   20.171692 ^ clkbuf_1_1__f_clk/A (sky130_fd_sc_hd__clkbuf_16)
     4    0.013809    0.036592    0.118678   20.290371 ^ clkbuf_1_1__f_clk/X (sky130_fd_sc_hd__clkbuf_16)
                                                         clknet_1_1__leaf_clk (net)
                      0.036592    0.000657   20.291029 ^ _95_/CLK (sky130_fd_sc_hd__dfrtp_1)
                                 -0.250000   20.041029   clock uncertainty
                                  0.000000   20.041029   clock reconvergence pessimism
                                 -0.075286   19.965744   library setup time
                                             19.965744   data required time
---------------------------------------------------------------------------------------------
                                             19.965744   data required time
                                             -5.182454   data arrival time
---------------------------------------------------------------------------------------------
                                             14.783290   slack (MET)


Startpoint: data_in[1] (input port clocked by clk)
Endpoint: _94_ (rising edge-triggered flip-flop clocked by clk)
Path Group: clk
Path Type: max

Fanout         Cap        Slew       Delay        Time   Description
---------------------------------------------------------------------------------------------
                                  0.000000    0.000000   clock clk (rise edge)
                                  0.000000    0.000000   clock network delay (propagated)
                                  4.000000    4.000000 v input external delay
     1    0.002912    0.008875    0.004661    4.004661 v data_in[1] (in)
                                                         data_in[1] (net)
                      0.008881    0.000000    4.004661 v input2/A (sky130_fd_sc_hd__clkbuf_1)
     2    0.005289    0.039499    0.083904    4.088565 v input2/X (sky130_fd_sc_hd__clkbuf_1)
                                                         net2 (net)
                      0.039501    0.000346    4.088911 v _50_/A (sky130_fd_sc_hd__nand2_1)
     4    0.014430    0.142112    0.123626    4.212537 ^ _50_/Y (sky130_fd_sc_hd__nand2_1)
                                                         _15_ (net)
                      0.142119    0.000833    4.213369 ^ _54_/C_N (sky130_fd_sc_hd__or3b_1)
     3    0.009951    0.103664    0.411810    4.625179 v _54_/X (sky130_fd_sc_hd__or3b_1)
                                                         _19_ (net)
                      0.103665    0.000512    4.625691 v _55_/A2 (sky130_fd_sc_hd__a211o_1)
     4    0.011341    0.085644    0.354589    4.980280 v _55_/X (sky130_fd_sc_hd__a211o_1)
                                                         _20_ (net)
                      0.085644    0.000344    4.980624 v _80_/A (sky130_fd_sc_hd__and2_1)
     1    0.002733    0.034788    0.149337    5.129961 v _80_/X (sky130_fd_sc_hd__and2_1)
                                                         adder.low.sum[2] (net)
                      0.034788    0.000175    5.130136 v _94_/D (sky130_fd_sc_hd__dfrtp_1)
                                              5.130136   data arrival time

                                 20.000000   20.000000   clock clk (rise edge)
                                  0.000000   20.000000   clock source latency
     1    0.011554    0.058399    0.039245   20.039246 ^ clk (in)
                                                         clk (net)
                      0.058407    0.000000   20.039246 ^ clkbuf_0_clk/A (sky130_fd_sc_hd__clkbuf_16)
     2    0.021328    0.042950    0.131132   20.170378 ^ clkbuf_0_clk/X (sky130_fd_sc_hd__clkbuf_16)
                                                         clknet_0_clk (net)
                      0.043053    0.001307   20.171686 ^ clkbuf_1_0__f_clk/A (sky130_fd_sc_hd__clkbuf_16)
     4    0.012690    0.035645    0.117604   20.289289 ^ clkbuf_1_0__f_clk/X (sky130_fd_sc_hd__clkbuf_16)
                                                         clknet_1_0__leaf_clk (net)
                      0.035646    0.000762   20.290051 ^ _94_/CLK (sky130_fd_sc_hd__dfrtp_1)
                                 -0.250000   20.040052   clock uncertainty
                                  0.000000   20.040052   clock reconvergence pessimism
                                 -0.111956   19.928095   library setup time
                                             19.928095   data required time
---------------------------------------------------------------------------------------------
                                             19.928095   data required time
                                             -5.130136   data arrival time
---------------------------------------------------------------------------------------------
                                             14.797958   slack (MET)


Startpoint: _94_ (rising edge-triggered flip-flop clocked by clk)
Endpoint: acc[2] (output port clocked by clk)
Path Group: clk
Path Type: max

Fanout         Cap        Slew       Delay        Time   Description
---------------------------------------------------------------------------------------------
                                  0.000000    0.000000   clock clk (rise edge)
                                  0.000000    0.000000   clock source latency
     1    0.011554    0.058399    0.039245    0.039245 ^ clk (in)
                                                         clk (net)
                      0.058407    0.000000    0.039245 ^ clkbuf_0_clk/A (sky130_fd_sc_hd__clkbuf_16)
     2    0.021328    0.042950    0.131132    0.170377 ^ clkbuf_0_clk/X (sky130_fd_sc_hd__clkbuf_16)
                                                         clknet_0_clk (net)
                      0.043053    0.001308    0.171685 ^ clkbuf_1_0__f_clk/A (sky130_fd_sc_hd__clkbuf_16)
     4    0.012690    0.035645    0.117603    0.289288 ^ clkbuf_1_0__f_clk/X (sky130_fd_sc_hd__clkbuf_16)
                                                         clknet_1_0__leaf_clk (net)
                      0.035646    0.000763    0.290051 ^ _94_/CLK (sky130_fd_sc_hd__dfrtp_1)
     4    0.012593    0.121538    0.375052    0.665103 ^ _94_/Q (sky130_fd_sc_hd__dfrtp_1)
                                                         net12 (net)
                      0.121542    0.000838    0.665941 ^ output12/A (sky130_fd_sc_hd__buf_2)
     1    0.034473    0.171711    0.226305    0.892247 ^ output12/X (sky130_fd_sc_hd__buf_2)
                                                         acc[2] (net)
                      0.171724    0.001615    0.893862 ^ acc[2] (out)
                                              0.893862   data arrival time

                                 20.000000   20.000000   clock clk (rise edge)
                                  0.000000   20.000000   clock network delay (propagated)
                                 -0.250000   19.750002   clock uncertainty
                                  0.000000   19.750002   clock reconvergence pessimism
                                 -4.000000   15.750001   output external delay
                                             15.750001   data required time
---------------------------------------------------------------------------------------------
                                             15.750001   data required time
                                             -0.893862   data arrival time
---------------------------------------------------------------------------------------------
                                             14.856139   slack (MET)


Startpoint: _98_ (rising edge-triggered flip-flop clocked by clk)
Endpoint: acc[6] (output port clocked by clk)
Path Group: clk
Path Type: max

Fanout         Cap        Slew       Delay        Time   Description
---------------------------------------------------------------------------------------------
                                  0.000000    0.000000   clock clk (rise edge)
                                  0.000000    0.000000   clock source latency
     1    0.011554    0.058399    0.039245    0.039245 ^ clk (in)
                                                         clk (net)
                      0.058407    0.000000    0.039245 ^ clkbuf_0_clk/A (sky130_fd_sc_hd__clkbuf_16)
     2    0.021328    0.042950    0.131132    0.170377 ^ clkbuf_0_clk/X (sky130_fd_sc_hd__clkbuf_16)
                                                         clknet_0_clk (net)
                      0.043053    0.001315    0.171691 ^ clkbuf_1_1__f_clk/A (sky130_fd_sc_hd__clkbuf_16)
     4    0.013809    0.036592    0.118678    0.290370 ^ clkbuf_1_1__f_clk/X (sky130_fd_sc_hd__clkbuf_16)
                                                         clknet_1_1__leaf_clk (net)
                      0.036592    0.000514    0.290884 ^ _98_/CLK (sky130_fd_sc_hd__dfrtp_1)
     3    0.010472    0.104153    0.362628    0.653512 ^ _98_/Q (sky130_fd_sc_hd__dfrtp_1)
                                                         net16 (net)
                      0.104153    0.000382    0.653894 ^ output16/A (sky130_fd_sc_hd__buf_2)
     1    0.034519    0.171838    0.220015    0.873909 ^ output16/X (sky130_fd_sc_hd__buf_2)
                                                         acc[6] (net)
                      0.171912    0.001670    0.875579 ^ acc[6] (out)
                                              0.875579   data arrival time

                                 20.000000   20.000000   clock clk (rise edge)
                                  0.000000   20.000000   clock network delay (propagated)
                                 -0.250000   19.750002   clock uncertainty
                                  0.000000   19.750002   clock reconvergence pessimism
                                 -4.000000   15.750001   output external delay
                                             15.750001   data required time
---------------------------------------------------------------------------------------------
                                             15.750001   data required time
                                             -0.875579   data arrival time
---------------------------------------------------------------------------------------------
                                             14.874421   slack (MET)


Startpoint: _93_ (rising edge-triggered flip-flop clocked by clk)
Endpoint: acc[1] (output port clocked by clk)
Path Group: clk
Path Type: max

Fanout         Cap        Slew       Delay        Time   Description
---------------------------------------------------------------------------------------------
                                  0.000000    0.000000   clock clk (rise edge)
                                  0.000000    0.000000   clock source latency
     1    0.011554    0.058399    0.039245    0.039245 ^ clk (in)
                                                         clk (net)
                      0.058407    0.000000    0.039245 ^ clkbuf_0_clk/A (sky130_fd_sc_hd__clkbuf_16)
     2    0.021328    0.042950    0.131132    0.170377 ^ clkbuf_0_clk/X (sky130_fd_sc_hd__clkbuf_16)
                                                         clknet_0_clk (net)
                      0.043053    0.001308    0.171685 ^ clkbuf_1_0__f_clk/A (sky130_fd_sc_hd__clkbuf_16)
     4    0.012690    0.035645    0.117603    0.289288 ^ clkbuf_1_0__f_clk/X (sky130_fd_sc_hd__clkbuf_16)
                                                         clknet_1_0__leaf_clk (net)
                      0.035645    0.000418    0.289706 ^ _93_/CLK (sky130_fd_sc_hd__dfrtp_1)
     3    0.010624    0.105376    0.363293    0.653000 ^ _93_/Q (sky130_fd_sc_hd__dfrtp_1)
                                                         net11 (net)
                      0.105376    0.000312    0.653312 ^ output11/A (sky130_fd_sc_hd__buf_2)
     1    0.034104    0.169897    0.219125    0.872437 ^ output11/X (sky130_fd_sc_hd__buf_2)
                                                         acc[1] (net)
                      0.169910    0.001606    0.874043 ^ acc[1] (out)
                                              0.874043   data arrival time

                                 20.000000   20.000000   clock clk (rise edge)
                                  0.000000   20.000000   clock network delay (propagated)
                                 -0.250000   19.750002   clock uncertainty
                                  0.000000   19.750002   clock reconvergence pessimism
                                 -4.000000   15.750001   output external delay
                                             15.750001   data required time
---------------------------------------------------------------------------------------------
                                             15.750001   data required time
                                             -0.874043   data arrival time
---------------------------------------------------------------------------------------------
                                             14.875957   slack (MET)


Startpoint: _97_ (rising edge-triggered flip-flop clocked by clk)
Endpoint: acc[5] (output port clocked by clk)
Path Group: clk
Path Type: max

Fanout         Cap        Slew       Delay        Time   Description
---------------------------------------------------------------------------------------------
                                  0.000000    0.000000   clock clk (rise edge)
                                  0.000000    0.000000   clock source latency
     1    0.011554    0.058399    0.039245    0.039245 ^ clk (in)
                                                         clk (net)
                      0.058407    0.000000    0.039245 ^ clkbuf_0_clk/A (sky130_fd_sc_hd__clkbuf_16)
     2    0.021328    0.042950    0.131132    0.170377 ^ clkbuf_0_clk/X (sky130_fd_sc_hd__clkbuf_16)
                                                         clknet_0_clk (net)
                      0.043053    0.001315    0.171691 ^ clkbuf_1_1__f_clk/A (sky130_fd_sc_hd__clkbuf_16)
     4    0.013809    0.036592    0.118678    0.290370 ^ clkbuf_1_1__f_clk/X (sky130_fd_sc_hd__clkbuf_16)
                                                         clknet_1_1__leaf_clk (net)
                      0.036592    0.000618    0.290988 ^ _97_/CLK (sky130_fd_sc_hd__dfrtp_1)
     3    0.009608    0.097086    0.357500    0.648488 ^ _97_/Q (sky130_fd_sc_hd__dfrtp_1)
                                                         net15 (net)
                      0.097086    0.000424    0.648912 ^ output15/A (sky130_fd_sc_hd__buf_2)
     1    0.034596    0.172155    0.217660    0.866572 ^ output15/X (sky130_fd_sc_hd__buf_2)
                                                         acc[5] (net)
                      0.172229    0.001675    0.868247 ^ acc[5] (out)
                                              0.868247   data arrival time

                                 20.000000   20.000000   clock clk (rise edge)
                                  0.000000   20.000000   clock network delay (propagated)
                                 -0.250000   19.750002   clock uncertainty
                                  0.000000   19.750002   clock reconvergence pessimism
                                 -4.000000   15.750001   output external delay
                                             15.750001   data required time
---------------------------------------------------------------------------------------------
                                             15.750001   data required time
                                             -0.868247   data arrival time
---------------------------------------------------------------------------------------------
                                             14.881754   slack (MET)


Startpoint: _96_ (rising edge-triggered flip-flop clocked by clk)
Endpoint: acc[4] (output port clocked by clk)
Path Group: clk
Path Type: max

Fanout         Cap        Slew       Delay        Time   Description
---------------------------------------------------------------------------------------------
                                  0.000000    0.000000   clock clk (rise edge)
                                  0.000000    0.000000   clock source latency
     1    0.011554    0.058399    0.039245    0.039245 ^ clk (in)
                                                         clk (net)
                      0.058407    0.000000    0.039245 ^ clkbuf_0_clk/A (sky130_fd_sc_hd__clkbuf_16)
     2    0.021328    0.042950    0.131132    0.170377 ^ clkbuf_0_clk/X (sky130_fd_sc_hd__clkbuf_16)
                                                         clknet_0_clk (net)
                      0.043053    0.001308    0.171685 ^ clkbuf_1_0__f_clk/A (sky130_fd_sc_hd__clkbuf_16)
     4    0.012690    0.035645    0.117603    0.289288 ^ clkbuf_1_0__f_clk/X (sky130_fd_sc_hd__clkbuf_16)
                                                         clknet_1_0__leaf_clk (net)
                      0.035645    0.000659    0.289947 ^ _96_/CLK (sky130_fd_sc_hd__dfrtp_1)
     3    0.008166    0.064712    0.379024    0.668971 v _96_/Q (sky130_fd_sc_hd__dfrtp_1)
                                                         net14 (net)
                      0.064714    0.000454    0.669425 v output14/A (sky130_fd_sc_hd__buf_2)
     1    0.033969    0.089214    0.187573    0.856998 v output14/X (sky130_fd_sc_hd__buf_2)
                                                         acc[4] (net)
                      0.089247    0.001590    0.858588 v acc[4] (out)
                                              0.858588   data arrival time

                                 20.000000   20.000000   clock clk (rise edge)
                                  0.000000   20.000000   clock network delay (propagated)
                                 -0.250000   19.750002   clock uncertainty
                                  0.000000   19.750002   clock reconvergence pessimism
                                 -4.000000   15.750001   output external delay
                                             15.750001   data required time
---------------------------------------------------------------------------------------------
                                             15.750001   data required time
                                             -0.858588   data arrival time
---------------------------------------------------------------------------------------------
                                             14.891413   slack (MET)


Startpoint: _95_ (rising edge-triggered flip-flop clocked by clk)
Endpoint: acc[3] (output port clocked by clk)
Path Group: clk
Path Type: max

Fanout         Cap        Slew       Delay        Time   Description
---------------------------------------------------------------------------------------------
                                  0.000000    0.000000   clock clk (rise edge)
                                  0.000000    0.000000   clock source latency
     1    0.011554    0.058399    0.039245    0.039245 ^ clk (in)
                                                         clk (net)
                      0.058407    0.000000    0.039245 ^ clkbuf_0_clk/A (sky130_fd_sc_hd__clkbuf_16)
     2    0.021328    0.042950    0.131132    0.170377 ^ clkbuf_0_clk/X (sky130_fd_sc_hd__clkbuf_16)
                                                         clknet_0_clk (net)
                      0.043053    0.001315    0.171691 ^ clkbuf_1_1__f_clk/A (sky130_fd_sc_hd__clkbuf_16)
     4    0.013809    0.036592    0.118678    0.290370 ^ clkbuf_1_1__f_clk/X (sky130_fd_sc_hd__clkbuf_16)
                                                         clknet_1_1__leaf_clk (net)
                      0.036592    0.000658    0.291028 ^ _95_/CLK (sky130_fd_sc_hd__dfrtp_1)
     3    0.007430    0.061047    0.375319    0.666347 v _95_/Q (sky130_fd_sc_hd__dfrtp_1)
                                                         net13 (net)
                      0.061049    0.000449    0.666796 v output13/A (sky130_fd_sc_hd__buf_2)
     1    0.034270    0.089889    0.186393    0.853189 v output13/X (sky130_fd_sc_hd__buf_2)
                                                         acc[3] (net)
                      0.089927    0.001688    0.854877 v acc[3] (out)
                                              0.854877   data arrival time

                                 20.000000   20.000000   clock clk (rise edge)
                                  0.000000   20.000000   clock network delay (propagated)
                                 -0.250000   19.750002   clock uncertainty
                                  0.000000   19.750002   clock reconvergence pessimism
                                 -4.000000   15.750001   output external delay
                                             15.750001   data required time
---------------------------------------------------------------------------------------------
                                             15.750001   data required time
                                             -0.854877   data arrival time
---------------------------------------------------------------------------------------------
                                             14.895123   slack (MET)


Startpoint: _99_ (rising edge-triggered flip-flop clocked by clk)
Endpoint: acc[7] (output port clocked by clk)
Path Group: clk
Path Type: max

Fanout         Cap        Slew       Delay        Time   Description
---------------------------------------------------------------------------------------------
                                  0.000000    0.000000   clock clk (rise edge)
                                  0.000000    0.000000   clock source latency
     1    0.011554    0.058399    0.039245    0.039245 ^ clk (in)
                                                         clk (net)
                      0.058407    0.000000    0.039245 ^ clkbuf_0_clk/A (sky130_fd_sc_hd__clkbuf_16)
     2    0.021328    0.042950    0.131132    0.170377 ^ clkbuf_0_clk/X (sky130_fd_sc_hd__clkbuf_16)
                                                         clknet_0_clk (net)
                      0.043053    0.001315    0.171691 ^ clkbuf_1_1__f_clk/A (sky130_fd_sc_hd__clkbuf_16)
     4    0.013809    0.036592    0.118678    0.290370 ^ clkbuf_1_1__f_clk/X (sky130_fd_sc_hd__clkbuf_16)
                                                         clknet_1_1__leaf_clk (net)
                      0.036592    0.000531    0.290901 ^ _99_/CLK (sky130_fd_sc_hd__dfrtp_1)
     2    0.006688    0.057239    0.371418    0.662319 v _99_/Q (sky130_fd_sc_hd__dfrtp_1)
                                                         net17 (net)
                      0.057239    0.000399    0.662718 v output17/A (sky130_fd_sc_hd__buf_2)
     1    0.034132    0.089574    0.184435    0.847153 v output17/X (sky130_fd_sc_hd__buf_2)
                                                         acc[7] (net)
                      0.089610    0.001643    0.848796 v acc[7] (out)
                                              0.848796   data arrival time

                                 20.000000   20.000000   clock clk (rise edge)
                                  0.000000   20.000000   clock network delay (propagated)
                                 -0.250000   19.750002   clock uncertainty
                                  0.000000   19.750002   clock reconvergence pessimism
                                 -4.000000   15.750001   output external delay
                                             15.750001   data required time
---------------------------------------------------------------------------------------------
                                             15.750001   data required time
                                             -0.848796   data arrival time
---------------------------------------------------------------------------------------------
                                             14.901204   slack (MET)


Startpoint: _92_ (rising edge-triggered flip-flop clocked by clk)
Endpoint: acc[0] (output port clocked by clk)
Path Group: clk
Path Type: max

Fanout         Cap        Slew       Delay        Time   Description
---------------------------------------------------------------------------------------------
                                  0.000000    0.000000   clock clk (rise edge)
                                  0.000000    0.000000   clock source latency
     1    0.011554    0.058399    0.039245    0.039245 ^ clk (in)
                                                         clk (net)
                      0.058407    0.000000    0.039245 ^ clkbuf_0_clk/A (sky130_fd_sc_hd__clkbuf_16)
     2    0.021328    0.042950    0.131132    0.170377 ^ clkbuf_0_clk/X (sky130_fd_sc_hd__clkbuf_16)
                                                         clknet_0_clk (net)
                      0.043053    0.001308    0.171685 ^ clkbuf_1_0__f_clk/A (sky130_fd_sc_hd__clkbuf_16)
     4    0.012690    0.035645    0.117603    0.289288 ^ clkbuf_1_0__f_clk/X (sky130_fd_sc_hd__clkbuf_16)
                                                         clknet_1_0__leaf_clk (net)
                      0.035645    0.000615    0.289903 ^ _92_/CLK (sky130_fd_sc_hd__dfrtp_1)
     3    0.006265    0.055166    0.368847    0.658749 v _92_/Q (sky130_fd_sc_hd__dfrtp_1)
                                                         net10 (net)
                      0.055166    0.000374    0.659124 v output10/A (sky130_fd_sc_hd__buf_2)
     1    0.034122    0.089550    0.183474    0.842598 v output10/X (sky130_fd_sc_hd__buf_2)
                                                         acc[0] (net)
                      0.089585    0.001642    0.844240 v acc[0] (out)
                                              0.844240   data arrival time

                                 20.000000   20.000000   clock clk (rise edge)
                                  0.000000   20.000000   clock network delay (propagated)
                                 -0.250000   19.750002   clock uncertainty
                                  0.000000   19.750002   clock reconvergence pessimism
                                 -4.000000   15.750001   output external delay
                                             15.750001   data required time
---------------------------------------------------------------------------------------------
                                             15.750001   data required time
                                             -0.844240   data arrival time
---------------------------------------------------------------------------------------------
                                             14.905761   slack (MET)


Startpoint: data_in[1] (input port clocked by clk)
Endpoint: _93_ (rising edge-triggered flip-flop clocked by clk)
Path Group: clk
Path Type: max

Fanout         Cap        Slew       Delay        Time   Description
---------------------------------------------------------------------------------------------
                                  0.000000    0.000000   clock clk (rise edge)
                                  0.000000    0.000000   clock network delay (propagated)
                                  4.000000    4.000000 v input external delay
     1    0.002912    0.008875    0.004661    4.004661 v data_in[1] (in)
                                                         data_in[1] (net)
                      0.008881    0.000000    4.004661 v input2/A (sky130_fd_sc_hd__clkbuf_1)
     2    0.005289    0.039499    0.083904    4.088565 v input2/X (sky130_fd_sc_hd__clkbuf_1)
                                                         net2 (net)
                      0.039501    0.000346    4.088911 v _50_/A (sky130_fd_sc_hd__nand2_1)
     4    0.014430    0.142112    0.123626    4.212537 ^ _50_/Y (sky130_fd_sc_hd__nand2_1)
                                                         _15_ (net)
                      0.142119    0.000833    4.213369 ^ _54_/C_N (sky130_fd_sc_hd__or3b_1)
     3    0.009951    0.103664    0.411810    4.625179 v _54_/X (sky130_fd_sc_hd__or3b_1)
                                                         _19_ (net)
                      0.103664    0.000351    4.625531 v _78_/A (sky130_fd_sc_hd__and2_1)
     1    0.002412    0.033374    0.155568    4.781099 v _78_/X (sky130_fd_sc_hd__and2_1)
                                                         adder.low.sum[1] (net)
                      0.033374    0.000164    4.781263 v _93_/D (sky130_fd_sc_hd__dfrtp_1)
                                              4.781263   data arrival time

                                 20.000000   20.000000   clock clk (rise edge)
                                  0.000000   20.000000   clock source latency
     1    0.011554    0.058399    0.039245   20.039246 ^ clk (in)
                                                         clk (net)
                      0.058407    0.000000   20.039246 ^ clkbuf_0_clk/A (sky130_fd_sc_hd__clkbuf_16)
     2    0.021328    0.042950    0.131132   20.170378 ^ clkbuf_0_clk/X (sky130_fd_sc_hd__clkbuf_16)
                                                         clknet_0_clk (net)
                      0.043053    0.001307   20.171686 ^ clkbuf_1_0__f_clk/A (sky130_fd_sc_hd__clkbuf_16)
     4    0.012690    0.035645    0.117604   20.289289 ^ clkbuf_1_0__f_clk/X (sky130_fd_sc_hd__clkbuf_16)
                                                         clknet_1_0__leaf_clk (net)
                      0.035645    0.000417   20.289707 ^ _93_/CLK (sky130_fd_sc_hd__dfrtp_1)
                                 -0.250000   20.039707   clock uncertainty
                                  0.000000   20.039707   clock reconvergence pessimism
                                 -0.111339   19.928370   library setup time
                                             19.928370   data required time
---------------------------------------------------------------------------------------------
                                             19.928370   data required time
                                             -4.781263   data arrival time
---------------------------------------------------------------------------------------------
                                             15.147105   slack (MET)


Startpoint: data_in[0] (input port clocked by clk)
Endpoint: _92_ (rising edge-triggered flip-flop clocked by clk)
Path Group: clk
Path Type: max

Fanout         Cap        Slew       Delay        Time   Description
---------------------------------------------------------------------------------------------
                                  0.000000    0.000000   clock clk (rise edge)
                                  0.000000    0.000000   clock network delay (propagated)
                                  4.000000    4.000000 v input external delay
     1    0.003532    0.010319    0.005722    4.005722 v data_in[0] (in)
                                                         data_in[0] (net)
                      0.010322    0.000000    4.005722 v input1/A (sky130_fd_sc_hd__clkbuf_1)
     2    0.004512    0.035364    0.080934    4.086656 v input1/X (sky130_fd_sc_hd__clkbuf_1)
                                                         net1 (net)
                      0.035365    0.000274    4.086930 v _83_/A (sky130_fd_sc_hd__or2_1)
     1    0.001699    0.042006    0.207829    4.294759 v _83_/X (sky130_fd_sc_hd__or2_1)
                                                         _41_ (net)
                      0.042006    0.000076    4.294835 v _84_/B (sky130_fd_sc_hd__and2_1)
     1    0.002184    0.032502    0.145023    4.439857 v _84_/X (sky130_fd_sc_hd__and2_1)
                                                         adder.low.p[0] (net)
                      0.032502    0.000156    4.440014 v _92_/D (sky130_fd_sc_hd__dfrtp_1)
                                              4.440014   data arrival time

                                 20.000000   20.000000   clock clk (rise edge)
                                  0.000000   20.000000   clock source latency
     1    0.011554    0.058399    0.039245   20.039246 ^ clk (in)
                                                         clk (net)
                      0.058407    0.000000   20.039246 ^ clkbuf_0_clk/A (sky130_fd_sc_hd__clkbuf_16)
     2    0.021328    0.042950    0.131132   20.170378 ^ clkbuf_0_clk/X (sky130_fd_sc_hd__clkbuf_16)
                                                         clknet_0_clk (net)
                      0.043053    0.001307   20.171686 ^ clkbuf_1_0__f_clk/A (sky130_fd_sc_hd__clkbuf_16)
     4    0.012690    0.035645    0.117604   20.289289 ^ clkbuf_1_0__f_clk/X (sky130_fd_sc_hd__clkbuf_16)
                                                         clknet_1_0__leaf_clk (net)
                      0.035645    0.000615   20.289904 ^ _92_/CLK (sky130_fd_sc_hd__dfrtp_1)
                                 -0.250000   20.039904   clock uncertainty
                                  0.000000   20.039904   clock reconvergence pessimism
                                 -0.110959   19.928946   library setup time
                                             19.928946   data required time
---------------------------------------------------------------------------------------------
                                             19.928946   data required time
                                             -4.440014   data arrival time
---------------------------------------------------------------------------------------------
                                             15.488934   slack (MET)


Startpoint: rst (input port clocked by clk)
Endpoint: _94_ (recovery check against rising-edge clock clk)
Path Group: asynchronous
Path Type: max

Fanout         Cap        Slew       Delay        Time   Description
---------------------------------------------------------------------------------------------
                                  0.000000    0.000000   clock clk (rise edge)
                                  0.000000    0.000000   clock network delay (propagated)
                                  4.000000    4.000000 v input external delay
     1    0.002597    0.008145    0.004128    4.004128 v rst (in)
                                                         rst (net)
                      0.008151    0.000000    4.004128 v input9/A (sky130_fd_sc_hd__clkbuf_4)
     8    0.048137    0.105022    0.186952    4.191080 v input9/X (sky130_fd_sc_hd__clkbuf_4)
                                                         net9 (net)
                      0.105108    0.002703    4.193783 v _86_/A (sky130_fd_sc_hd__inv_2)
     1    0.004272    0.039969    0.068085    4.261868 ^ _86_/Y (sky130_fd_sc_hd__inv_2)
                                                         _02_ (net)
                      0.039969    0.000112    4.261980 ^ _94_/RESET_B (sky130_fd_sc_hd__dfrtp_1)
                                              4.261980   data arrival time

                                 20.000000   20.000000   clock clk (rise edge)
                                  0.000000   20.000000   clock source latency
     1    0.011554    0.058399    0.039245   20.039246 ^ clk (in)
                                                         clk (net)
                      0.058407    0.000000   20.039246 ^ clkbuf_0_clk/A (sky130_fd_sc_hd__clkbuf_16)
     2    0.021328    0.042950    0.131132   20.170378 ^ clkbuf_0_clk/X (sky130_fd_sc_hd__clkbuf_16)
                                                         clknet_0_clk (net)
                      0.043053    0.001307   20.171686 ^ clkbuf_1_0__f_clk/A (sky130_fd_sc_hd__clkbuf_16)
     4    0.012690    0.035645    0.117604   20.289289 ^ clkbuf_1_0__f_clk/X (sky130_fd_sc_hd__clkbuf_16)
                                                         clknet_1_0__leaf_clk (net)
                      0.035646    0.000762   20.290051 ^ _94_/CLK (sky130_fd_sc_hd__dfrtp_1)
                                 -0.250000   20.040052   clock uncertainty
                                  0.000000   20.040052   clock reconvergence pessimism
                                  0.228769   20.268820   library recovery time
                                             20.268820   data required time
---------------------------------------------------------------------------------------------
                                             20.268820   data required time
                                             -4.261980   data arrival time
---------------------------------------------------------------------------------------------
                                             16.006842   slack (MET)


Startpoint: rst (input port clocked by clk)
Endpoint: _96_ (recovery check against rising-edge clock clk)
Path Group: asynchronous
Path Type: max

Fanout         Cap        Slew       Delay        Time   Description
---------------------------------------------------------------------------------------------
                                  0.000000    0.000000   clock clk (rise edge)
                                  0.000000    0.000000   clock network delay (propagated)
                                  4.000000    4.000000 v input external delay
     1    0.002597    0.008145    0.004128    4.004128 v rst (in)
                                                         rst (net)
                      0.008151    0.000000    4.004128 v input9/A (sky130_fd_sc_hd__clkbuf_4)
     8    0.048137    0.105022    0.186952    4.191080 v input9/X (sky130_fd_sc_hd__clkbuf_4)
                                                         net9 (net)
                      0.105090    0.002425    4.193504 v _88_/A (sky130_fd_sc_hd__inv_2)
     1    0.004046    0.039012    0.066805    4.260309 ^ _88_/Y (sky130_fd_sc_hd__inv_2)
                                                         _04_ (net)
                      0.039012    0.000216    4.260525 ^ _96_/RESET_B (sky130_fd_sc_hd__dfrtp_1)
                                              4.260525   data arrival time

                                 20.000000   20.000000   clock clk (rise edge)
                                  0.000000   20.000000   clock source latency
     1    0.011554    0.058399    0.039245   20.039246 ^ clk (in)
                                                         clk (net)
                      0.058407    0.000000   20.039246 ^ clkbuf_0_clk/A (sky130_fd_sc_hd__clkbuf_16)
     2    0.021328    0.042950    0.131132   20.170378 ^ clkbuf_0_clk/X (sky130_fd_sc_hd__clkbuf_16)
                                                         clknet_0_clk (net)
                      0.043053    0.001307   20.171686 ^ clkbuf_1_0__f_clk/A (sky130_fd_sc_hd__clkbuf_16)
     4    0.012690    0.035645    0.117604   20.289289 ^ clkbuf_1_0__f_clk/X (sky130_fd_sc_hd__clkbuf_16)
                                                         clknet_1_0__leaf_clk (net)
                      0.035645    0.000659   20.289948 ^ _96_/CLK (sky130_fd_sc_hd__dfrtp_1)
                                 -0.250000   20.039949   clock uncertainty
                                  0.000000   20.039949   clock reconvergence pessimism
                                  0.229017   20.268967   library recovery time
                                             20.268967   data required time
---------------------------------------------------------------------------------------------
                                             20.268967   data required time
                                             -4.260525   data arrival time
---------------------------------------------------------------------------------------------
                                             16.008440   slack (MET)


Startpoint: rst (input port clocked by clk)
Endpoint: _93_ (recovery check against rising-edge clock clk)
Path Group: asynchronous
Path Type: max

Fanout         Cap        Slew       Delay        Time   Description
---------------------------------------------------------------------------------------------
                                  0.000000    0.000000   clock clk (rise edge)
                                  0.000000    0.000000   clock network delay (propagated)
                                  4.000000    4.000000 v input external delay
     1    0.002597    0.008145    0.004128    4.004128 v rst (in)
                                                         rst (net)
                      0.008151    0.000000    4.004128 v input9/A (sky130_fd_sc_hd__clkbuf_4)
     8    0.048137    0.105022    0.186952    4.191080 v input9/X (sky130_fd_sc_hd__clkbuf_4)
                                                         net9 (net)
                      0.105079    0.002246    4.193326 v _85_/A (sky130_fd_sc_hd__inv_2)
     1    0.004014    0.038877    0.066630    4.259955 ^ _85_/Y (sky130_fd_sc_hd__inv_2)
                                                         _01_ (net)
                      0.038877    0.000214    4.260169 ^ _93_/RESET_B (sky130_fd_sc_hd__dfrtp_1)
                                              4.260169   data arrival time

                                 20.000000   20.000000   clock clk (rise edge)
                                  0.000000   20.000000   clock source latency
     1    0.011554    0.058399    0.039245   20.039246 ^ clk (in)
                                                         clk (net)
                      0.058407    0.000000   20.039246 ^ clkbuf_0_clk/A (sky130_fd_sc_hd__clkbuf_16)
     2    0.021328    0.042950    0.131132   20.170378 ^ clkbuf_0_clk/X (sky130_fd_sc_hd__clkbuf_16)
                                                         clknet_0_clk (net)
                      0.043053    0.001307   20.171686 ^ clkbuf_1_0__f_clk/A (sky130_fd_sc_hd__clkbuf_16)
     4    0.012690    0.035645    0.117604   20.289289 ^ clkbuf_1_0__f_clk/X (sky130_fd_sc_hd__clkbuf_16)
                                                         clknet_1_0__leaf_clk (net)
                      0.035645    0.000417   20.289707 ^ _93_/CLK (sky130_fd_sc_hd__dfrtp_1)
                                 -0.250000   20.039707   clock uncertainty
                                  0.000000   20.039707   clock reconvergence pessimism
                                  0.229052   20.268759   library recovery time
                                             20.268759   data required time
---------------------------------------------------------------------------------------------
                                             20.268759   data required time
                                             -4.260169   data arrival time
---------------------------------------------------------------------------------------------
                                             16.008591   slack (MET)


Startpoint: rst (input port clocked by clk)
Endpoint: _92_ (recovery check against rising-edge clock clk)
Path Group: asynchronous
Path Type: max

Fanout         Cap        Slew       Delay        Time   Description
---------------------------------------------------------------------------------------------
                                  0.000000    0.000000   clock clk (rise edge)
                                  0.000000    0.000000   clock network delay (propagated)
                                  4.000000    4.000000 v input external delay
     1    0.002597    0.008145    0.004128    4.004128 v rst (in)
                                                         rst (net)
                      0.008151    0.000000    4.004128 v input9/A (sky130_fd_sc_hd__clkbuf_4)
     8    0.048137    0.105022    0.186952    4.191080 v input9/X (sky130_fd_sc_hd__clkbuf_4)
                                                         net9 (net)
                      0.105071    0.002087    4.193166 v _42_/A (sky130_fd_sc_hd__inv_2)
     1    0.003873    0.038294    0.065868    4.259035 ^ _42_/Y (sky130_fd_sc_hd__inv_2)
                                                         _00_ (net)
                      0.038294    0.000205    4.259240 ^ _92_/RESET_B (sky130_fd_sc_hd__dfrtp_1)
                                              4.259240   data arrival time

                                 20.000000   20.000000   clock clk (rise edge)
                                  0.000000   20.000000   clock source latency
     1    0.011554    0.058399    0.039245   20.039246 ^ clk (in)
                                                         clk (net)
                      0.058407    0.000000   20.039246 ^ clkbuf_0_clk/A (sky130_fd_sc_hd__clkbuf_16)
     2    0.021328    0.042950    0.131132   20.170378 ^ clkbuf_0_clk/X (sky130_fd_sc_hd__clkbuf_16)
                                                         clknet_0_clk (net)
                      0.043053    0.001307   20.171686 ^ clkbuf_1_0__f_clk/A (sky130_fd_sc_hd__clkbuf_16)
     4    0.012690    0.035645    0.117604   20.289289 ^ clkbuf_1_0__f_clk/X (sky130_fd_sc_hd__clkbuf_16)
                                                         clknet_1_0__leaf_clk (net)
                      0.035645    0.000615   20.289904 ^ _92_/CLK (sky130_fd_sc_hd__dfrtp_1)
                                 -0.250000   20.039904   clock uncertainty
                                  0.000000   20.039904   clock reconvergence pessimism
                                  0.229203   20.269108   library recovery time
                                             20.269108   data required time
---------------------------------------------------------------------------------------------
                                             20.269108   data required time
                                             -4.259240   data arrival time
---------------------------------------------------------------------------------------------
                                             16.009867   slack (MET)


Startpoint: rst (input port clocked by clk)
Endpoint: _99_ (recovery check against rising-edge clock clk)
Path Group: asynchronous
Path Type: max

Fanout         Cap        Slew       Delay        Time   Description
---------------------------------------------------------------------------------------------
                                  0.000000    0.000000   clock clk (rise edge)
                                  0.000000    0.000000   clock network delay (propagated)
                                  4.000000    4.000000 v input external delay
     1    0.002597    0.008145    0.004128    4.004128 v rst (in)
                                                         rst (net)
                      0.008151    0.000000    4.004128 v input9/A (sky130_fd_sc_hd__clkbuf_4)
     8    0.048137    0.105022    0.186952    4.191080 v input9/X (sky130_fd_sc_hd__clkbuf_4)
                                                         net9 (net)
                      0.105064    0.001959    4.193039 v _91_/A (sky130_fd_sc_hd__inv_2)
     1    0.004001    0.038815    0.066608    4.259647 ^ _91_/Y (sky130_fd_sc_hd__inv_2)
                                                         _07_ (net)
                      0.038815    0.000099    4.259746 ^ _99_/RESET_B (sky130_fd_sc_hd__dfrtp_1)
                                              4.259746   data arrival time

                                 20.000000   20.000000   clock clk (rise edge)
                                  0.000000   20.000000   clock source latency
     1    0.011554    0.058399    0.039245   20.039246 ^ clk (in)
                                                         clk (net)
                      0.058407    0.000000   20.039246 ^ clkbuf_0_clk/A (sky130_fd_sc_hd__clkbuf_16)
     2    0.021328    0.042950    0.131132   20.170378 ^ clkbuf_0_clk/X (sky130_fd_sc_hd__clkbuf_16)
                                                         clknet_0_clk (net)
                      0.043053    0.001315   20.171692 ^ clkbuf_1_1__f_clk/A (sky130_fd_sc_hd__clkbuf_16)
     4    0.013809    0.036592    0.118678   20.290371 ^ clkbuf_1_1__f_clk/X (sky130_fd_sc_hd__clkbuf_16)
                                                         clknet_1_1__leaf_clk (net)
                      0.036592    0.000529   20.290899 ^ _99_/CLK (sky130_fd_sc_hd__dfrtp_1)
                                 -0.250000   20.040901   clock uncertainty
                                  0.000000   20.040901   clock reconvergence pessimism
                                  0.229358   20.270260   library recovery time
                                             20.270260   data required time
---------------------------------------------------------------------------------------------
                                             20.270260   data required time
                                             -4.259746   data arrival time
---------------------------------------------------------------------------------------------
                                             16.010513   slack (MET)


Startpoint: rst (input port clocked by clk)
Endpoint: _97_ (recovery check against rising-edge clock clk)
Path Group: asynchronous
Path Type: max

Fanout         Cap        Slew       Delay        Time   Description
---------------------------------------------------------------------------------------------
                                  0.000000    0.000000   clock clk (rise edge)
                                  0.000000    0.000000   clock network delay (propagated)
                                  4.000000    4.000000 v input external delay
     1    0.002597    0.008145    0.004128    4.004128 v rst (in)
                                                         rst (net)
                      0.008151    0.000000    4.004128 v input9/A (sky130_fd_sc_hd__clkbuf_4)
     8    0.048137    0.105022    0.186952    4.191080 v input9/X (sky130_fd_sc_hd__clkbuf_4)
                                                         net9 (net)
                      0.105048    0.001579    4.192659 v _89_/A (sky130_fd_sc_hd__inv_2)
     1    0.004017    0.038884    0.066636    4.259295 ^ _89_/Y (sky130_fd_sc_hd__inv_2)
                                                         _05_ (net)
                      0.038885    0.000215    4.259510 ^ _97_/RESET_B (sky130_fd_sc_hd__dfrtp_1)
                                              4.259510   data arrival time

                                 20.000000   20.000000   clock clk (rise edge)
                                  0.000000   20.000000   clock source latency
     1    0.011554    0.058399    0.039245   20.039246 ^ clk (in)
                                                         clk (net)
                      0.058407    0.000000   20.039246 ^ clkbuf_0_clk/A (sky130_fd_sc_hd__clkbuf_16)
     2    0.021328    0.042950    0.131132   20.170378 ^ clkbuf_0_clk/X (sky130_fd_sc_hd__clkbuf_16)
                                                         clknet_0_clk (net)
                      0.043053    0.001315   20.171692 ^ clkbuf_1_1__f_clk/A (sky130_fd_sc_hd__clkbuf_16)
     4    0.013809    0.036592    0.118678   20.290371 ^ clkbuf_1_1__f_clk/X (sky130_fd_sc_hd__clkbuf_16)
                                                         clknet_1_1__leaf_clk (net)
                      0.036592    0.000618   20.290989 ^ _97_/CLK (sky130_fd_sc_hd__dfrtp_1)
                                 -0.250000   20.040991   clock uncertainty
                                  0.000000   20.040991   clock reconvergence pessimism
                                  0.229340   20.270330   library recovery time
                                             20.270330   data required time
---------------------------------------------------------------------------------------------
                                             20.270330   data required time
                                             -4.259510   data arrival time
---------------------------------------------------------------------------------------------
                                             16.010820   slack (MET)


Startpoint: rst (input port clocked by clk)
Endpoint: _95_ (recovery check against rising-edge clock clk)
Path Group: asynchronous
Path Type: max

Fanout         Cap        Slew       Delay        Time   Description
---------------------------------------------------------------------------------------------
                                  0.000000    0.000000   clock clk (rise edge)
                                  0.000000    0.000000   clock network delay (propagated)
                                  4.000000    4.000000 v input external delay
     1    0.002597    0.008145    0.004128    4.004128 v rst (in)
                                                         rst (net)
                      0.008151    0.000000    4.004128 v input9/A (sky130_fd_sc_hd__clkbuf_4)
     8    0.048137    0.105022    0.186952    4.191080 v input9/X (sky130_fd_sc_hd__clkbuf_4)
                                                         net9 (net)
                      0.105056    0.001792    4.192872 v _87_/A (sky130_fd_sc_hd__inv_2)
     1    0.003950    0.038609    0.066279    4.259151 ^ _87_/Y (sky130_fd_sc_hd__inv_2)
                                                         _03_ (net)
                      0.038609    0.000212    4.259363 ^ _95_/RESET_B (sky130_fd_sc_hd__dfrtp_1)
                                              4.259363   data arrival time

                                 20.000000   20.000000   clock clk (rise edge)
                                  0.000000   20.000000   clock source latency
     1    0.011554    0.058399    0.039245   20.039246 ^ clk (in)
                                                         clk (net)
                      0.058407    0.000000   20.039246 ^ clkbuf_0_clk/A (sky130_fd_sc_hd__clkbuf_16)
     2    0.021328    0.042950    0.131132   20.170378 ^ clkbuf_0_clk/X (sky130_fd_sc_hd__clkbuf_16)
                                                         clknet_0_clk (net)
                      0.043053    0.001315   20.171692 ^ clkbuf_1_1__f_clk/A (sky130_fd_sc_hd__clkbuf_16)
     4    0.013809    0.036592    0.118678   20.290371 ^ clkbuf_1_1__f_clk/X (sky130_fd_sc_hd__clkbuf_16)
                                                         clknet_1_1__leaf_clk (net)
                      0.036592    0.000657   20.291029 ^ _95_/CLK (sky130_fd_sc_hd__dfrtp_1)
                                 -0.250000   20.041029   clock uncertainty
                                  0.000000   20.041029   clock reconvergence pessimism
                                  0.229411   20.270441   library recovery time
                                             20.270441   data required time
---------------------------------------------------------------------------------------------
                                             20.270441   data required time
                                             -4.259363   data arrival time
---------------------------------------------------------------------------------------------
                                             16.011078   slack (MET)


Startpoint: rst (input port clocked by clk)
Endpoint: _98_ (recovery check against rising-edge clock clk)
Path Group: asynchronous
Path Type: max

Fanout         Cap        Slew       Delay        Time   Description
---------------------------------------------------------------------------------------------
                                  0.000000    0.000000   clock clk (rise edge)
                                  0.000000    0.000000   clock network delay (propagated)
                                  4.000000    4.000000 v input external delay
     1    0.002597    0.008145    0.004128    4.004128 v rst (in)
                                                         rst (net)
                      0.008151    0.000000    4.004128 v input9/A (sky130_fd_sc_hd__clkbuf_4)
     8    0.048137    0.105022    0.186952    4.191080 v input9/X (sky130_fd_sc_hd__clkbuf_4)
                                                         net9 (net)
                      0.105037    0.001274    4.192353 v _90_/A (sky130_fd_sc_hd__inv_2)
     1    0.003935    0.038543    0.066195    4.258548 ^ _90_/Y (sky130_fd_sc_hd__inv_2)
                                                         _06_ (net)
                      0.038543    0.000207    4.258755 ^ _98_/RESET_B (sky130_fd_sc_hd__dfrtp_1)
                                              4.258755   data arrival time

                                 20.000000   20.000000   clock clk (rise edge)
                                  0.000000   20.000000   clock source latency
     1    0.011554    0.058399    0.039245   20.039246 ^ clk (in)
                                                         clk (net)
                      0.058407    0.000000   20.039246 ^ clkbuf_0_clk/A (sky130_fd_sc_hd__clkbuf_16)
     2    0.021328    0.042950    0.131132   20.170378 ^ clkbuf_0_clk/X (sky130_fd_sc_hd__clkbuf_16)
                                                         clknet_0_clk (net)
                      0.043053    0.001315   20.171692 ^ clkbuf_1_1__f_clk/A (sky130_fd_sc_hd__clkbuf_16)
     4    0.013809    0.036592    0.118678   20.290371 ^ clkbuf_1_1__f_clk/X (sky130_fd_sc_hd__clkbuf_16)
                                                         clknet_1_1__leaf_clk (net)
                      0.036592    0.000513   20.290884 ^ _98_/CLK (sky130_fd_sc_hd__dfrtp_1)
                                 -0.250000   20.040886   clock uncertainty
                                  0.000000   20.040886   clock reconvergence pessimism
                                  0.229428   20.270313   library recovery time
                                             20.270313   data required time
---------------------------------------------------------------------------------------------
                                             20.270313   data required time
                                             -4.258755   data arrival time
---------------------------------------------------------------------------------------------
                                             16.011559   slack (MET)



