Clock: clk
Sources: clk 
Generated: no
Virtual: yes
Propagated: no
Period: 20.000000

===========================================================================
report_clock_properties
============================================================================
Clock                   Period          Waveform
----------------------------------------------------
clk                  20.000000    0.000000 10.000000

===========================================================================
report_clock_latency
============================================================================
Clock clk
rise -> rise
    min     max
0.000000 0.000000 source latency
0.597340         network latency _452_/CLK
        0.601871 network latency _458_/CLK
---------------
0.597340 0.601871 latency
        0.004531 skew

fall -> fall
    min     max
0.000000 0.000000 source latency
0.586531         network latency _452_/CLK
        0.590435 network latency _458_/CLK
---------------
0.586531 0.590435 latency
        0.003904 skew



===========================================================================
report_clock_min_period
============================================================================
clk period_min = 7.30 fmax = 136.99
