Clock: clk
Sources: clk 
Generated: no
Virtual: yes
Propagated: no
Period: 50.000000

===========================================================================
report_clock_properties
============================================================================
Clock                   Period          Waveform
----------------------------------------------------
clk                  50.000000    0.000000 25.000000

===========================================================================
report_clock_latency
============================================================================
Clock clk
rise -> rise
    min     max
0.000000 0.000000 source latency
0.537851         network latency _646_/CLK
        0.547552 network latency _599_/CLK
---------------
0.537851 0.547552 latency
        0.009701 skew

fall -> fall
    min     max
0.000000 0.000000 source latency
0.453696         network latency _646_/CLK
        0.461831 network latency _599_/CLK
---------------
0.453696 0.461831 latency
        0.008136 skew



===========================================================================
report_clock_min_period
============================================================================
clk period_min = 22.18 fmax = 45.10
