
===========================================================================
report_checks -unconstrained
===========================================================================
======================= nom_tt_025C_1v80 Corner ===================================

Startpoint: b[3] (input port clocked by __VIRTUAL_CLK__)
Endpoint: cout (output port clocked by __VIRTUAL_CLK__)
Path Group: __VIRTUAL_CLK__
Path Type: max

Fanout         Cap        Slew       Delay        Time   Description
---------------------------------------------------------------------------------------------
                      0.000000    0.000000    0.000000   clock __VIRTUAL_CLK__ (rise edge)
                                  0.000000    0.000000   clock network delay (ideal)
                                  4.000000    4.000000 v input external delay
     1    0.002710    0.008414    0.004285    4.004284 v b[3] (in)
                                                         b[3] (net)
                      0.008415    0.000000    4.004284 v input12/A (sky130_fd_sc_hd__clkbuf_1)
     3    0.006427    0.045584    0.089061    4.093345 v input12/X (sky130_fd_sc_hd__clkbuf_1)
                                                         net12 (net)
                      0.045584    0.000137    4.093482 v _40_/A (sky130_fd_sc_hd__or2_1)
     2    0.008311    0.073620    0.253346    4.346828 v _40_/X (sky130_fd_sc_hd__or2_1)
                                                         _01_ (net)
                      0.073620    0.000256    4.347085 v _70_/A1 (sky130_fd_sc_hd__a211o_1)
     1    0.002434    0.044962    0.256259    4.603344 v _70_/X (sky130_fd_sc_hd__a211o_1)
                                                         _27_ (net)
                      0.044962    0.000069    4.603413 v _71_/B1 (sky130_fd_sc_hd__a21oi_1)
     2    0.008745    0.214378    0.194772    4.798185 ^ _71_/Y (sky130_fd_sc_hd__a21oi_1)
                                                         _28_ (net)
                      0.214379    0.000265    4.798450 ^ _74_/A2 (sky130_fd_sc_hd__o31ai_2)
     3    0.011263    0.076968    0.121411    4.919861 v _74_/Y (sky130_fd_sc_hd__o31ai_2)
                                                         _31_ (net)
                      0.076968    0.000330    4.920191 v _81_/A2 (sky130_fd_sc_hd__a21bo_1)
     2    0.008485    0.059651    0.224202    5.144393 v _81_/X (sky130_fd_sc_hd__a21bo_1)
                                                         _37_ (net)
                      0.059651    0.000145    5.144539 v _86_/B1 (sky130_fd_sc_hd__o221a_1)
     1    0.002338    0.042398    0.219697    5.364236 v _86_/X (sky130_fd_sc_hd__o221a_1)
                                                         net18 (net)
                      0.042398    0.000067    5.364303 v output18/A (sky130_fd_sc_hd__buf_2)
     1    0.034034    0.089032    0.178546    5.542849 v output18/X (sky130_fd_sc_hd__buf_2)
                                                         cout (net)
                      0.089036    0.000652    5.543501 v cout (out)
                                              5.543501   data arrival time

                      0.000000   20.000000   20.000000   clock __VIRTUAL_CLK__ (rise edge)
                                  0.000000   20.000000   clock network delay (ideal)
                                 -0.250000   19.750002   clock uncertainty
                                  0.000000   19.750002   clock reconvergence pessimism
                                 -4.000000   15.750001   output external delay
                                             15.750001   data required time
---------------------------------------------------------------------------------------------
                                             15.750001   data required time
                                             -5.543501   data arrival time
---------------------------------------------------------------------------------------------
                                             10.206500   slack (MET)




===========================================================================
report_checks --slack_max -0.01
============================================================================
======================= nom_tt_025C_1v80 Corner ===================================

No paths found.


===========================================================================
 report_check_types -max_slew -max_cap -max_fanout -violators
============================================================================
======================= nom_tt_025C_1v80 Corner ===================================



===========================================================================
report_parasitic_annotation -report_unannotated
============================================================================
Found 0 unannotated drivers.
Found 0 partially unannotated drivers.

===========================================================================
max slew violation count 0
max fanout violation count 0
max cap violation count 0
============================================================================

===========================================================================
check_setup -verbose -unconstrained_endpoints -multiple_clock -no_clock -no_input_delay -loops -generated_clocks
===========================================================================
