
===========================================================================
report_checks -path_delay min (Hold)
============================================================================
======================= nom_tt_025C_1v80 Corner ===================================

Startpoint: cin (input port clocked by __VIRTUAL_CLK__)
Endpoint: sum[0] (output port clocked by __VIRTUAL_CLK__)
Path Group: __VIRTUAL_CLK__
Path Type: min

Fanout         Cap        Slew       Delay        Time   Description
---------------------------------------------------------------------------------------------
                      0.000000    0.000000    0.000000   clock __VIRTUAL_CLK__ (rise edge)
                                  0.000000    0.000000   clock network delay (ideal)
                                  4.000000    4.000000 ^ input external delay
     1    0.002801    0.019734    0.010320    4.010320 ^ cin (in)
                                                         cin (net)
                      0.019734    0.000000    4.010320 ^ input17/A (sky130_fd_sc_hd__buf_1)
     2    0.008390    0.106399    0.116263    4.126584 ^ input17/X (sky130_fd_sc_hd__buf_1)
                                                         net17 (net)
                      0.106399    0.000250    4.126834 ^ _58_/A (sky130_fd_sc_hd__xnor2_1)
     1    0.003188    0.035845    0.082550    4.209383 v _58_/Y (sky130_fd_sc_hd__xnor2_1)
                                                         net19 (net)
                      0.035845    0.000102    4.209486 v output19/A (sky130_fd_sc_hd__buf_2)
     1    0.033985    0.088965    0.175645    4.385130 v output19/X (sky130_fd_sc_hd__buf_2)
                                                         sum[0] (net)
                      0.088968    0.000633    4.385764 v sum[0] (out)
                                              4.385764   data arrival time

                      0.000000    0.000000    0.000000   clock __VIRTUAL_CLK__ (rise edge)
                                  0.000000    0.000000   clock network delay (ideal)
                                  0.250000    0.250000   clock uncertainty
                                  0.000000    0.250000   clock reconvergence pessimism
                                 -4.000000   -3.750000   output external delay
                                             -3.750000   data required time
---------------------------------------------------------------------------------------------
                                             -3.750000   data required time
                                             -4.385764   data arrival time
---------------------------------------------------------------------------------------------
                                              8.135763   slack (MET)


Startpoint: a[5] (input port clocked by __VIRTUAL_CLK__)
Endpoint: sum[5] (output port clocked by __VIRTUAL_CLK__)
Path Group: __VIRTUAL_CLK__
Path Type: min

Fanout         Cap        Slew       Delay        Time   Description
---------------------------------------------------------------------------------------------
                      0.000000    0.000000    0.000000   clock __VIRTUAL_CLK__ (rise edge)
                                  0.000000    0.000000   clock network delay (ideal)
                                  4.000000    4.000000 ^ input external delay
     1    0.003024    0.020694    0.011104    4.011104 ^ a[5] (in)
                                                         a[5] (net)
                      0.020694    0.000000    4.011104 ^ input6/A (sky130_fd_sc_hd__clkbuf_1)
     2    0.005313    0.071881    0.092192    4.103295 ^ input6/X (sky130_fd_sc_hd__clkbuf_1)
                                                         net6 (net)
                      0.071881    0.000127    4.103423 ^ _75_/B (sky130_fd_sc_hd__nand2_1)
     3    0.007558    0.062648    0.080647    4.184070 v _75_/Y (sky130_fd_sc_hd__nand2_1)
                                                         _32_ (net)
                      0.062648    0.000176    4.184246 v _80_/B (sky130_fd_sc_hd__nand2_1)
     1    0.005170    0.059094    0.083767    4.268013 ^ _80_/Y (sky130_fd_sc_hd__nand2_1)
                                                         _36_ (net)
                      0.059094    0.000153    4.268165 ^ _83_/B (sky130_fd_sc_hd__xnor2_1)
     1    0.002607    0.032314    0.058176    4.326341 v _83_/Y (sky130_fd_sc_hd__xnor2_1)
                                                         net24 (net)
                      0.032314    0.000075    4.326416 v output24/A (sky130_fd_sc_hd__buf_2)
     1    0.034393    0.089914    0.174799    4.501215 v output24/X (sky130_fd_sc_hd__buf_2)
                                                         sum[5] (net)
                      0.089920    0.000747    4.501963 v sum[5] (out)
                                              4.501963   data arrival time

                      0.000000    0.000000    0.000000   clock __VIRTUAL_CLK__ (rise edge)
                                  0.000000    0.000000   clock network delay (ideal)
                                  0.250000    0.250000   clock uncertainty
                                  0.000000    0.250000   clock reconvergence pessimism
                                 -4.000000   -3.750000   output external delay
                                             -3.750000   data required time
---------------------------------------------------------------------------------------------
                                             -3.750000   data required time
                                             -4.501963   data arrival time
---------------------------------------------------------------------------------------------
                                              8.251963   slack (MET)


Startpoint: b[7] (input port clocked by __VIRTUAL_CLK__)
Endpoint: sum[7] (output port clocked by __VIRTUAL_CLK__)
Path Group: __VIRTUAL_CLK__
Path Type: min

Fanout         Cap        Slew       Delay        Time   Description
---------------------------------------------------------------------------------------------
                      0.000000    0.000000    0.000000   clock __VIRTUAL_CLK__ (rise edge)
                                  0.000000    0.000000   clock network delay (ideal)
                                  4.000000    4.000000 ^ input external delay
     1    0.002867    0.020020    0.010554    4.010554 ^ b[7] (in)
                                                         b[7] (net)
                      0.020020    0.000000    4.010554 ^ input16/A (sky130_fd_sc_hd__clkbuf_1)
     3    0.006930    0.090042    0.104808    4.115362 ^ input16/X (sky130_fd_sc_hd__clkbuf_1)
                                                         net16 (net)
                      0.090042    0.000107    4.115469 ^ _60_/A (sky130_fd_sc_hd__nand2_1)
     2    0.007402    0.063008    0.082765    4.198234 v _60_/Y (sky130_fd_sc_hd__nand2_1)
                                                         _17_ (net)
                      0.063008    0.000253    4.198487 v _62_/A (sky130_fd_sc_hd__nand2_1)
     1    0.005378    0.060034    0.077571    4.276058 ^ _62_/Y (sky130_fd_sc_hd__nand2_1)
                                                         _19_ (net)
                      0.060034    0.000166    4.276224 ^ _78_/A (sky130_fd_sc_hd__xnor2_1)
     1    0.002097    0.029722    0.063356    4.339580 v _78_/Y (sky130_fd_sc_hd__xnor2_1)
                                                         net26 (net)
                      0.029722    0.000042    4.339622 v output26/A (sky130_fd_sc_hd__buf_2)
     1    0.033967    0.088970    0.172973    4.512595 v output26/X (sky130_fd_sc_hd__buf_2)
                                                         sum[7] (net)
                      0.088974    0.000632    4.513227 v sum[7] (out)
                                              4.513227   data arrival time

                      0.000000    0.000000    0.000000   clock __VIRTUAL_CLK__ (rise edge)
                                  0.000000    0.000000   clock network delay (ideal)
                                  0.250000    0.250000   clock uncertainty
                                  0.000000    0.250000   clock reconvergence pessimism
                                 -4.000000   -3.750000   output external delay
                                             -3.750000   data required time
---------------------------------------------------------------------------------------------
                                             -3.750000   data required time
                                             -4.513227   data arrival time
---------------------------------------------------------------------------------------------
                                              8.263227   slack (MET)


Startpoint: a[3] (input port clocked by __VIRTUAL_CLK__)
Endpoint: sum[3] (output port clocked by __VIRTUAL_CLK__)
Path Group: __VIRTUAL_CLK__
Path Type: min

Fanout         Cap        Slew       Delay        Time   Description
---------------------------------------------------------------------------------------------
                      0.000000    0.000000    0.000000   clock __VIRTUAL_CLK__ (rise edge)
                                  0.000000    0.000000   clock network delay (ideal)
                                  4.000000    4.000000 v input external delay
     1    0.002628    0.008227    0.004146    4.004147 v a[3] (in)
                                                         a[3] (net)
                      0.008227    0.000000    4.004147 v input4/A (sky130_fd_sc_hd__clkbuf_1)
     3    0.005898    0.042710    0.086585    4.090732 v input4/X (sky130_fd_sc_hd__clkbuf_1)
                                                         net4 (net)
                      0.042710    0.000085    4.090816 v _39_/B (sky130_fd_sc_hd__nor2_1)
     1    0.002671    0.073709    0.078885    4.169702 ^ _39_/Y (sky130_fd_sc_hd__nor2_1)
                                                         _00_ (net)
                      0.073709    0.000052    4.169754 ^ _42_/A (sky130_fd_sc_hd__nor2_1)
     1    0.004613    0.035517    0.055832    4.225586 v _42_/Y (sky130_fd_sc_hd__nor2_1)
                                                         _03_ (net)
                      0.035517    0.000093    4.225679 v _55_/A (sky130_fd_sc_hd__xnor2_1)
     1    0.002717    0.033362    0.114201    4.339880 v _55_/Y (sky130_fd_sc_hd__xnor2_1)
                                                         net22 (net)
                      0.033362    0.000079    4.339959 v output22/A (sky130_fd_sc_hd__buf_2)
     1    0.034393    0.089906    0.175249    4.515208 v output22/X (sky130_fd_sc_hd__buf_2)
                                                         sum[3] (net)
                      0.089911    0.000747    4.515955 v sum[3] (out)
                                              4.515955   data arrival time

                      0.000000    0.000000    0.000000   clock __VIRTUAL_CLK__ (rise edge)
                                  0.000000    0.000000   clock network delay (ideal)
                                  0.250000    0.250000   clock uncertainty
                                  0.000000    0.250000   clock reconvergence pessimism
                                 -4.000000   -3.750000   output external delay
                                             -3.750000   data required time
---------------------------------------------------------------------------------------------
                                             -3.750000   data required time
                                             -4.515955   data arrival time
---------------------------------------------------------------------------------------------
                                              8.265955   slack (MET)


Startpoint: a[4] (input port clocked by __VIRTUAL_CLK__)
Endpoint: sum[4] (output port clocked by __VIRTUAL_CLK__)
Path Group: __VIRTUAL_CLK__
Path Type: min

Fanout         Cap        Slew       Delay        Time   Description
---------------------------------------------------------------------------------------------
                      0.000000    0.000000    0.000000   clock __VIRTUAL_CLK__ (rise edge)
                                  0.000000    0.000000   clock network delay (ideal)
                                  4.000000    4.000000 ^ input external delay
     1    0.002763    0.019573    0.010189    4.010189 ^ a[4] (in)
                                                         a[4] (net)
                      0.019573    0.000000    4.010189 ^ input5/A (sky130_fd_sc_hd__clkbuf_1)
     2    0.004998    0.068358    0.089301    4.099490 ^ input5/X (sky130_fd_sc_hd__clkbuf_1)
                                                         net5 (net)
                      0.068358    0.000122    4.099612 ^ _67_/B (sky130_fd_sc_hd__nand2_1)
     2    0.008326    0.067414    0.083665    4.183278 v _67_/Y (sky130_fd_sc_hd__nand2_1)
                                                         _24_ (net)
                      0.067414    0.000157    4.183434 v _69_/A (sky130_fd_sc_hd__nand2_1)
     2    0.010298    0.101764    0.110531    4.293965 ^ _69_/Y (sky130_fd_sc_hd__nand2_1)
                                                         _26_ (net)
                      0.101765    0.000173    4.294138 ^ _84_/A (sky130_fd_sc_hd__xnor2_1)
     1    0.002382    0.034412    0.076249    4.370387 v _84_/Y (sky130_fd_sc_hd__xnor2_1)
                                                         net23 (net)
                      0.034412    0.000069    4.370456 v output23/A (sky130_fd_sc_hd__buf_2)
     1    0.034164    0.089390    0.175306    4.545762 v output23/X (sky130_fd_sc_hd__buf_2)
                                                         sum[4] (net)
                      0.089394    0.000706    4.546467 v sum[4] (out)
                                              4.546467   data arrival time

                      0.000000    0.000000    0.000000   clock __VIRTUAL_CLK__ (rise edge)
                                  0.000000    0.000000   clock network delay (ideal)
                                  0.250000    0.250000   clock uncertainty
                                  0.000000    0.250000   clock reconvergence pessimism
                                 -4.000000   -3.750000   output external delay
                                             -3.750000   data required time
---------------------------------------------------------------------------------------------
                                             -3.750000   data required time
                                             -4.546467   data arrival time
---------------------------------------------------------------------------------------------
                                              8.296468   slack (MET)


Startpoint: b[6] (input port clocked by __VIRTUAL_CLK__)
Endpoint: sum[6] (output port clocked by __VIRTUAL_CLK__)
Path Group: __VIRTUAL_CLK__
Path Type: min

Fanout         Cap        Slew       Delay        Time   Description
---------------------------------------------------------------------------------------------
                      0.000000    0.000000    0.000000   clock __VIRTUAL_CLK__ (rise edge)
                                  0.000000    0.000000   clock network delay (ideal)
                                  4.000000    4.000000 ^ input external delay
     1    0.003021    0.020683    0.011094    4.011094 ^ b[6] (in)
                                                         b[6] (net)
                      0.020683    0.000000    4.011094 ^ input15/A (sky130_fd_sc_hd__clkbuf_1)
     2    0.005601    0.075111    0.094470    4.105565 ^ input15/X (sky130_fd_sc_hd__clkbuf_1)
                                                         net15 (net)
                      0.075111    0.000154    4.105719 ^ _64_/A (sky130_fd_sc_hd__nand2_1)
     4    0.011522    0.088825    0.099353    4.205072 v _64_/Y (sky130_fd_sc_hd__nand2_1)
                                                         _21_ (net)
                      0.088852    0.000271    4.205343 v _79_/B (sky130_fd_sc_hd__nand2_1)
     1    0.005737    0.064281    0.099122    4.304465 ^ _79_/Y (sky130_fd_sc_hd__nand2_1)
                                                         _35_ (net)
                      0.064281    0.000185    4.304650 ^ _82_/A (sky130_fd_sc_hd__xnor2_1)
     1    0.003362    0.039359    0.072022    4.376672 v _82_/Y (sky130_fd_sc_hd__xnor2_1)
                                                         net25 (net)
                      0.039359    0.000110    4.376782 v output25/A (sky130_fd_sc_hd__buf_2)
     1    0.034186    0.089378    0.177522    4.554304 v output25/X (sky130_fd_sc_hd__buf_2)
                                                         sum[6] (net)
                      0.089382    0.000650    4.554954 v sum[6] (out)
                                              4.554954   data arrival time

                      0.000000    0.000000    0.000000   clock __VIRTUAL_CLK__ (rise edge)
                                  0.000000    0.000000   clock network delay (ideal)
                                  0.250000    0.250000   clock uncertainty
                                  0.000000    0.250000   clock reconvergence pessimism
                                 -4.000000   -3.750000   output external delay
                                             -3.750000   data required time
---------------------------------------------------------------------------------------------
                                             -3.750000   data required time
                                             -4.554954   data arrival time
---------------------------------------------------------------------------------------------
                                              8.304954   slack (MET)


Startpoint: a[1] (input port clocked by __VIRTUAL_CLK__)
Endpoint: sum[1] (output port clocked by __VIRTUAL_CLK__)
Path Group: __VIRTUAL_CLK__
Path Type: min

Fanout         Cap        Slew       Delay        Time   Description
---------------------------------------------------------------------------------------------
                      0.000000    0.000000    0.000000   clock __VIRTUAL_CLK__ (rise edge)
                                  0.000000    0.000000   clock network delay (ideal)
                                  4.000000    4.000000 v input external delay
     1    0.002962    0.008999    0.004713    4.004713 v a[1] (in)
                                                         a[1] (net)
                      0.008999    0.000000    4.004713 v input2/A (sky130_fd_sc_hd__clkbuf_1)
     2    0.004993    0.037871    0.082714    4.087427 v input2/X (sky130_fd_sc_hd__clkbuf_1)
                                                         net2 (net)
                      0.037871    0.000140    4.087566 v _51_/B (sky130_fd_sc_hd__nor2_1)
     1    0.002944    0.077995    0.080675    4.168242 ^ _51_/Y (sky130_fd_sc_hd__nor2_1)
                                                         _12_ (net)
                      0.077995    0.000084    4.168326 ^ _52_/B (sky130_fd_sc_hd__nor2_1)
     3    0.009816    0.052566    0.070785    4.239110 v _52_/Y (sky130_fd_sc_hd__nor2_1)
                                                         _13_ (net)
                      0.052566    0.000213    4.239323 v _57_/B (sky130_fd_sc_hd__xor2_1)
     1    0.003974    0.040727    0.143837    4.383160 v _57_/X (sky130_fd_sc_hd__xor2_1)
                                                         net20 (net)
                      0.040744    0.000122    4.383282 v output20/A (sky130_fd_sc_hd__buf_2)
     1    0.033895    0.088728    0.177605    4.560886 v output20/X (sky130_fd_sc_hd__buf_2)
                                                         sum[1] (net)
                      0.088731    0.000611    4.561498 v sum[1] (out)
                                              4.561498   data arrival time

                      0.000000    0.000000    0.000000   clock __VIRTUAL_CLK__ (rise edge)
                                  0.000000    0.000000   clock network delay (ideal)
                                  0.250000    0.250000   clock uncertainty
                                  0.000000    0.250000   clock reconvergence pessimism
                                 -4.000000   -3.750000   output external delay
                                             -3.750000   data required time
---------------------------------------------------------------------------------------------
                                             -3.750000   data required time
                                             -4.561498   data arrival time
---------------------------------------------------------------------------------------------
                                              8.311498   slack (MET)


Startpoint: a[2] (input port clocked by __VIRTUAL_CLK__)
Endpoint: sum[2] (output port clocked by __VIRTUAL_CLK__)
Path Group: __VIRTUAL_CLK__
Path Type: min

Fanout         Cap        Slew       Delay        Time   Description
---------------------------------------------------------------------------------------------
                      0.000000    0.000000    0.000000   clock __VIRTUAL_CLK__ (rise edge)
                                  0.000000    0.000000   clock network delay (ideal)
                                  4.000000    4.000000 ^ input external delay
     1    0.002723    0.019404    0.010048    4.010048 ^ a[2] (in)
                                                         a[2] (net)
                      0.019404    0.000000    4.010048 ^ input3/A (sky130_fd_sc_hd__buf_1)
     3    0.010663    0.132168    0.133993    4.144041 ^ input3/X (sky130_fd_sc_hd__buf_1)
                                                         net3 (net)
                      0.132169    0.000236    4.144277 ^ _44_/B (sky130_fd_sc_hd__nor2_1)
     2    0.007109    0.053154    0.077931    4.222208 v _44_/Y (sky130_fd_sc_hd__nor2_1)
                                                         _05_ (net)
                      0.053154    0.000211    4.222420 v _45_/B (sky130_fd_sc_hd__nor2_1)
     1    0.005082    0.112380    0.112422    4.334842 ^ _45_/Y (sky130_fd_sc_hd__nor2_1)
                                                         _06_ (net)
                      0.112380    0.000150    4.334991 ^ _56_/A (sky130_fd_sc_hd__xnor2_1)
     1    0.002587    0.035666    0.080514    4.415505 v _56_/Y (sky130_fd_sc_hd__xnor2_1)
                                                         net21 (net)
                      0.035666    0.000073    4.415579 v output21/A (sky130_fd_sc_hd__buf_2)
     1    0.034309    0.089732    0.176043    4.591621 v output21/X (sky130_fd_sc_hd__buf_2)
                                                         sum[2] (net)
                      0.089739    0.000800    4.592421 v sum[2] (out)
                                              4.592421   data arrival time

                      0.000000    0.000000    0.000000   clock __VIRTUAL_CLK__ (rise edge)
                                  0.000000    0.000000   clock network delay (ideal)
                                  0.250000    0.250000   clock uncertainty
                                  0.000000    0.250000   clock reconvergence pessimism
                                 -4.000000   -3.750000   output external delay
                                             -3.750000   data required time
---------------------------------------------------------------------------------------------
                                             -3.750000   data required time
                                             -4.592421   data arrival time
---------------------------------------------------------------------------------------------
                                              8.342422   slack (MET)


Startpoint: b[7] (input port clocked by __VIRTUAL_CLK__)
Endpoint: cout (output port clocked by __VIRTUAL_CLK__)
Path Group: __VIRTUAL_CLK__
Path Type: min

Fanout         Cap        Slew       Delay        Time   Description
---------------------------------------------------------------------------------------------
                      0.000000    0.000000    0.000000   clock __VIRTUAL_CLK__ (rise edge)
                                  0.000000    0.000000   clock network delay (ideal)
                                  4.000000    4.000000 v input external delay
     1    0.002691    0.008372    0.004252    4.004252 v b[7] (in)
                                                         b[7] (net)
                      0.008372    0.000000    4.004252 v input16/A (sky130_fd_sc_hd__clkbuf_1)
     3    0.006604    0.046536    0.089870    4.094122 v input16/X (sky130_fd_sc_hd__clkbuf_1)
                                                         net16 (net)
                      0.046536    0.000102    4.094224 v _60_/A (sky130_fd_sc_hd__nand2_1)
     2    0.007644    0.078507    0.084801    4.179025 ^ _60_/Y (sky130_fd_sc_hd__nand2_1)
                                                         _17_ (net)
                      0.078508    0.000190    4.179215 ^ _85_/A (sky130_fd_sc_hd__nand2_1)
     1    0.002520    0.034734    0.051191    4.230406 v _85_/Y (sky130_fd_sc_hd__nand2_1)
                                                         _38_ (net)
                      0.034734    0.000072    4.230478 v _86_/B2 (sky130_fd_sc_hd__o221a_1)
     1    0.002338    0.031023    0.192702    4.423180 v _86_/X (sky130_fd_sc_hd__o221a_1)
                                                         net18 (net)
                      0.031023    0.000067    4.423247 v output18/A (sky130_fd_sc_hd__buf_2)
     1    0.034034    0.089113    0.173645    4.596892 v output18/X (sky130_fd_sc_hd__buf_2)
                                                         cout (net)
                      0.089117    0.000653    4.597545 v cout (out)
                                              4.597545   data arrival time

                      0.000000    0.000000    0.000000   clock __VIRTUAL_CLK__ (rise edge)
                                  0.000000    0.000000   clock network delay (ideal)
                                  0.250000    0.250000   clock uncertainty
                                  0.000000    0.250000   clock reconvergence pessimism
                                 -4.000000   -3.750000   output external delay
                                             -3.750000   data required time
---------------------------------------------------------------------------------------------
                                             -3.750000   data required time
                                             -4.597545   data arrival time
---------------------------------------------------------------------------------------------
                                              8.347545   slack (MET)



