
===========================================================================
report_checks -path_delay min (Hold)
============================================================================
======================= nom_tt_025C_1v80 Corner ===================================

Startpoint: _99_ (rising edge-triggered flip-flop clocked by clk)
Endpoint: _99_ (rising edge-triggered flip-flop clocked by clk)
Path Group: clk
Path Type: min

Fanout         Cap        Slew       Delay        Time   Description
---------------------------------------------------------------------------------------------
                                  0.000000    0.000000   clock clk (rise edge)
                                  0.000000    0.000000   clock source latency
     1    0.009006    0.046981    0.030770    0.030770 ^ clk (in)
                                                         clk (net)
                      0.046981    0.000000    0.030770 ^ clkbuf_0_clk/A (sky130_fd_sc_hd__clkbuf_16)
     2    0.017119    0.039393    0.123442    0.154212 ^ clkbuf_0_clk/X (sky130_fd_sc_hd__clkbuf_16)
                                                         clknet_0_clk (net)
                      0.039393    0.000034    0.154246 ^ clkbuf_1_1__f_clk/A (sky130_fd_sc_hd__clkbuf_16)
     4    0.009591    0.032981    0.113449    0.267695 ^ clkbuf_1_1__f_clk/X (sky130_fd_sc_hd__clkbuf_16)
                                                         clknet_1_1__leaf_clk (net)
                      0.032981    0.000030    0.267725 ^ _99_/CLK (sky130_fd_sc_hd__dfrtp_1)
     2    0.007128    0.080589    0.339787    0.607512 ^ _99_/Q (sky130_fd_sc_hd__dfrtp_1)
                                                         net17 (net)
                      0.080589    0.000006    0.607519 ^ _75_/B (sky130_fd_sc_hd__xnor2_1)
     1    0.005600    0.053625    0.081262    0.688780 v _75_/Y (sky130_fd_sc_hd__xnor2_1)
                                                         _37_ (net)
                      0.053625    0.000027    0.688807 v _76_/B (sky130_fd_sc_hd__xnor2_1)
     1    0.002308    0.045872    0.121457    0.810264 ^ _76_/Y (sky130_fd_sc_hd__xnor2_1)
                                                         adder.high.sum[3] (net)
                      0.045872    0.000004    0.810268 ^ _99_/D (sky130_fd_sc_hd__dfrtp_1)
                                              0.810268   data arrival time

                                  0.000000    0.000000   clock clk (rise edge)
                                  0.000000    0.000000   clock source latency
     1    0.009006    0.046981    0.030770    0.030770 ^ clk (in)
                                                         clk (net)
                      0.046981    0.000000    0.030770 ^ clkbuf_0_clk/A (sky130_fd_sc_hd__clkbuf_16)
     2    0.017119    0.039393    0.123442    0.154212 ^ clkbuf_0_clk/X (sky130_fd_sc_hd__clkbuf_16)
                                                         clknet_0_clk (net)
                      0.039393    0.000034    0.154246 ^ clkbuf_1_1__f_clk/A (sky130_fd_sc_hd__clkbuf_16)
     4    0.009591    0.032981    0.113449    0.267695 ^ clkbuf_1_1__f_clk/X (sky130_fd_sc_hd__clkbuf_16)
                                                         clknet_1_1__leaf_clk (net)
                      0.032981    0.000030    0.267725 ^ _99_/CLK (sky130_fd_sc_hd__dfrtp_1)
                                  0.250000    0.517725   clock uncertainty
                                  0.000000    0.517725   clock reconvergence pessimism
                                 -0.036590    0.481135   library hold time
                                              0.481135   data required time
---------------------------------------------------------------------------------------------
                                              0.481135   data required time
                                             -0.810268   data arrival time
---------------------------------------------------------------------------------------------
                                              0.329133   slack (MET)


Startpoint: _92_ (rising edge-triggered flip-flop clocked by clk)
Endpoint: _92_ (rising edge-triggered flip-flop clocked by clk)
Path Group: clk
Path Type: min

Fanout         Cap        Slew       Delay        Time   Description
---------------------------------------------------------------------------------------------
                                  0.000000    0.000000   clock clk (rise edge)
                                  0.000000    0.000000   clock source latency
     1    0.009006    0.046981    0.030770    0.030770 ^ clk (in)
                                                         clk (net)
                      0.046981    0.000000    0.030770 ^ clkbuf_0_clk/A (sky130_fd_sc_hd__clkbuf_16)
     2    0.017119    0.039393    0.123442    0.154212 ^ clkbuf_0_clk/X (sky130_fd_sc_hd__clkbuf_16)
                                                         clknet_0_clk (net)
                      0.039393    0.000034    0.154246 ^ clkbuf_1_1__f_clk/A (sky130_fd_sc_hd__clkbuf_16)
     4    0.009591    0.032981    0.113449    0.267695 ^ clkbuf_1_1__f_clk/X (sky130_fd_sc_hd__clkbuf_16)
                                                         clknet_1_1__leaf_clk (net)
                      0.032981    0.000033    0.267728 ^ _92_/CLK (sky130_fd_sc_hd__dfrtp_1)
     3    0.007555    0.081753    0.342638    0.610366 ^ _92_/Q (sky130_fd_sc_hd__dfrtp_1)
                                                         net10 (net)
                      0.081753    0.000046    0.610412 ^ _83_/B (sky130_fd_sc_hd__or2_1)
     1    0.002633    0.038406    0.099012    0.709425 ^ _83_/X (sky130_fd_sc_hd__or2_1)
                                                         _41_ (net)
                      0.038406    0.000014    0.709439 ^ _84_/B (sky130_fd_sc_hd__and2_1)
     1    0.002591    0.045662    0.111071    0.820510 ^ _84_/X (sky130_fd_sc_hd__and2_1)
                                                         adder.low.p[0] (net)
                      0.045662    0.000007    0.820517 ^ _92_/D (sky130_fd_sc_hd__dfrtp_1)
                                              0.820517   data arrival time

                                  0.000000    0.000000   clock clk (rise edge)
                                  0.000000    0.000000   clock source latency
     1    0.009006    0.046981    0.030770    0.030770 ^ clk (in)
                                                         clk (net)
                      0.046981    0.000000    0.030770 ^ clkbuf_0_clk/A (sky130_fd_sc_hd__clkbuf_16)
     2    0.017119    0.039393    0.123442    0.154212 ^ clkbuf_0_clk/X (sky130_fd_sc_hd__clkbuf_16)
                                                         clknet_0_clk (net)
                      0.039393    0.000034    0.154246 ^ clkbuf_1_1__f_clk/A (sky130_fd_sc_hd__clkbuf_16)
     4    0.009591    0.032981    0.113449    0.267695 ^ clkbuf_1_1__f_clk/X (sky130_fd_sc_hd__clkbuf_16)
                                                         clknet_1_1__leaf_clk (net)
                      0.032981    0.000033    0.267728 ^ _92_/CLK (sky130_fd_sc_hd__dfrtp_1)
                                  0.250000    0.517728   clock uncertainty
                                  0.000000    0.517728   clock reconvergence pessimism
                                 -0.036546    0.481182   library hold time
                                              0.481182   data required time
---------------------------------------------------------------------------------------------
                                              0.481182   data required time
                                             -0.820517   data arrival time
---------------------------------------------------------------------------------------------
                                              0.339335   slack (MET)


Startpoint: _96_ (rising edge-triggered flip-flop clocked by clk)
Endpoint: _97_ (rising edge-triggered flip-flop clocked by clk)
Path Group: clk
Path Type: min

Fanout         Cap        Slew       Delay        Time   Description
---------------------------------------------------------------------------------------------
                                  0.000000    0.000000   clock clk (rise edge)
                                  0.000000    0.000000   clock source latency
     1    0.009006    0.046981    0.030770    0.030770 ^ clk (in)
                                                         clk (net)
                      0.046981    0.000000    0.030770 ^ clkbuf_0_clk/A (sky130_fd_sc_hd__clkbuf_16)
     2    0.017119    0.039393    0.123442    0.154212 ^ clkbuf_0_clk/X (sky130_fd_sc_hd__clkbuf_16)
                                                         clknet_0_clk (net)
                      0.039393    0.000021    0.154232 ^ clkbuf_1_0__f_clk/A (sky130_fd_sc_hd__clkbuf_16)
     4    0.010137    0.033449    0.113977    0.268210 ^ clkbuf_1_0__f_clk/X (sky130_fd_sc_hd__clkbuf_16)
                                                         clknet_1_0__leaf_clk (net)
                      0.033449    0.000014    0.268224 ^ _96_/CLK (sky130_fd_sc_hd__dfrtp_1)
     3    0.007812    0.083807    0.344546    0.612770 ^ _96_/Q (sky130_fd_sc_hd__dfrtp_1)
                                                         net14 (net)
                      0.083807    0.000053    0.612822 ^ _43_/B (sky130_fd_sc_hd__nand2_1)
     4    0.010735    0.082573    0.101057    0.713879 v _43_/Y (sky130_fd_sc_hd__nand2_1)
                                                         _08_ (net)
                      0.082573    0.000026    0.713905 v _65_/A (sky130_fd_sc_hd__nand2_1)
     1    0.004864    0.060400    0.082961    0.796866 ^ _65_/Y (sky130_fd_sc_hd__nand2_1)
                                                         _29_ (net)
                      0.060400    0.000004    0.796870 ^ _66_/B (sky130_fd_sc_hd__xnor2_1)
     1    0.002211    0.030794    0.056165    0.853035 v _66_/Y (sky130_fd_sc_hd__xnor2_1)
                                                         adder.high.sum[1] (net)
                      0.030794    0.000004    0.853039 v _97_/D (sky130_fd_sc_hd__dfrtp_1)
                                              0.853039   data arrival time

                                  0.000000    0.000000   clock clk (rise edge)
                                  0.000000    0.000000   clock source latency
     1    0.009006    0.046981    0.030770    0.030770 ^ clk (in)
                                                         clk (net)
                      0.046981    0.000000    0.030770 ^ clkbuf_0_clk/A (sky130_fd_sc_hd__clkbuf_16)
     2    0.017119    0.039393    0.123442    0.154212 ^ clkbuf_0_clk/X (sky130_fd_sc_hd__clkbuf_16)
                                                         clknet_0_clk (net)
                      0.039393    0.000021    0.154232 ^ clkbuf_1_0__f_clk/A (sky130_fd_sc_hd__clkbuf_16)
     4    0.010137    0.033449    0.113977    0.268210 ^ clkbuf_1_0__f_clk/X (sky130_fd_sc_hd__clkbuf_16)
                                                         clknet_1_0__leaf_clk (net)
                      0.033449    0.000011    0.268221 ^ _97_/CLK (sky130_fd_sc_hd__dfrtp_1)
                                  0.250000    0.518221   clock uncertainty
                                  0.000000    0.518221   clock reconvergence pessimism
                                 -0.042626    0.475595   library hold time
                                              0.475595   data required time
---------------------------------------------------------------------------------------------
                                              0.475595   data required time
                                             -0.853039   data arrival time
---------------------------------------------------------------------------------------------
                                              0.377444   slack (MET)


Startpoint: _95_ (rising edge-triggered flip-flop clocked by clk)
Endpoint: _95_ (rising edge-triggered flip-flop clocked by clk)
Path Group: clk
Path Type: min

Fanout         Cap        Slew       Delay        Time   Description
---------------------------------------------------------------------------------------------
                                  0.000000    0.000000   clock clk (rise edge)
                                  0.000000    0.000000   clock source latency
     1    0.009006    0.046981    0.030770    0.030770 ^ clk (in)
                                                         clk (net)
                      0.046981    0.000000    0.030770 ^ clkbuf_0_clk/A (sky130_fd_sc_hd__clkbuf_16)
     2    0.017119    0.039393    0.123442    0.154212 ^ clkbuf_0_clk/X (sky130_fd_sc_hd__clkbuf_16)
                                                         clknet_0_clk (net)
                      0.039393    0.000021    0.154232 ^ clkbuf_1_0__f_clk/A (sky130_fd_sc_hd__clkbuf_16)
     4    0.010137    0.033449    0.113977    0.268210 ^ clkbuf_1_0__f_clk/X (sky130_fd_sc_hd__clkbuf_16)
                                                         clknet_1_0__leaf_clk (net)
                      0.033449    0.000019    0.268229 ^ _95_/CLK (sky130_fd_sc_hd__dfrtp_1)
     3    0.007829    0.086051    0.344692    0.612921 ^ _95_/Q (sky130_fd_sc_hd__dfrtp_1)
                                                         net13 (net)
                      0.086051    0.000011    0.612932 ^ _56_/B (sky130_fd_sc_hd__nand2_1)
     3    0.008654    0.070299    0.090914    0.703846 v _56_/Y (sky130_fd_sc_hd__nand2_1)
                                                         _21_ (net)
                      0.070299    0.000025    0.703871 v _57_/B (sky130_fd_sc_hd__nand2b_1)
     1    0.004864    0.067632    0.089904    0.793775 ^ _57_/Y (sky130_fd_sc_hd__nand2b_1)
                                                         _22_ (net)
                      0.067632    0.000004    0.793779 ^ _82_/A (sky130_fd_sc_hd__xnor2_1)
     1    0.002292    0.031406    0.066584    0.860363 v _82_/Y (sky130_fd_sc_hd__xnor2_1)
                                                         adder.low.sum[3] (net)
                      0.031406    0.000004    0.860368 v _95_/D (sky130_fd_sc_hd__dfrtp_1)
                                              0.860368   data arrival time

                                  0.000000    0.000000   clock clk (rise edge)
                                  0.000000    0.000000   clock source latency
     1    0.009006    0.046981    0.030770    0.030770 ^ clk (in)
                                                         clk (net)
                      0.046981    0.000000    0.030770 ^ clkbuf_0_clk/A (sky130_fd_sc_hd__clkbuf_16)
     2    0.017119    0.039393    0.123442    0.154212 ^ clkbuf_0_clk/X (sky130_fd_sc_hd__clkbuf_16)
                                                         clknet_0_clk (net)
                      0.039393    0.000021    0.154232 ^ clkbuf_1_0__f_clk/A (sky130_fd_sc_hd__clkbuf_16)
     4    0.010137    0.033449    0.113977    0.268210 ^ clkbuf_1_0__f_clk/X (sky130_fd_sc_hd__clkbuf_16)
                                                         clknet_1_0__leaf_clk (net)
                      0.033449    0.000019    0.268229 ^ _95_/CLK (sky130_fd_sc_hd__dfrtp_1)
                                  0.250000    0.518229   clock uncertainty
                                  0.000000    0.518229   clock reconvergence pessimism
                                 -0.042875    0.475354   library hold time
                                              0.475354   data required time
---------------------------------------------------------------------------------------------
                                              0.475354   data required time
                                             -0.860368   data arrival time
---------------------------------------------------------------------------------------------
                                              0.385014   slack (MET)


Startpoint: _92_ (rising edge-triggered flip-flop clocked by clk)
Endpoint: _93_ (rising edge-triggered flip-flop clocked by clk)
Path Group: clk
Path Type: min

Fanout         Cap        Slew       Delay        Time   Description
---------------------------------------------------------------------------------------------
                                  0.000000    0.000000   clock clk (rise edge)
                                  0.000000    0.000000   clock source latency
     1    0.009006    0.046981    0.030770    0.030770 ^ clk (in)
                                                         clk (net)
                      0.046981    0.000000    0.030770 ^ clkbuf_0_clk/A (sky130_fd_sc_hd__clkbuf_16)
     2    0.017119    0.039393    0.123442    0.154212 ^ clkbuf_0_clk/X (sky130_fd_sc_hd__clkbuf_16)
                                                         clknet_0_clk (net)
                      0.039393    0.000034    0.154246 ^ clkbuf_1_1__f_clk/A (sky130_fd_sc_hd__clkbuf_16)
     4    0.009591    0.032981    0.113449    0.267695 ^ clkbuf_1_1__f_clk/X (sky130_fd_sc_hd__clkbuf_16)
                                                         clknet_1_1__leaf_clk (net)
                      0.032981    0.000033    0.267728 ^ _92_/CLK (sky130_fd_sc_hd__dfrtp_1)
     3    0.007555    0.081753    0.342638    0.610366 ^ _92_/Q (sky130_fd_sc_hd__dfrtp_1)
                                                         net10 (net)
                      0.081753    0.000053    0.610420 ^ _53_/B (sky130_fd_sc_hd__nand2_1)
     3    0.006877    0.058929    0.079950    0.690370 v _53_/Y (sky130_fd_sc_hd__nand2_1)
                                                         _18_ (net)
                      0.058929    0.000043    0.690413 v _77_/B1 (sky130_fd_sc_hd__o21ai_1)
     1    0.001966    0.064286    0.066481    0.756894 ^ _77_/Y (sky130_fd_sc_hd__o21ai_1)
                                                         _38_ (net)
                      0.064286    0.000004    0.756898 ^ _78_/B (sky130_fd_sc_hd__and2_1)
     1    0.002235    0.042637    0.115914    0.872812 ^ _78_/X (sky130_fd_sc_hd__and2_1)
                                                         adder.low.sum[1] (net)
                      0.042637    0.000003    0.872815 ^ _93_/D (sky130_fd_sc_hd__dfrtp_1)
                                              0.872815   data arrival time

                                  0.000000    0.000000   clock clk (rise edge)
                                  0.000000    0.000000   clock source latency
     1    0.009006    0.046981    0.030770    0.030770 ^ clk (in)
                                                         clk (net)
                      0.046981    0.000000    0.030770 ^ clkbuf_0_clk/A (sky130_fd_sc_hd__clkbuf_16)
     2    0.017119    0.039393    0.123442    0.154212 ^ clkbuf_0_clk/X (sky130_fd_sc_hd__clkbuf_16)
                                                         clknet_0_clk (net)
                      0.039393    0.000034    0.154246 ^ clkbuf_1_1__f_clk/A (sky130_fd_sc_hd__clkbuf_16)
     4    0.009591    0.032981    0.113449    0.267695 ^ clkbuf_1_1__f_clk/X (sky130_fd_sc_hd__clkbuf_16)
                                                         clknet_1_1__leaf_clk (net)
                      0.032981    0.000040    0.267734 ^ _93_/CLK (sky130_fd_sc_hd__dfrtp_1)
                                  0.250000    0.517734   clock uncertainty
                                  0.000000    0.517734   clock reconvergence pessimism
                                 -0.035911    0.481824   library hold time
                                              0.481824   data required time
---------------------------------------------------------------------------------------------
                                              0.481824   data required time
                                             -0.872815   data arrival time
---------------------------------------------------------------------------------------------
                                              0.390992   slack (MET)


Startpoint: _96_ (rising edge-triggered flip-flop clocked by clk)
Endpoint: _96_ (rising edge-triggered flip-flop clocked by clk)
Path Group: clk
Path Type: min

Fanout         Cap        Slew       Delay        Time   Description
---------------------------------------------------------------------------------------------
                                  0.000000    0.000000   clock clk (rise edge)
                                  0.000000    0.000000   clock source latency
     1    0.009006    0.046981    0.030770    0.030770 ^ clk (in)
                                                         clk (net)
                      0.046981    0.000000    0.030770 ^ clkbuf_0_clk/A (sky130_fd_sc_hd__clkbuf_16)
     2    0.017119    0.039393    0.123442    0.154212 ^ clkbuf_0_clk/X (sky130_fd_sc_hd__clkbuf_16)
                                                         clknet_0_clk (net)
                      0.039393    0.000021    0.154232 ^ clkbuf_1_0__f_clk/A (sky130_fd_sc_hd__clkbuf_16)
     4    0.010137    0.033449    0.113977    0.268210 ^ clkbuf_1_0__f_clk/X (sky130_fd_sc_hd__clkbuf_16)
                                                         clknet_1_0__leaf_clk (net)
                      0.033449    0.000014    0.268224 ^ _96_/CLK (sky130_fd_sc_hd__dfrtp_1)
     3    0.007812    0.083807    0.344546    0.612770 ^ _96_/Q (sky130_fd_sc_hd__dfrtp_1)
                                                         net14 (net)
                      0.083807    0.000058    0.612828 ^ _44_/B (sky130_fd_sc_hd__or2_1)
     1    0.002494    0.038510    0.098716    0.711544 ^ _44_/X (sky130_fd_sc_hd__or2_1)
                                                         _09_ (net)
                      0.038510    0.000000    0.711545 ^ _45_/B (sky130_fd_sc_hd__nand2_1)
     2    0.005677    0.048195    0.060842    0.772387 v _45_/Y (sky130_fd_sc_hd__nand2_1)
                                                         _10_ (net)
                      0.048195    0.000019    0.772406 v _59_/A (sky130_fd_sc_hd__nand2_1)
     1    0.001943    0.032068    0.049551    0.821957 ^ _59_/Y (sky130_fd_sc_hd__nand2_1)
                                                         _24_ (net)
                      0.032068    0.000005    0.821962 ^ _61_/A (sky130_fd_sc_hd__and2_1)
     1    0.002611    0.045902    0.103887    0.925849 ^ _61_/X (sky130_fd_sc_hd__and2_1)
                                                         adder.high.sum[0] (net)
                      0.045902    0.000009    0.925857 ^ _96_/D (sky130_fd_sc_hd__dfrtp_1)
                                              0.925857   data arrival time

                                  0.000000    0.000000   clock clk (rise edge)
                                  0.000000    0.000000   clock source latency
     1    0.009006    0.046981    0.030770    0.030770 ^ clk (in)
                                                         clk (net)
                      0.046981    0.000000    0.030770 ^ clkbuf_0_clk/A (sky130_fd_sc_hd__clkbuf_16)
     2    0.017119    0.039393    0.123442    0.154212 ^ clkbuf_0_clk/X (sky130_fd_sc_hd__clkbuf_16)
                                                         clknet_0_clk (net)
                      0.039393    0.000021    0.154232 ^ clkbuf_1_0__f_clk/A (sky130_fd_sc_hd__clkbuf_16)
     4    0.010137    0.033449    0.113977    0.268210 ^ clkbuf_1_0__f_clk/X (sky130_fd_sc_hd__clkbuf_16)
                                                         clknet_1_0__leaf_clk (net)
                      0.033449    0.000014    0.268224 ^ _96_/CLK (sky130_fd_sc_hd__dfrtp_1)
                                  0.250000    0.518224   clock uncertainty
                                  0.000000    0.518224   clock reconvergence pessimism
                                 -0.036532    0.481691   library hold time
                                              0.481691   data required time
---------------------------------------------------------------------------------------------
                                              0.481691   data required time
                                             -0.925857   data arrival time
---------------------------------------------------------------------------------------------
                                              0.444166   slack (MET)


Startpoint: _93_ (rising edge-triggered flip-flop clocked by clk)
Endpoint: _94_ (rising edge-triggered flip-flop clocked by clk)
Path Group: clk
Path Type: min

Fanout         Cap        Slew       Delay        Time   Description
---------------------------------------------------------------------------------------------
                                  0.000000    0.000000   clock clk (rise edge)
                                  0.000000    0.000000   clock source latency
     1    0.009006    0.046981    0.030770    0.030770 ^ clk (in)
                                                         clk (net)
                      0.046981    0.000000    0.030770 ^ clkbuf_0_clk/A (sky130_fd_sc_hd__clkbuf_16)
     2    0.017119    0.039393    0.123442    0.154212 ^ clkbuf_0_clk/X (sky130_fd_sc_hd__clkbuf_16)
                                                         clknet_0_clk (net)
                      0.039393    0.000034    0.154246 ^ clkbuf_1_1__f_clk/A (sky130_fd_sc_hd__clkbuf_16)
     4    0.009591    0.032981    0.113449    0.267695 ^ clkbuf_1_1__f_clk/X (sky130_fd_sc_hd__clkbuf_16)
                                                         clknet_1_1__leaf_clk (net)
                      0.032981    0.000040    0.267734 ^ _93_/CLK (sky130_fd_sc_hd__dfrtp_1)
     3    0.008189    0.088859    0.346951    0.614686 ^ _93_/Q (sky130_fd_sc_hd__dfrtp_1)
                                                         net11 (net)
                      0.088859    0.000027    0.614713 ^ _50_/B (sky130_fd_sc_hd__nand2_1)
     4    0.011491    0.088879    0.106497    0.721210 v _50_/Y (sky130_fd_sc_hd__nand2_1)
                                                         _15_ (net)
                      0.088879    0.000035    0.721245 v _79_/B1 (sky130_fd_sc_hd__o211ai_1)
     1    0.002396    0.075430    0.102161    0.823406 ^ _79_/Y (sky130_fd_sc_hd__o211ai_1)
                                                         _39_ (net)
                      0.075430    0.000008    0.823414 ^ _80_/B (sky130_fd_sc_hd__and2_1)
     1    0.002761    0.047285    0.123100    0.946514 ^ _80_/X (sky130_fd_sc_hd__and2_1)
                                                         adder.low.sum[2] (net)
                      0.047285    0.000009    0.946523 ^ _94_/D (sky130_fd_sc_hd__dfrtp_1)
                                              0.946523   data arrival time

                                  0.000000    0.000000   clock clk (rise edge)
                                  0.000000    0.000000   clock source latency
     1    0.009006    0.046981    0.030770    0.030770 ^ clk (in)
                                                         clk (net)
                      0.046981    0.000000    0.030770 ^ clkbuf_0_clk/A (sky130_fd_sc_hd__clkbuf_16)
     2    0.017119    0.039393    0.123442    0.154212 ^ clkbuf_0_clk/X (sky130_fd_sc_hd__clkbuf_16)
                                                         clknet_0_clk (net)
                      0.039393    0.000021    0.154232 ^ clkbuf_1_0__f_clk/A (sky130_fd_sc_hd__clkbuf_16)
     4    0.010137    0.033449    0.113977    0.268210 ^ clkbuf_1_0__f_clk/X (sky130_fd_sc_hd__clkbuf_16)
                                                         clknet_1_0__leaf_clk (net)
                      0.033449    0.000021    0.268231 ^ _94_/CLK (sky130_fd_sc_hd__dfrtp_1)
                                  0.250000    0.518231   clock uncertainty
                                  0.000000    0.518231   clock reconvergence pessimism
                                 -0.036822    0.481408   library hold time
                                              0.481408   data required time
---------------------------------------------------------------------------------------------
                                              0.481408   data required time
                                             -0.946523   data arrival time
---------------------------------------------------------------------------------------------
                                              0.465115   slack (MET)


Startpoint: _98_ (rising edge-triggered flip-flop clocked by clk)
Endpoint: _98_ (rising edge-triggered flip-flop clocked by clk)
Path Group: clk
Path Type: min

Fanout         Cap        Slew       Delay        Time   Description
---------------------------------------------------------------------------------------------
                                  0.000000    0.000000   clock clk (rise edge)
                                  0.000000    0.000000   clock source latency
     1    0.009006    0.046981    0.030770    0.030770 ^ clk (in)
                                                         clk (net)
                      0.046981    0.000000    0.030770 ^ clkbuf_0_clk/A (sky130_fd_sc_hd__clkbuf_16)
     2    0.017119    0.039393    0.123442    0.154212 ^ clkbuf_0_clk/X (sky130_fd_sc_hd__clkbuf_16)
                                                         clknet_0_clk (net)
                      0.039393    0.000034    0.154246 ^ clkbuf_1_1__f_clk/A (sky130_fd_sc_hd__clkbuf_16)
     4    0.009591    0.032981    0.113449    0.267695 ^ clkbuf_1_1__f_clk/X (sky130_fd_sc_hd__clkbuf_16)
                                                         clknet_1_1__leaf_clk (net)
                      0.032981    0.000024    0.267718 ^ _98_/CLK (sky130_fd_sc_hd__dfrtp_1)
     3    0.008261    0.089420    0.347437    0.615156 ^ _98_/Q (sky130_fd_sc_hd__dfrtp_1)
                                                         net16 (net)
                      0.089420    0.000022    0.615178 ^ _67_/B (sky130_fd_sc_hd__nor2_1)
     3    0.007136    0.046113    0.065549    0.680726 v _67_/Y (sky130_fd_sc_hd__nor2_1)
                                                         _30_ (net)
                      0.046113    0.000005    0.680731 v _69_/A_N (sky130_fd_sc_hd__and2b_1)
     1    0.004867    0.059986    0.195919    0.876650 ^ _69_/X (sky130_fd_sc_hd__and2b_1)
                                                         _32_ (net)
                      0.059986    0.000004    0.876654 ^ _71_/A (sky130_fd_sc_hd__xnor2_1)
     1    0.002257    0.031571    0.064338    0.940992 v _71_/Y (sky130_fd_sc_hd__xnor2_1)
                                                         adder.high.sum[2] (net)
                      0.031571    0.000004    0.940996 v _98_/D (sky130_fd_sc_hd__dfrtp_1)
                                              0.940996   data arrival time

                                  0.000000    0.000000   clock clk (rise edge)
                                  0.000000    0.000000   clock source latency
     1    0.009006    0.046981    0.030770    0.030770 ^ clk (in)
                                                         clk (net)
                      0.046981    0.000000    0.030770 ^ clkbuf_0_clk/A (sky130_fd_sc_hd__clkbuf_16)
     2    0.017119    0.039393    0.123442    0.154212 ^ clkbuf_0_clk/X (sky130_fd_sc_hd__clkbuf_16)
                                                         clknet_0_clk (net)
                      0.039393    0.000034    0.154246 ^ clkbuf_1_1__f_clk/A (sky130_fd_sc_hd__clkbuf_16)
     4    0.009591    0.032981    0.113449    0.267695 ^ clkbuf_1_1__f_clk/X (sky130_fd_sc_hd__clkbuf_16)
                                                         clknet_1_1__leaf_clk (net)
                      0.032981    0.000024    0.267718 ^ _98_/CLK (sky130_fd_sc_hd__dfrtp_1)
                                  0.250000    0.517718   clock uncertainty
                                  0.000000    0.517718   clock reconvergence pessimism
                                 -0.043049    0.474669   library hold time
                                              0.474669   data required time
---------------------------------------------------------------------------------------------
                                              0.474669   data required time
                                             -0.940996   data arrival time
---------------------------------------------------------------------------------------------
                                              0.466326   slack (MET)


Startpoint: rst (input port clocked by clk)
Endpoint: _97_ (removal check against rising-edge clock clk)
Path Group: asynchronous
Path Type: min

Fanout         Cap        Slew       Delay        Time   Description
---------------------------------------------------------------------------------------------
                                  0.000000    0.000000   clock clk (rise edge)
                                  0.000000    0.000000   clock network delay (propagated)
                                  4.000000    4.000000 v input external delay
     1    0.002641    0.008264    0.004144    4.004144 v rst (in)
                                                         rst (net)
                      0.008264    0.000000    4.004144 v input9/A (sky130_fd_sc_hd__clkbuf_4)
     8    0.040533    0.090637    0.176651    4.180795 v input9/X (sky130_fd_sc_hd__clkbuf_4)
                                                         net9 (net)
                      0.090637    0.000248    4.181044 v _89_/A (sky130_fd_sc_hd__inv_2)
     1    0.003905    0.036518    0.061001    4.242044 ^ _89_/Y (sky130_fd_sc_hd__inv_2)
                                                         _05_ (net)
                      0.036518    0.000007    4.242051 ^ _97_/RESET_B (sky130_fd_sc_hd__dfrtp_1)
                                              4.242051   data arrival time

                                  0.000000    0.000000   clock clk (rise edge)
                                  0.000000    0.000000   clock source latency
     1    0.009006    0.046981    0.030770    0.030770 ^ clk (in)
                                                         clk (net)
                      0.046981    0.000000    0.030770 ^ clkbuf_0_clk/A (sky130_fd_sc_hd__clkbuf_16)
     2    0.017119    0.039393    0.123442    0.154212 ^ clkbuf_0_clk/X (sky130_fd_sc_hd__clkbuf_16)
                                                         clknet_0_clk (net)
                      0.039393    0.000021    0.154232 ^ clkbuf_1_0__f_clk/A (sky130_fd_sc_hd__clkbuf_16)
     4    0.010137    0.033449    0.113977    0.268210 ^ clkbuf_1_0__f_clk/X (sky130_fd_sc_hd__clkbuf_16)
                                                         clknet_1_0__leaf_clk (net)
                      0.033449    0.000011    0.268221 ^ _97_/CLK (sky130_fd_sc_hd__dfrtp_1)
                                  0.250000    0.518221   clock uncertainty
                                  0.000000    0.518221   clock reconvergence pessimism
                                  0.314766    0.832987   library removal time
                                              0.832987   data required time
---------------------------------------------------------------------------------------------
                                              0.832987   data required time
                                             -4.242051   data arrival time
---------------------------------------------------------------------------------------------
                                              3.409065   slack (MET)


Startpoint: rst (input port clocked by clk)
Endpoint: _95_ (removal check against rising-edge clock clk)
Path Group: asynchronous
Path Type: min

Fanout         Cap        Slew       Delay        Time   Description
---------------------------------------------------------------------------------------------
                                  0.000000    0.000000   clock clk (rise edge)
                                  0.000000    0.000000   clock network delay (propagated)
                                  4.000000    4.000000 v input external delay
     1    0.002641    0.008264    0.004144    4.004144 v rst (in)
                                                         rst (net)
                      0.008264    0.000000    4.004144 v input9/A (sky130_fd_sc_hd__clkbuf_4)
     8    0.040533    0.090637    0.176651    4.180795 v input9/X (sky130_fd_sc_hd__clkbuf_4)
                                                         net9 (net)
                      0.090637    0.000194    4.180989 v _87_/A (sky130_fd_sc_hd__inv_2)
     1    0.003984    0.036803    0.061390    4.242380 ^ _87_/Y (sky130_fd_sc_hd__inv_2)
                                                         _03_ (net)
                      0.036803    0.000008    4.242387 ^ _95_/RESET_B (sky130_fd_sc_hd__dfrtp_1)
                                              4.242387   data arrival time

                                  0.000000    0.000000   clock clk (rise edge)
                                  0.000000    0.000000   clock source latency
     1    0.009006    0.046981    0.030770    0.030770 ^ clk (in)
                                                         clk (net)
                      0.046981    0.000000    0.030770 ^ clkbuf_0_clk/A (sky130_fd_sc_hd__clkbuf_16)
     2    0.017119    0.039393    0.123442    0.154212 ^ clkbuf_0_clk/X (sky130_fd_sc_hd__clkbuf_16)
                                                         clknet_0_clk (net)
                      0.039393    0.000021    0.154232 ^ clkbuf_1_0__f_clk/A (sky130_fd_sc_hd__clkbuf_16)
     4    0.010137    0.033449    0.113977    0.268210 ^ clkbuf_1_0__f_clk/X (sky130_fd_sc_hd__clkbuf_16)
                                                         clknet_1_0__leaf_clk (net)
                      0.033449    0.000019    0.268229 ^ _95_/CLK (sky130_fd_sc_hd__dfrtp_1)
                                  0.250000    0.518229   clock uncertainty
                                  0.000000    0.518229   clock reconvergence pessimism
                                  0.314844    0.833073   library removal time
                                              0.833073   data required time
---------------------------------------------------------------------------------------------
                                              0.833073   data required time
                                             -4.242387   data arrival time
---------------------------------------------------------------------------------------------
                                              3.409314   slack (MET)


Startpoint: rst (input port clocked by clk)
Endpoint: _98_ (removal check against rising-edge clock clk)
Path Group: asynchronous
Path Type: min

Fanout         Cap        Slew       Delay        Time   Description
---------------------------------------------------------------------------------------------
                                  0.000000    0.000000   clock clk (rise edge)
                                  0.000000    0.000000   clock network delay (propagated)
                                  4.000000    4.000000 v input external delay
     1    0.002641    0.008264    0.004144    4.004144 v rst (in)
                                                         rst (net)
                      0.008264    0.000000    4.004144 v input9/A (sky130_fd_sc_hd__clkbuf_4)
     8    0.040533    0.090637    0.176651    4.180795 v input9/X (sky130_fd_sc_hd__clkbuf_4)
                                                         net9 (net)
                      0.090637    0.000114    4.180909 v _90_/A (sky130_fd_sc_hd__inv_2)
     1    0.003944    0.036661    0.061195    4.242105 ^ _90_/Y (sky130_fd_sc_hd__inv_2)
                                                         _06_ (net)
                      0.036661    0.000008    4.242112 ^ _98_/RESET_B (sky130_fd_sc_hd__dfrtp_1)
                                              4.242112   data arrival time

                                  0.000000    0.000000   clock clk (rise edge)
                                  0.000000    0.000000   clock source latency
     1    0.009006    0.046981    0.030770    0.030770 ^ clk (in)
                                                         clk (net)
                      0.046981    0.000000    0.030770 ^ clkbuf_0_clk/A (sky130_fd_sc_hd__clkbuf_16)
     2    0.017119    0.039393    0.123442    0.154212 ^ clkbuf_0_clk/X (sky130_fd_sc_hd__clkbuf_16)
                                                         clknet_0_clk (net)
                      0.039393    0.000034    0.154246 ^ clkbuf_1_1__f_clk/A (sky130_fd_sc_hd__clkbuf_16)
     4    0.009591    0.032981    0.113449    0.267695 ^ clkbuf_1_1__f_clk/X (sky130_fd_sc_hd__clkbuf_16)
                                                         clknet_1_1__leaf_clk (net)
                      0.032981    0.000024    0.267718 ^ _98_/CLK (sky130_fd_sc_hd__dfrtp_1)
                                  0.250000    0.517718   clock uncertainty
                                  0.000000    0.517718   clock reconvergence pessimism
                                  0.314677    0.832396   library removal time
                                              0.832396   data required time
---------------------------------------------------------------------------------------------
                                              0.832396   data required time
                                             -4.242112   data arrival time
---------------------------------------------------------------------------------------------
                                              3.409716   slack (MET)


Startpoint: rst (input port clocked by clk)
Endpoint: _92_ (removal check against rising-edge clock clk)
Path Group: asynchronous
Path Type: min

Fanout         Cap        Slew       Delay        Time   Description
---------------------------------------------------------------------------------------------
                                  0.000000    0.000000   clock clk (rise edge)
                                  0.000000    0.000000   clock network delay (propagated)
                                  4.000000    4.000000 v input external delay
     1    0.002641    0.008264    0.004144    4.004144 v rst (in)
                                                         rst (net)
                      0.008264    0.000000    4.004144 v input9/A (sky130_fd_sc_hd__clkbuf_4)
     8    0.040533    0.090637    0.176651    4.180795 v input9/X (sky130_fd_sc_hd__clkbuf_4)
                                                         net9 (net)
                      0.090637    0.000072    4.180868 v _42_/A (sky130_fd_sc_hd__inv_2)
     1    0.004016    0.036918    0.061546    4.242414 ^ _42_/Y (sky130_fd_sc_hd__inv_2)
                                                         _00_ (net)
                      0.036918    0.000008    4.242421 ^ _92_/RESET_B (sky130_fd_sc_hd__dfrtp_1)
                                              4.242421   data arrival time

                                  0.000000    0.000000   clock clk (rise edge)
                                  0.000000    0.000000   clock source latency
     1    0.009006    0.046981    0.030770    0.030770 ^ clk (in)
                                                         clk (net)
                      0.046981    0.000000    0.030770 ^ clkbuf_0_clk/A (sky130_fd_sc_hd__clkbuf_16)
     2    0.017119    0.039393    0.123442    0.154212 ^ clkbuf_0_clk/X (sky130_fd_sc_hd__clkbuf_16)
                                                         clknet_0_clk (net)
                      0.039393    0.000034    0.154246 ^ clkbuf_1_1__f_clk/A (sky130_fd_sc_hd__clkbuf_16)
     4    0.009591    0.032981    0.113449    0.267695 ^ clkbuf_1_1__f_clk/X (sky130_fd_sc_hd__clkbuf_16)
                                                         clknet_1_1__leaf_clk (net)
                      0.032981    0.000033    0.267728 ^ _92_/CLK (sky130_fd_sc_hd__dfrtp_1)
                                  0.250000    0.517728   clock uncertainty
                                  0.000000    0.517728   clock reconvergence pessimism
                                  0.314748    0.832476   library removal time
                                              0.832476   data required time
---------------------------------------------------------------------------------------------
                                              0.832476   data required time
                                             -4.242421   data arrival time
---------------------------------------------------------------------------------------------
                                              3.409945   slack (MET)


Startpoint: rst (input port clocked by clk)
Endpoint: _99_ (removal check against rising-edge clock clk)
Path Group: asynchronous
Path Type: min

Fanout         Cap        Slew       Delay        Time   Description
---------------------------------------------------------------------------------------------
                                  0.000000    0.000000   clock clk (rise edge)
                                  0.000000    0.000000   clock network delay (propagated)
                                  4.000000    4.000000 v input external delay
     1    0.002641    0.008264    0.004144    4.004144 v rst (in)
                                                         rst (net)
                      0.008264    0.000000    4.004144 v input9/A (sky130_fd_sc_hd__clkbuf_4)
     8    0.040533    0.090637    0.176651    4.180795 v input9/X (sky130_fd_sc_hd__clkbuf_4)
                                                         net9 (net)
                      0.090637    0.000243    4.181039 v _91_/A (sky130_fd_sc_hd__inv_2)
     1    0.004081    0.036042    0.061863    4.242902 ^ _91_/Y (sky130_fd_sc_hd__inv_2)
                                                         _07_ (net)
                      0.036042    0.000011    4.242913 ^ _99_/RESET_B (sky130_fd_sc_hd__dfrtp_1)
                                              4.242913   data arrival time

                                  0.000000    0.000000   clock clk (rise edge)
                                  0.000000    0.000000   clock source latency
     1    0.009006    0.046981    0.030770    0.030770 ^ clk (in)
                                                         clk (net)
                      0.046981    0.000000    0.030770 ^ clkbuf_0_clk/A (sky130_fd_sc_hd__clkbuf_16)
     2    0.017119    0.039393    0.123442    0.154212 ^ clkbuf_0_clk/X (sky130_fd_sc_hd__clkbuf_16)
                                                         clknet_0_clk (net)
                      0.039393    0.000034    0.154246 ^ clkbuf_1_1__f_clk/A (sky130_fd_sc_hd__clkbuf_16)
     4    0.009591    0.032981    0.113449    0.267695 ^ clkbuf_1_1__f_clk/X (sky130_fd_sc_hd__clkbuf_16)
                                                         clknet_1_1__leaf_clk (net)
                      0.032981    0.000030    0.267725 ^ _99_/CLK (sky130_fd_sc_hd__dfrtp_1)
                                  0.250000    0.517725   clock uncertainty
                                  0.000000    0.517725   clock reconvergence pessimism
                                  0.314507    0.832232   library removal time
                                              0.832232   data required time
---------------------------------------------------------------------------------------------
                                              0.832232   data required time
                                             -4.242913   data arrival time
---------------------------------------------------------------------------------------------
                                              3.410681   slack (MET)


Startpoint: rst (input port clocked by clk)
Endpoint: _93_ (removal check against rising-edge clock clk)
Path Group: asynchronous
Path Type: min

Fanout         Cap        Slew       Delay        Time   Description
---------------------------------------------------------------------------------------------
                                  0.000000    0.000000   clock clk (rise edge)
                                  0.000000    0.000000   clock network delay (propagated)
                                  4.000000    4.000000 v input external delay
     1    0.002641    0.008264    0.004144    4.004144 v rst (in)
                                                         rst (net)
                      0.008264    0.000000    4.004144 v input9/A (sky130_fd_sc_hd__clkbuf_4)
     8    0.040533    0.090637    0.176651    4.180795 v input9/X (sky130_fd_sc_hd__clkbuf_4)
                                                         net9 (net)
                      0.090637    0.000150    4.180945 v _85_/A (sky130_fd_sc_hd__inv_2)
     1    0.004231    0.037694    0.062605    4.243550 ^ _85_/Y (sky130_fd_sc_hd__inv_2)
                                                         _01_ (net)
                      0.037694    0.000010    4.243561 ^ _93_/RESET_B (sky130_fd_sc_hd__dfrtp_1)
                                              4.243561   data arrival time

                                  0.000000    0.000000   clock clk (rise edge)
                                  0.000000    0.000000   clock source latency
     1    0.009006    0.046981    0.030770    0.030770 ^ clk (in)
                                                         clk (net)
                      0.046981    0.000000    0.030770 ^ clkbuf_0_clk/A (sky130_fd_sc_hd__clkbuf_16)
     2    0.017119    0.039393    0.123442    0.154212 ^ clkbuf_0_clk/X (sky130_fd_sc_hd__clkbuf_16)
                                                         clknet_0_clk (net)
                      0.039393    0.000034    0.154246 ^ clkbuf_1_1__f_clk/A (sky130_fd_sc_hd__clkbuf_16)
     4    0.009591    0.032981    0.113449    0.267695 ^ clkbuf_1_1__f_clk/X (sky130_fd_sc_hd__clkbuf_16)
                                                         clknet_1_1__leaf_clk (net)
                      0.032981    0.000040    0.267734 ^ _93_/CLK (sky130_fd_sc_hd__dfrtp_1)
                                  0.250000    0.517734   clock uncertainty
                                  0.000000    0.517734   clock reconvergence pessimism
                                  0.314962    0.832696   library removal time
                                              0.832696   data required time
---------------------------------------------------------------------------------------------
                                              0.832696   data required time
                                             -4.243561   data arrival time
---------------------------------------------------------------------------------------------
                                              3.410865   slack (MET)


Startpoint: rst (input port clocked by clk)
Endpoint: _94_ (removal check against rising-edge clock clk)
Path Group: asynchronous
Path Type: min

Fanout         Cap        Slew       Delay        Time   Description
---------------------------------------------------------------------------------------------
                                  0.000000    0.000000   clock clk (rise edge)
                                  0.000000    0.000000   clock network delay (propagated)
                                  4.000000    4.000000 v input external delay
     1    0.002641    0.008264    0.004144    4.004144 v rst (in)
                                                         rst (net)
                      0.008264    0.000000    4.004144 v input9/A (sky130_fd_sc_hd__clkbuf_4)
     8    0.040533    0.090637    0.176651    4.180795 v input9/X (sky130_fd_sc_hd__clkbuf_4)
                                                         net9 (net)
                      0.090637    0.000189    4.180984 v _86_/A (sky130_fd_sc_hd__inv_2)
     1    0.004646    0.038084    0.064234    4.245218 ^ _86_/Y (sky130_fd_sc_hd__inv_2)
                                                         _02_ (net)
                      0.038084    0.000019    4.245237 ^ _94_/RESET_B (sky130_fd_sc_hd__dfrtp_1)
                                              4.245237   data arrival time

                                  0.000000    0.000000   clock clk (rise edge)
                                  0.000000    0.000000   clock source latency
     1    0.009006    0.046981    0.030770    0.030770 ^ clk (in)
                                                         clk (net)
                      0.046981    0.000000    0.030770 ^ clkbuf_0_clk/A (sky130_fd_sc_hd__clkbuf_16)
     2    0.017119    0.039393    0.123442    0.154212 ^ clkbuf_0_clk/X (sky130_fd_sc_hd__clkbuf_16)
                                                         clknet_0_clk (net)
                      0.039393    0.000021    0.154232 ^ clkbuf_1_0__f_clk/A (sky130_fd_sc_hd__clkbuf_16)
     4    0.010137    0.033449    0.113977    0.268210 ^ clkbuf_1_0__f_clk/X (sky130_fd_sc_hd__clkbuf_16)
                                                         clknet_1_0__leaf_clk (net)
                      0.033449    0.000021    0.268231 ^ _94_/CLK (sky130_fd_sc_hd__dfrtp_1)
                                  0.250000    0.518231   clock uncertainty
                                  0.000000    0.518231   clock reconvergence pessimism
                                  0.315196    0.833427   library removal time
                                              0.833427   data required time
---------------------------------------------------------------------------------------------
                                              0.833427   data required time
                                             -4.245237   data arrival time
---------------------------------------------------------------------------------------------
                                              3.411809   slack (MET)


Startpoint: rst (input port clocked by clk)
Endpoint: _96_ (removal check against rising-edge clock clk)
Path Group: asynchronous
Path Type: min

Fanout         Cap        Slew       Delay        Time   Description
---------------------------------------------------------------------------------------------
                                  0.000000    0.000000   clock clk (rise edge)
                                  0.000000    0.000000   clock network delay (propagated)
                                  4.000000    4.000000 v input external delay
     1    0.002641    0.008264    0.004144    4.004144 v rst (in)
                                                         rst (net)
                      0.008264    0.000000    4.004144 v input9/A (sky130_fd_sc_hd__clkbuf_4)
     8    0.040533    0.090637    0.176651    4.180795 v input9/X (sky130_fd_sc_hd__clkbuf_4)
                                                         net9 (net)
                      0.090637    0.000233    4.181028 v _88_/A (sky130_fd_sc_hd__inv_2)
     1    0.004709    0.038290    0.064451    4.245479 ^ _88_/Y (sky130_fd_sc_hd__inv_2)
                                                         _04_ (net)
                      0.038290    0.000025    4.245504 ^ _96_/RESET_B (sky130_fd_sc_hd__dfrtp_1)
                                              4.245504   data arrival time

                                  0.000000    0.000000   clock clk (rise edge)
                                  0.000000    0.000000   clock source latency
     1    0.009006    0.046981    0.030770    0.030770 ^ clk (in)
                                                         clk (net)
                      0.046981    0.000000    0.030770 ^ clkbuf_0_clk/A (sky130_fd_sc_hd__clkbuf_16)
     2    0.017119    0.039393    0.123442    0.154212 ^ clkbuf_0_clk/X (sky130_fd_sc_hd__clkbuf_16)
                                                         clknet_0_clk (net)
                      0.039393    0.000021    0.154232 ^ clkbuf_1_0__f_clk/A (sky130_fd_sc_hd__clkbuf_16)
     4    0.010137    0.033449    0.113977    0.268210 ^ clkbuf_1_0__f_clk/X (sky130_fd_sc_hd__clkbuf_16)
                                                         clknet_1_0__leaf_clk (net)
                      0.033449    0.000014    0.268224 ^ _96_/CLK (sky130_fd_sc_hd__dfrtp_1)
                                  0.250000    0.518224   clock uncertainty
                                  0.000000    0.518224   clock reconvergence pessimism
                                  0.315253    0.833477   library removal time
                                              0.833477   data required time
---------------------------------------------------------------------------------------------
                                              0.833477   data required time
                                             -4.245504   data arrival time
---------------------------------------------------------------------------------------------
                                              3.412028   slack (MET)


Startpoint: _99_ (rising edge-triggered flip-flop clocked by clk)
Endpoint: acc[7] (output port clocked by clk)
Path Group: clk
Path Type: min

Fanout         Cap        Slew       Delay        Time   Description
---------------------------------------------------------------------------------------------
                                  0.000000    0.000000   clock clk (rise edge)
                                  0.000000    0.000000   clock source latency
     1    0.009006    0.046981    0.030770    0.030770 ^ clk (in)
                                                         clk (net)
                      0.046981    0.000000    0.030770 ^ clkbuf_0_clk/A (sky130_fd_sc_hd__clkbuf_16)
     2    0.017119    0.039393    0.123442    0.154212 ^ clkbuf_0_clk/X (sky130_fd_sc_hd__clkbuf_16)
                                                         clknet_0_clk (net)
                      0.039393    0.000034    0.154246 ^ clkbuf_1_1__f_clk/A (sky130_fd_sc_hd__clkbuf_16)
     4    0.009591    0.032981    0.113449    0.267695 ^ clkbuf_1_1__f_clk/X (sky130_fd_sc_hd__clkbuf_16)
                                                         clknet_1_1__leaf_clk (net)
                      0.032981    0.000030    0.267725 ^ _99_/CLK (sky130_fd_sc_hd__dfrtp_1)
     2    0.007128    0.080589    0.339787    0.607512 ^ _99_/Q (sky130_fd_sc_hd__dfrtp_1)
                                                         net17 (net)
                      0.080589    0.000012    0.607524 ^ output17/A (sky130_fd_sc_hd__buf_2)
     1    0.033978    0.168883    0.210650    0.818174 ^ output17/X (sky130_fd_sc_hd__buf_2)
                                                         acc[7] (net)
                      0.168883    0.000078    0.818252 ^ acc[7] (out)
                                              0.818252   data arrival time

                                  0.000000    0.000000   clock clk (rise edge)
                                  0.000000    0.000000   clock network delay (propagated)
                                  0.250000    0.250000   clock uncertainty
                                  0.000000    0.250000   clock reconvergence pessimism
                                 -4.000000   -3.750000   output external delay
                                             -3.750000   data required time
---------------------------------------------------------------------------------------------
                                             -3.750000   data required time
                                             -0.818252   data arrival time
---------------------------------------------------------------------------------------------
                                              4.568252   slack (MET)


Startpoint: _92_ (rising edge-triggered flip-flop clocked by clk)
Endpoint: acc[0] (output port clocked by clk)
Path Group: clk
Path Type: min

Fanout         Cap        Slew       Delay        Time   Description
---------------------------------------------------------------------------------------------
                                  0.000000    0.000000   clock clk (rise edge)
                                  0.000000    0.000000   clock source latency
     1    0.009006    0.046981    0.030770    0.030770 ^ clk (in)
                                                         clk (net)
                      0.046981    0.000000    0.030770 ^ clkbuf_0_clk/A (sky130_fd_sc_hd__clkbuf_16)
     2    0.017119    0.039393    0.123442    0.154212 ^ clkbuf_0_clk/X (sky130_fd_sc_hd__clkbuf_16)
                                                         clknet_0_clk (net)
                      0.039393    0.000034    0.154246 ^ clkbuf_1_1__f_clk/A (sky130_fd_sc_hd__clkbuf_16)
     4    0.009591    0.032981    0.113449    0.267695 ^ clkbuf_1_1__f_clk/X (sky130_fd_sc_hd__clkbuf_16)
                                                         clknet_1_1__leaf_clk (net)
                      0.032981    0.000033    0.267728 ^ _92_/CLK (sky130_fd_sc_hd__dfrtp_1)
     3    0.007555    0.081753    0.342638    0.610366 ^ _92_/Q (sky130_fd_sc_hd__dfrtp_1)
                                                         net10 (net)
                      0.081753    0.000040    0.610406 ^ output10/A (sky130_fd_sc_hd__buf_2)
     1    0.034660    0.172098    0.213239    0.823645 ^ output10/X (sky130_fd_sc_hd__buf_2)
                                                         acc[0] (net)
                      0.172098    0.000222    0.823868 ^ acc[0] (out)
                                              0.823868   data arrival time

                                  0.000000    0.000000   clock clk (rise edge)
                                  0.000000    0.000000   clock network delay (propagated)
                                  0.250000    0.250000   clock uncertainty
                                  0.000000    0.250000   clock reconvergence pessimism
                                 -4.000000   -3.750000   output external delay
                                             -3.750000   data required time
---------------------------------------------------------------------------------------------
                                             -3.750000   data required time
                                             -0.823868   data arrival time
---------------------------------------------------------------------------------------------
                                              4.573868   slack (MET)


Startpoint: _96_ (rising edge-triggered flip-flop clocked by clk)
Endpoint: acc[4] (output port clocked by clk)
Path Group: clk
Path Type: min

Fanout         Cap        Slew       Delay        Time   Description
---------------------------------------------------------------------------------------------
                                  0.000000    0.000000   clock clk (rise edge)
                                  0.000000    0.000000   clock source latency
     1    0.009006    0.046981    0.030770    0.030770 ^ clk (in)
                                                         clk (net)
                      0.046981    0.000000    0.030770 ^ clkbuf_0_clk/A (sky130_fd_sc_hd__clkbuf_16)
     2    0.017119    0.039393    0.123442    0.154212 ^ clkbuf_0_clk/X (sky130_fd_sc_hd__clkbuf_16)
                                                         clknet_0_clk (net)
                      0.039393    0.000021    0.154232 ^ clkbuf_1_0__f_clk/A (sky130_fd_sc_hd__clkbuf_16)
     4    0.010137    0.033449    0.113977    0.268210 ^ clkbuf_1_0__f_clk/X (sky130_fd_sc_hd__clkbuf_16)
                                                         clknet_1_0__leaf_clk (net)
                      0.033449    0.000014    0.268224 ^ _96_/CLK (sky130_fd_sc_hd__dfrtp_1)
     3    0.007812    0.083807    0.344546    0.612770 ^ _96_/Q (sky130_fd_sc_hd__dfrtp_1)
                                                         net14 (net)
                      0.083807    0.000061    0.612830 ^ output14/A (sky130_fd_sc_hd__buf_2)
     1    0.033953    0.171311    0.211808    0.824638 ^ output14/X (sky130_fd_sc_hd__buf_2)
                                                         acc[4] (net)
                      0.171311    0.000074    0.824712 ^ acc[4] (out)
                                              0.824712   data arrival time

                                  0.000000    0.000000   clock clk (rise edge)
                                  0.000000    0.000000   clock network delay (propagated)
                                  0.250000    0.250000   clock uncertainty
                                  0.000000    0.250000   clock reconvergence pessimism
                                 -4.000000   -3.750000   output external delay
                                             -3.750000   data required time
---------------------------------------------------------------------------------------------
                                             -3.750000   data required time
                                             -0.824712   data arrival time
---------------------------------------------------------------------------------------------
                                              4.574712   slack (MET)


Startpoint: _95_ (rising edge-triggered flip-flop clocked by clk)
Endpoint: acc[3] (output port clocked by clk)
Path Group: clk
Path Type: min

Fanout         Cap        Slew       Delay        Time   Description
---------------------------------------------------------------------------------------------
                                  0.000000    0.000000   clock clk (rise edge)
                                  0.000000    0.000000   clock source latency
     1    0.009006    0.046981    0.030770    0.030770 ^ clk (in)
                                                         clk (net)
                      0.046981    0.000000    0.030770 ^ clkbuf_0_clk/A (sky130_fd_sc_hd__clkbuf_16)
     2    0.017119    0.039393    0.123442    0.154212 ^ clkbuf_0_clk/X (sky130_fd_sc_hd__clkbuf_16)
                                                         clknet_0_clk (net)
                      0.039393    0.000021    0.154232 ^ clkbuf_1_0__f_clk/A (sky130_fd_sc_hd__clkbuf_16)
     4    0.010137    0.033449    0.113977    0.268210 ^ clkbuf_1_0__f_clk/X (sky130_fd_sc_hd__clkbuf_16)
                                                         clknet_1_0__leaf_clk (net)
                      0.033449    0.000019    0.268229 ^ _95_/CLK (sky130_fd_sc_hd__dfrtp_1)
     3    0.007829    0.086051    0.344692    0.612921 ^ _95_/Q (sky130_fd_sc_hd__dfrtp_1)
                                                         net13 (net)
                      0.086051    0.000008    0.612930 ^ output13/A (sky130_fd_sc_hd__buf_2)
     1    0.034344    0.170646    0.213792    0.826721 ^ output13/X (sky130_fd_sc_hd__buf_2)
                                                         acc[3] (net)
                      0.170646    0.000198    0.826919 ^ acc[3] (out)
                                              0.826919   data arrival time

                                  0.000000    0.000000   clock clk (rise edge)
                                  0.000000    0.000000   clock network delay (propagated)
                                  0.250000    0.250000   clock uncertainty
                                  0.000000    0.250000   clock reconvergence pessimism
                                 -4.000000   -3.750000   output external delay
                                             -3.750000   data required time
---------------------------------------------------------------------------------------------
                                             -3.750000   data required time
                                             -0.826919   data arrival time
---------------------------------------------------------------------------------------------
                                              4.576919   slack (MET)


Startpoint: _93_ (rising edge-triggered flip-flop clocked by clk)
Endpoint: acc[1] (output port clocked by clk)
Path Group: clk
Path Type: min

Fanout         Cap        Slew       Delay        Time   Description
---------------------------------------------------------------------------------------------
                                  0.000000    0.000000   clock clk (rise edge)
                                  0.000000    0.000000   clock source latency
     1    0.009006    0.046981    0.030770    0.030770 ^ clk (in)
                                                         clk (net)
                      0.046981    0.000000    0.030770 ^ clkbuf_0_clk/A (sky130_fd_sc_hd__clkbuf_16)
     2    0.017119    0.039393    0.123442    0.154212 ^ clkbuf_0_clk/X (sky130_fd_sc_hd__clkbuf_16)
                                                         clknet_0_clk (net)
                      0.039393    0.000034    0.154246 ^ clkbuf_1_1__f_clk/A (sky130_fd_sc_hd__clkbuf_16)
     4    0.009591    0.032981    0.113449    0.267695 ^ clkbuf_1_1__f_clk/X (sky130_fd_sc_hd__clkbuf_16)
                                                         clknet_1_1__leaf_clk (net)
                      0.032981    0.000040    0.267734 ^ _93_/CLK (sky130_fd_sc_hd__dfrtp_1)
     3    0.008189    0.088859    0.346951    0.614686 ^ _93_/Q (sky130_fd_sc_hd__dfrtp_1)
                                                         net11 (net)
                      0.088859    0.000025    0.614711 ^ output11/A (sky130_fd_sc_hd__buf_2)
     1    0.034066    0.169344    0.213973    0.828685 ^ output11/X (sky130_fd_sc_hd__buf_2)
                                                         acc[1] (net)
                      0.169344    0.000098    0.828783 ^ acc[1] (out)
                                              0.828783   data arrival time

                                  0.000000    0.000000   clock clk (rise edge)
                                  0.000000    0.000000   clock network delay (propagated)
                                  0.250000    0.250000   clock uncertainty
                                  0.000000    0.250000   clock reconvergence pessimism
                                 -4.000000   -3.750000   output external delay
                                             -3.750000   data required time
---------------------------------------------------------------------------------------------
                                             -3.750000   data required time
                                             -0.828783   data arrival time
---------------------------------------------------------------------------------------------
                                              4.578783   slack (MET)


Startpoint: _97_ (rising edge-triggered flip-flop clocked by clk)
Endpoint: acc[5] (output port clocked by clk)
Path Group: clk
Path Type: min

Fanout         Cap        Slew       Delay        Time   Description
---------------------------------------------------------------------------------------------
                                  0.000000    0.000000   clock clk (rise edge)
                                  0.000000    0.000000   clock source latency
     1    0.009006    0.046981    0.030770    0.030770 ^ clk (in)
                                                         clk (net)
                      0.046981    0.000000    0.030770 ^ clkbuf_0_clk/A (sky130_fd_sc_hd__clkbuf_16)
     2    0.017119    0.039393    0.123442    0.154212 ^ clkbuf_0_clk/X (sky130_fd_sc_hd__clkbuf_16)
                                                         clknet_0_clk (net)
                      0.039393    0.000021    0.154232 ^ clkbuf_1_0__f_clk/A (sky130_fd_sc_hd__clkbuf_16)
     4    0.010137    0.033449    0.113977    0.268210 ^ clkbuf_1_0__f_clk/X (sky130_fd_sc_hd__clkbuf_16)
                                                         clknet_1_0__leaf_clk (net)
                      0.033449    0.000011    0.268221 ^ _97_/CLK (sky130_fd_sc_hd__dfrtp_1)
     3    0.008133    0.088421    0.346745    0.614966 ^ _97_/Q (sky130_fd_sc_hd__dfrtp_1)
                                                         net15 (net)
                      0.088421    0.000030    0.614996 ^ output15/A (sky130_fd_sc_hd__buf_2)
     1    0.034110    0.169550    0.213950    0.828946 ^ output15/X (sky130_fd_sc_hd__buf_2)
                                                         acc[5] (net)
                      0.169550    0.000111    0.829057 ^ acc[5] (out)
                                              0.829057   data arrival time

                                  0.000000    0.000000   clock clk (rise edge)
                                  0.000000    0.000000   clock network delay (propagated)
                                  0.250000    0.250000   clock uncertainty
                                  0.000000    0.250000   clock reconvergence pessimism
                                 -4.000000   -3.750000   output external delay
                                             -3.750000   data required time
---------------------------------------------------------------------------------------------
                                             -3.750000   data required time
                                             -0.829057   data arrival time
---------------------------------------------------------------------------------------------
                                              4.579056   slack (MET)


Startpoint: _98_ (rising edge-triggered flip-flop clocked by clk)
Endpoint: acc[6] (output port clocked by clk)
Path Group: clk
Path Type: min

Fanout         Cap        Slew       Delay        Time   Description
---------------------------------------------------------------------------------------------
                                  0.000000    0.000000   clock clk (rise edge)
                                  0.000000    0.000000   clock source latency
     1    0.009006    0.046981    0.030770    0.030770 ^ clk (in)
                                                         clk (net)
                      0.046981    0.000000    0.030770 ^ clkbuf_0_clk/A (sky130_fd_sc_hd__clkbuf_16)
     2    0.017119    0.039393    0.123442    0.154212 ^ clkbuf_0_clk/X (sky130_fd_sc_hd__clkbuf_16)
                                                         clknet_0_clk (net)
                      0.039393    0.000034    0.154246 ^ clkbuf_1_1__f_clk/A (sky130_fd_sc_hd__clkbuf_16)
     4    0.009591    0.032981    0.113449    0.267695 ^ clkbuf_1_1__f_clk/X (sky130_fd_sc_hd__clkbuf_16)
                                                         clknet_1_1__leaf_clk (net)
                      0.032981    0.000024    0.267718 ^ _98_/CLK (sky130_fd_sc_hd__dfrtp_1)
     3    0.008261    0.089420    0.347437    0.615156 ^ _98_/Q (sky130_fd_sc_hd__dfrtp_1)
                                                         net16 (net)
                      0.089420    0.000007    0.615163 ^ output16/A (sky130_fd_sc_hd__buf_2)
     1    0.034135    0.169674    0.214399    0.829562 ^ output16/X (sky130_fd_sc_hd__buf_2)
                                                         acc[6] (net)
                      0.169674    0.000114    0.829676 ^ acc[6] (out)
                                              0.829676   data arrival time

                                  0.000000    0.000000   clock clk (rise edge)
                                  0.000000    0.000000   clock network delay (propagated)
                                  0.250000    0.250000   clock uncertainty
                                  0.000000    0.250000   clock reconvergence pessimism
                                 -4.000000   -3.750000   output external delay
                                             -3.750000   data required time
---------------------------------------------------------------------------------------------
                                             -3.750000   data required time
                                             -0.829676   data arrival time
---------------------------------------------------------------------------------------------
                                              4.579676   slack (MET)


Startpoint: _94_ (rising edge-triggered flip-flop clocked by clk)
Endpoint: acc[2] (output port clocked by clk)
Path Group: clk
Path Type: min

Fanout         Cap        Slew       Delay        Time   Description
---------------------------------------------------------------------------------------------
                                  0.000000    0.000000   clock clk (rise edge)
                                  0.000000    0.000000   clock source latency
     1    0.009006    0.046981    0.030770    0.030770 ^ clk (in)
                                                         clk (net)
                      0.046981    0.000000    0.030770 ^ clkbuf_0_clk/A (sky130_fd_sc_hd__clkbuf_16)
     2    0.017119    0.039393    0.123442    0.154212 ^ clkbuf_0_clk/X (sky130_fd_sc_hd__clkbuf_16)
                                                         clknet_0_clk (net)
                      0.039393    0.000021    0.154232 ^ clkbuf_1_0__f_clk/A (sky130_fd_sc_hd__clkbuf_16)
     4    0.010137    0.033449    0.113977    0.268210 ^ clkbuf_1_0__f_clk/X (sky130_fd_sc_hd__clkbuf_16)
                                                         clknet_1_0__leaf_clk (net)
                      0.033449    0.000021    0.268231 ^ _94_/CLK (sky130_fd_sc_hd__dfrtp_1)
     4    0.009669    0.069333    0.386166    0.654397 v _94_/Q (sky130_fd_sc_hd__dfrtp_1)
                                                         net12 (net)
                      0.069333    0.000066    0.654463 v output12/A (sky130_fd_sc_hd__buf_2)
     1    0.034296    0.089317    0.191401    0.845864 v output12/X (sky130_fd_sc_hd__buf_2)
                                                         acc[2] (net)
                      0.089317    0.000191    0.846055 v acc[2] (out)
                                              0.846055   data arrival time

                                  0.000000    0.000000   clock clk (rise edge)
                                  0.000000    0.000000   clock network delay (propagated)
                                  0.250000    0.250000   clock uncertainty
                                  0.000000    0.250000   clock reconvergence pessimism
                                 -4.000000   -3.750000   output external delay
                                             -3.750000   data required time
---------------------------------------------------------------------------------------------
                                             -3.750000   data required time
                                             -0.846055   data arrival time
---------------------------------------------------------------------------------------------
                                              4.596055   slack (MET)



