
===========================================================================
report_checks -path_delay min (Hold)
============================================================================
======================= nom_ss_100C_1v60 Corner ===================================

Startpoint: cin (input port clocked by __VIRTUAL_CLK__)
Endpoint: sum[0] (output port clocked by __VIRTUAL_CLK__)
Path Group: __VIRTUAL_CLK__
Path Type: min

Fanout         Cap        Slew       Delay        Time   Description
---------------------------------------------------------------------------------------------
                      0.000000    0.000000    0.000000   clock __VIRTUAL_CLK__ (rise edge)
                                  0.000000    0.000000   clock network delay (ideal)
                                  4.000000    4.000000 ^ input external delay
     2    0.011542    0.094037    0.059983    4.059983 ^ cin (in)
                                                         cin (net)
                      0.094037    0.000000    4.059983 ^ _195_/A (sky130_fd_sc_hd__xnor2_2)
     1    0.033442    0.320833    0.337759    4.397741 v _195_/Y (sky130_fd_sc_hd__xnor2_2)
                                                         sum[0] (net)
                      0.320833    0.000000    4.397741 v sum[0] (out)
                                              4.397741   data arrival time

                      0.000000    0.000000    0.000000   clock __VIRTUAL_CLK__ (rise edge)
                                  0.000000    0.000000   clock network delay (ideal)
                                  0.250000    0.250000   clock uncertainty
                                  0.000000    0.250000   clock reconvergence pessimism
                                 -4.000000   -3.750000   output external delay
                                             -3.750000   data required time
---------------------------------------------------------------------------------------------
                                             -3.750000   data required time
                                             -4.397741   data arrival time
---------------------------------------------------------------------------------------------
                                              8.147741   slack (MET)


Startpoint: b[31] (input port clocked by __VIRTUAL_CLK__)
Endpoint: cout (output port clocked by __VIRTUAL_CLK__)
Path Group: __VIRTUAL_CLK__
Path Type: min

Fanout         Cap        Slew       Delay        Time   Description
---------------------------------------------------------------------------------------------
                      0.000000    0.000000    0.000000   clock __VIRTUAL_CLK__ (rise edge)
                                  0.000000    0.000000   clock network delay (ideal)
                                  4.000000    4.000000 ^ input external delay
     3    0.016513    0.128257    0.084635    4.084635 ^ b[31] (in)
                                                         b[31] (net)
                      0.128257    0.000000    4.084635 ^ _382_/A1 (sky130_fd_sc_hd__a21oi_2)
     1    0.004270    0.040612    0.124055    4.208690 v _382_/Y (sky130_fd_sc_hd__a21oi_2)
                                                         _173_ (net)
                      0.040612    0.000000    4.208690 v _384_/B1 (sky130_fd_sc_hd__o21ai_2)
     1    0.033442    0.322317    0.247629    4.456319 ^ _384_/Y (sky130_fd_sc_hd__o21ai_2)
                                                         cout (net)
                      0.322317    0.000000    4.456319 ^ cout (out)
                                              4.456319   data arrival time

                      0.000000    0.000000    0.000000   clock __VIRTUAL_CLK__ (rise edge)
                                  0.000000    0.000000   clock network delay (ideal)
                                  0.250000    0.250000   clock uncertainty
                                  0.000000    0.250000   clock reconvergence pessimism
                                 -4.000000   -3.750000   output external delay
                                             -3.750000   data required time
---------------------------------------------------------------------------------------------
                                             -3.750000   data required time
                                             -4.456319   data arrival time
---------------------------------------------------------------------------------------------
                                              8.206320   slack (MET)


Startpoint: b[28] (input port clocked by __VIRTUAL_CLK__)
Endpoint: sum[29] (output port clocked by __VIRTUAL_CLK__)
Path Group: __VIRTUAL_CLK__
Path Type: min

Fanout         Cap        Slew       Delay        Time   Description
---------------------------------------------------------------------------------------------
                      0.000000    0.000000    0.000000   clock __VIRTUAL_CLK__ (rise edge)
                                  0.000000    0.000000   clock network delay (ideal)
                                  4.000000    4.000000 ^ input external delay
     3    0.010547    0.087187    0.055048    4.055048 ^ b[28] (in)
                                                         b[28] (net)
                      0.087187    0.000000    4.055048 ^ _361_/A (sky130_fd_sc_hd__nand2_2)
     3    0.008765    0.095121    0.120370    4.175418 v _361_/Y (sky130_fd_sc_hd__nand2_2)
                                                         _156_ (net)
                      0.095121    0.000000    4.175418 v _376_/C (sky130_fd_sc_hd__nand4_2)
     1    0.004546    0.085376    0.152681    4.328100 ^ _376_/Y (sky130_fd_sc_hd__nand4_2)
                                                         _169_ (net)
                      0.085376    0.000000    4.328100 ^ _378_/A (sky130_fd_sc_hd__nand2_2)
     1    0.033442    0.290534    0.267657    4.595757 v _378_/Y (sky130_fd_sc_hd__nand2_2)
                                                         sum[29] (net)
                      0.290534    0.000000    4.595757 v sum[29] (out)
                                              4.595757   data arrival time

                      0.000000    0.000000    0.000000   clock __VIRTUAL_CLK__ (rise edge)
                                  0.000000    0.000000   clock network delay (ideal)
                                  0.250000    0.250000   clock uncertainty
                                  0.000000    0.250000   clock reconvergence pessimism
                                 -4.000000   -3.750000   output external delay
                                             -3.750000   data required time
---------------------------------------------------------------------------------------------
                                             -3.750000   data required time
                                             -4.595757   data arrival time
---------------------------------------------------------------------------------------------
                                              8.345757   slack (MET)


Startpoint: b[18] (input port clocked by __VIRTUAL_CLK__)
Endpoint: sum[18] (output port clocked by __VIRTUAL_CLK__)
Path Group: __VIRTUAL_CLK__
Path Type: min

Fanout         Cap        Slew       Delay        Time   Description
---------------------------------------------------------------------------------------------
                      0.000000    0.000000    0.000000   clock __VIRTUAL_CLK__ (rise edge)
                                  0.000000    0.000000   clock network delay (ideal)
                                  4.000000    4.000000 ^ input external delay
     2    0.006034    0.056120    0.032667    4.032667 ^ b[18] (in)
                                                         b[18] (net)
                      0.056120    0.000000    4.032667 ^ _275_/A (sky130_fd_sc_hd__nand2_2)
     3    0.007723    0.086620    0.101759    4.134426 v _275_/Y (sky130_fd_sc_hd__nand2_2)
                                                         _082_ (net)
                      0.086620    0.000000    4.134426 v _292_/B (sky130_fd_sc_hd__nand2_2)
     2    0.009909    0.107182    0.140381    4.274806 ^ _292_/Y (sky130_fd_sc_hd__nand2_2)
                                                         _098_ (net)
                      0.107182    0.000000    4.274806 ^ _293_/B (sky130_fd_sc_hd__xnor2_2)
     1    0.033442    0.320771    0.321453    4.596259 v _293_/Y (sky130_fd_sc_hd__xnor2_2)
                                                         sum[18] (net)
                      0.320771    0.000000    4.596259 v sum[18] (out)
                                              4.596259   data arrival time

                      0.000000    0.000000    0.000000   clock __VIRTUAL_CLK__ (rise edge)
                                  0.000000    0.000000   clock network delay (ideal)
                                  0.250000    0.250000   clock uncertainty
                                  0.000000    0.250000   clock reconvergence pessimism
                                 -4.000000   -3.750000   output external delay
                                             -3.750000   data required time
---------------------------------------------------------------------------------------------
                                             -3.750000   data required time
                                             -4.596259   data arrival time
---------------------------------------------------------------------------------------------
                                              8.346259   slack (MET)


Startpoint: b[4] (input port clocked by __VIRTUAL_CLK__)
Endpoint: sum[4] (output port clocked by __VIRTUAL_CLK__)
Path Group: __VIRTUAL_CLK__
Path Type: min

Fanout         Cap        Slew       Delay        Time   Description
---------------------------------------------------------------------------------------------
                      0.000000    0.000000    0.000000   clock __VIRTUAL_CLK__ (rise edge)
                                  0.000000    0.000000   clock network delay (ideal)
                                  4.000000    4.000000 ^ input external delay
     2    0.006034    0.056120    0.032667    4.032667 ^ b[4] (in)
                                                         b[4] (net)
                      0.056120    0.000000    4.032667 ^ _202_/A (sky130_fd_sc_hd__nand2_2)
     2    0.006629    0.077813    0.095054    4.127720 v _202_/Y (sky130_fd_sc_hd__nand2_2)
                                                         _021_ (net)
                      0.077813    0.000000    4.127720 v _204_/A (sky130_fd_sc_hd__nand2_2)
     2    0.011550    0.113719    0.131966    4.259686 ^ _204_/Y (sky130_fd_sc_hd__nand2_2)
                                                         _023_ (net)
                      0.113719    0.000000    4.259686 ^ _217_/A (sky130_fd_sc_hd__xnor2_2)
     1    0.033442    0.320821    0.344968    4.604654 v _217_/Y (sky130_fd_sc_hd__xnor2_2)
                                                         sum[4] (net)
                      0.320821    0.000000    4.604654 v sum[4] (out)
                                              4.604654   data arrival time

                      0.000000    0.000000    0.000000   clock __VIRTUAL_CLK__ (rise edge)
                                  0.000000    0.000000   clock network delay (ideal)
                                  0.250000    0.250000   clock uncertainty
                                  0.000000    0.250000   clock reconvergence pessimism
                                 -4.000000   -3.750000   output external delay
                                             -3.750000   data required time
---------------------------------------------------------------------------------------------
                                             -3.750000   data required time
                                             -4.604654   data arrival time
---------------------------------------------------------------------------------------------
                                              8.354654   slack (MET)


Startpoint: b[22] (input port clocked by __VIRTUAL_CLK__)
Endpoint: sum[22] (output port clocked by __VIRTUAL_CLK__)
Path Group: __VIRTUAL_CLK__
Path Type: min

Fanout         Cap        Slew       Delay        Time   Description
---------------------------------------------------------------------------------------------
                      0.000000    0.000000    0.000000   clock __VIRTUAL_CLK__ (rise edge)
                                  0.000000    0.000000   clock network delay (ideal)
                                  4.000000    4.000000 ^ input external delay
     2    0.006034    0.056120    0.032667    4.032667 ^ b[22] (in)
                                                         b[22] (net)
                      0.056120    0.000000    4.032667 ^ _301_/A (sky130_fd_sc_hd__nand2_2)
     3    0.006679    0.078215    0.095360    4.128027 v _301_/Y (sky130_fd_sc_hd__nand2_2)
                                                         _104_ (net)
                      0.078215    0.000000    4.128027 v _318_/B (sky130_fd_sc_hd__nand2_2)
     3    0.014528    0.140519    0.162679    4.290706 ^ _318_/Y (sky130_fd_sc_hd__nand2_2)
                                                         _120_ (net)
                      0.140519    0.000000    4.290706 ^ _319_/B (sky130_fd_sc_hd__xnor2_2)
     1    0.033442    0.320771    0.333680    4.624385 v _319_/Y (sky130_fd_sc_hd__xnor2_2)
                                                         sum[22] (net)
                      0.320771    0.000000    4.624385 v sum[22] (out)
                                              4.624385   data arrival time

                      0.000000    0.000000    0.000000   clock __VIRTUAL_CLK__ (rise edge)
                                  0.000000    0.000000   clock network delay (ideal)
                                  0.250000    0.250000   clock uncertainty
                                  0.000000    0.250000   clock reconvergence pessimism
                                 -4.000000   -3.750000   output external delay
                                             -3.750000   data required time
---------------------------------------------------------------------------------------------
                                             -3.750000   data required time
                                             -4.624385   data arrival time
---------------------------------------------------------------------------------------------
                                              8.374386   slack (MET)


Startpoint: b[10] (input port clocked by __VIRTUAL_CLK__)
Endpoint: sum[10] (output port clocked by __VIRTUAL_CLK__)
Path Group: __VIRTUAL_CLK__
Path Type: min

Fanout         Cap        Slew       Delay        Time   Description
---------------------------------------------------------------------------------------------
                      0.000000    0.000000    0.000000   clock __VIRTUAL_CLK__ (rise edge)
                                  0.000000    0.000000   clock network delay (ideal)
                                  4.000000    4.000000 ^ input external delay
     2    0.006034    0.056120    0.032667    4.032667 ^ b[10] (in)
                                                         b[10] (net)
                      0.056120    0.000000    4.032667 ^ _221_/A (sky130_fd_sc_hd__nand2_2)
     3    0.009630    0.101835    0.113447    4.146114 v _221_/Y (sky130_fd_sc_hd__nand2_2)
                                                         _036_ (net)
                      0.101835    0.000000    4.146114 v _223_/A (sky130_fd_sc_hd__nand2_2)
     2    0.010478    0.107675    0.136966    4.283080 ^ _223_/Y (sky130_fd_sc_hd__nand2_2)
                                                         _038_ (net)
                      0.107675    0.000000    4.283080 ^ _241_/A (sky130_fd_sc_hd__xnor2_2)
     1    0.033442    0.320798    0.342754    4.625834 v _241_/Y (sky130_fd_sc_hd__xnor2_2)
                                                         sum[10] (net)
                      0.320798    0.000000    4.625834 v sum[10] (out)
                                              4.625834   data arrival time

                      0.000000    0.000000    0.000000   clock __VIRTUAL_CLK__ (rise edge)
                                  0.000000    0.000000   clock network delay (ideal)
                                  0.250000    0.250000   clock uncertainty
                                  0.000000    0.250000   clock reconvergence pessimism
                                 -4.000000   -3.750000   output external delay
                                             -3.750000   data required time
---------------------------------------------------------------------------------------------
                                             -3.750000   data required time
                                             -4.625834   data arrival time
---------------------------------------------------------------------------------------------
                                              8.375834   slack (MET)


Startpoint: b[19] (input port clocked by __VIRTUAL_CLK__)
Endpoint: sum[19] (output port clocked by __VIRTUAL_CLK__)
Path Group: __VIRTUAL_CLK__
Path Type: min

Fanout         Cap        Slew       Delay        Time   Description
---------------------------------------------------------------------------------------------
                      0.000000    0.000000    0.000000   clock __VIRTUAL_CLK__ (rise edge)
                                  0.000000    0.000000   clock network delay (ideal)
                                  4.000000    4.000000 ^ input external delay
     2    0.009131    0.077440    0.048026    4.048026 ^ b[19] (in)
                                                         b[19] (net)
                      0.077440    0.000000    4.048026 ^ _272_/A (sky130_fd_sc_hd__nand2_2)
     2    0.006535    0.076962    0.102713    4.150739 v _272_/Y (sky130_fd_sc_hd__nand2_2)
                                                         _079_ (net)
                      0.076962    0.000000    4.150739 v _273_/B (sky130_fd_sc_hd__nand2b_2)
     2    0.010549    0.113694    0.136196    4.286934 ^ _273_/Y (sky130_fd_sc_hd__nand2b_2)
                                                         _080_ (net)
                      0.113694    0.000000    4.286934 ^ _291_/A (sky130_fd_sc_hd__xnor2_2)
     1    0.033442    0.320820    0.344959    4.631893 v _291_/Y (sky130_fd_sc_hd__xnor2_2)
                                                         sum[19] (net)
                      0.320820    0.000000    4.631893 v sum[19] (out)
                                              4.631893   data arrival time

                      0.000000    0.000000    0.000000   clock __VIRTUAL_CLK__ (rise edge)
                                  0.000000    0.000000   clock network delay (ideal)
                                  0.250000    0.250000   clock uncertainty
                                  0.000000    0.250000   clock reconvergence pessimism
                                 -4.000000   -3.750000   output external delay
                                             -3.750000   data required time
---------------------------------------------------------------------------------------------
                                             -3.750000   data required time
                                             -4.631893   data arrival time
---------------------------------------------------------------------------------------------
                                              8.381893   slack (MET)


Startpoint: b[20] (input port clocked by __VIRTUAL_CLK__)
Endpoint: sum[21] (output port clocked by __VIRTUAL_CLK__)
Path Group: __VIRTUAL_CLK__
Path Type: min

Fanout         Cap        Slew       Delay        Time   Description
---------------------------------------------------------------------------------------------
                      0.000000    0.000000    0.000000   clock __VIRTUAL_CLK__ (rise edge)
                                  0.000000    0.000000   clock network delay (ideal)
                                  4.000000    4.000000 ^ input external delay
     2    0.006034    0.056120    0.032667    4.032667 ^ b[20] (in)
                                                         b[20] (net)
                      0.056120    0.000000    4.032667 ^ _305_/A (sky130_fd_sc_hd__nand2_2)
     4    0.011457    0.116386    0.124645    4.157312 v _305_/Y (sky130_fd_sc_hd__nand2_2)
                                                         _108_ (net)
                      0.116386    0.000000    4.157312 v _314_/A1 (sky130_fd_sc_hd__a21oi_2)
     2    0.007132    0.192996    0.258616    4.415928 ^ _314_/Y (sky130_fd_sc_hd__a21oi_2)
                                                         _117_ (net)
                      0.192996    0.000000    4.415928 ^ _321_/A (sky130_fd_sc_hd__nor2_2)
     1    0.033442    0.147533    0.216937    4.632864 v _321_/Y (sky130_fd_sc_hd__nor2_2)
                                                         sum[21] (net)
                      0.147533    0.000000    4.632864 v sum[21] (out)
                                              4.632864   data arrival time

                      0.000000    0.000000    0.000000   clock __VIRTUAL_CLK__ (rise edge)
                                  0.000000    0.000000   clock network delay (ideal)
                                  0.250000    0.250000   clock uncertainty
                                  0.000000    0.250000   clock reconvergence pessimism
                                 -4.000000   -3.750000   output external delay
                                             -3.750000   data required time
---------------------------------------------------------------------------------------------
                                             -3.750000   data required time
                                             -4.632864   data arrival time
---------------------------------------------------------------------------------------------
                                              8.382864   slack (MET)


Startpoint: b[23] (input port clocked by __VIRTUAL_CLK__)
Endpoint: sum[23] (output port clocked by __VIRTUAL_CLK__)
Path Group: __VIRTUAL_CLK__
Path Type: min

Fanout         Cap        Slew       Delay        Time   Description
---------------------------------------------------------------------------------------------
                      0.000000    0.000000    0.000000   clock __VIRTUAL_CLK__ (rise edge)
                                  0.000000    0.000000   clock network delay (ideal)
                                  4.000000    4.000000 ^ input external delay
     2    0.006034    0.056120    0.032667    4.032667 ^ b[23] (in)
                                                         b[23] (net)
                      0.056120    0.000000    4.032667 ^ _298_/A (sky130_fd_sc_hd__nand2_2)
     2    0.005676    0.070140    0.089213    4.121880 v _298_/Y (sky130_fd_sc_hd__nand2_2)
                                                         _101_ (net)
                      0.070140    0.000000    4.121880 v _299_/B (sky130_fd_sc_hd__nand2_2)
     3    0.015206    0.145915    0.162776    4.284656 ^ _299_/Y (sky130_fd_sc_hd__nand2_2)
                                                         _102_ (net)
                      0.145915    0.000000    4.284656 ^ _317_/A (sky130_fd_sc_hd__xnor2_2)
     1    0.033442    0.320898    0.356760    4.641416 v _317_/Y (sky130_fd_sc_hd__xnor2_2)
                                                         sum[23] (net)
                      0.320898    0.000000    4.641416 v sum[23] (out)
                                              4.641416   data arrival time

                      0.000000    0.000000    0.000000   clock __VIRTUAL_CLK__ (rise edge)
                                  0.000000    0.000000   clock network delay (ideal)
                                  0.250000    0.250000   clock uncertainty
                                  0.000000    0.250000   clock reconvergence pessimism
                                 -4.000000   -3.750000   output external delay
                                             -3.750000   data required time
---------------------------------------------------------------------------------------------
                                             -3.750000   data required time
                                             -4.641416   data arrival time
---------------------------------------------------------------------------------------------
                                              8.391416   slack (MET)


Startpoint: b[6] (input port clocked by __VIRTUAL_CLK__)
Endpoint: sum[7] (output port clocked by __VIRTUAL_CLK__)
Path Group: __VIRTUAL_CLK__
Path Type: min

Fanout         Cap        Slew       Delay        Time   Description
---------------------------------------------------------------------------------------------
                      0.000000    0.000000    0.000000   clock __VIRTUAL_CLK__ (rise edge)
                                  0.000000    0.000000   clock network delay (ideal)
                                  4.000000    4.000000 ^ input external delay
     3    0.016484    0.128058    0.084491    4.084491 ^ b[6] (in)
                                                         b[6] (net)
                      0.128058    0.000000    4.084491 ^ _212_/A1 (sky130_fd_sc_hd__a21oi_2)
     1    0.008219    0.051957    0.146640    4.231131 v _212_/Y (sky130_fd_sc_hd__a21oi_2)
                                                         _031_ (net)
                      0.051957    0.000000    4.231131 v _213_/B (sky130_fd_sc_hd__xnor2_2)
     1    0.033442    0.320793    0.410394    4.641526 v _213_/Y (sky130_fd_sc_hd__xnor2_2)
                                                         sum[7] (net)
                      0.320793    0.000000    4.641526 v sum[7] (out)
                                              4.641526   data arrival time

                      0.000000    0.000000    0.000000   clock __VIRTUAL_CLK__ (rise edge)
                                  0.000000    0.000000   clock network delay (ideal)
                                  0.250000    0.250000   clock uncertainty
                                  0.000000    0.250000   clock reconvergence pessimism
                                 -4.000000   -3.750000   output external delay
                                             -3.750000   data required time
---------------------------------------------------------------------------------------------
                                             -3.750000   data required time
                                             -4.641526   data arrival time
---------------------------------------------------------------------------------------------
                                              8.391526   slack (MET)


Startpoint: b[16] (input port clocked by __VIRTUAL_CLK__)
Endpoint: sum[17] (output port clocked by __VIRTUAL_CLK__)
Path Group: __VIRTUAL_CLK__
Path Type: min

Fanout         Cap        Slew       Delay        Time   Description
---------------------------------------------------------------------------------------------
                      0.000000    0.000000    0.000000   clock __VIRTUAL_CLK__ (rise edge)
                                  0.000000    0.000000   clock network delay (ideal)
                                  4.000000    4.000000 ^ input external delay
     2    0.006034    0.056120    0.032667    4.032667 ^ b[16] (in)
                                                         b[16] (net)
                      0.056120    0.000000    4.032667 ^ _279_/A (sky130_fd_sc_hd__nand2_2)
     4    0.012372    0.123673    0.130253    4.162920 v _279_/Y (sky130_fd_sc_hd__nand2_2)
                                                         _086_ (net)
                      0.123673    0.000000    4.162920 v _288_/A1 (sky130_fd_sc_hd__a21oi_2)
     2    0.007132    0.193008    0.261799    4.424719 ^ _288_/Y (sky130_fd_sc_hd__a21oi_2)
                                                         _095_ (net)
                      0.193008    0.000000    4.424719 ^ _295_/A (sky130_fd_sc_hd__nor2_2)
     1    0.033442    0.147533    0.216942    4.641661 v _295_/Y (sky130_fd_sc_hd__nor2_2)
                                                         sum[17] (net)
                      0.147533    0.000000    4.641661 v sum[17] (out)
                                              4.641661   data arrival time

                      0.000000    0.000000    0.000000   clock __VIRTUAL_CLK__ (rise edge)
                                  0.000000    0.000000   clock network delay (ideal)
                                  0.250000    0.250000   clock uncertainty
                                  0.000000    0.250000   clock reconvergence pessimism
                                 -4.000000   -3.750000   output external delay
                                             -3.750000   data required time
---------------------------------------------------------------------------------------------
                                             -3.750000   data required time
                                             -4.641661   data arrival time
---------------------------------------------------------------------------------------------
                                              8.391661   slack (MET)


Startpoint: b[26] (input port clocked by __VIRTUAL_CLK__)
Endpoint: sum[26] (output port clocked by __VIRTUAL_CLK__)
Path Group: __VIRTUAL_CLK__
Path Type: min

Fanout         Cap        Slew       Delay        Time   Description
---------------------------------------------------------------------------------------------
                      0.000000    0.000000    0.000000   clock __VIRTUAL_CLK__ (rise edge)
                                  0.000000    0.000000   clock network delay (ideal)
                                  4.000000    4.000000 ^ input external delay
     3    0.011628    0.094629    0.060409    4.060409 ^ b[26] (in)
                                                         b[26] (net)
                      0.094629    0.000000    4.060409 ^ _326_/A (sky130_fd_sc_hd__nand2_2)
     2    0.006578    0.078368    0.109699    4.170108 v _326_/Y (sky130_fd_sc_hd__nand2_2)
                                                         _125_ (net)
                      0.078368    0.000000    4.170108 v _343_/B (sky130_fd_sc_hd__nand2b_2)
     3    0.012381    0.127193    0.146827    4.316936 ^ _343_/Y (sky130_fd_sc_hd__nand2b_2)
                                                         _142_ (net)
                      0.127193    0.000000    4.316936 ^ _346_/B (sky130_fd_sc_hd__xnor2_2)
     1    0.033442    0.320769    0.328792    4.645728 v _346_/Y (sky130_fd_sc_hd__xnor2_2)
                                                         sum[26] (net)
                      0.320769    0.000000    4.645728 v sum[26] (out)
                                              4.645728   data arrival time

                      0.000000    0.000000    0.000000   clock __VIRTUAL_CLK__ (rise edge)
                                  0.000000    0.000000   clock network delay (ideal)
                                  0.250000    0.250000   clock uncertainty
                                  0.000000    0.250000   clock reconvergence pessimism
                                 -4.000000   -3.750000   output external delay
                                             -3.750000   data required time
---------------------------------------------------------------------------------------------
                                             -3.750000   data required time
                                             -4.645728   data arrival time
---------------------------------------------------------------------------------------------
                                              8.395727   slack (MET)


Startpoint: b[13] (input port clocked by __VIRTUAL_CLK__)
Endpoint: sum[14] (output port clocked by __VIRTUAL_CLK__)
Path Group: __VIRTUAL_CLK__
Path Type: min

Fanout         Cap        Slew       Delay        Time   Description
---------------------------------------------------------------------------------------------
                      0.000000    0.000000    0.000000   clock __VIRTUAL_CLK__ (rise edge)
                                  0.000000    0.000000   clock network delay (ideal)
                                  4.000000    4.000000 ^ input external delay
     3    0.010629    0.087752    0.055455    4.055455 ^ b[13] (in)
                                                         b[13] (net)
                      0.087752    0.000000    4.055455 ^ _263_/A1 (sky130_fd_sc_hd__a21oi_2)
     2    0.012886    0.093477    0.155902    4.211356 v _263_/Y (sky130_fd_sc_hd__a21oi_2)
                                                         _074_ (net)
                      0.093477    0.000000    4.211356 v _267_/A (sky130_fd_sc_hd__xor2_2)
     1    0.033442    0.184935    0.438826    4.650183 v _267_/X (sky130_fd_sc_hd__xor2_2)
                                                         sum[14] (net)
                      0.184935    0.000000    4.650183 v sum[14] (out)
                                              4.650183   data arrival time

                      0.000000    0.000000    0.000000   clock __VIRTUAL_CLK__ (rise edge)
                                  0.000000    0.000000   clock network delay (ideal)
                                  0.250000    0.250000   clock uncertainty
                                  0.000000    0.250000   clock reconvergence pessimism
                                 -4.000000   -3.750000   output external delay
                                             -3.750000   data required time
---------------------------------------------------------------------------------------------
                                             -3.750000   data required time
                                             -4.650183   data arrival time
---------------------------------------------------------------------------------------------
                                              8.400182   slack (MET)


Startpoint: b[11] (input port clocked by __VIRTUAL_CLK__)
Endpoint: sum[11] (output port clocked by __VIRTUAL_CLK__)
Path Group: __VIRTUAL_CLK__
Path Type: min

Fanout         Cap        Slew       Delay        Time   Description
---------------------------------------------------------------------------------------------
                      0.000000    0.000000    0.000000   clock __VIRTUAL_CLK__ (rise edge)
                                  0.000000    0.000000   clock network delay (ideal)
                                  4.000000    4.000000 ^ input external delay
     2    0.009131    0.077440    0.048026    4.048026 ^ b[11] (in)
                                                         b[11] (net)
                      0.077440    0.000000    4.048026 ^ _219_/A (sky130_fd_sc_hd__nand2_2)
     2    0.008432    0.091992    0.114465    4.162491 v _219_/Y (sky130_fd_sc_hd__nand2_2)
                                                         _034_ (net)
                      0.091992    0.000000    4.162491 v _220_/B (sky130_fd_sc_hd__nand2b_2)
     2    0.010549    0.113758    0.143543    4.306034 ^ _220_/Y (sky130_fd_sc_hd__nand2b_2)
                                                         _035_ (net)
                      0.113758    0.000000    4.306034 ^ _240_/A (sky130_fd_sc_hd__xnor2_2)
     1    0.033442    0.320821    0.344982    4.651016 v _240_/Y (sky130_fd_sc_hd__xnor2_2)
                                                         sum[11] (net)
                      0.320821    0.000000    4.651016 v sum[11] (out)
                                              4.651016   data arrival time

                      0.000000    0.000000    0.000000   clock __VIRTUAL_CLK__ (rise edge)
                                  0.000000    0.000000   clock network delay (ideal)
                                  0.250000    0.250000   clock uncertainty
                                  0.000000    0.250000   clock reconvergence pessimism
                                 -4.000000   -3.750000   output external delay
                                             -3.750000   data required time
---------------------------------------------------------------------------------------------
                                             -3.750000   data required time
                                             -4.651016   data arrival time
---------------------------------------------------------------------------------------------
                                              8.401016   slack (MET)


Startpoint: b[15] (input port clocked by __VIRTUAL_CLK__)
Endpoint: sum[15] (output port clocked by __VIRTUAL_CLK__)
Path Group: __VIRTUAL_CLK__
Path Type: min

Fanout         Cap        Slew       Delay        Time   Description
---------------------------------------------------------------------------------------------
                      0.000000    0.000000    0.000000   clock __VIRTUAL_CLK__ (rise edge)
                                  0.000000    0.000000   clock network delay (ideal)
                                  4.000000    4.000000 ^ input external delay
     2    0.009131    0.077440    0.048026    4.048026 ^ b[15] (in)
                                                         b[15] (net)
                      0.077440    0.000000    4.048026 ^ _246_/A (sky130_fd_sc_hd__nand2_2)
     2    0.008432    0.091992    0.114465    4.162491 v _246_/Y (sky130_fd_sc_hd__nand2_2)
                                                         _057_ (net)
                      0.091992    0.000000    4.162491 v _247_/B (sky130_fd_sc_hd__nand2b_2)
     2    0.010549    0.113758    0.143543    4.306034 ^ _247_/Y (sky130_fd_sc_hd__nand2b_2)
                                                         _058_ (net)
                      0.113758    0.000000    4.306034 ^ _265_/A (sky130_fd_sc_hd__xnor2_2)
     1    0.033442    0.320821    0.344982    4.651016 v _265_/Y (sky130_fd_sc_hd__xnor2_2)
                                                         sum[15] (net)
                      0.320821    0.000000    4.651016 v sum[15] (out)
                                              4.651016   data arrival time

                      0.000000    0.000000    0.000000   clock __VIRTUAL_CLK__ (rise edge)
                                  0.000000    0.000000   clock network delay (ideal)
                                  0.250000    0.250000   clock uncertainty
                                  0.000000    0.250000   clock reconvergence pessimism
                                 -4.000000   -3.750000   output external delay
                                             -3.750000   data required time
---------------------------------------------------------------------------------------------
                                             -3.750000   data required time
                                             -4.651016   data arrival time
---------------------------------------------------------------------------------------------
                                              8.401016   slack (MET)


Startpoint: b[9] (input port clocked by __VIRTUAL_CLK__)
Endpoint: sum[9] (output port clocked by __VIRTUAL_CLK__)
Path Group: __VIRTUAL_CLK__
Path Type: min

Fanout         Cap        Slew       Delay        Time   Description
---------------------------------------------------------------------------------------------
                      0.000000    0.000000    0.000000   clock __VIRTUAL_CLK__ (rise edge)
                                  0.000000    0.000000   clock network delay (ideal)
                                  4.000000    4.000000 ^ input external delay
     2    0.006034    0.056120    0.032667    4.032667 ^ b[9] (in)
                                                         b[9] (net)
                      0.056120    0.000000    4.032667 ^ _224_/A (sky130_fd_sc_hd__nand2_2)
     3    0.010300    0.107171    0.117554    4.150220 v _224_/Y (sky130_fd_sc_hd__nand2_2)
                                                         _039_ (net)
                      0.107171    0.000000    4.150220 v _226_/A (sky130_fd_sc_hd__nand2_2)
     2    0.013650    0.132154    0.157763    4.307983 ^ _226_/Y (sky130_fd_sc_hd__nand2_2)
                                                         _041_ (net)
                      0.132154    0.000000    4.307983 ^ _242_/A (sky130_fd_sc_hd__xnor2_2)
     1    0.033442    0.320865    0.351720    4.659703 v _242_/Y (sky130_fd_sc_hd__xnor2_2)
                                                         sum[9] (net)
                      0.320865    0.000000    4.659703 v sum[9] (out)
                                              4.659703   data arrival time

                      0.000000    0.000000    0.000000   clock __VIRTUAL_CLK__ (rise edge)
                                  0.000000    0.000000   clock network delay (ideal)
                                  0.250000    0.250000   clock uncertainty
                                  0.000000    0.250000   clock reconvergence pessimism
                                 -4.000000   -3.750000   output external delay
                                             -3.750000   data required time
---------------------------------------------------------------------------------------------
                                             -3.750000   data required time
                                             -4.659703   data arrival time
---------------------------------------------------------------------------------------------
                                              8.409703   slack (MET)


Startpoint: b[16] (input port clocked by __VIRTUAL_CLK__)
Endpoint: sum[16] (output port clocked by __VIRTUAL_CLK__)
Path Group: __VIRTUAL_CLK__
Path Type: min

Fanout         Cap        Slew       Delay        Time   Description
---------------------------------------------------------------------------------------------
                      0.000000    0.000000    0.000000   clock __VIRTUAL_CLK__ (rise edge)
                                  0.000000    0.000000   clock network delay (ideal)
                                  4.000000    4.000000 ^ input external delay
     2    0.006034    0.056120    0.032667    4.032667 ^ b[16] (in)
                                                         b[16] (net)
                      0.056120    0.000000    4.032667 ^ _279_/A (sky130_fd_sc_hd__nand2_2)
     4    0.012372    0.123673    0.130253    4.162920 v _279_/Y (sky130_fd_sc_hd__nand2_2)
                                                         _086_ (net)
                      0.123673    0.000000    4.162920 v _281_/A (sky130_fd_sc_hd__nand2_2)
     3    0.013505    0.132237    0.164638    4.327558 ^ _281_/Y (sky130_fd_sc_hd__nand2_2)
                                                         _088_ (net)
                      0.132237    0.000000    4.327558 ^ _296_/A (sky130_fd_sc_hd__xor2_2)
     1    0.033442    0.184911    0.335142    4.662699 v _296_/X (sky130_fd_sc_hd__xor2_2)
                                                         sum[16] (net)
                      0.184911    0.000000    4.662699 v sum[16] (out)
                                              4.662699   data arrival time

                      0.000000    0.000000    0.000000   clock __VIRTUAL_CLK__ (rise edge)
                                  0.000000    0.000000   clock network delay (ideal)
                                  0.250000    0.250000   clock uncertainty
                                  0.000000    0.250000   clock reconvergence pessimism
                                 -4.000000   -3.750000   output external delay
                                             -3.750000   data required time
---------------------------------------------------------------------------------------------
                                             -3.750000   data required time
                                             -4.662699   data arrival time
---------------------------------------------------------------------------------------------
                                              8.412699   slack (MET)


Startpoint: a[1] (input port clocked by __VIRTUAL_CLK__)
Endpoint: sum[1] (output port clocked by __VIRTUAL_CLK__)
Path Group: __VIRTUAL_CLK__
Path Type: min

Fanout         Cap        Slew       Delay        Time   Description
---------------------------------------------------------------------------------------------
                      0.000000    0.000000    0.000000   clock __VIRTUAL_CLK__ (rise edge)
                                  0.000000    0.000000   clock network delay (ideal)
                                  4.000000    4.000000 v input external delay
     2    0.005534    0.030206    0.017792    4.017792 v a[1] (in)
                                                         a[1] (net)
                      0.030206    0.000000    4.017792 v _188_/B (sky130_fd_sc_hd__nor2_2)
     1    0.004682    0.133821    0.129710    4.147501 ^ _188_/Y (sky130_fd_sc_hd__nor2_2)
                                                         _011_ (net)
                      0.133821    0.000000    4.147501 ^ _189_/B (sky130_fd_sc_hd__nor2_2)
     3    0.016925    0.087409    0.130580    4.278082 v _189_/Y (sky130_fd_sc_hd__nor2_2)
                                                         _012_ (net)
                      0.087409    0.000000    4.278082 v _194_/B (sky130_fd_sc_hd__xor2_2)
     1    0.033442    0.184911    0.389321    4.667404 v _194_/X (sky130_fd_sc_hd__xor2_2)
                                                         sum[1] (net)
                      0.184911    0.000000    4.667404 v sum[1] (out)
                                              4.667404   data arrival time

                      0.000000    0.000000    0.000000   clock __VIRTUAL_CLK__ (rise edge)
                                  0.000000    0.000000   clock network delay (ideal)
                                  0.250000    0.250000   clock uncertainty
                                  0.000000    0.250000   clock reconvergence pessimism
                                 -4.000000   -3.750000   output external delay
                                             -3.750000   data required time
---------------------------------------------------------------------------------------------
                                             -3.750000   data required time
                                             -4.667404   data arrival time
---------------------------------------------------------------------------------------------
                                              8.417404   slack (MET)


Startpoint: b[12] (input port clocked by __VIRTUAL_CLK__)
Endpoint: sum[12] (output port clocked by __VIRTUAL_CLK__)
Path Group: __VIRTUAL_CLK__
Path Type: min

Fanout         Cap        Slew       Delay        Time   Description
---------------------------------------------------------------------------------------------
                      0.000000    0.000000    0.000000   clock __VIRTUAL_CLK__ (rise edge)
                                  0.000000    0.000000   clock network delay (ideal)
                                  4.000000    4.000000 ^ input external delay
     2    0.006034    0.056120    0.032667    4.032667 ^ b[12] (in)
                                                         b[12] (net)
                      0.056120    0.000000    4.032667 ^ _253_/A (sky130_fd_sc_hd__nand2_2)
     4    0.011578    0.117349    0.125387    4.158053 v _253_/Y (sky130_fd_sc_hd__nand2_2)
                                                         _064_ (net)
                      0.117349    0.000000    4.158053 v _255_/A (sky130_fd_sc_hd__nand2_2)
     2    0.013670    0.133012    0.162636    4.320690 ^ _255_/Y (sky130_fd_sc_hd__nand2_2)
                                                         _066_ (net)
                      0.133012    0.000000    4.320690 ^ _270_/A (sky130_fd_sc_hd__xnor2_2)
     1    0.033442    0.320867    0.352034    4.672724 v _270_/Y (sky130_fd_sc_hd__xnor2_2)
                                                         sum[12] (net)
                      0.320867    0.000000    4.672724 v sum[12] (out)
                                              4.672724   data arrival time

                      0.000000    0.000000    0.000000   clock __VIRTUAL_CLK__ (rise edge)
                                  0.000000    0.000000   clock network delay (ideal)
                                  0.250000    0.250000   clock uncertainty
                                  0.000000    0.250000   clock reconvergence pessimism
                                 -4.000000   -3.750000   output external delay
                                             -3.750000   data required time
---------------------------------------------------------------------------------------------
                                             -3.750000   data required time
                                             -4.672724   data arrival time
---------------------------------------------------------------------------------------------
                                              8.422724   slack (MET)


Startpoint: b[12] (input port clocked by __VIRTUAL_CLK__)
Endpoint: sum[13] (output port clocked by __VIRTUAL_CLK__)
Path Group: __VIRTUAL_CLK__
Path Type: min

Fanout         Cap        Slew       Delay        Time   Description
---------------------------------------------------------------------------------------------
                      0.000000    0.000000    0.000000   clock __VIRTUAL_CLK__ (rise edge)
                                  0.000000    0.000000   clock network delay (ideal)
                                  4.000000    4.000000 v input external delay
     2    0.005699    0.030877    0.018299    4.018299 v b[12] (in)
                                                         b[12] (net)
                      0.030877    0.000000    4.018299 v _253_/A (sky130_fd_sc_hd__nand2_2)
     4    0.012217    0.118489    0.114084    4.132383 ^ _253_/Y (sky130_fd_sc_hd__nand2_2)
                                                         _064_ (net)
                      0.118489    0.000000    4.132383 ^ _268_/B (sky130_fd_sc_hd__and3_2)
     1    0.004682    0.097008    0.378038    4.510421 ^ _268_/X (sky130_fd_sc_hd__and3_2)
                                                         _077_ (net)
                      0.097008    0.000000    4.510421 ^ _269_/B (sky130_fd_sc_hd__nor2_2)
     1    0.033442    0.147533    0.163473    4.673894 v _269_/Y (sky130_fd_sc_hd__nor2_2)
                                                         sum[13] (net)
                      0.147533    0.000000    4.673894 v sum[13] (out)
                                              4.673894   data arrival time

                      0.000000    0.000000    0.000000   clock __VIRTUAL_CLK__ (rise edge)
                                  0.000000    0.000000   clock network delay (ideal)
                                  0.250000    0.250000   clock uncertainty
                                  0.000000    0.250000   clock reconvergence pessimism
                                 -4.000000   -3.750000   output external delay
                                             -3.750000   data required time
---------------------------------------------------------------------------------------------
                                             -3.750000   data required time
                                             -4.673894   data arrival time
---------------------------------------------------------------------------------------------
                                              8.423895   slack (MET)


Startpoint: a[27] (input port clocked by __VIRTUAL_CLK__)
Endpoint: sum[27] (output port clocked by __VIRTUAL_CLK__)
Path Group: __VIRTUAL_CLK__
Path Type: min

Fanout         Cap        Slew       Delay        Time   Description
---------------------------------------------------------------------------------------------
                      0.000000    0.000000    0.000000   clock __VIRTUAL_CLK__ (rise edge)
                                  0.000000    0.000000   clock network delay (ideal)
                                  4.000000    4.000000 ^ input external delay
     3    0.015691    0.122599    0.080558    4.080558 ^ a[27] (in)
                                                         a[27] (net)
                      0.122599    0.000000    4.080558 ^ _324_/B (sky130_fd_sc_hd__xnor2_2)
     3    0.013336    0.133679    0.264098    4.344656 ^ _324_/Y (sky130_fd_sc_hd__xnor2_2)
                                                         _123_ (net)
                      0.133679    0.000000    4.344656 ^ _345_/A (sky130_fd_sc_hd__xor2_2)
     1    0.033442    0.184897    0.335701    4.680357 v _345_/X (sky130_fd_sc_hd__xor2_2)
                                                         sum[27] (net)
                      0.184897    0.000000    4.680357 v sum[27] (out)
                                              4.680357   data arrival time

                      0.000000    0.000000    0.000000   clock __VIRTUAL_CLK__ (rise edge)
                                  0.000000    0.000000   clock network delay (ideal)
                                  0.250000    0.250000   clock uncertainty
                                  0.000000    0.250000   clock reconvergence pessimism
                                 -4.000000   -3.750000   output external delay
                                             -3.750000   data required time
---------------------------------------------------------------------------------------------
                                             -3.750000   data required time
                                             -4.680357   data arrival time
---------------------------------------------------------------------------------------------
                                              8.430357   slack (MET)


Startpoint: a[5] (input port clocked by __VIRTUAL_CLK__)
Endpoint: sum[5] (output port clocked by __VIRTUAL_CLK__)
Path Group: __VIRTUAL_CLK__
Path Type: min

Fanout         Cap        Slew       Delay        Time   Description
---------------------------------------------------------------------------------------------
                      0.000000    0.000000    0.000000   clock __VIRTUAL_CLK__ (rise edge)
                                  0.000000    0.000000   clock network delay (ideal)
                                  4.000000    4.000000 ^ input external delay
     2    0.006142    0.056863    0.033202    4.033202 ^ a[5] (in)
                                                         a[5] (net)
                      0.056863    0.000000    4.033202 ^ _200_/B (sky130_fd_sc_hd__nor2_2)
     2    0.006435    0.039088    0.063838    4.097041 v _200_/Y (sky130_fd_sc_hd__nor2_2)
                                                         _019_ (net)
                      0.039088    0.000000    4.097041 v _201_/B (sky130_fd_sc_hd__nor2_2)
     2    0.010665    0.232619    0.207229    4.304269 ^ _201_/Y (sky130_fd_sc_hd__nor2_2)
                                                         _020_ (net)
                      0.232619    0.000000    4.304269 ^ _216_/A (sky130_fd_sc_hd__xnor2_2)
     1    0.033442    0.320771    0.388465    4.692734 v _216_/Y (sky130_fd_sc_hd__xnor2_2)
                                                         sum[5] (net)
                      0.320771    0.000000    4.692734 v sum[5] (out)
                                              4.692734   data arrival time

                      0.000000    0.000000    0.000000   clock __VIRTUAL_CLK__ (rise edge)
                                  0.000000    0.000000   clock network delay (ideal)
                                  0.250000    0.250000   clock uncertainty
                                  0.000000    0.250000   clock reconvergence pessimism
                                 -4.000000   -3.750000   output external delay
                                             -3.750000   data required time
---------------------------------------------------------------------------------------------
                                             -3.750000   data required time
                                             -4.692734   data arrival time
---------------------------------------------------------------------------------------------
                                              8.442735   slack (MET)


Startpoint: a[2] (input port clocked by __VIRTUAL_CLK__)
Endpoint: sum[2] (output port clocked by __VIRTUAL_CLK__)
Path Group: __VIRTUAL_CLK__
Path Type: min

Fanout         Cap        Slew       Delay        Time   Description
---------------------------------------------------------------------------------------------
                      0.000000    0.000000    0.000000   clock __VIRTUAL_CLK__ (rise edge)
                                  0.000000    0.000000   clock network delay (ideal)
                                  4.000000    4.000000 ^ input external delay
     2    0.009299    0.078596    0.048859    4.048859 ^ a[2] (in)
                                                         a[2] (net)
                      0.078596    0.000000    4.048859 ^ _181_/B (sky130_fd_sc_hd__nor2_2)
     3    0.008676    0.048345    0.080786    4.129645 v _181_/Y (sky130_fd_sc_hd__nor2_2)
                                                         _004_ (net)
                      0.048345    0.000000    4.129645 v _182_/B (sky130_fd_sc_hd__nor2_2)
     1    0.009061    0.206090    0.190326    4.319971 ^ _182_/Y (sky130_fd_sc_hd__nor2_2)
                                                         _005_ (net)
                      0.206090    0.000000    4.319971 ^ _193_/A (sky130_fd_sc_hd__xnor2_2)
     1    0.033442    0.320820    0.378801    4.698772 v _193_/Y (sky130_fd_sc_hd__xnor2_2)
                                                         sum[2] (net)
                      0.320820    0.000000    4.698772 v sum[2] (out)
                                              4.698772   data arrival time

                      0.000000    0.000000    0.000000   clock __VIRTUAL_CLK__ (rise edge)
                                  0.000000    0.000000   clock network delay (ideal)
                                  0.250000    0.250000   clock uncertainty
                                  0.000000    0.250000   clock reconvergence pessimism
                                 -4.000000   -3.750000   output external delay
                                             -3.750000   data required time
---------------------------------------------------------------------------------------------
                                             -3.750000   data required time
                                             -4.698772   data arrival time
---------------------------------------------------------------------------------------------
                                              8.448771   slack (MET)


Startpoint: a[31] (input port clocked by __VIRTUAL_CLK__)
Endpoint: sum[31] (output port clocked by __VIRTUAL_CLK__)
Path Group: __VIRTUAL_CLK__
Path Type: min

Fanout         Cap        Slew       Delay        Time   Description
---------------------------------------------------------------------------------------------
                      0.000000    0.000000    0.000000   clock __VIRTUAL_CLK__ (rise edge)
                                  0.000000    0.000000   clock network delay (ideal)
                                  4.000000    4.000000 ^ input external delay
     3    0.016071    0.125215    0.082443    4.082443 ^ a[31] (in)
                                                         a[31] (net)
                      0.125215    0.000000    4.082443 ^ _351_/B (sky130_fd_sc_hd__xor2_2)
     2    0.013049    0.101699    0.192855    4.275298 v _351_/X (sky130_fd_sc_hd__xor2_2)
                                                         _146_ (net)
                      0.101699    0.000000    4.275298 v _373_/A (sky130_fd_sc_hd__xor2_2)
     1    0.033442    0.184928    0.442219    4.717517 v _373_/X (sky130_fd_sc_hd__xor2_2)
                                                         sum[31] (net)
                      0.184928    0.000000    4.717517 v sum[31] (out)
                                              4.717517   data arrival time

                      0.000000    0.000000    0.000000   clock __VIRTUAL_CLK__ (rise edge)
                                  0.000000    0.000000   clock network delay (ideal)
                                  0.250000    0.250000   clock uncertainty
                                  0.000000    0.250000   clock reconvergence pessimism
                                 -4.000000   -3.750000   output external delay
                                             -3.750000   data required time
---------------------------------------------------------------------------------------------
                                             -3.750000   data required time
                                             -4.717517   data arrival time
---------------------------------------------------------------------------------------------
                                              8.467517   slack (MET)


Startpoint: b[24] (input port clocked by __VIRTUAL_CLK__)
Endpoint: sum[25] (output port clocked by __VIRTUAL_CLK__)
Path Group: __VIRTUAL_CLK__
Path Type: min

Fanout         Cap        Slew       Delay        Time   Description
---------------------------------------------------------------------------------------------
                      0.000000    0.000000    0.000000   clock __VIRTUAL_CLK__ (rise edge)
                                  0.000000    0.000000   clock network delay (ideal)
                                  4.000000    4.000000 ^ input external delay
     2    0.006034    0.056120    0.032667    4.032667 ^ b[24] (in)
                                                         b[24] (net)
                      0.056120    0.000000    4.032667 ^ _330_/A (sky130_fd_sc_hd__nand2_2)
     4    0.012225    0.122502    0.129352    4.162019 v _330_/Y (sky130_fd_sc_hd__nand2_2)
                                                         _129_ (net)
                      0.122502    0.000000    4.162019 v _347_/B (sky130_fd_sc_hd__nand3_2)
     1    0.001460    0.045086    0.115745    4.277764 ^ _347_/Y (sky130_fd_sc_hd__nand3_2)
                                                         _144_ (net)
                      0.045086    0.000000    4.277764 ^ _348_/B (sky130_fd_sc_hd__and2_2)
     1    0.033442    0.294923    0.440969    4.718733 ^ _348_/X (sky130_fd_sc_hd__and2_2)
                                                         sum[25] (net)
                      0.294923    0.000000    4.718733 ^ sum[25] (out)
                                              4.718733   data arrival time

                      0.000000    0.000000    0.000000   clock __VIRTUAL_CLK__ (rise edge)
                                  0.000000    0.000000   clock network delay (ideal)
                                  0.250000    0.250000   clock uncertainty
                                  0.000000    0.250000   clock reconvergence pessimism
                                 -4.000000   -3.750000   output external delay
                                             -3.750000   data required time
---------------------------------------------------------------------------------------------
                                             -3.750000   data required time
                                             -4.718733   data arrival time
---------------------------------------------------------------------------------------------
                                              8.468734   slack (MET)


Startpoint: a[29] (input port clocked by __VIRTUAL_CLK__)
Endpoint: sum[30] (output port clocked by __VIRTUAL_CLK__)
Path Group: __VIRTUAL_CLK__
Path Type: min

Fanout         Cap        Slew       Delay        Time   Description
---------------------------------------------------------------------------------------------
                      0.000000    0.000000    0.000000   clock __VIRTUAL_CLK__ (rise edge)
                                  0.000000    0.000000   clock network delay (ideal)
                                  4.000000    4.000000 v input external delay
     3    0.009702    0.047186    0.030384    4.030384 v a[29] (in)
                                                         a[29] (net)
                      0.047186    0.000000    4.030384 v _357_/B (sky130_fd_sc_hd__nor2_2)
     1    0.002495    0.097214    0.106925    4.137309 ^ _357_/Y (sky130_fd_sc_hd__nor2_2)
                                                         _152_ (net)
                      0.097214    0.000000    4.137309 ^ _374_/B1 (sky130_fd_sc_hd__a31o_2)
     2    0.013541    0.141400    0.250719    4.388028 ^ _374_/X (sky130_fd_sc_hd__a31o_2)
                                                         _168_ (net)
                      0.141400    0.000000    4.388028 ^ _375_/B (sky130_fd_sc_hd__xnor2_2)
     1    0.033442    0.320850    0.334003    4.722031 v _375_/Y (sky130_fd_sc_hd__xnor2_2)
                                                         sum[30] (net)
                      0.320850    0.000000    4.722031 v sum[30] (out)
                                              4.722031   data arrival time

                      0.000000    0.000000    0.000000   clock __VIRTUAL_CLK__ (rise edge)
                                  0.000000    0.000000   clock network delay (ideal)
                                  0.250000    0.250000   clock uncertainty
                                  0.000000    0.250000   clock reconvergence pessimism
                                 -4.000000   -3.750000   output external delay
                                             -3.750000   data required time
---------------------------------------------------------------------------------------------
                                             -3.750000   data required time
                                             -4.722031   data arrival time
---------------------------------------------------------------------------------------------
                                              8.472031   slack (MET)


Startpoint: a[8] (input port clocked by __VIRTUAL_CLK__)
Endpoint: sum[8] (output port clocked by __VIRTUAL_CLK__)
Path Group: __VIRTUAL_CLK__
Path Type: min

Fanout         Cap        Slew       Delay        Time   Description
---------------------------------------------------------------------------------------------
                      0.000000    0.000000    0.000000   clock __VIRTUAL_CLK__ (rise edge)
                                  0.000000    0.000000   clock network delay (ideal)
                                  4.000000    4.000000 v input external delay
     2    0.005534    0.030206    0.017792    4.017792 v a[8] (in)
                                                         a[8] (net)
                      0.030206    0.000000    4.017792 v _234_/B (sky130_fd_sc_hd__nor2_2)
     1    0.001417    0.079417    0.086839    4.104630 ^ _234_/Y (sky130_fd_sc_hd__nor2_2)
                                                         _049_ (net)
                      0.079417    0.000000    4.104630 ^ _235_/B (sky130_fd_sc_hd__or2_2)
     2    0.006068    0.074028    0.198409    4.303040 ^ _235_/X (sky130_fd_sc_hd__or2_2)
                                                         _050_ (net)
                      0.074028    0.000000    4.303040 ^ _243_/B (sky130_fd_sc_hd__and2_2)
     1    0.004682    0.083129    0.276693    4.579733 ^ _243_/X (sky130_fd_sc_hd__and2_2)
                                                         _055_ (net)
                      0.083129    0.000000    4.579733 ^ _244_/B (sky130_fd_sc_hd__nor2_2)
     1    0.033442    0.146947    0.156952    4.736685 v _244_/Y (sky130_fd_sc_hd__nor2_2)
                                                         sum[8] (net)
                      0.146947    0.000000    4.736685 v sum[8] (out)
                                              4.736685   data arrival time

                      0.000000    0.000000    0.000000   clock __VIRTUAL_CLK__ (rise edge)
                                  0.000000    0.000000   clock network delay (ideal)
                                  0.250000    0.250000   clock uncertainty
                                  0.000000    0.250000   clock reconvergence pessimism
                                 -4.000000   -3.750000   output external delay
                                             -3.750000   data required time
---------------------------------------------------------------------------------------------
                                             -3.750000   data required time
                                             -4.736685   data arrival time
---------------------------------------------------------------------------------------------
                                              8.486686   slack (MET)


Startpoint: b[2] (input port clocked by __VIRTUAL_CLK__)
Endpoint: sum[3] (output port clocked by __VIRTUAL_CLK__)
Path Group: __VIRTUAL_CLK__
Path Type: min

Fanout         Cap        Slew       Delay        Time   Description
---------------------------------------------------------------------------------------------
                      0.000000    0.000000    0.000000   clock __VIRTUAL_CLK__ (rise edge)
                                  0.000000    0.000000   clock network delay (ideal)
                                  4.000000    4.000000 v input external delay
     2    0.008576    0.042599    0.026985    4.026985 v b[2] (in)
                                                         b[2] (net)
                      0.042599    0.000000    4.026985 v _179_/A (sky130_fd_sc_hd__nand2_2)
     3    0.011791    0.115279    0.117085    4.144069 ^ _179_/Y (sky130_fd_sc_hd__nand2_2)
                                                         _002_ (net)
                      0.115279    0.000000    4.144069 ^ _191_/B1 (sky130_fd_sc_hd__o21a_2)
     1    0.008492    0.099526    0.295621    4.439691 ^ _191_/X (sky130_fd_sc_hd__o21a_2)
                                                         _014_ (net)
                      0.099526    0.000000    4.439691 ^ _192_/B (sky130_fd_sc_hd__xnor2_2)
     1    0.033442    0.320780    0.318644    4.758335 v _192_/Y (sky130_fd_sc_hd__xnor2_2)
                                                         sum[3] (net)
                      0.320780    0.000000    4.758335 v sum[3] (out)
                                              4.758335   data arrival time

                      0.000000    0.000000    0.000000   clock __VIRTUAL_CLK__ (rise edge)
                                  0.000000    0.000000   clock network delay (ideal)
                                  0.250000    0.250000   clock uncertainty
                                  0.000000    0.250000   clock reconvergence pessimism
                                 -4.000000   -3.750000   output external delay
                                             -3.750000   data required time
---------------------------------------------------------------------------------------------
                                             -3.750000   data required time
                                             -4.758335   data arrival time
---------------------------------------------------------------------------------------------
                                              8.508335   slack (MET)


Startpoint: b[20] (input port clocked by __VIRTUAL_CLK__)
Endpoint: sum[20] (output port clocked by __VIRTUAL_CLK__)
Path Group: __VIRTUAL_CLK__
Path Type: min

Fanout         Cap        Slew       Delay        Time   Description
---------------------------------------------------------------------------------------------
                      0.000000    0.000000    0.000000   clock __VIRTUAL_CLK__ (rise edge)
                                  0.000000    0.000000   clock network delay (ideal)
                                  4.000000    4.000000 v input external delay
     2    0.005699    0.030877    0.018299    4.018299 v b[20] (in)
                                                         b[20] (net)
                      0.030877    0.000000    4.018299 v _305_/A (sky130_fd_sc_hd__nand2_2)
     4    0.012101    0.117585    0.113427    4.131726 ^ _305_/Y (sky130_fd_sc_hd__nand2_2)
                                                         _108_ (net)
                      0.117585    0.000000    4.131726 ^ _307_/A (sky130_fd_sc_hd__nand2_2)
     3    0.008760    0.094804    0.132327    4.264052 v _307_/Y (sky130_fd_sc_hd__nand2_2)
                                                         _110_ (net)
                      0.094804    0.000000    4.264052 v _322_/A (sky130_fd_sc_hd__nand3_2)
     1    0.001460    0.045935    0.084982    4.349034 ^ _322_/Y (sky130_fd_sc_hd__nand3_2)
                                                         _122_ (net)
                      0.045935    0.000000    4.349034 ^ _323_/B (sky130_fd_sc_hd__and2_2)
     1    0.033442    0.294935    0.441317    4.790351 ^ _323_/X (sky130_fd_sc_hd__and2_2)
                                                         sum[20] (net)
                      0.294935    0.000000    4.790351 ^ sum[20] (out)
                                              4.790351   data arrival time

                      0.000000    0.000000    0.000000   clock __VIRTUAL_CLK__ (rise edge)
                                  0.000000    0.000000   clock network delay (ideal)
                                  0.250000    0.250000   clock uncertainty
                                  0.000000    0.250000   clock reconvergence pessimism
                                 -4.000000   -3.750000   output external delay
                                             -3.750000   data required time
---------------------------------------------------------------------------------------------
                                             -3.750000   data required time
                                             -4.790351   data arrival time
---------------------------------------------------------------------------------------------
                                              8.540351   slack (MET)


Startpoint: b[24] (input port clocked by __VIRTUAL_CLK__)
Endpoint: sum[24] (output port clocked by __VIRTUAL_CLK__)
Path Group: __VIRTUAL_CLK__
Path Type: min

Fanout         Cap        Slew       Delay        Time   Description
---------------------------------------------------------------------------------------------
                      0.000000    0.000000    0.000000   clock __VIRTUAL_CLK__ (rise edge)
                                  0.000000    0.000000   clock network delay (ideal)
                                  4.000000    4.000000 v input external delay
     2    0.005699    0.030877    0.018299    4.018299 v b[24] (in)
                                                         b[24] (net)
                      0.030877    0.000000    4.018299 v _330_/A (sky130_fd_sc_hd__nand2_2)
     4    0.012880    0.123656    0.117842    4.136141 ^ _330_/Y (sky130_fd_sc_hd__nand2_2)
                                                         _129_ (net)
                      0.123656    0.000000    4.136141 ^ _339_/A (sky130_fd_sc_hd__nand2_2)
     3    0.007951    0.088376    0.129657    4.265798 v _339_/Y (sky130_fd_sc_hd__nand2_2)
                                                         _138_ (net)
                      0.088376    0.000000    4.265798 v _349_/C (sky130_fd_sc_hd__nand3_2)
     1    0.001460    0.049891    0.100944    4.366742 ^ _349_/Y (sky130_fd_sc_hd__nand3_2)
                                                         _145_ (net)
                      0.049891    0.000000    4.366742 ^ _350_/B (sky130_fd_sc_hd__and2_2)
     1    0.033442    0.294988    0.442940    4.809682 ^ _350_/X (sky130_fd_sc_hd__and2_2)
                                                         sum[24] (net)
                      0.294988    0.000000    4.809682 ^ sum[24] (out)
                                              4.809682   data arrival time

                      0.000000    0.000000    0.000000   clock __VIRTUAL_CLK__ (rise edge)
                                  0.000000    0.000000   clock network delay (ideal)
                                  0.250000    0.250000   clock uncertainty
                                  0.000000    0.250000   clock reconvergence pessimism
                                 -4.000000   -3.750000   output external delay
                                             -3.750000   data required time
---------------------------------------------------------------------------------------------
                                             -3.750000   data required time
                                             -4.809682   data arrival time
---------------------------------------------------------------------------------------------
                                              8.559682   slack (MET)


Startpoint: a[28] (input port clocked by __VIRTUAL_CLK__)
Endpoint: sum[28] (output port clocked by __VIRTUAL_CLK__)
Path Group: __VIRTUAL_CLK__
Path Type: min

Fanout         Cap        Slew       Delay        Time   Description
---------------------------------------------------------------------------------------------
                      0.000000    0.000000    0.000000   clock __VIRTUAL_CLK__ (rise edge)
                                  0.000000    0.000000   clock network delay (ideal)
                                  4.000000    4.000000 v input external delay
     3    0.009775    0.047484    0.030604    4.030604 v a[28] (in)
                                                         a[28] (net)
                      0.047484    0.000000    4.030604 v _362_/B (sky130_fd_sc_hd__nor2_2)
     3    0.009577    0.214618    0.196479    4.227084 ^ _362_/Y (sky130_fd_sc_hd__nor2_2)
                                                         _157_ (net)
                      0.214618    0.000000    4.227084 ^ _379_/A2 (sky130_fd_sc_hd__o2111a_2)
     1    0.004682    0.099847    0.464197    4.691281 ^ _379_/X (sky130_fd_sc_hd__o2111a_2)
                                                         _171_ (net)
                      0.099847    0.000000    4.691281 ^ _380_/B (sky130_fd_sc_hd__nor2_2)
     1    0.033442    0.147653    0.164807    4.856088 v _380_/Y (sky130_fd_sc_hd__nor2_2)
                                                         sum[28] (net)
                      0.147653    0.000000    4.856088 v sum[28] (out)
                                              4.856088   data arrival time

                      0.000000    0.000000    0.000000   clock __VIRTUAL_CLK__ (rise edge)
                                  0.000000    0.000000   clock network delay (ideal)
                                  0.250000    0.250000   clock uncertainty
                                  0.000000    0.250000   clock reconvergence pessimism
                                 -4.000000   -3.750000   output external delay
                                             -3.750000   data required time
---------------------------------------------------------------------------------------------
                                             -3.750000   data required time
                                             -4.856088   data arrival time
---------------------------------------------------------------------------------------------
                                              8.606088   slack (MET)


Startpoint: a[6] (input port clocked by __VIRTUAL_CLK__)
Endpoint: sum[6] (output port clocked by __VIRTUAL_CLK__)
Path Group: __VIRTUAL_CLK__
Path Type: min

Fanout         Cap        Slew       Delay        Time   Description
---------------------------------------------------------------------------------------------
                      0.000000    0.000000    0.000000   clock __VIRTUAL_CLK__ (rise edge)
                                  0.000000    0.000000   clock network delay (ideal)
                                  4.000000    4.000000 v input external delay
     3    0.014898    0.068356    0.046071    4.046071 v a[6] (in)
                                                         a[6] (net)
                      0.068356    0.000000    4.046071 v _197_/B (sky130_fd_sc_hd__xor2_2)
     3    0.008675    0.213144    0.255691    4.301762 ^ _197_/X (sky130_fd_sc_hd__xor2_2)
                                                         _016_ (net)
                      0.213144    0.000000    4.301762 ^ _214_/A (sky130_fd_sc_hd__or3_2)
     1    0.001604    0.041062    0.241561    4.543323 ^ _214_/X (sky130_fd_sc_hd__or3_2)
                                                         _032_ (net)
                      0.041062    0.000000    4.543323 ^ _215_/B (sky130_fd_sc_hd__and2b_2)
     1    0.033442    0.284584    0.440905    4.984227 ^ _215_/X (sky130_fd_sc_hd__and2b_2)
                                                         sum[6] (net)
                      0.284584    0.000000    4.984227 ^ sum[6] (out)
                                              4.984227   data arrival time

                      0.000000    0.000000    0.000000   clock __VIRTUAL_CLK__ (rise edge)
                                  0.000000    0.000000   clock network delay (ideal)
                                  0.250000    0.250000   clock uncertainty
                                  0.000000    0.250000   clock reconvergence pessimism
                                 -4.000000   -3.750000   output external delay
                                             -3.750000   data required time
---------------------------------------------------------------------------------------------
                                             -3.750000   data required time
                                             -4.984227   data arrival time
---------------------------------------------------------------------------------------------
                                              8.734228   slack (MET)



