Reading OpenROAD database at '/home/minhnd/projects/CLA32_Floorplanning/runs/acc8_util60/20-openroad-generatepdn/acc8.odb'…
Reading library file at '/home/minhnd/.volare/volare/sky130/versions/0fe599b2afb6708d281543108caf8310912f54af/sky130A/libs.ref/sky130_fd_sc_hd/lib/sky130_fd_sc_hd__tt_025C_1v80.lib'…
Reading design constraints file at '/nix/store/ss2cw3sxbrwwx9jl0rrppbw4kgcmgi2n-python3-3.11.9-env/lib/python3.11/site-packages/openlane/scripts/base.sdc'…
[INFO] Using clock clk…
[INFO] Setting output delay to: 4
[INFO] Setting input delay to: 4
[INFO] Setting load to: 0.033442
[INFO] Setting clock uncertainty to: 0.25
[INFO] Setting clock transition to: 0.1499999999999999944488848768742172978818416595458984375
[INFO] Setting timing derate to: 5%
+ global_placement -density 0.756417 -skip_io -pad_right 0 -pad_left 0 -init_wirelength_coef 0.25
[INFO GPL-0002] DBU: 1000
[INFO GPL-0003] SiteSize: (  0.460  2.720 ) um
[INFO GPL-0004] CoreBBox: (  5.520 10.880 ) ( 36.800 40.800 ) um
[INFO GPL-0006] NumInstances:                93
[INFO GPL-0007] NumPlaceInstances:           58
[INFO GPL-0008] NumFixedInstances:           35
[INFO GPL-0009] NumDummyInstances:            0
[INFO GPL-0010] NumNets:                     68
[INFO GPL-0011] NumPins:                    190
[INFO GPL-0012] DieBBox:  (  0.000  0.000 ) ( 42.610 53.330 ) um
[INFO GPL-0013] CoreBBox: (  5.520 10.880 ) ( 36.800 40.800 ) um
[INFO GPL-0016] CoreArea:               935.898 um^2
[INFO GPL-0017] NonPlaceInstsArea:       98.845 um^2
[INFO GPL-0018] PlaceInstsArea:         598.074 um^2
[INFO GPL-0019] Util:                    71.450 %
[INFO GPL-0020] StdInstsArea:           598.074 um^2
[INFO GPL-0021] MacroInstsArea:           0.000 um^2
[INFO GPL-0031] FillerInit:NumGCells:        61
[INFO GPL-0032] FillerInit:NumGNets:         68
[INFO GPL-0033] FillerInit:NumGPins:        190
[INFO GPL-0023] TargetDensity:            0.756
[INFO GPL-0024] AvrgPlaceInstArea:       10.312 um^2
[INFO GPL-0025] IdealBinArea:            13.632 um^2
[INFO GPL-0026] IdealBinCnt:                 68
[INFO GPL-0027] TotalBinArea:           935.898 um^2
[INFO GPL-0028] BinCnt:         8      8
[INFO GPL-0029] BinSize: (  3.910  3.740 )
[INFO GPL-0030] NumBins: 64
[NesterovSolve] Iter:    1 overflow: 0.862 HPWL: 153757
[NesterovSolve] Iter:   10 overflow: 0.854 HPWL: 139937
[NesterovSolve] Iter:   20 overflow: 0.854 HPWL: 139981
[NesterovSolve] Iter:   30 overflow: 0.854 HPWL: 139964
[NesterovSolve] Iter:   40 overflow: 0.854 HPWL: 139943
[NesterovSolve] Iter:   50 overflow: 0.854 HPWL: 139939
[NesterovSolve] Iter:   60 overflow: 0.854 HPWL: 139958
[NesterovSolve] Iter:   70 overflow: 0.854 HPWL: 140061
[NesterovSolve] Iter:   80 overflow: 0.854 HPWL: 140153
[NesterovSolve] Iter:   90 overflow: 0.854 HPWL: 140340
[NesterovSolve] Iter:  100 overflow: 0.854 HPWL: 140588
[NesterovSolve] Iter:  110 overflow: 0.854 HPWL: 140946
[NesterovSolve] Iter:  120 overflow: 0.855 HPWL: 141673
[NesterovSolve] Iter:  130 overflow: 0.851 HPWL: 143630
[NesterovSolve] Iter:  140 overflow: 0.814 HPWL: 151467
[NesterovSolve] Iter:  150 overflow: 0.763 HPWL: 180550
[NesterovSolve] Iter:  160 overflow: 0.751 HPWL: 193598
[NesterovSolve] Iter:  170 overflow: 0.711 HPWL: 207874
[NesterovSolve] Iter:  180 overflow: 0.678 HPWL: 221961
[NesterovSolve] Iter:  190 overflow: 0.631 HPWL: 241794
[NesterovSolve] Iter:  200 overflow: 0.588 HPWL: 259009
[NesterovSolve] Iter:  210 overflow: 0.548 HPWL: 275565
[NesterovSolve] Iter:  220 overflow: 0.512 HPWL: 295409
[NesterovSolve] Iter:  230 overflow: 0.472 HPWL: 315650
[NesterovSolve] Iter:  240 overflow: 0.429 HPWL: 329310
[NesterovSolve] Iter:  250 overflow: 0.390 HPWL: 342713
[NesterovSolve] Iter:  260 overflow: 0.348 HPWL: 355231
[NesterovSolve] Iter:  270 overflow: 0.316 HPWL: 364174
[NesterovSolve] Iter:  280 overflow: 0.283 HPWL: 373296
[NesterovSolve] Iter:  290 overflow: 0.232 HPWL: 379266
[NesterovSolve] Iter:  300 overflow: 0.205 HPWL: 389443
[NesterovSolve] Iter:  310 overflow: 0.176 HPWL: 388936
[NesterovSolve] Iter:  320 overflow: 0.152 HPWL: 392351
[NesterovSolve] Iter:  330 overflow: 0.110 HPWL: 405057
[NesterovSolve] Finished with Overflow: 0.099601
[INFO] Setting RC values…
Setting global connections for newly added cells…
[INFO] Setting global connections...
Updating metrics…
Cell type report:                       Count       Area
  Fill cell                                22      82.58
  Tap cell                                 13      16.27
  Inverter                                  9      33.78
  Sequential cell                           8     210.20
  Multi-Input combinational cell           41     354.09
  Total                                    93     696.92
Writing OpenROAD database to '/home/minhnd/projects/CLA32_Floorplanning/runs/acc8_util60/23-openroad-globalplacementskipio/acc8.odb'…
Writing netlist to '/home/minhnd/projects/CLA32_Floorplanning/runs/acc8_util60/23-openroad-globalplacementskipio/acc8.nl.v'…
Writing powered netlist to '/home/minhnd/projects/CLA32_Floorplanning/runs/acc8_util60/23-openroad-globalplacementskipio/acc8.pnl.v'…
Writing layout to '/home/minhnd/projects/CLA32_Floorplanning/runs/acc8_util60/23-openroad-globalplacementskipio/acc8.def'…
Writing timing constraints to '/home/minhnd/projects/CLA32_Floorplanning/runs/acc8_util60/23-openroad-globalplacementskipio/acc8.sdc'…
