Reading OpenROAD database at '/home/minhnd/projects/CLA32_Floorplanning/runs/acc32_sram_v10/24-openroad-ioplacement/acc32_sram.odb'…
Reading library file at '/home/minhnd/.volare/volare/sky130/versions/0fe599b2afb6708d281543108caf8310912f54af/sky130A/libs.ref/sky130_fd_sc_hd/lib/sky130_fd_sc_hd__tt_025C_1v80.lib'…
Reading library file at '/home/minhnd/projects/CLA32_Floorplanning/macros/sky130_sram_macros/sky130_sram_1kbyte_1rw1r_32x256_8/sky130_sram_1kbyte_1rw1r_32x256_8_TT_1p8V_25C.lib'…
Reading macro library file at '/home/minhnd/projects/CLA32_Floorplanning/macros/sky130_sram_macros/sky130_sram_1kbyte_1rw1r_32x256_8/sky130_sram_1kbyte_1rw1r_32x256_8_TT_1p8V_25C.lib'…
[WARNING STA-1140] /home/minhnd/projects/CLA32_Floorplanning/macros/sky130_sram_macros/sky130_sram_1kbyte_1rw1r_32x256_8/sky130_sram_1kbyte_1rw1r_32x256_8_TT_1p8V_25C.lib line 1, library sky130_sram_1kbyte_1rw1r_32x256_8_TT_1p8V_25C_lib already exists.
Reading design constraints file at '/nix/store/ss2cw3sxbrwwx9jl0rrppbw4kgcmgi2n-python3-3.11.9-env/lib/python3.11/site-packages/openlane/scripts/base.sdc'…
[INFO] Using clock clk…
[INFO] Setting output delay to: 10
[INFO] Setting input delay to: 10
[INFO] Setting load to: 0.033442
[INFO] Setting clock uncertainty to: 0.25
[INFO] Setting clock transition to: 0.1499999999999999944488848768742172978818416595458984375
[INFO] Setting timing derate to: 5%
[INFO] Setting RC values…
[INFO] Setting signal min routing layer to: met1 and clock min routing layer to met1. 
[INFO] Setting signal max routing layer to: met5 and clock max routing layer to met5. 
+ global_placement -density 0.5146459999999999 -timing_driven -routability_driven -pad_right 0 -pad_left 0 -init_wirelength_coef 0.25
[INFO GPL-0002] DBU: 1000
[INFO GPL-0003] SiteSize: (  0.460  2.720 ) um
[INFO GPL-0004] CoreBBox: (  5.520 10.880 ) ( 703.800 707.200 ) um
[INFO GPL-0006] NumInstances:              6679
[INFO GPL-0007] NumPlaceInstances:          398
[INFO GPL-0008] NumFixedInstances:         5979
[INFO GPL-0009] NumDummyInstances:          302
[INFO GPL-0010] NumNets:                    505
[INFO GPL-0011] NumPins:                   1508
[INFO GPL-0012] DieBBox:  (  0.000  0.000 ) ( 709.540 720.260 ) um
[INFO GPL-0013] CoreBBox: (  5.520 10.880 ) ( 703.800 707.200 ) um
[INFO GPL-0016] CoreArea:            486226.330 um^2
[INFO GPL-0017] NonPlaceInstsArea:   220539.014 um^2
[INFO GPL-0018] PlaceInstsArea:        4448.016 um^2
[INFO GPL-0019] Util:                     1.674 %
[INFO GPL-0020] StdInstsArea:          4448.016 um^2
[INFO GPL-0021] MacroInstsArea:           0.000 um^2
[InitialPlace]  Iter: 1 CG residual: 0.00420243 HPWL: 119650705
[InitialPlace]  Iter: 2 CG residual: 0.00000059 HPWL: 120506419
[InitialPlace]  Iter: 3 CG residual: 0.00000012 HPWL: 117911794
[InitialPlace]  Iter: 4 CG residual: 0.00000010 HPWL: 117704836
[InitialPlace]  Iter: 5 CG residual: 0.00000010 HPWL: 117650393
[INFO GPL-0031] FillerInit:NumGCells:     12732
[INFO GPL-0032] FillerInit:NumGNets:        505
[INFO GPL-0033] FillerInit:NumGPins:       1508
[INFO GPL-0023] TargetDensity:            0.515
[INFO GPL-0024] AvrgPlaceInstArea:       11.176 um^2
[INFO GPL-0025] IdealBinArea:            21.716 um^2
[INFO GPL-0026] IdealBinCnt:              22390
[INFO GPL-0027] TotalBinArea:        486226.330 um^2
[INFO GPL-0028] BinCnt:       128    128
[INFO GPL-0029] BinSize: (  5.456  5.440 )
[INFO GPL-0030] NumBins: 16384
[NesterovSolve] Iter:    1 overflow: 0.929 HPWL: 10680910
[NesterovSolve] Iter:   10 overflow: 0.647 HPWL: 11433526
[NesterovSolve] Snapshot saved at iter = 14
[NesterovSolve] Iter:   20 overflow: 0.581 HPWL: 11305585
[NesterovSolve] Iter:   30 overflow: 0.562 HPWL: 11299246
[NesterovSolve] Iter:   40 overflow: 0.584 HPWL: 11219251
[NesterovSolve] Iter:   50 overflow: 0.586 HPWL: 11201761
[NesterovSolve] Iter:   60 overflow: 0.580 HPWL: 11224353
[NesterovSolve] Iter:   70 overflow: 0.580 HPWL: 11233413
[NesterovSolve] Iter:   80 overflow: 0.584 HPWL: 11218016
[NesterovSolve] Iter:   90 overflow: 0.583 HPWL: 11214917
[NesterovSolve] Iter:  100 overflow: 0.582 HPWL: 11227994
[NesterovSolve] Iter:  110 overflow: 0.582 HPWL: 11234885
[NesterovSolve] Iter:  120 overflow: 0.582 HPWL: 11244604
[NesterovSolve] Iter:  130 overflow: 0.580 HPWL: 11277827
[NesterovSolve] Iter:  140 overflow: 0.577 HPWL: 11337949
[NesterovSolve] Iter:  150 overflow: 0.576 HPWL: 11429038
[NesterovSolve] Iter:  160 overflow: 0.574 HPWL: 11566356
[NesterovSolve] Iter:  170 overflow: 0.572 HPWL: 11770019
[NesterovSolve] Iter:  180 overflow: 0.574 HPWL: 12116637
[NesterovSolve] Iter:  190 overflow: 0.578 HPWL: 12778520
[NesterovSolve] Iter:  200 overflow: 0.589 HPWL: 13782337
[NesterovSolve] Iter:  210 overflow: 0.581 HPWL: 14573538
[NesterovSolve] Iter:  220 overflow: 0.571 HPWL: 14553508
[NesterovSolve] Iter:  230 overflow: 0.563 HPWL: 15635586
[NesterovSolve] Iter:  240 overflow: 0.564 HPWL: 15891360
[NesterovSolve] Iter:  250 overflow: 0.541 HPWL: 14909544
[NesterovSolve] Iter:  260 overflow: 0.509 HPWL: 14692381
[NesterovSolve] Iter:  270 overflow: 0.493 HPWL: 14013322
[NesterovSolve] Iter:  280 overflow: 0.462 HPWL: 13401593
[NesterovSolve] Iter:  290 overflow: 0.411 HPWL: 12582859
[NesterovSolve] Iter:  300 overflow: 0.337 HPWL: 11841492
[INFO GPL-0075] Routability numCall: 1 inflationIterCnt: 1 bloatIterCnt: 0
[INFO GPL-0036] TileBBox: (    0    0 ) ( 6900 6900 ) DBU
[INFO GPL-0038] TileCnt:     102  104
[INFO GPL-0040] NumTiles: 10608
[INFO GPL-0081] TotalRouteOverflow: 2.5135244131088257
[INFO GPL-0082] OverflowTileCnt: 879
[INFO GPL-0083] 0.5%RC: 1.015181885825263
[INFO GPL-0084] 1.0%RC: 1.009305116172149
[INFO GPL-0085] 2.0%RC: 1.005789470224873
[INFO GPL-0086] 5.0%RC: 1.0036641927313221
[INFO GPL-0087] FinalRC: 1.0122435
[INFO GPL-0078] FinalRC lower than minRC (1e+30), min RC updated.
[INFO GPL-0045] InflatedAreaDelta:       16.766 um^2
[INFO GPL-0046] TargetDensity:            0.515
[INFO GPL-0049] WhiteSpaceArea:      265687.315 um^2
[INFO GPL-0050] NesterovInstsArea:     4448.016 um^2
[INFO GPL-0051] TotalFillerArea:     132286.901 um^2
[INFO GPL-0052] TotalGCellsArea:     136734.917 um^2
[INFO GPL-0053] ExpectedGCellsArea:  136751.683 um^2
[INFO GPL-0054] NewTargetDensity:         0.515
[INFO GPL-0055] NewWhiteSpaceArea:   265687.315 um^2
[INFO GPL-0056] MovableArea:         136751.686 um^2
[INFO GPL-0057] NewNesterovInstArea:   4464.782 um^2
[INFO GPL-0058] NewTotalFillerArea:  132286.903 um^2
[INFO GPL-0059] NewTotalGCellsArea:  136751.686 um^2
[NesterovSolve] Revert back to snapshot coordi
[NesterovSolve] Iter:  310 overflow: 0.581 HPWL: 11296041
[NesterovSolve] Iter:  320 overflow: 0.560 HPWL: 11309214
[NesterovSolve] Iter:  330 overflow: 0.583 HPWL: 11232550
[NesterovSolve] Iter:  340 overflow: 0.587 HPWL: 11199054
[NesterovSolve] Iter:  350 overflow: 0.583 HPWL: 11219730
[NesterovSolve] Iter:  360 overflow: 0.581 HPWL: 11234211
[NesterovSolve] Iter:  370 overflow: 0.585 HPWL: 11221092
[NesterovSolve] Iter:  380 overflow: 0.585 HPWL: 11212739
[NesterovSolve] Iter:  390 overflow: 0.583 HPWL: 11222869
[NesterovSolve] Iter:  400 overflow: 0.584 HPWL: 11227332
[NesterovSolve] Iter:  410 overflow: 0.584 HPWL: 11223257
[NesterovSolve] Iter:  420 overflow: 0.584 HPWL: 11227880
[NesterovSolve] Iter:  430 overflow: 0.583 HPWL: 11243384
[NesterovSolve] Iter:  440 overflow: 0.582 HPWL: 11261866
[NesterovSolve] Iter:  450 overflow: 0.580 HPWL: 11291133
[NesterovSolve] Iter:  460 overflow: 0.579 HPWL: 11342109
[NesterovSolve] Iter:  470 overflow: 0.578 HPWL: 11415566
[NesterovSolve] Iter:  480 overflow: 0.577 HPWL: 11511462
[NesterovSolve] Iter:  490 overflow: 0.575 HPWL: 11637490
[NesterovSolve] Iter:  500 overflow: 0.574 HPWL: 11810999
[NesterovSolve] Iter:  510 overflow: 0.575 HPWL: 12085814
[NesterovSolve] Iter:  520 overflow: 0.580 HPWL: 12514656
[NesterovSolve] Iter:  530 overflow: 0.584 HPWL: 13040679
[NesterovSolve] Iter:  540 overflow: 0.589 HPWL: 13288836
[NesterovSolve] Iter:  550 overflow: 0.582 HPWL: 13261140
[NesterovSolve] Iter:  560 overflow: 0.567 HPWL: 13646564
[NesterovSolve] Iter:  570 overflow: 0.573 HPWL: 14856848
[NesterovSolve] Iter:  580 overflow: 0.563 HPWL: 14584602
[NesterovSolve] Iter:  590 overflow: 0.549 HPWL: 13998629
[NesterovSolve] Iter:  600 overflow: 0.531 HPWL: 13946819
[NesterovSolve] Iter:  610 overflow: 0.526 HPWL: 13732081
[NesterovSolve] Iter:  620 overflow: 0.499 HPWL: 13268814
[NesterovSolve] Iter:  630 overflow: 0.494 HPWL: 12857311
[NesterovSolve] Iter:  640 overflow: 0.468 HPWL: 12262018
[NesterovSolve] Iter:  650 overflow: 0.435 HPWL: 11774230
[NesterovSolve] Iter:  660 overflow: 0.390 HPWL: 11526929
[NesterovSolve] Iter:  670 overflow: 0.310 HPWL: 11594974
[INFO GPL-0075] Routability numCall: 2 inflationIterCnt: 2 bloatIterCnt: 0
[INFO GPL-0036] TileBBox: (    0    0 ) ( 6900 6900 ) DBU
[INFO GPL-0038] TileCnt:     102  104
[INFO GPL-0040] NumTiles: 10608
[INFO GPL-0081] TotalRouteOverflow: 2.375290036201477
[INFO GPL-0082] OverflowTileCnt: 812
[INFO GPL-0083] 0.5%RC: 1.0135578159932737
[INFO GPL-0084] 1.0%RC: 1.0082522842371575
[INFO GPL-0085] 2.0%RC: 1.0052681170718771
[INFO GPL-0086] 5.0%RC: 1.0034641290115098
[INFO GPL-0087] FinalRC: 1.010905
[INFO GPL-0078] FinalRC lower than minRC (1.0122435), min RC updated.
[INFO GPL-0045] InflatedAreaDelta:       13.034 um^2
[INFO GPL-0046] TargetDensity:            0.515
[INFO GPL-0049] WhiteSpaceArea:      265687.315 um^2
[INFO GPL-0050] NesterovInstsArea:     4464.782 um^2
[INFO GPL-0051] TotalFillerArea:     132286.903 um^2
[INFO GPL-0052] TotalGCellsArea:     136751.686 um^2
[INFO GPL-0053] ExpectedGCellsArea:  136764.720 um^2
[INFO GPL-0054] NewTargetDensity:         0.515
[INFO GPL-0055] NewWhiteSpaceArea:   265687.315 um^2
[INFO GPL-0056] MovableArea:         136764.719 um^2
[INFO GPL-0057] NewNesterovInstArea:   4477.817 um^2
[INFO GPL-0058] NewTotalFillerArea:  132286.902 um^2
[INFO GPL-0059] NewTotalGCellsArea:  136764.719 um^2
[NesterovSolve] Revert back to snapshot coordi
[NesterovSolve] Iter:  680 overflow: 0.565 HPWL: 11341777
[NesterovSolve] Iter:  690 overflow: 0.568 HPWL: 11287702
[NesterovSolve] Iter:  700 overflow: 0.588 HPWL: 11210333
[NesterovSolve] Iter:  710 overflow: 0.588 HPWL: 11211633
[NesterovSolve] Iter:  720 overflow: 0.581 HPWL: 11231520
[NesterovSolve] Iter:  730 overflow: 0.584 HPWL: 11231545
[NesterovSolve] Iter:  740 overflow: 0.587 HPWL: 11215150
[NesterovSolve] Iter:  750 overflow: 0.585 HPWL: 11218719
[NesterovSolve] Iter:  760 overflow: 0.584 HPWL: 11229884
[NesterovSolve] Iter:  770 overflow: 0.585 HPWL: 11229835
[NesterovSolve] Iter:  780 overflow: 0.585 HPWL: 11229981
[NesterovSolve] Iter:  790 overflow: 0.584 HPWL: 11242425
[NesterovSolve] Iter:  800 overflow: 0.583 HPWL: 11262233
[NesterovSolve] Iter:  810 overflow: 0.582 HPWL: 11285300
[NesterovSolve] Iter:  820 overflow: 0.580 HPWL: 11322746
[NesterovSolve] Iter:  830 overflow: 0.580 HPWL: 11381342
[NesterovSolve] Iter:  840 overflow: 0.580 HPWL: 11464726
[NesterovSolve] Iter:  850 overflow: 0.581 HPWL: 11575037
[NesterovSolve] Iter:  860 overflow: 0.581 HPWL: 11724065
[NesterovSolve] Iter:  870 overflow: 0.582 HPWL: 11935515
[NesterovSolve] Iter:  880 overflow: 0.582 HPWL: 12267870
[NesterovSolve] Iter:  890 overflow: 0.583 HPWL: 12751619
[NesterovSolve] Iter:  900 overflow: 0.589 HPWL: 13141661
[NesterovSolve] Iter:  910 overflow: 0.589 HPWL: 13156141
[NesterovSolve] Iter:  920 overflow: 0.583 HPWL: 13105875
[NesterovSolve] Iter:  930 overflow: 0.567 HPWL: 13820541
[NesterovSolve] Iter:  940 overflow: 0.553 HPWL: 14715613
[NesterovSolve] Iter:  950 overflow: 0.546 HPWL: 14014112
[NesterovSolve] Iter:  960 overflow: 0.536 HPWL: 13937958
[NesterovSolve] Iter:  970 overflow: 0.531 HPWL: 13803192
[NesterovSolve] Iter:  980 overflow: 0.520 HPWL: 13431375
[NesterovSolve] Iter:  990 overflow: 0.508 HPWL: 13023058
[NesterovSolve] Iter: 1000 overflow: 0.491 HPWL: 12503076
[NesterovSolve] Iter: 1010 overflow: 0.456 HPWL: 11999165
[NesterovSolve] Iter: 1020 overflow: 0.410 HPWL: 11600403
[NesterovSolve] Iter: 1030 overflow: 0.350 HPWL: 11523274
[INFO GPL-0075] Routability numCall: 3 inflationIterCnt: 3 bloatIterCnt: 0
[INFO GPL-0036] TileBBox: (    0    0 ) ( 6900 6900 ) DBU
[INFO GPL-0038] TileCnt:     102  104
[INFO GPL-0040] NumTiles: 10608
[INFO GPL-0081] TotalRouteOverflow: 2.3584492206573486
[INFO GPL-0082] OverflowTileCnt: 811
[INFO GPL-0083] 0.5%RC: 1.0132889791771218
[INFO GPL-0084] 1.0%RC: 1.0081198549716273
[INFO GPL-0085] 2.0%RC: 1.0052011762986162
[INFO GPL-0086] 5.0%RC: 1.0034367773267958
[INFO GPL-0087] FinalRC: 1.0107044
[INFO GPL-0079] MinRC (1.010905) violation occurred, total count: 1.
[INFO GPL-0045] InflatedAreaDelta:       15.023 um^2
[INFO GPL-0046] TargetDensity:            0.515
[INFO GPL-0049] WhiteSpaceArea:      265687.315 um^2
[INFO GPL-0050] NesterovInstsArea:     4477.817 um^2
[INFO GPL-0051] TotalFillerArea:     132286.902 um^2
[INFO GPL-0052] TotalGCellsArea:     136764.719 um^2
[INFO GPL-0053] ExpectedGCellsArea:  136779.742 um^2
[INFO GPL-0054] NewTargetDensity:         0.515
[INFO GPL-0055] NewWhiteSpaceArea:   265687.315 um^2
[INFO GPL-0056] MovableArea:         136779.743 um^2
[INFO GPL-0057] NewNesterovInstArea:   4492.839 um^2
[INFO GPL-0058] NewTotalFillerArea:  132286.904 um^2
[INFO GPL-0059] NewTotalGCellsArea:  136779.743 um^2
[NesterovSolve] Revert back to snapshot coordi
[NesterovSolve] Iter: 1040 overflow: 0.584 HPWL: 11296040
[NesterovSolve] Iter: 1050 overflow: 0.563 HPWL: 11309188
[NesterovSolve] Iter: 1060 overflow: 0.586 HPWL: 11232595
[NesterovSolve] Iter: 1070 overflow: 0.590 HPWL: 11199030
[NesterovSolve] Iter: 1080 overflow: 0.586 HPWL: 11219744
[NesterovSolve] Iter: 1090 overflow: 0.583 HPWL: 11234250
[NesterovSolve] Iter: 1100 overflow: 0.587 HPWL: 11221118
[NesterovSolve] Iter: 1110 overflow: 0.588 HPWL: 11212695
[NesterovSolve] Iter: 1120 overflow: 0.586 HPWL: 11222941
[NesterovSolve] Iter: 1130 overflow: 0.586 HPWL: 11227228
[NesterovSolve] Iter: 1140 overflow: 0.587 HPWL: 11223143
[NesterovSolve] Iter: 1150 overflow: 0.586 HPWL: 11227768
[NesterovSolve] Iter: 1160 overflow: 0.585 HPWL: 11243381
[NesterovSolve] Iter: 1170 overflow: 0.585 HPWL: 11261811
[NesterovSolve] Iter: 1180 overflow: 0.583 HPWL: 11291297
[NesterovSolve] Iter: 1190 overflow: 0.581 HPWL: 11342071
[NesterovSolve] Iter: 1200 overflow: 0.581 HPWL: 11415317
[NesterovSolve] Iter: 1210 overflow: 0.579 HPWL: 11511026
[NesterovSolve] Iter: 1220 overflow: 0.577 HPWL: 11637064
[NesterovSolve] Iter: 1230 overflow: 0.577 HPWL: 11810756
[NesterovSolve] Iter: 1240 overflow: 0.577 HPWL: 12086139
[NesterovSolve] Iter: 1250 overflow: 0.583 HPWL: 12515153
[NesterovSolve] Iter: 1260 overflow: 0.587 HPWL: 13038092
[NesterovSolve] Iter: 1270 overflow: 0.593 HPWL: 13264308
[NesterovSolve] Iter: 1280 overflow: 0.588 HPWL: 13162261
[NesterovSolve] Iter: 1290 overflow: 0.583 HPWL: 13409264
[NesterovSolve] Iter: 1300 overflow: 0.568 HPWL: 14585484
[NesterovSolve] Iter: 1310 overflow: 0.560 HPWL: 14494017
[NesterovSolve] Iter: 1320 overflow: 0.548 HPWL: 13979892
[NesterovSolve] Iter: 1330 overflow: 0.530 HPWL: 13948529
[NesterovSolve] Iter: 1340 overflow: 0.522 HPWL: 13732746
[NesterovSolve] Iter: 1350 overflow: 0.503 HPWL: 13265266
[NesterovSolve] Iter: 1360 overflow: 0.499 HPWL: 12853252
[NesterovSolve] Iter: 1370 overflow: 0.471 HPWL: 12251158
[NesterovSolve] Iter: 1380 overflow: 0.438 HPWL: 11766150
[NesterovSolve] Iter: 1390 overflow: 0.392 HPWL: 11532611
[NesterovSolve] Iter: 1400 overflow: 0.315 HPWL: 11603957
[INFO GPL-0075] Routability numCall: 4 inflationIterCnt: 4 bloatIterCnt: 0
[INFO GPL-0036] TileBBox: (    0    0 ) ( 6900 6900 ) DBU
[INFO GPL-0038] TileCnt:     102  104
[INFO GPL-0040] NumTiles: 10608
[INFO GPL-0081] TotalRouteOverflow: 2.223256826400757
[INFO GPL-0082] OverflowTileCnt: 828
[INFO GPL-0083] 0.5%RC: 1.011007253770475
[INFO GPL-0084] 1.0%RC: 1.0068278992287467
[INFO GPL-0085] 2.0%RC: 1.004552402966459
[INFO GPL-0086] 5.0%RC: 1.0031768204802174
[INFO GPL-0087] FinalRC: 1.0089176
[INFO GPL-0077] FinalRC lower than targetRC(1.01), routability not needed.
[NesterovSolve] Iter: 1410 overflow: 0.247 HPWL: 11777207
[NesterovSolve] Iter: 1420 overflow: 0.221 HPWL: 11811602
[NesterovSolve] Iter: 1430 overflow: 0.197 HPWL: 11574736
[NesterovSolve] Iter: 1440 overflow: 0.172 HPWL: 11521017
[NesterovSolve] Iter: 1450 overflow: 0.150 HPWL: 11573966
[NesterovSolve] Iter: 1460 overflow: 0.133 HPWL: 11690946
[NesterovSolve] Iter: 1470 overflow: 0.118 HPWL: 11806358
[NesterovSolve] Iter: 1480 overflow: 0.105 HPWL: 11900297
[NesterovSolve] Finished with Overflow: 0.098994
[INFO] Setting RC values…
Setting global connections for newly added cells…
[INFO] Setting global connections...
sram0 matched with sram0
Updating metrics…
Cell type report:                       Count       Area
  Macro                                     1  190712.55
  Fill cell                               822    3085.46
  Tap cell                               5156    6451.19
  Inverter                                 85     319.06
  Sequential cell                          74    1944.36
  Multi-Input combinational cell          239    2184.60
  Total                                  6377  204697.21
Writing OpenROAD database to '/home/minhnd/projects/CLA32_Floorplanning/runs/acc32_sram_v10/27-openroad-globalplacement/acc32_sram.odb'…
Writing netlist to '/home/minhnd/projects/CLA32_Floorplanning/runs/acc32_sram_v10/27-openroad-globalplacement/acc32_sram.nl.v'…
Writing powered netlist to '/home/minhnd/projects/CLA32_Floorplanning/runs/acc32_sram_v10/27-openroad-globalplacement/acc32_sram.pnl.v'…
Writing layout to '/home/minhnd/projects/CLA32_Floorplanning/runs/acc32_sram_v10/27-openroad-globalplacement/acc32_sram.def'…
Writing timing constraints to '/home/minhnd/projects/CLA32_Floorplanning/runs/acc32_sram_v10/27-openroad-globalplacement/acc32_sram.sdc'…
