
===========================================================================
report_checks -unconstrained
===========================================================================
======================= min_ff_n40C_1v95 Corner ===================================

Startpoint: rst (input port clocked by clk)
Endpoint: _648_ (recovery check against rising-edge clock clk)
Path Group: asynchronous
Path Type: max

Fanout         Cap        Slew       Delay        Time   Description
---------------------------------------------------------------------------------------------
                                  0.000000    0.000000   clock clk (rise edge)
                                  0.000000    0.000000   clock network delay (propagated)
                                 10.000000   10.000000 v input external delay
     1    0.002877    0.004841    0.002331   10.002331 v rst (in)
                                                         rst (net)
                      0.004841    0.000000   10.002331 v input1/A (sky130_fd_sc_hd__clkbuf_1)
     1    0.005137    0.026492    0.054273   10.056603 v input1/X (sky130_fd_sc_hd__clkbuf_1)
                                                         net1 (net)
                      0.026492    0.000115   10.056719 v wire672/A (sky130_fd_sc_hd__clkbuf_1)
     1    0.005847    0.029231    0.064570   10.121289 v wire672/X (sky130_fd_sc_hd__clkbuf_1)
                                                         net672 (net)
                      0.029232    0.000152   10.121441 v fanout671/A (sky130_fd_sc_hd__buf_4)
     8    0.082433    0.079411    0.138861   10.260303 v fanout671/X (sky130_fd_sc_hd__buf_4)
                                                         net671 (net)
                      0.081427    0.009974   10.270276 v fanout666/A (sky130_fd_sc_hd__buf_4)
     9    0.052384    0.057350    0.145891   10.416168 v fanout666/X (sky130_fd_sc_hd__buf_4)
                                                         net666 (net)
                      0.057353    0.000432   10.416599 v _574_/A (sky130_fd_sc_hd__inv_2)
     1    0.010102    0.041689    0.055695   10.472295 ^ _574_/Y (sky130_fd_sc_hd__inv_2)
                                                         _056_ (net)
                      0.041689    0.000124   10.472419 ^ _648_/RESET_B (sky130_fd_sc_hd__dfrtp_1)
                                             10.472419   data arrival time

                                 50.000000   50.000000   clock clk (rise edge)
                                  0.000000   50.000000   clock source latency
     1    0.030705    0.107207    0.074017   50.074017 ^ clk (in)
                                                         clk (net)
                      0.107216    0.000000   50.074017 ^ clkbuf_0_clk/A (sky130_fd_sc_hd__clkbuf_16)
     8    0.131038    0.111256    0.166018   50.240032 ^ clkbuf_0_clk/X (sky130_fd_sc_hd__clkbuf_16)
                                                         clknet_0_clk (net)
                      0.111305    0.001908   50.241943 ^ clkbuf_3_6__f_clk/A (sky130_fd_sc_hd__clkbuf_16)
    12    0.045407    0.049630    0.121869   50.363811 ^ clkbuf_3_6__f_clk/X (sky130_fd_sc_hd__clkbuf_16)
                                                         clknet_3_6__leaf_clk (net)
                      0.049632    0.000320   50.364132 ^ _648_/CLK (sky130_fd_sc_hd__dfrtp_1)
                                 -0.250000   50.114128   clock uncertainty
                                  0.000000   50.114128   clock reconvergence pessimism
                                  0.144456   50.258587   library recovery time
                                             50.258587   data required time
---------------------------------------------------------------------------------------------
                                             50.258587   data required time
                                            -10.472419   data arrival time
---------------------------------------------------------------------------------------------
                                             39.786167   slack (MET)


Startpoint: sram0 (falling edge-triggered flip-flop clocked by clk)
Endpoint: _607_ (rising edge-triggered flip-flop clocked by clk)
Path Group: clk
Path Type: max

Fanout         Cap        Slew       Delay        Time   Description
---------------------------------------------------------------------------------------------
                                 25.000000   25.000000   clock clk (fall edge)
                                  0.000000   25.000000   clock source latency
     1    0.029742    0.046736    0.032145   25.032145 v clk (in)
                                                         clk (net)
                      0.046753    0.000000   25.032145 v clkbuf_0_clk/A (sky130_fd_sc_hd__clkbuf_16)
     8    0.123334    0.070136    0.146079   25.178223 v clkbuf_0_clk/X (sky130_fd_sc_hd__clkbuf_16)
                                                         clknet_0_clk (net)
                      0.070795    0.005278   25.183500 v clkbuf_3_2__f_clk/A (sky130_fd_sc_hd__clkbuf_16)
    10    0.046435    0.037633    0.128297   25.311798 v clkbuf_3_2__f_clk/X (sky130_fd_sc_hd__clkbuf_16)
                                                         clknet_3_2__leaf_clk (net)
                      0.050197    0.000551   25.312349 v sram0/clk0 (sky130_sram_1kbyte_1rw1r_32x256_8)
     2    0.014955    0.009292    0.413259   25.725607 v sram0/dout0[5] (sky130_sram_1kbyte_1rw1r_32x256_8)
                                                         dout0[5] (net)
                      0.006969    0.000288   25.725895 v _607_/D (sky130_fd_sc_hd__dfrtp_1)
                                             25.725895   data arrival time

                                 50.000000   50.000000   clock clk (rise edge)
                                  0.000000   50.000000   clock source latency
     1    0.030705    0.107207    0.074017   50.074017 ^ clk (in)
                                                         clk (net)
                      0.107216    0.000000   50.074017 ^ clkbuf_0_clk/A (sky130_fd_sc_hd__clkbuf_16)
     8    0.131038    0.111256    0.166018   50.240032 ^ clkbuf_0_clk/X (sky130_fd_sc_hd__clkbuf_16)
                                                         clknet_0_clk (net)
                      0.111410    0.003343   50.243378 ^ clkbuf_3_1__f_clk/A (sky130_fd_sc_hd__clkbuf_16)
     9    0.040367    0.046128    0.119154   50.362530 ^ clkbuf_3_1__f_clk/X (sky130_fd_sc_hd__clkbuf_16)
                                                         clknet_3_1__leaf_clk (net)
                      0.046134    0.000458   50.362991 ^ _607_/CLK (sky130_fd_sc_hd__dfrtp_1)
                                 -0.250000   50.112988   clock uncertainty
                                  0.000000   50.112988   clock reconvergence pessimism
                                 -0.062150   50.050838   library setup time
                                             50.050838   data required time
---------------------------------------------------------------------------------------------
                                             50.050838   data required time
                                            -25.725895   data arrival time
---------------------------------------------------------------------------------------------
                                             24.324944   slack (MET)




===========================================================================
report_checks --slack_max -0.01
============================================================================
======================= min_ff_n40C_1v95 Corner ===================================

No paths found.


===========================================================================
 report_check_types -max_slew -max_cap -max_fanout -violators
============================================================================
======================= min_ff_n40C_1v95 Corner ===================================

max slew

Pin                                        Limit        Slew       Slack
------------------------------------------------------------------------
sram0/addr0[1]                          0.040000    0.187499   -0.147499 (VIOLATED)
sram0/addr0[2]                          0.040000    0.170316   -0.130316 (VIOLATED)
sram0/addr0[3]                          0.040000    0.156973   -0.116973 (VIOLATED)
sram0/addr0[0]                          0.040000    0.148233   -0.108233 (VIOLATED)
sram0/addr0[7]                          0.040000    0.121813   -0.081813 (VIOLATED)
sram0/addr0[6]                          0.040000    0.120432   -0.080432 (VIOLATED)
sram0/addr0[4]                          0.040000    0.112731   -0.072731 (VIOLATED)
sram0/addr0[5]                          0.040000    0.108365   -0.068365 (VIOLATED)
sram0/din0[10]                          0.150000    0.184070   -0.034070 (VIOLATED)
_347_/A                                 0.150000    0.181135   -0.031135 (VIOLATED)
_348_/A1                                0.150000    0.181135   -0.031135 (VIOLATED)
_351_/A1                                0.150000    0.181134   -0.031134 (VIOLATED)
_353_/A                                 0.150000    0.181134   -0.031134 (VIOLATED)
_359_/A                                 0.150000    0.181134   -0.031134 (VIOLATED)
_360_/A1                                0.150000    0.181134   -0.031134 (VIOLATED)
fanout593/X                             0.150000    0.181134   -0.031134 (VIOLATED)
sram0/din0[13]                          0.150000    0.178741   -0.028741 (VIOLATED)
fanout670/A                             0.150000    0.178493   -0.028493 (VIOLATED)
fanout669/A                             0.150000    0.178395   -0.028395 (VIOLATED)
fanout668/A                             0.150000    0.178296   -0.028296 (VIOLATED)
fanout667/A                             0.150000    0.178243   -0.028243 (VIOLATED)
fanout666/A                             0.150000    0.178183   -0.028183 (VIOLATED)
sram0/din0[16]                          0.150000    0.178107   -0.028107 (VIOLATED)
fanout665/A                             0.150000    0.177992   -0.027992 (VIOLATED)
fanout664/A                             0.150000    0.177275   -0.027275 (VIOLATED)
fanout663/A                             0.150000    0.177274   -0.027274 (VIOLATED)
fanout671/X                             0.150000    0.177274   -0.027274 (VIOLATED)
_477_/Y                                 0.150000    0.175079   -0.025079 (VIOLATED)
_478_/B                                 0.150000    0.175079   -0.025079 (VIOLATED)
max_cap98/A                             0.150000    0.175079   -0.025079 (VIOLATED)
sram0/din0[18]                          0.150000    0.173839   -0.023839 (VIOLATED)
sram0/din0[17]                          0.150000    0.166893   -0.016893 (VIOLATED)
sram0/din0[11]                          0.150000    0.165861   -0.015861 (VIOLATED)
sram0/din0[9]                           0.150000    0.163452   -0.013452 (VIOLATED)
sram0/din0[8]                           0.150000    0.162972   -0.012972 (VIOLATED)
_351_/Y                                 0.150000    0.162507   -0.012507 (VIOLATED)
_354_/A                                 0.150000    0.162507   -0.012507 (VIOLATED)
max_cap331/A                            0.150000    0.162507   -0.012507 (VIOLATED)
max_cap333/A                            0.150000    0.161882   -0.011882 (VIOLATED)
_348_/Y                                 0.150000    0.161882   -0.011882 (VIOLATED)
_350_/B                                 0.150000    0.161882   -0.011882 (VIOLATED)
fanout592/A                             0.150000    0.161723   -0.011723 (VIOLATED)
max_cap602/A                            0.150000    0.161723   -0.011723 (VIOLATED)
max_cap603/X                            0.150000    0.161723   -0.011723 (VIOLATED)
sram0/din0[19]                          0.150000    0.158775   -0.008775 (VIOLATED)
sram0/din0[20]                          0.150000    0.157739   -0.007739 (VIOLATED)
max_cap543/A                            0.150000    0.156898   -0.006898 (VIOLATED)
_344_/B1                                0.150000    0.156898   -0.006898 (VIOLATED)
wire544/X                               0.150000    0.156898   -0.006898 (VIOLATED)
fanout596/A                             0.150000    0.156093   -0.006093 (VIOLATED)
fanout595/A                             0.150000    0.156083   -0.006083 (VIOLATED)
_433_/A                                 0.150000    0.156075   -0.006075 (VIOLATED)
_432_/A1                                0.150000    0.156073   -0.006073 (VIOLATED)
_437_/A                                 0.150000    0.156070   -0.006070 (VIOLATED)
_436_/A1                                0.150000    0.156070   -0.006070 (VIOLATED)
fanout594/A                             0.150000    0.156068   -0.006068 (VIOLATED)
fanout597/X                             0.150000    0.156068   -0.006068 (VIOLATED)
_428_/A                                 0.150000    0.155870   -0.005870 (VIOLATED)
_427_/A1                                0.150000    0.155869   -0.005869 (VIOLATED)
_330_/A1                                0.150000    0.155855   -0.005855 (VIOLATED)
_329_/A                                 0.150000    0.155853   -0.005853 (VIOLATED)
_332_/A1                                0.150000    0.155848   -0.005848 (VIOLATED)
_334_/A                                 0.150000    0.155848   -0.005848 (VIOLATED)
_327_/A                                 0.150000    0.155847   -0.005847 (VIOLATED)
_341_/A                                 0.150000    0.155837   -0.005837 (VIOLATED)
_326_/A1                                0.150000    0.155837   -0.005837 (VIOLATED)
_342_/A1                                0.150000    0.155837   -0.005837 (VIOLATED)
fanout594/X                             0.150000    0.155836   -0.005836 (VIOLATED)
sram0/din0[3]                           0.150000    0.154183   -0.004183 (VIOLATED)
sram0/din0[7]                           0.150000    0.153449   -0.003449 (VIOLATED)
sram0/din0[2]                           0.150000    0.150831   -0.000831 (VIOLATED)
_357_/Y                                 0.150000    0.150035   -0.000035 (VIOLATED)
_419_/B                                 0.150000    0.150035   -0.000035 (VIOLATED)
max_cap134/A                            0.150000    0.150035   -0.000035 (VIOLATED)

max fanout

Pin                                   Limit Fanout  Slack
---------------------------------------------------------
clkbuf_3_5__f_clk/X                      10     15     -5 (VIOLATED)
clkbuf_3_4__f_clk/X                      10     12     -2 (VIOLATED)
clkbuf_3_6__f_clk/X                      10     12     -2 (VIOLATED)



===========================================================================
report_parasitic_annotation -report_unannotated
============================================================================
Found 54 unannotated drivers.
 clkload0/Y
 clkload1/Y
 clkload2/Y
 clkload3/Y
 clkload4/Y
 clkload5/Y
 clkload6/Y
 sram0/dout1[0]
 sram0/dout1[10]
 sram0/dout1[11]
 sram0/dout1[12]
 sram0/dout1[13]
 sram0/dout1[14]
 sram0/dout1[15]
 sram0/dout1[16]
 sram0/dout1[17]
 sram0/dout1[18]
 sram0/dout1[19]
 sram0/dout1[1]
 sram0/dout1[20]
 sram0/dout1[21]
 sram0/dout1[22]
 sram0/dout1[23]
 sram0/dout1[24]
 sram0/dout1[25]
 sram0/dout1[26]
 sram0/dout1[27]
 sram0/dout1[28]
 sram0/dout1[29]
 sram0/dout1[2]
 sram0/dout1[30]
 sram0/dout1[31]
 sram0/dout1[3]
 sram0/dout1[4]
 sram0/dout1[5]
 sram0/dout1[6]
 sram0/dout1[7]
 sram0/dout1[8]
 sram0/dout1[9]
 sram0_673/HI
 sram0_674/HI
 sram0_675/HI
 sram0_676/HI
 sram0_677/HI
 sram0_678/HI
 sram0_679/HI
 sram0_680/HI
 sram0_681/HI
 sram0_682/HI
 sram0_683/LO
 sram0_684/LO
 sram0_685/LO
 sram0_686/LO
 sram0_687/LO
Found 0 partially unannotated drivers.

===========================================================================
max slew violation count 74
max fanout violation count 3
max cap violation count 0
============================================================================

===========================================================================
check_setup -verbose -unconstrained_endpoints -multiple_clock -no_clock -no_input_delay -loops -generated_clocks
===========================================================================
Warning: There is 1 unclocked register/latch pin.
  sram0/clk1
Warning: There are 14 unconstrained endpoints.
  sram0/addr1[0]
  sram0/addr1[1]
  sram0/addr1[2]
  sram0/addr1[3]
  sram0/addr1[4]
  sram0/addr1[5]
  sram0/addr1[6]
  sram0/addr1[7]
  sram0/csb0
  sram0/csb1
  sram0/wmask0[0]
  sram0/wmask0[1]
  sram0/wmask0[2]
  sram0/wmask0[3]
