Clock: clk
Sources: clk 
Generated: no
Virtual: yes
Propagated: no
Period: 50.000000

===========================================================================
report_clock_properties
============================================================================
Clock                   Period          Waveform
----------------------------------------------------
clk                  50.000000    0.000000 25.000000

===========================================================================
report_clock_latency
============================================================================
Clock clk
rise -> rise
    min     max
0.000000 0.000000 source latency
0.362655         network latency _609_/CLK
        0.370170 network latency _599_/CLK
---------------
0.362655 0.370170 latency
        0.007515 skew

fall -> fall
    min     max
0.000000 0.000000 source latency
0.306384         network latency _609_/CLK
        0.312781 network latency _599_/CLK
---------------
0.306384 0.312781 latency
        0.006397 skew



===========================================================================
report_clock_min_period
============================================================================
clk period_min = 14.20 fmax = 70.42
