
===========================================================================
report_checks -unconstrained
===========================================================================
======================= nom_tt_025C_1v80 Corner ===================================

Startpoint: a[1] (input port clocked by __VIRTUAL_CLK__)
Endpoint: sum[30] (output port clocked by __VIRTUAL_CLK__)
Path Group: __VIRTUAL_CLK__
Path Type: max

Fanout         Cap        Slew       Delay        Time   Description
---------------------------------------------------------------------------------------------
                      0.000000    0.000000    0.000000   clock __VIRTUAL_CLK__ (rise edge)
                                  0.000000    0.000000   clock network delay (ideal)
                                  4.000000    4.000000 v input external delay
     1    0.003140    0.009411    0.005016    4.005016 v a[1] (in)
                                                         a[1] (net)
                      0.009412    0.000000    4.005016 v input12/A (sky130_fd_sc_hd__clkbuf_1)
     2    0.004655    0.036076    0.081336    4.086353 v input12/X (sky130_fd_sc_hd__clkbuf_1)
                                                         net12 (net)
                      0.036076    0.000100    4.086452 v _183_/B (sky130_fd_sc_hd__and2_1)
     3    0.008792    0.059513    0.174082    4.260535 v _183_/X (sky130_fd_sc_hd__and2_1)
                                                         _006_ (net)
                      0.059513    0.000133    4.260667 v _189_/A (sky130_fd_sc_hd__nor2_1)
     3    0.011290    0.216266    0.206542    4.467209 ^ _189_/Y (sky130_fd_sc_hd__nor2_1)
                                                         _012_ (net)
                      0.216266    0.000237    4.467446 ^ _206_/A2 (sky130_fd_sc_hd__a211oi_1)
     2    0.005477    0.082933    0.125203    4.592649 v _206_/Y (sky130_fd_sc_hd__a211oi_1)
                                                         _025_ (net)
                      0.082933    0.000140    4.592789 v _209_/A2 (sky130_fd_sc_hd__o31a_2)
     4    0.018887    0.088107    0.386538    4.979328 v _209_/X (sky130_fd_sc_hd__o31a_2)
                                                         _028_ (net)
                      0.088108    0.000500    4.979828 v _236_/A1 (sky130_fd_sc_hd__a211oi_4)
     4    0.018092    0.282442    0.308527    5.288356 ^ _236_/Y (sky130_fd_sc_hd__a211oi_4)
                                                         _051_ (net)
                      0.282443    0.000664    5.289020 ^ _261_/A2 (sky130_fd_sc_hd__o311ai_4)
     4    0.011937    0.106489    0.146055    5.435075 v _261_/Y (sky130_fd_sc_hd__o311ai_4)
                                                         _072_ (net)
                      0.106491    0.000450    5.435525 v _310_/A1 (sky130_fd_sc_hd__a2111o_1)
     3    0.011246    0.100182    0.431832    5.867357 v _310_/X (sky130_fd_sc_hd__a2111o_1)
                                                         _113_ (net)
                      0.100182    0.000326    5.867683 v _333_/A1 (sky130_fd_sc_hd__a211o_1)
     3    0.009472    0.078311    0.310118    6.177801 v _333_/X (sky130_fd_sc_hd__a211o_1)
                                                         _132_ (net)
                      0.078311    0.000227    6.178029 v _364_/A1 (sky130_fd_sc_hd__a21o_1)
     3    0.011254    0.067461    0.200904    6.378932 v _364_/X (sky130_fd_sc_hd__a21o_1)
                                                         _159_ (net)
                      0.067461    0.000386    6.379319 v _370_/A1 (sky130_fd_sc_hd__a311o_1)
     3    0.010269    0.088745    0.309824    6.689143 v _370_/X (sky130_fd_sc_hd__a311o_1)
                                                         _165_ (net)
                      0.088745    0.000300    6.689443 v _374_/A3 (sky130_fd_sc_hd__a31o_1)
     2    0.008594    0.062156    0.257691    6.947134 v _374_/X (sky130_fd_sc_hd__a31o_1)
                                                         _168_ (net)
                      0.062156    0.000153    6.947287 v _375_/B (sky130_fd_sc_hd__xnor2_1)
     1    0.002403    0.108184    0.126364    7.073651 ^ _375_/Y (sky130_fd_sc_hd__xnor2_1)
                                                         net90 (net)
                      0.108184    0.000068    7.073718 ^ output90/A (sky130_fd_sc_hd__buf_2)
     1    0.034726    0.172684    0.222766    7.296484 ^ output90/X (sky130_fd_sc_hd__buf_2)
                                                         sum[30] (net)
                      0.172686    0.000836    7.297320 ^ sum[30] (out)
                                              7.297320   data arrival time

                      0.000000   20.000000   20.000000   clock __VIRTUAL_CLK__ (rise edge)
                                  0.000000   20.000000   clock network delay (ideal)
                                 -0.250000   19.750002   clock uncertainty
                                  0.000000   19.750002   clock reconvergence pessimism
                                 -4.000000   15.750001   output external delay
                                             15.750001   data required time
---------------------------------------------------------------------------------------------
                                             15.750001   data required time
                                             -7.297320   data arrival time
---------------------------------------------------------------------------------------------
                                              8.452681   slack (MET)




===========================================================================
report_checks --slack_max -0.01
============================================================================
======================= nom_tt_025C_1v80 Corner ===================================

No paths found.


===========================================================================
 report_check_types -max_slew -max_cap -max_fanout -violators
============================================================================
======================= nom_tt_025C_1v80 Corner ===================================



===========================================================================
report_parasitic_annotation -report_unannotated
============================================================================
Found 0 unannotated drivers.
Found 0 partially unannotated drivers.

===========================================================================
max slew violation count 0
max fanout violation count 0
max cap violation count 0
============================================================================

===========================================================================
check_setup -verbose -unconstrained_endpoints -multiple_clock -no_clock -no_input_delay -loops -generated_clocks
===========================================================================
