Reading OpenROAD database at '/home/minhnd/projects/CLA32_Floorplanning/runs/cla32_util60/20-openroad-generatepdn/cla32.odb'…
Reading library file at '/home/minhnd/.volare/volare/sky130/versions/0fe599b2afb6708d281543108caf8310912f54af/sky130A/libs.ref/sky130_fd_sc_hd/lib/sky130_fd_sc_hd__tt_025C_1v80.lib'…
Reading design constraints file at '/nix/store/ss2cw3sxbrwwx9jl0rrppbw4kgcmgi2n-python3-3.11.9-env/lib/python3.11/site-packages/openlane/scripts/base.sdc'…
[WARNING STA-0366] port '__VIRTUAL_CLK__' not found.
[INFO] Using clock __VIRTUAL_CLK__…
[INFO] Setting output delay to: 4
[INFO] Setting input delay to: 4
[WARNING STA-0366] port '__VIRTUAL_CLK__' not found.
[INFO] Setting load to: 0.033442
[INFO] Setting clock uncertainty to: 0.25
[INFO] Setting clock transition to: 0.1499999999999999944488848768742172978818416595458984375
[WARNING STA-0419] transition time can not be specified for virtual clocks.
[INFO] Setting timing derate to: 5%
[WARNING STA-0450] virtual clock __VIRTUAL_CLK__ can not be propagated.
+ global_placement -density 0.730833 -skip_io -pad_right 0 -pad_left 0 -init_wirelength_coef 0.25
[INFO GPL-0002] DBU: 1000
[INFO GPL-0003] SiteSize: (  0.460  2.720 ) um
[INFO GPL-0004] CoreBBox: (  5.520 10.880 ) ( 60.720 65.280 ) um
[INFO GPL-0006] NumInstances:               293
[INFO GPL-0007] NumPlaceInstances:          209
[INFO GPL-0008] NumFixedInstances:           84
[INFO GPL-0009] NumDummyInstances:            0
[INFO GPL-0010] NumNets:                    274
[INFO GPL-0011] NumPins:                    723
[INFO GPL-0012] DieBBox:  (  0.000  0.000 ) ( 66.405 77.125 ) um
[INFO GPL-0013] CoreBBox: (  5.520 10.880 ) ( 60.720 65.280 ) um
[INFO GPL-0016] CoreArea:              3002.880 um^2
[INFO GPL-0017] NonPlaceInstsArea:      205.197 um^2
[INFO GPL-0018] PlaceInstsArea:        1839.264 um^2
[INFO GPL-0019] Util:                    65.742 %
[INFO GPL-0020] StdInstsArea:          1839.264 um^2
[INFO GPL-0021] MacroInstsArea:           0.000 um^2
[INFO GPL-0031] FillerInit:NumGCells:       233
[INFO GPL-0032] FillerInit:NumGNets:        274
[INFO GPL-0033] FillerInit:NumGPins:        723
[INFO GPL-0023] TargetDensity:            0.731
[INFO GPL-0024] AvrgPlaceInstArea:        8.800 um^2
[INFO GPL-0025] IdealBinArea:            12.041 um^2
[INFO GPL-0026] IdealBinCnt:                249
[INFO GPL-0027] TotalBinArea:          3002.880 um^2
[INFO GPL-0028] BinCnt:         8      8
[INFO GPL-0029] BinSize: (  6.900  6.800 )
[INFO GPL-0030] NumBins: 64
[NesterovSolve] Iter:    1 overflow: 0.927 HPWL: 444358
[NesterovSolve] Iter:   10 overflow: 0.925 HPWL: 279112
[NesterovSolve] Iter:   20 overflow: 0.925 HPWL: 277723
[NesterovSolve] Iter:   30 overflow: 0.923 HPWL: 276173
[NesterovSolve] Iter:   40 overflow: 0.921 HPWL: 275157
[NesterovSolve] Iter:   50 overflow: 0.916 HPWL: 274693
[NesterovSolve] Iter:   60 overflow: 0.906 HPWL: 274299
[NesterovSolve] Iter:   70 overflow: 0.886 HPWL: 274352
[NesterovSolve] Iter:   80 overflow: 0.860 HPWL: 275234
[NesterovSolve] Iter:   90 overflow: 0.853 HPWL: 277248
[NesterovSolve] Iter:  100 overflow: 0.852 HPWL: 281752
[NesterovSolve] Iter:  110 overflow: 0.835 HPWL: 290096
[NesterovSolve] Iter:  120 overflow: 0.788 HPWL: 304483
[NesterovSolve] Iter:  130 overflow: 0.748 HPWL: 318913
[NesterovSolve] Iter:  140 overflow: 0.727 HPWL: 332534
[NesterovSolve] Iter:  150 overflow: 0.700 HPWL: 341083
[NesterovSolve] Iter:  160 overflow: 0.678 HPWL: 347875
[NesterovSolve] Iter:  170 overflow: 0.648 HPWL: 363862
[NesterovSolve] Iter:  180 overflow: 0.614 HPWL: 416181
[NesterovSolve] Iter:  190 overflow: 0.520 HPWL: 508589
[NesterovSolve] Iter:  200 overflow: 0.449 HPWL: 556857
[NesterovSolve] Iter:  210 overflow: 0.455 HPWL: 547939
[NesterovSolve] Iter:  220 overflow: 0.436 HPWL: 563398
[NesterovSolve] Iter:  230 overflow: 0.427 HPWL: 587200
[NesterovSolve] Iter:  240 overflow: 0.397 HPWL: 622515
[NesterovSolve] Iter:  250 overflow: 0.341 HPWL: 686784
[NesterovSolve] Iter:  260 overflow: 0.310 HPWL: 721031
[NesterovSolve] Iter:  270 overflow: 0.276 HPWL: 765561
[NesterovSolve] Iter:  280 overflow: 0.251 HPWL: 785081
[NesterovSolve] Iter:  290 overflow: 0.226 HPWL: 829873
[NesterovSolve] Iter:  300 overflow: 0.208 HPWL: 875913
[NesterovSolve] Iter:  310 overflow: 0.180 HPWL: 904302
[NesterovSolve] Iter:  320 overflow: 0.148 HPWL: 918885
[NesterovSolve] Iter:  330 overflow: 0.108 HPWL: 929913
[NesterovSolve] Finished with Overflow: 0.099102
[INFO] Setting RC values…
Setting global connections for newly added cells…
[INFO] Setting global connections...
Updating metrics…
Cell type report:                       Count       Area
  Fill cell                                40     150.14
  Tap cell                                 44      55.05
  Inverter                                  4      15.01
  Multi-Input combinational cell          205    1824.25
  Total                                   293    2044.46
Writing OpenROAD database to '/home/minhnd/projects/CLA32_Floorplanning/runs/cla32_util60/23-openroad-globalplacementskipio/cla32.odb'…
Writing netlist to '/home/minhnd/projects/CLA32_Floorplanning/runs/cla32_util60/23-openroad-globalplacementskipio/cla32.nl.v'…
Writing powered netlist to '/home/minhnd/projects/CLA32_Floorplanning/runs/cla32_util60/23-openroad-globalplacementskipio/cla32.pnl.v'…
Writing layout to '/home/minhnd/projects/CLA32_Floorplanning/runs/cla32_util60/23-openroad-globalplacementskipio/cla32.def'…
Writing timing constraints to '/home/minhnd/projects/CLA32_Floorplanning/runs/cla32_util60/23-openroad-globalplacementskipio/cla32.sdc'…
