Clock: clk
Sources: clk 
Generated: no
Virtual: yes
Propagated: no
Period: 20.000000

===========================================================================
report_clock_properties
============================================================================
Clock                   Period          Waveform
----------------------------------------------------
clk                  20.000000    0.000000 10.000000

===========================================================================
report_clock_latency
============================================================================
Clock clk
rise -> rise
    min     max
0.000000 0.000000 source latency
0.349127         network latency _461_/CLK
        0.352783 network latency _446_/CLK
---------------
0.349127 0.352783 latency
        0.003656 skew

fall -> fall
    min     max
0.000000 0.000000 source latency
0.331222         network latency _461_/CLK
        0.334681 network latency _446_/CLK
---------------
0.331222 0.334681 latency
        0.003459 skew



===========================================================================
report_clock_min_period
============================================================================
clk period_min = 3.82 fmax = 261.89
