Clock: clk
Sources: clk 
Generated: no
Virtual: yes
Propagated: no
Period: 20.000000

===========================================================================
report_clock_properties
============================================================================
Clock                   Period          Waveform
----------------------------------------------------
clk                  20.000000    0.000000 10.000000

===========================================================================
report_clock_latency
============================================================================
Clock clk
rise -> rise
    min     max
0.000000 0.000000 source latency
0.239039         network latency _452_/CLK
        0.241426 network latency _458_/CLK
---------------
0.239039 0.241426 latency
        0.002387 skew

fall -> fall
    min     max
0.000000 0.000000 source latency
0.224372         network latency _452_/CLK
        0.226471 network latency _458_/CLK
---------------
0.224372 0.226471 latency
        0.002100 skew



===========================================================================
report_clock_min_period
============================================================================
clk period_min = 2.38 fmax = 420.01
