Reading OpenROAD database at '/home/minhnd/projects/CLA32_Floorplanning/runs/cla32_pdn_narrow/36-openroad-resizertimingpostcts/cla32.odb'…
Reading library file at '/home/minhnd/.volare/volare/sky130/versions/0fe599b2afb6708d281543108caf8310912f54af/sky130A/libs.ref/sky130_fd_sc_hd/lib/sky130_fd_sc_hd__tt_025C_1v80.lib'…
Reading design constraints file at '/nix/store/ss2cw3sxbrwwx9jl0rrppbw4kgcmgi2n-python3-3.11.9-env/lib/python3.11/site-packages/openlane/scripts/base.sdc'…
[WARNING STA-0366] port '__VIRTUAL_CLK__' not found.
[INFO] Using clock __VIRTUAL_CLK__…
[INFO] Setting output delay to: 4
[INFO] Setting input delay to: 4
[WARNING STA-0366] port '__VIRTUAL_CLK__' not found.
[INFO] Setting load to: 0.033442
[INFO] Setting clock uncertainty to: 0.25
[INFO] Setting clock transition to: 0.1499999999999999944488848768742172978818416595458984375
[WARNING STA-0419] transition time can not be specified for virtual clocks.
[INFO] Setting timing derate to: 5%
[WARNING STA-0450] virtual clock __VIRTUAL_CLK__ can not be propagated.
[WARNING STA-0450] virtual clock __VIRTUAL_CLK__ can not be propagated.
[INFO] Setting signal min routing layer to: met1 and clock min routing layer to met1. 
[INFO] Setting signal max routing layer to: met5 and clock max routing layer to met5. 
-congestion_iterations 50 -verbose
[INFO GRT-0020] Min routing layer: met1
[INFO GRT-0021] Max routing layer: met5
[INFO GRT-0022] Global adjustment: 30%
[INFO GRT-0023] Grid origin: (0, 0)
[INFO GRT-0043] No OR_DEFAULT vias defined.
[INFO GRT-0088] Layer li1     Track-Pitch = 0.4600  line-2-Via Pitch: 0.3400
[INFO GRT-0088] Layer met1    Track-Pitch = 0.3400  line-2-Via Pitch: 0.3400
[INFO GRT-0088] Layer met2    Track-Pitch = 0.4600  line-2-Via Pitch: 0.3500
[INFO GRT-0088] Layer met3    Track-Pitch = 0.6800  line-2-Via Pitch: 0.6150
[INFO GRT-0088] Layer met4    Track-Pitch = 0.9200  line-2-Via Pitch: 1.0400
[INFO GRT-0088] Layer met5    Track-Pitch = 3.4000  line-2-Via Pitch: 3.1100
[INFO GRT-0019] Found 0 clock nets.
[INFO GRT-0001] Minimum degree: 2
[INFO GRT-0002] Maximum degree: 6
[INFO GRT-0003] Macros: 0
[INFO GRT-0043] No OR_DEFAULT vias defined.
[INFO GRT-0004] Blockages: 0

[INFO GRT-0053] Routing resources analysis:
          Routing      Original      Derated      Resource
Layer     Direction    Resources     Resources    Reduction (%)
---------------------------------------------------------------
li1        Vertical            0             0          0.00%
met1       Horizontal       2840          1410          50.35%
met2       Vertical         2067          1254          39.33%
met3       Horizontal       1420           910          35.92%
met4       Vertical          846           487          42.43%
met5       Horizontal        284           130          54.23%
---------------------------------------------------------------

[INFO GRT-0197] Via related to pin nodes: 1366
[INFO GRT-0198] Via related Steiner nodes: 5
[INFO GRT-0199] Via filling finished.
[INFO GRT-0111] Final number of vias: 1700
[INFO GRT-0112] Final usage 3D: 5673

[INFO GRT-0096] Final congestion report:
Layer         Resource        Demand        Usage (%)    Max H / Max V / Total Overflow
---------------------------------------------------------------------------------------
li1                  0             0            0.00%             0 /  0 /  0
met1              1410           251           17.80%             0 /  0 /  0
met2              1254           298           23.76%             0 /  0 /  0
met3               910            24            2.64%             0 /  0 /  0
met4               487             0            0.00%             0 /  0 /  0
met5               130             0            0.00%             0 /  0 /  0
---------------------------------------------------------------------------------------
Total             4191           573           13.67%             0 /  0 /  0

[INFO GRT-0018] Total wirelength: 7376 um
[INFO GRT-0014] Routed nets: 372
%OL_CREATE_REPORT antenna.rpt
[INFO GRT-0043] No OR_DEFAULT vias defined.
[INFO ANT-0002] Found 0 net violations.
[INFO ANT-0001] Found 0 pin violations.
%OL_END_REPORT
[INFO] Setting RC values…
Setting global connections for newly added cells…
[INFO] Setting global connections...
Updating metrics…
Cell type report:                       Count       Area
  Fill cell                                48     180.17
  Tap cell                                 65      81.33
  Timing Repair Buffer                     98     409.14
  Inverter                                  4      15.01
  Multi-Input combinational cell          205    1325.02
  Total                                   420    2010.68
Writing OpenROAD database to '/home/minhnd/projects/CLA32_Floorplanning/runs/cla32_pdn_narrow/38-openroad-globalrouting/cla32.odb'…
Writing layout to '/home/minhnd/projects/CLA32_Floorplanning/runs/cla32_pdn_narrow/38-openroad-globalrouting/cla32.def'…
