Clock: clk
Sources: clk 
Generated: no
Virtual: yes
Propagated: no
Period: 20.000000

===========================================================================
report_clock_properties
============================================================================
Clock                   Period          Waveform
----------------------------------------------------
clk                  20.000000    0.000000 10.000000

===========================================================================
report_clock_latency
============================================================================
Clock clk
rise -> rise
    min     max
0.000000 0.000000 source latency
0.246956         network latency _461_/CLK
        0.250951 network latency _446_/CLK
---------------
0.246956 0.250951 latency
        0.003995 skew

fall -> fall
    min     max
0.000000 0.000000 source latency
0.229474         network latency _461_/CLK
        0.232980 network latency _446_/CLK
---------------
0.229474 0.232980 latency
        0.003506 skew



===========================================================================
report_clock_min_period
============================================================================
clk period_min = 2.45 fmax = 407.51
