Clock: clk
Sources: clk 
Generated: no
Virtual: yes
Propagated: no
Period: 20.000000

===========================================================================
report_clock_properties
============================================================================
Clock                   Period          Waveform
----------------------------------------------------
clk                  20.000000    0.000000 10.000000

===========================================================================
report_clock_latency
============================================================================
Clock clk
rise -> rise
    min     max
0.000000 0.000000 source latency
0.604651         network latency _461_/CLK
        0.610307 network latency _446_/CLK
---------------
0.604651 0.610307 latency
        0.005656 skew

fall -> fall
    min     max
0.000000 0.000000 source latency
0.590764         network latency _461_/CLK
        0.595644 network latency _446_/CLK
---------------
0.590764 0.595644 latency
        0.004880 skew



===========================================================================
report_clock_min_period
============================================================================
clk period_min = 7.47 fmax = 133.88
