
===========================================================================
report_checks -unconstrained
===========================================================================
======================= min_tt_025C_1v80 Corner ===================================

Startpoint: a[1] (input port clocked by __VIRTUAL_CLK__)
Endpoint: sum[30] (output port clocked by __VIRTUAL_CLK__)
Path Group: __VIRTUAL_CLK__
Path Type: max

Fanout         Cap        Slew       Delay        Time   Description
---------------------------------------------------------------------------------------------
                      0.000000    0.000000    0.000000   clock __VIRTUAL_CLK__ (rise edge)
                                  0.000000    0.000000   clock network delay (ideal)
                                  4.000000    4.000000 v input external delay
     1    0.003073    0.009264    0.004885    4.004885 v a[1] (in)
                                                         a[1] (net)
                      0.009264    0.000000    4.004885 v input12/A (sky130_fd_sc_hd__clkbuf_1)
     2    0.004558    0.035548    0.080871    4.085756 v input12/X (sky130_fd_sc_hd__clkbuf_1)
                                                         net12 (net)
                      0.035548    0.000036    4.085792 v _183_/B (sky130_fd_sc_hd__and2_1)
     3    0.008587    0.058761    0.172984    4.258777 v _183_/X (sky130_fd_sc_hd__and2_1)
                                                         _006_ (net)
                      0.058761    0.000040    4.258817 v _189_/A (sky130_fd_sc_hd__nor2_1)
     3    0.011089    0.217358    0.203907    4.462724 ^ _189_/Y (sky130_fd_sc_hd__nor2_1)
                                                         _012_ (net)
                      0.217358    0.000089    4.462812 ^ _206_/A2 (sky130_fd_sc_hd__a211oi_1)
     2    0.005383    0.082595    0.124923    4.587736 v _206_/Y (sky130_fd_sc_hd__a211oi_1)
                                                         _025_ (net)
                      0.082595    0.000052    4.587788 v _209_/A2 (sky130_fd_sc_hd__o31a_2)
     4    0.018663    0.087528    0.385954    4.973742 v _209_/X (sky130_fd_sc_hd__o31a_2)
                                                         _028_ (net)
                      0.087528    0.000200    4.973943 v _236_/A1 (sky130_fd_sc_hd__a211oi_4)
     4    0.017871    0.280516    0.306784    5.280727 ^ _236_/Y (sky130_fd_sc_hd__a211oi_4)
                                                         _051_ (net)
                      0.280516    0.000303    5.281030 ^ _261_/A2 (sky130_fd_sc_hd__o311ai_4)
     4    0.011561    0.105300    0.144806    5.425836 v _261_/Y (sky130_fd_sc_hd__o311ai_4)
                                                         _072_ (net)
                      0.105300    0.000234    5.426070 v _310_/A1 (sky130_fd_sc_hd__a2111o_1)
     3    0.010778    0.098200    0.429159    5.855229 v _310_/X (sky130_fd_sc_hd__a2111o_1)
                                                         _113_ (net)
                      0.098200    0.000178    5.855407 v _333_/A1 (sky130_fd_sc_hd__a211o_1)
     3    0.009209    0.077241    0.307974    6.163381 v _333_/X (sky130_fd_sc_hd__a211o_1)
                                                         _132_ (net)
                      0.077241    0.000093    6.163474 v _364_/A1 (sky130_fd_sc_hd__a21o_1)
     3    0.010809    0.065647    0.198964    6.362437 v _364_/X (sky130_fd_sc_hd__a21o_1)
                                                         _159_ (net)
                      0.065647    0.000206    6.362644 v _370_/A1 (sky130_fd_sc_hd__a311o_1)
     3    0.009898    0.087134    0.307469    6.670113 v _370_/X (sky130_fd_sc_hd__a311o_1)
                                                         _165_ (net)
                      0.087134    0.000146    6.670259 v _374_/A3 (sky130_fd_sc_hd__a31o_1)
     2    0.008393    0.061525    0.256068    6.926327 v _374_/X (sky130_fd_sc_hd__a31o_1)
                                                         _168_ (net)
                      0.061525    0.000047    6.926374 v _375_/B (sky130_fd_sc_hd__xnor2_1)
     1    0.002339    0.108942    0.125123    7.051497 ^ _375_/Y (sky130_fd_sc_hd__xnor2_1)
                                                         net90 (net)
                      0.108942    0.000022    7.051519 ^ output90/A (sky130_fd_sc_hd__buf_2)
     1    0.034624    0.172134    0.222993    7.274512 ^ output90/X (sky130_fd_sc_hd__buf_2)
                                                         sum[30] (net)
                      0.172134    0.000429    7.274940 ^ sum[30] (out)
                                              7.274940   data arrival time

                      0.000000   20.000000   20.000000   clock __VIRTUAL_CLK__ (rise edge)
                                  0.000000   20.000000   clock network delay (ideal)
                                 -0.250000   19.750002   clock uncertainty
                                  0.000000   19.750002   clock reconvergence pessimism
                                 -4.000000   15.750001   output external delay
                                             15.750001   data required time
---------------------------------------------------------------------------------------------
                                             15.750001   data required time
                                             -7.274940   data arrival time
---------------------------------------------------------------------------------------------
                                              8.475060   slack (MET)




===========================================================================
report_checks --slack_max -0.01
============================================================================
======================= min_tt_025C_1v80 Corner ===================================

No paths found.


===========================================================================
 report_check_types -max_slew -max_cap -max_fanout -violators
============================================================================
======================= min_tt_025C_1v80 Corner ===================================



===========================================================================
report_parasitic_annotation -report_unannotated
============================================================================
Found 0 unannotated drivers.
Found 0 partially unannotated drivers.

===========================================================================
max slew violation count 0
max fanout violation count 0
max cap violation count 0
============================================================================

===========================================================================
check_setup -verbose -unconstrained_endpoints -multiple_clock -no_clock -no_input_delay -loops -generated_clocks
===========================================================================
