
===========================================================================
report_checks -unconstrained
===========================================================================
======================= max_ss_100C_1v60 Corner ===================================

Startpoint: b[3] (input port clocked by __VIRTUAL_CLK__)
Endpoint: cout (output port clocked by __VIRTUAL_CLK__)
Path Group: __VIRTUAL_CLK__
Path Type: max

Fanout         Cap        Slew       Delay        Time   Description
---------------------------------------------------------------------------------------------
                      0.000000    0.000000    0.000000   clock __VIRTUAL_CLK__ (rise edge)
                                  0.000000    0.000000   clock network delay (ideal)
                                  4.000000    4.000000 v input external delay
     1    0.002738    0.018219    0.009084    4.009084 v b[3] (in)
                                                         b[3] (net)
                      0.018220    0.000000    4.009084 v input12/A (sky130_fd_sc_hd__clkbuf_1)
     3    0.006469    0.087784    0.168859    4.177943 v input12/X (sky130_fd_sc_hd__clkbuf_1)
                                                         net12 (net)
                      0.087784    0.000353    4.178296 v _40_/A (sky130_fd_sc_hd__or2_1)
     2    0.008577    0.146623    0.565268    4.743564 v _40_/X (sky130_fd_sc_hd__or2_1)
                                                         _01_ (net)
                      0.146623    0.000652    4.744215 v _70_/A1 (sky130_fd_sc_hd__a211o_1)
     1    0.002510    0.082266    0.508210    5.252425 v _70_/X (sky130_fd_sc_hd__a211o_1)
                                                         _27_ (net)
                      0.082266    0.000181    5.252606 v _71_/B1 (sky130_fd_sc_hd__a21oi_1)
     2    0.008845    0.349555    0.330423    5.583030 ^ _71_/Y (sky130_fd_sc_hd__a21oi_1)
                                                         _28_ (net)
                      0.349556    0.000617    5.583647 ^ _74_/A2 (sky130_fd_sc_hd__o31ai_2)
     3    0.011494    0.155409    0.270183    5.853830 v _74_/Y (sky130_fd_sc_hd__o31ai_2)
                                                         _31_ (net)
                      0.155412    0.000761    5.854591 v _81_/A2 (sky130_fd_sc_hd__a21bo_1)
     2    0.008627    0.108228    0.421411    6.276002 v _81_/X (sky130_fd_sc_hd__a21bo_1)
                                                         _37_ (net)
                      0.108228    0.000309    6.276311 v _86_/B1 (sky130_fd_sc_hd__o221a_1)
     1    0.002414    0.087179    0.431813    6.708124 v _86_/X (sky130_fd_sc_hd__o221a_1)
                                                         net18 (net)
                      0.087179    0.000154    6.708278 v output18/A (sky130_fd_sc_hd__buf_2)
     1    0.034080    0.165405    0.351359    7.059636 v output18/X (sky130_fd_sc_hd__buf_2)
                                                         cout (net)
                      0.165419    0.001637    7.061273 v cout (out)
                                              7.061273   data arrival time

                      0.000000   20.000000   20.000000   clock __VIRTUAL_CLK__ (rise edge)
                                  0.000000   20.000000   clock network delay (ideal)
                                 -0.250000   19.750002   clock uncertainty
                                  0.000000   19.750002   clock reconvergence pessimism
                                 -4.000000   15.750001   output external delay
                                             15.750001   data required time
---------------------------------------------------------------------------------------------
                                             15.750001   data required time
                                             -7.061273   data arrival time
---------------------------------------------------------------------------------------------
                                              8.688728   slack (MET)




===========================================================================
report_checks --slack_max -0.01
============================================================================
======================= max_ss_100C_1v60 Corner ===================================

No paths found.


===========================================================================
 report_check_types -max_slew -max_cap -max_fanout -violators
============================================================================
======================= max_ss_100C_1v60 Corner ===================================



===========================================================================
report_parasitic_annotation -report_unannotated
============================================================================
Found 0 unannotated drivers.
Found 0 partially unannotated drivers.

===========================================================================
max slew violation count 0
max fanout violation count 0
max cap violation count 0
============================================================================

===========================================================================
check_setup -verbose -unconstrained_endpoints -multiple_clock -no_clock -no_input_delay -loops -generated_clocks
===========================================================================
