
===========================================================================
report_checks -path_delay max (Setup)
============================================================================
======================= nom_tt_025C_1v80 Corner ===================================

Startpoint: b[3] (input port clocked by __VIRTUAL_CLK__)
Endpoint: cout (output port clocked by __VIRTUAL_CLK__)
Path Group: __VIRTUAL_CLK__
Path Type: max

Fanout         Cap        Slew       Delay        Time   Description
---------------------------------------------------------------------------------------------
                      0.000000    0.000000    0.000000   clock __VIRTUAL_CLK__ (rise edge)
                                  0.000000    0.000000   clock network delay (ideal)
                                  4.000000    4.000000 v input external delay
     1    0.003864    0.011099    0.006243    4.006243 v b[3] (in)
                                                         b[3] (net)
                      0.011104    0.000000    4.006243 v input12/A (sky130_fd_sc_hd__clkbuf_1)
     3    0.007489    0.051086    0.094974    4.101217 v input12/X (sky130_fd_sc_hd__clkbuf_1)
                                                         net12 (net)
                      0.051086    0.000179    4.101395 v _40_/A (sky130_fd_sc_hd__or2_1)
     2    0.007953    0.072450    0.253232    4.354627 v _40_/X (sky130_fd_sc_hd__or2_1)
                                                         _01_ (net)
                      0.072450    0.000146    4.354773 v _70_/A1 (sky130_fd_sc_hd__a211o_1)
     1    0.004208    0.054327    0.268473    4.623246 v _70_/X (sky130_fd_sc_hd__a211o_1)
                                                         _27_ (net)
                      0.054327    0.000158    4.623405 v _71_/B1 (sky130_fd_sc_hd__a21oi_1)
     2    0.009346    0.225820    0.206424    4.829828 ^ _71_/Y (sky130_fd_sc_hd__a21oi_1)
                                                         _28_ (net)
                      0.225821    0.000359    4.830187 ^ _74_/A2 (sky130_fd_sc_hd__o31ai_2)
     3    0.011706    0.079316    0.125282    4.955469 v _74_/Y (sky130_fd_sc_hd__o31ai_2)
                                                         _31_ (net)
                      0.079317    0.000381    4.955849 v _81_/A2 (sky130_fd_sc_hd__a21bo_1)
     2    0.007450    0.054769    0.220187    5.176036 v _81_/X (sky130_fd_sc_hd__a21bo_1)
                                                         _37_ (net)
                      0.054769    0.000108    5.176145 v _86_/B1 (sky130_fd_sc_hd__o221a_1)
     1    0.002293    0.042165    0.217470    5.393614 v _86_/X (sky130_fd_sc_hd__o221a_1)
                                                         net18 (net)
                      0.042165    0.000051    5.393665 v output18/A (sky130_fd_sc_hd__buf_2)
     1    0.034499    0.090141    0.179114    5.572779 v output18/X (sky130_fd_sc_hd__buf_2)
                                                         cout (net)
                      0.090149    0.000902    5.573681 v cout (out)
                                              5.573681   data arrival time

                      0.000000   20.000000   20.000000   clock __VIRTUAL_CLK__ (rise edge)
                                  0.000000   20.000000   clock network delay (ideal)
                                 -0.250000   19.750002   clock uncertainty
                                  0.000000   19.750002   clock reconvergence pessimism
                                 -4.000000   15.750001   output external delay
                                             15.750001   data required time
---------------------------------------------------------------------------------------------
                                             15.750001   data required time
                                             -5.573681   data arrival time
---------------------------------------------------------------------------------------------
                                             10.176320   slack (MET)


Startpoint: b[3] (input port clocked by __VIRTUAL_CLK__)
Endpoint: sum[7] (output port clocked by __VIRTUAL_CLK__)
Path Group: __VIRTUAL_CLK__
Path Type: max

Fanout         Cap        Slew       Delay        Time   Description
---------------------------------------------------------------------------------------------
                      0.000000    0.000000    0.000000   clock __VIRTUAL_CLK__ (rise edge)
                                  0.000000    0.000000   clock network delay (ideal)
                                  4.000000    4.000000 v input external delay
     1    0.003864    0.011099    0.006243    4.006243 v b[3] (in)
                                                         b[3] (net)
                      0.011104    0.000000    4.006243 v input12/A (sky130_fd_sc_hd__clkbuf_1)
     3    0.007489    0.051086    0.094974    4.101217 v input12/X (sky130_fd_sc_hd__clkbuf_1)
                                                         net12 (net)
                      0.051086    0.000179    4.101395 v _40_/A (sky130_fd_sc_hd__or2_1)
     2    0.007953    0.072450    0.253232    4.354627 v _40_/X (sky130_fd_sc_hd__or2_1)
                                                         _01_ (net)
                      0.072450    0.000146    4.354773 v _70_/A1 (sky130_fd_sc_hd__a211o_1)
     1    0.004208    0.054327    0.268473    4.623246 v _70_/X (sky130_fd_sc_hd__a211o_1)
                                                         _27_ (net)
                      0.054327    0.000158    4.623405 v _71_/B1 (sky130_fd_sc_hd__a21oi_1)
     2    0.009346    0.225820    0.206424    4.829828 ^ _71_/Y (sky130_fd_sc_hd__a21oi_1)
                                                         _28_ (net)
                      0.225821    0.000359    4.830187 ^ _74_/A2 (sky130_fd_sc_hd__o31ai_2)
     3    0.011706    0.079316    0.125282    4.955469 v _74_/Y (sky130_fd_sc_hd__o31ai_2)
                                                         _31_ (net)
                      0.079317    0.000382    4.955851 v _77_/A1 (sky130_fd_sc_hd__o211a_1)
     1    0.006074    0.053269    0.247182    5.203033 v _77_/X (sky130_fd_sc_hd__o211a_1)
                                                         _34_ (net)
                      0.053269    0.000188    5.203221 v _78_/B (sky130_fd_sc_hd__xnor2_1)
     1    0.002367    0.107507    0.122234    5.325455 ^ _78_/Y (sky130_fd_sc_hd__xnor2_1)
                                                         net26 (net)
                      0.107507    0.000049    5.325504 ^ output26/A (sky130_fd_sc_hd__buf_2)
     1    0.034381    0.171043    0.221482    5.546987 ^ output26/X (sky130_fd_sc_hd__buf_2)
                                                         sum[7] (net)
                      0.171044    0.000672    5.547659 ^ sum[7] (out)
                                              5.547659   data arrival time

                      0.000000   20.000000   20.000000   clock __VIRTUAL_CLK__ (rise edge)
                                  0.000000   20.000000   clock network delay (ideal)
                                 -0.250000   19.750002   clock uncertainty
                                  0.000000   19.750002   clock reconvergence pessimism
                                 -4.000000   15.750001   output external delay
                                             15.750001   data required time
---------------------------------------------------------------------------------------------
                                             15.750001   data required time
                                             -5.547659   data arrival time
---------------------------------------------------------------------------------------------
                                             10.202342   slack (MET)


Startpoint: b[3] (input port clocked by __VIRTUAL_CLK__)
Endpoint: sum[6] (output port clocked by __VIRTUAL_CLK__)
Path Group: __VIRTUAL_CLK__
Path Type: max

Fanout         Cap        Slew       Delay        Time   Description
---------------------------------------------------------------------------------------------
                      0.000000    0.000000    0.000000   clock __VIRTUAL_CLK__ (rise edge)
                                  0.000000    0.000000   clock network delay (ideal)
                                  4.000000    4.000000 v input external delay
     1    0.003864    0.011099    0.006243    4.006243 v b[3] (in)
                                                         b[3] (net)
                      0.011104    0.000000    4.006243 v input12/A (sky130_fd_sc_hd__clkbuf_1)
     3    0.007489    0.051086    0.094974    4.101217 v input12/X (sky130_fd_sc_hd__clkbuf_1)
                                                         net12 (net)
                      0.051086    0.000179    4.101395 v _40_/A (sky130_fd_sc_hd__or2_1)
     2    0.007953    0.072450    0.253232    4.354627 v _40_/X (sky130_fd_sc_hd__or2_1)
                                                         _01_ (net)
                      0.072450    0.000146    4.354773 v _70_/A1 (sky130_fd_sc_hd__a211o_1)
     1    0.004208    0.054327    0.268473    4.623246 v _70_/X (sky130_fd_sc_hd__a211o_1)
                                                         _27_ (net)
                      0.054327    0.000158    4.623405 v _71_/B1 (sky130_fd_sc_hd__a21oi_1)
     2    0.009346    0.225820    0.206424    4.829828 ^ _71_/Y (sky130_fd_sc_hd__a21oi_1)
                                                         _28_ (net)
                      0.225821    0.000359    4.830187 ^ _74_/A2 (sky130_fd_sc_hd__o31ai_2)
     3    0.011706    0.079316    0.125282    4.955469 v _74_/Y (sky130_fd_sc_hd__o31ai_2)
                                                         _31_ (net)
                      0.079317    0.000381    4.955849 v _81_/A2 (sky130_fd_sc_hd__a21bo_1)
     2    0.007450    0.054769    0.220187    5.176036 v _81_/X (sky130_fd_sc_hd__a21bo_1)
                                                         _37_ (net)
                      0.054769    0.000142    5.176178 v _82_/B (sky130_fd_sc_hd__xnor2_1)
     1    0.002669    0.113243    0.127568    5.303746 ^ _82_/Y (sky130_fd_sc_hd__xnor2_1)
                                                         net25 (net)
                      0.113243    0.000062    5.303808 ^ output25/A (sky130_fd_sc_hd__buf_2)
     1    0.034274    0.170635    0.223023    5.526832 ^ output25/X (sky130_fd_sc_hd__buf_2)
                                                         sum[6] (net)
                      0.170638    0.000988    5.527819 ^ sum[6] (out)
                                              5.527819   data arrival time

                      0.000000   20.000000   20.000000   clock __VIRTUAL_CLK__ (rise edge)
                                  0.000000   20.000000   clock network delay (ideal)
                                 -0.250000   19.750002   clock uncertainty
                                  0.000000   19.750002   clock reconvergence pessimism
                                 -4.000000   15.750001   output external delay
                                             15.750001   data required time
---------------------------------------------------------------------------------------------
                                             15.750001   data required time
                                             -5.527819   data arrival time
---------------------------------------------------------------------------------------------
                                             10.222181   slack (MET)


Startpoint: b[3] (input port clocked by __VIRTUAL_CLK__)
Endpoint: sum[5] (output port clocked by __VIRTUAL_CLK__)
Path Group: __VIRTUAL_CLK__
Path Type: max

Fanout         Cap        Slew       Delay        Time   Description
---------------------------------------------------------------------------------------------
                      0.000000    0.000000    0.000000   clock __VIRTUAL_CLK__ (rise edge)
                                  0.000000    0.000000   clock network delay (ideal)
                                  4.000000    4.000000 v input external delay
     1    0.003864    0.011099    0.006243    4.006243 v b[3] (in)
                                                         b[3] (net)
                      0.011104    0.000000    4.006243 v input12/A (sky130_fd_sc_hd__clkbuf_1)
     3    0.007489    0.051086    0.094974    4.101217 v input12/X (sky130_fd_sc_hd__clkbuf_1)
                                                         net12 (net)
                      0.051086    0.000179    4.101395 v _40_/A (sky130_fd_sc_hd__or2_1)
     2    0.007953    0.072450    0.253232    4.354627 v _40_/X (sky130_fd_sc_hd__or2_1)
                                                         _01_ (net)
                      0.072450    0.000146    4.354773 v _70_/A1 (sky130_fd_sc_hd__a211o_1)
     1    0.004208    0.054327    0.268473    4.623246 v _70_/X (sky130_fd_sc_hd__a211o_1)
                                                         _27_ (net)
                      0.054327    0.000158    4.623405 v _71_/B1 (sky130_fd_sc_hd__a21oi_1)
     2    0.009346    0.225820    0.206424    4.829828 ^ _71_/Y (sky130_fd_sc_hd__a21oi_1)
                                                         _28_ (net)
                      0.225821    0.000359    4.830187 ^ _74_/A2 (sky130_fd_sc_hd__o31ai_2)
     3    0.011706    0.079316    0.125282    4.955469 v _74_/Y (sky130_fd_sc_hd__o31ai_2)
                                                         _31_ (net)
                      0.079317    0.000406    4.955875 v _83_/A (sky130_fd_sc_hd__xnor2_1)
     1    0.002312    0.106462    0.150493    5.106368 ^ _83_/Y (sky130_fd_sc_hd__xnor2_1)
                                                         net24 (net)
                      0.106462    0.000049    5.106417 ^ output24/A (sky130_fd_sc_hd__buf_2)
     1    0.034814    0.173120    0.222301    5.328718 ^ output24/X (sky130_fd_sc_hd__buf_2)
                                                         sum[5] (net)
                      0.173123    0.001009    5.329727 ^ sum[5] (out)
                                              5.329727   data arrival time

                      0.000000   20.000000   20.000000   clock __VIRTUAL_CLK__ (rise edge)
                                  0.000000   20.000000   clock network delay (ideal)
                                 -0.250000   19.750002   clock uncertainty
                                  0.000000   19.750002   clock reconvergence pessimism
                                 -4.000000   15.750001   output external delay
                                             15.750001   data required time
---------------------------------------------------------------------------------------------
                                             15.750001   data required time
                                             -5.329727   data arrival time
---------------------------------------------------------------------------------------------
                                             10.420274   slack (MET)


Startpoint: b[3] (input port clocked by __VIRTUAL_CLK__)
Endpoint: sum[4] (output port clocked by __VIRTUAL_CLK__)
Path Group: __VIRTUAL_CLK__
Path Type: max

Fanout         Cap        Slew       Delay        Time   Description
---------------------------------------------------------------------------------------------
                      0.000000    0.000000    0.000000   clock __VIRTUAL_CLK__ (rise edge)
                                  0.000000    0.000000   clock network delay (ideal)
                                  4.000000    4.000000 v input external delay
     1    0.003864    0.011099    0.006243    4.006243 v b[3] (in)
                                                         b[3] (net)
                      0.011104    0.000000    4.006243 v input12/A (sky130_fd_sc_hd__clkbuf_1)
     3    0.007489    0.051086    0.094974    4.101217 v input12/X (sky130_fd_sc_hd__clkbuf_1)
                                                         net12 (net)
                      0.051086    0.000179    4.101395 v _40_/A (sky130_fd_sc_hd__or2_1)
     2    0.007953    0.072450    0.253232    4.354627 v _40_/X (sky130_fd_sc_hd__or2_1)
                                                         _01_ (net)
                      0.072450    0.000146    4.354773 v _70_/A1 (sky130_fd_sc_hd__a211o_1)
     1    0.004208    0.054327    0.268473    4.623246 v _70_/X (sky130_fd_sc_hd__a211o_1)
                                                         _27_ (net)
                      0.054327    0.000158    4.623405 v _71_/B1 (sky130_fd_sc_hd__a21oi_1)
     2    0.009346    0.225820    0.206424    4.829828 ^ _71_/Y (sky130_fd_sc_hd__a21oi_1)
                                                         _28_ (net)
                      0.225821    0.000298    4.830126 ^ _73_/A (sky130_fd_sc_hd__nor2_1)
     1    0.006248    0.075113    0.100072    4.930198 v _73_/Y (sky130_fd_sc_hd__nor2_1)
                                                         _30_ (net)
                      0.075113    0.000254    4.930452 v _84_/B (sky130_fd_sc_hd__xnor2_1)
     1    0.002664    0.113154    0.135651    5.066103 ^ _84_/Y (sky130_fd_sc_hd__xnor2_1)
                                                         net23 (net)
                      0.113154    0.000061    5.066164 ^ output23/A (sky130_fd_sc_hd__buf_2)
     1    0.034983    0.173942    0.225346    5.291511 ^ output23/X (sky130_fd_sc_hd__buf_2)
                                                         sum[4] (net)
                      0.173945    0.000985    5.292495 ^ sum[4] (out)
                                              5.292495   data arrival time

                      0.000000   20.000000   20.000000   clock __VIRTUAL_CLK__ (rise edge)
                                  0.000000   20.000000   clock network delay (ideal)
                                 -0.250000   19.750002   clock uncertainty
                                  0.000000   19.750002   clock reconvergence pessimism
                                 -4.000000   15.750001   output external delay
                                             15.750001   data required time
---------------------------------------------------------------------------------------------
                                             15.750001   data required time
                                             -5.292495   data arrival time
---------------------------------------------------------------------------------------------
                                             10.457505   slack (MET)


Startpoint: b[0] (input port clocked by __VIRTUAL_CLK__)
Endpoint: sum[3] (output port clocked by __VIRTUAL_CLK__)
Path Group: __VIRTUAL_CLK__
Path Type: max

Fanout         Cap        Slew       Delay        Time   Description
---------------------------------------------------------------------------------------------
                      0.000000    0.000000    0.000000   clock __VIRTUAL_CLK__ (rise edge)
                                  0.000000    0.000000   clock network delay (ideal)
                                  4.000000    4.000000 v input external delay
     1    0.002780    0.008575    0.004411    4.004411 v b[0] (in)
                                                         b[0] (net)
                      0.008576    0.000000    4.004411 v input9/A (sky130_fd_sc_hd__clkbuf_1)
     2    0.005160    0.038755    0.083330    4.087741 v input9/X (sky130_fd_sc_hd__clkbuf_1)
                                                         net9 (net)
                      0.038755    0.000081    4.087822 v _48_/A (sky130_fd_sc_hd__or2_1)
     2    0.005910    0.061949    0.237167    4.324989 v _48_/X (sky130_fd_sc_hd__or2_1)
                                                         _09_ (net)
                      0.061949    0.000135    4.325124 v _50_/A2 (sky130_fd_sc_hd__a21bo_1)
     3    0.010519    0.066351    0.227170    4.552294 v _50_/X (sky130_fd_sc_hd__a21bo_1)
                                                         _11_ (net)
                      0.066351    0.000187    4.552482 v _53_/A1 (sky130_fd_sc_hd__a21oi_1)
     2    0.007941    0.199102    0.198757    4.751239 ^ _53_/Y (sky130_fd_sc_hd__a21oi_1)
                                                         _14_ (net)
                      0.199102    0.000118    4.751357 ^ _54_/A2 (sky130_fd_sc_hd__o21ba_1)
     1    0.005145    0.064439    0.157603    4.908960 ^ _54_/X (sky130_fd_sc_hd__o21ba_1)
                                                         _15_ (net)
                      0.064439    0.000116    4.909076 ^ _55_/B (sky130_fd_sc_hd__xnor2_1)
     1    0.003360    0.126358    0.114279    5.023355 ^ _55_/Y (sky130_fd_sc_hd__xnor2_1)
                                                         net22 (net)
                      0.126358    0.000111    5.023466 ^ output22/A (sky130_fd_sc_hd__buf_2)
     1    0.034429    0.171390    0.228079    5.251545 ^ output22/X (sky130_fd_sc_hd__buf_2)
                                                         sum[3] (net)
                      0.171392    0.000854    5.252400 ^ sum[3] (out)
                                              5.252400   data arrival time

                      0.000000   20.000000   20.000000   clock __VIRTUAL_CLK__ (rise edge)
                                  0.000000   20.000000   clock network delay (ideal)
                                 -0.250000   19.750002   clock uncertainty
                                  0.000000   19.750002   clock reconvergence pessimism
                                 -4.000000   15.750001   output external delay
                                             15.750001   data required time
---------------------------------------------------------------------------------------------
                                             15.750001   data required time
                                             -5.252400   data arrival time
---------------------------------------------------------------------------------------------
                                             10.497602   slack (MET)


Startpoint: b[0] (input port clocked by __VIRTUAL_CLK__)
Endpoint: sum[2] (output port clocked by __VIRTUAL_CLK__)
Path Group: __VIRTUAL_CLK__
Path Type: max

Fanout         Cap        Slew       Delay        Time   Description
---------------------------------------------------------------------------------------------
                      0.000000    0.000000    0.000000   clock __VIRTUAL_CLK__ (rise edge)
                                  0.000000    0.000000   clock network delay (ideal)
                                  4.000000    4.000000 v input external delay
     1    0.002780    0.008575    0.004411    4.004411 v b[0] (in)
                                                         b[0] (net)
                      0.008576    0.000000    4.004411 v input9/A (sky130_fd_sc_hd__clkbuf_1)
     2    0.005160    0.038755    0.083330    4.087741 v input9/X (sky130_fd_sc_hd__clkbuf_1)
                                                         net9 (net)
                      0.038755    0.000081    4.087822 v _48_/A (sky130_fd_sc_hd__or2_1)
     2    0.005910    0.061949    0.237167    4.324989 v _48_/X (sky130_fd_sc_hd__or2_1)
                                                         _09_ (net)
                      0.061949    0.000135    4.325124 v _50_/A2 (sky130_fd_sc_hd__a21bo_1)
     3    0.010519    0.066351    0.227170    4.552294 v _50_/X (sky130_fd_sc_hd__a21bo_1)
                                                         _11_ (net)
                      0.066351    0.000187    4.552482 v _53_/A1 (sky130_fd_sc_hd__a21oi_1)
     2    0.007941    0.199102    0.198757    4.751239 ^ _53_/Y (sky130_fd_sc_hd__a21oi_1)
                                                         _14_ (net)
                      0.199102    0.000133    4.751372 ^ _56_/B (sky130_fd_sc_hd__xnor2_1)
     1    0.002945    0.118477    0.141888    4.893260 ^ _56_/Y (sky130_fd_sc_hd__xnor2_1)
                                                         net21 (net)
                      0.118477    0.000096    4.893356 ^ output21/A (sky130_fd_sc_hd__buf_2)
     1    0.035348    0.175768    0.228157    5.121513 ^ output21/X (sky130_fd_sc_hd__buf_2)
                                                         sum[2] (net)
                      0.175778    0.001513    5.123026 ^ sum[2] (out)
                                              5.123026   data arrival time

                      0.000000   20.000000   20.000000   clock __VIRTUAL_CLK__ (rise edge)
                                  0.000000   20.000000   clock network delay (ideal)
                                 -0.250000   19.750002   clock uncertainty
                                  0.000000   19.750002   clock reconvergence pessimism
                                 -4.000000   15.750001   output external delay
                                             15.750001   data required time
---------------------------------------------------------------------------------------------
                                             15.750001   data required time
                                             -5.123026   data arrival time
---------------------------------------------------------------------------------------------
                                             10.626975   slack (MET)


Startpoint: b[0] (input port clocked by __VIRTUAL_CLK__)
Endpoint: sum[1] (output port clocked by __VIRTUAL_CLK__)
Path Group: __VIRTUAL_CLK__
Path Type: max

Fanout         Cap        Slew       Delay        Time   Description
---------------------------------------------------------------------------------------------
                      0.000000    0.000000    0.000000   clock __VIRTUAL_CLK__ (rise edge)
                                  0.000000    0.000000   clock network delay (ideal)
                                  4.000000    4.000000 v input external delay
     1    0.002780    0.008575    0.004411    4.004411 v b[0] (in)
                                                         b[0] (net)
                      0.008576    0.000000    4.004411 v input9/A (sky130_fd_sc_hd__clkbuf_1)
     2    0.005160    0.038755    0.083330    4.087741 v input9/X (sky130_fd_sc_hd__clkbuf_1)
                                                         net9 (net)
                      0.038755    0.000081    4.087822 v _48_/A (sky130_fd_sc_hd__or2_1)
     2    0.005910    0.061949    0.237167    4.324989 v _48_/X (sky130_fd_sc_hd__or2_1)
                                                         _09_ (net)
                      0.061949    0.000135    4.325124 v _50_/A2 (sky130_fd_sc_hd__a21bo_1)
     3    0.010519    0.066351    0.227170    4.552294 v _50_/X (sky130_fd_sc_hd__a21bo_1)
                                                         _11_ (net)
                      0.066351    0.000183    4.552478 v _57_/A (sky130_fd_sc_hd__xor2_1)
     1    0.002802    0.111635    0.150118    4.702596 ^ _57_/X (sky130_fd_sc_hd__xor2_1)
                                                         net20 (net)
                      0.111635    0.000067    4.702662 ^ output20/A (sky130_fd_sc_hd__buf_2)
     1    0.033808    0.168430    0.220961    4.923623 ^ output20/X (sky130_fd_sc_hd__buf_2)
                                                         sum[1] (net)
                      0.168432    0.000875    4.924498 ^ sum[1] (out)
                                              4.924498   data arrival time

                      0.000000   20.000000   20.000000   clock __VIRTUAL_CLK__ (rise edge)
                                  0.000000   20.000000   clock network delay (ideal)
                                 -0.250000   19.750002   clock uncertainty
                                  0.000000   19.750002   clock reconvergence pessimism
                                 -4.000000   15.750001   output external delay
                                             15.750001   data required time
---------------------------------------------------------------------------------------------
                                             15.750001   data required time
                                             -4.924498   data arrival time
---------------------------------------------------------------------------------------------
                                             10.825502   slack (MET)


Startpoint: b[0] (input port clocked by __VIRTUAL_CLK__)
Endpoint: sum[0] (output port clocked by __VIRTUAL_CLK__)
Path Group: __VIRTUAL_CLK__
Path Type: max

Fanout         Cap        Slew       Delay        Time   Description
---------------------------------------------------------------------------------------------
                      0.000000    0.000000    0.000000   clock __VIRTUAL_CLK__ (rise edge)
                                  0.000000    0.000000   clock network delay (ideal)
                                  4.000000    4.000000 v input external delay
     1    0.002780    0.008575    0.004411    4.004411 v b[0] (in)
                                                         b[0] (net)
                      0.008576    0.000000    4.004411 v input9/A (sky130_fd_sc_hd__clkbuf_1)
     2    0.005160    0.038755    0.083330    4.087741 v input9/X (sky130_fd_sc_hd__clkbuf_1)
                                                         net9 (net)
                      0.038755    0.000081    4.087822 v _48_/A (sky130_fd_sc_hd__or2_1)
     2    0.005910    0.061949    0.237167    4.324989 v _48_/X (sky130_fd_sc_hd__or2_1)
                                                         _09_ (net)
                      0.061949    0.000129    4.325119 v _49_/B (sky130_fd_sc_hd__nand2_1)
     1    0.005782    0.068434    0.087231    4.412349 ^ _49_/Y (sky130_fd_sc_hd__nand2_1)
                                                         _10_ (net)
                      0.068434    0.000209    4.412558 ^ _58_/B (sky130_fd_sc_hd__xnor2_1)
     1    0.003021    0.119889    0.112846    4.525404 ^ _58_/Y (sky130_fd_sc_hd__xnor2_1)
                                                         net19 (net)
                      0.119889    0.000075    4.525480 ^ output19/A (sky130_fd_sc_hd__buf_2)
     1    0.034068    0.169695    0.224845    4.750325 ^ output19/X (sky130_fd_sc_hd__buf_2)
                                                         sum[0] (net)
                      0.169697    0.000902    4.751226 ^ sum[0] (out)
                                              4.751226   data arrival time

                      0.000000   20.000000   20.000000   clock __VIRTUAL_CLK__ (rise edge)
                                  0.000000   20.000000   clock network delay (ideal)
                                 -0.250000   19.750002   clock uncertainty
                                  0.000000   19.750002   clock reconvergence pessimism
                                 -4.000000   15.750001   output external delay
                                             15.750001   data required time
---------------------------------------------------------------------------------------------
                                             15.750001   data required time
                                             -4.751226   data arrival time
---------------------------------------------------------------------------------------------
                                             10.998774   slack (MET)



