
===========================================================================
report_checks -path_delay max (Setup)
============================================================================
======================= nom_tt_025C_1v80 Corner ===================================

Startpoint: b[3] (input port clocked by __VIRTUAL_CLK__)
Endpoint: sum[7] (output port clocked by __VIRTUAL_CLK__)
Path Group: __VIRTUAL_CLK__
Path Type: max

Fanout         Cap        Slew       Delay        Time   Description
---------------------------------------------------------------------------------------------
                      0.000000    0.000000    0.000000   clock __VIRTUAL_CLK__ (rise edge)
                                  0.000000    0.000000   clock network delay (ideal)
                                  4.000000    4.000000 v input external delay
     3    0.007810    0.019708    0.012625    4.012625 v b[3] (in)
                                                         b[3] (net)
                      0.019708    0.000000    4.012625 v _40_/A (sky130_fd_sc_hd__or2_2)
     2    0.006908    0.068173    0.298322    4.310947 v _40_/X (sky130_fd_sc_hd__or2_2)
                                                         _01_ (net)
                      0.068173    0.000008    4.310955 v _70_/A1 (sky130_fd_sc_hd__a211o_2)
     1    0.004558    0.054132    0.303114    4.614069 v _70_/X (sky130_fd_sc_hd__a211o_2)
                                                         _27_ (net)
                      0.054132    0.000009    4.614078 v _71_/B1 (sky130_fd_sc_hd__a21oi_2)
     2    0.010168    0.158768    0.152879    4.766957 ^ _71_/Y (sky130_fd_sc_hd__a21oi_2)
                                                         _28_ (net)
                      0.158768    0.000048    4.767004 ^ _74_/A2 (sky130_fd_sc_hd__o31ai_2)
     3    0.014164    0.090233    0.119219    4.886224 v _74_/Y (sky130_fd_sc_hd__o31ai_2)
                                                         _31_ (net)
                      0.090233    0.000049    4.886273 v _77_/A1 (sky130_fd_sc_hd__o211a_2)
     1    0.008172    0.055580    0.290517    5.176790 v _77_/X (sky130_fd_sc_hd__o211a_2)
                                                         _34_ (net)
                      0.055580    0.000003    5.176794 v _78_/B (sky130_fd_sc_hd__xnor2_2)
     1    0.034050    0.460788    0.373264    5.550057 ^ _78_/Y (sky130_fd_sc_hd__xnor2_2)
                                                         sum[7] (net)
                      0.460788    0.000091    5.550148 ^ sum[7] (out)
                                              5.550148   data arrival time

                      0.000000   20.000000   20.000000   clock __VIRTUAL_CLK__ (rise edge)
                                  0.000000   20.000000   clock network delay (ideal)
                                 -0.250000   19.750002   clock uncertainty
                                  0.000000   19.750002   clock reconvergence pessimism
                                 -4.000000   15.750001   output external delay
                                             15.750001   data required time
---------------------------------------------------------------------------------------------
                                             15.750001   data required time
                                             -5.550148   data arrival time
---------------------------------------------------------------------------------------------
                                             10.199852   slack (MET)


Startpoint: b[3] (input port clocked by __VIRTUAL_CLK__)
Endpoint: sum[6] (output port clocked by __VIRTUAL_CLK__)
Path Group: __VIRTUAL_CLK__
Path Type: max

Fanout         Cap        Slew       Delay        Time   Description
---------------------------------------------------------------------------------------------
                      0.000000    0.000000    0.000000   clock __VIRTUAL_CLK__ (rise edge)
                                  0.000000    0.000000   clock network delay (ideal)
                                  4.000000    4.000000 v input external delay
     3    0.007810    0.019708    0.012625    4.012625 v b[3] (in)
                                                         b[3] (net)
                      0.019708    0.000000    4.012625 v _40_/A (sky130_fd_sc_hd__or2_2)
     2    0.006908    0.068173    0.298322    4.310947 v _40_/X (sky130_fd_sc_hd__or2_2)
                                                         _01_ (net)
                      0.068173    0.000008    4.310955 v _70_/A1 (sky130_fd_sc_hd__a211o_2)
     1    0.004558    0.054132    0.303114    4.614069 v _70_/X (sky130_fd_sc_hd__a211o_2)
                                                         _27_ (net)
                      0.054132    0.000009    4.614078 v _71_/B1 (sky130_fd_sc_hd__a21oi_2)
     2    0.010168    0.158768    0.152879    4.766957 ^ _71_/Y (sky130_fd_sc_hd__a21oi_2)
                                                         _28_ (net)
                      0.158768    0.000048    4.767004 ^ _74_/A2 (sky130_fd_sc_hd__o31ai_2)
     3    0.014164    0.090233    0.119219    4.886224 v _74_/Y (sky130_fd_sc_hd__o31ai_2)
                                                         _31_ (net)
                      0.090233    0.000047    4.886271 v _81_/A2 (sky130_fd_sc_hd__a21bo_2)
     2    0.010938    0.056111    0.251793    5.138064 v _81_/X (sky130_fd_sc_hd__a21bo_2)
                                                         _37_ (net)
                      0.056111    0.000025    5.138089 v _82_/B (sky130_fd_sc_hd__xnor2_2)
     1    0.034268    0.463410    0.375272    5.513361 ^ _82_/Y (sky130_fd_sc_hd__xnor2_2)
                                                         sum[6] (net)
                      0.463410    0.000138    5.513498 ^ sum[6] (out)
                                              5.513498   data arrival time

                      0.000000   20.000000   20.000000   clock __VIRTUAL_CLK__ (rise edge)
                                  0.000000   20.000000   clock network delay (ideal)
                                 -0.250000   19.750002   clock uncertainty
                                  0.000000   19.750002   clock reconvergence pessimism
                                 -4.000000   15.750001   output external delay
                                             15.750001   data required time
---------------------------------------------------------------------------------------------
                                             15.750001   data required time
                                             -5.513498   data arrival time
---------------------------------------------------------------------------------------------
                                             10.236503   slack (MET)


Startpoint: b[3] (input port clocked by __VIRTUAL_CLK__)
Endpoint: cout (output port clocked by __VIRTUAL_CLK__)
Path Group: __VIRTUAL_CLK__
Path Type: max

Fanout         Cap        Slew       Delay        Time   Description
---------------------------------------------------------------------------------------------
                      0.000000    0.000000    0.000000   clock __VIRTUAL_CLK__ (rise edge)
                                  0.000000    0.000000   clock network delay (ideal)
                                  4.000000    4.000000 v input external delay
     3    0.007810    0.019708    0.012625    4.012625 v b[3] (in)
                                                         b[3] (net)
                      0.019708    0.000000    4.012625 v _40_/A (sky130_fd_sc_hd__or2_2)
     2    0.006908    0.068173    0.298322    4.310947 v _40_/X (sky130_fd_sc_hd__or2_2)
                                                         _01_ (net)
                      0.068173    0.000008    4.310955 v _70_/A1 (sky130_fd_sc_hd__a211o_2)
     1    0.004558    0.054132    0.303114    4.614069 v _70_/X (sky130_fd_sc_hd__a211o_2)
                                                         _27_ (net)
                      0.054132    0.000009    4.614078 v _71_/B1 (sky130_fd_sc_hd__a21oi_2)
     2    0.010168    0.158768    0.152879    4.766957 ^ _71_/Y (sky130_fd_sc_hd__a21oi_2)
                                                         _28_ (net)
                      0.158768    0.000048    4.767004 ^ _74_/A2 (sky130_fd_sc_hd__o31ai_2)
     3    0.014164    0.090233    0.119219    4.886224 v _74_/Y (sky130_fd_sc_hd__o31ai_2)
                                                         _31_ (net)
                      0.090233    0.000047    4.886271 v _81_/A2 (sky130_fd_sc_hd__a21bo_2)
     2    0.010938    0.056111    0.251793    5.138064 v _81_/X (sky130_fd_sc_hd__a21bo_2)
                                                         _37_ (net)
                      0.056111    0.000022    5.138086 v _86_/B1 (sky130_fd_sc_hd__o221a_2)
     1    0.034620    0.118196    0.342918    5.481004 v _86_/X (sky130_fd_sc_hd__o221a_2)
                                                         cout (net)
                      0.118196    0.000220    5.481225 v cout (out)
                                              5.481225   data arrival time

                      0.000000   20.000000   20.000000   clock __VIRTUAL_CLK__ (rise edge)
                                  0.000000   20.000000   clock network delay (ideal)
                                 -0.250000   19.750002   clock uncertainty
                                  0.000000   19.750002   clock reconvergence pessimism
                                 -4.000000   15.750001   output external delay
                                             15.750001   data required time
---------------------------------------------------------------------------------------------
                                             15.750001   data required time
                                             -5.481225   data arrival time
---------------------------------------------------------------------------------------------
                                             10.268776   slack (MET)


Startpoint: b[3] (input port clocked by __VIRTUAL_CLK__)
Endpoint: sum[5] (output port clocked by __VIRTUAL_CLK__)
Path Group: __VIRTUAL_CLK__
Path Type: max

Fanout         Cap        Slew       Delay        Time   Description
---------------------------------------------------------------------------------------------
                      0.000000    0.000000    0.000000   clock __VIRTUAL_CLK__ (rise edge)
                                  0.000000    0.000000   clock network delay (ideal)
                                  4.000000    4.000000 v input external delay
     3    0.007810    0.019708    0.012625    4.012625 v b[3] (in)
                                                         b[3] (net)
                      0.019708    0.000000    4.012625 v _40_/A (sky130_fd_sc_hd__or2_2)
     2    0.006908    0.068173    0.298322    4.310947 v _40_/X (sky130_fd_sc_hd__or2_2)
                                                         _01_ (net)
                      0.068173    0.000008    4.310955 v _70_/A1 (sky130_fd_sc_hd__a211o_2)
     1    0.004558    0.054132    0.303114    4.614069 v _70_/X (sky130_fd_sc_hd__a211o_2)
                                                         _27_ (net)
                      0.054132    0.000009    4.614078 v _71_/B1 (sky130_fd_sc_hd__a21oi_2)
     2    0.010168    0.158768    0.152879    4.766957 ^ _71_/Y (sky130_fd_sc_hd__a21oi_2)
                                                         _28_ (net)
                      0.158768    0.000048    4.767004 ^ _74_/A2 (sky130_fd_sc_hd__o31ai_2)
     3    0.014164    0.090233    0.119219    4.886224 v _74_/Y (sky130_fd_sc_hd__o31ai_2)
                                                         _31_ (net)
                      0.090233    0.000035    4.886259 v _83_/A (sky130_fd_sc_hd__xnor2_2)
     1    0.034714    0.456614    0.417975    5.304234 ^ _83_/Y (sky130_fd_sc_hd__xnor2_2)
                                                         sum[5] (net)
                      0.456614    0.000287    5.304521 ^ sum[5] (out)
                                              5.304521   data arrival time

                      0.000000   20.000000   20.000000   clock __VIRTUAL_CLK__ (rise edge)
                                  0.000000   20.000000   clock network delay (ideal)
                                 -0.250000   19.750002   clock uncertainty
                                  0.000000   19.750002   clock reconvergence pessimism
                                 -4.000000   15.750001   output external delay
                                             15.750001   data required time
---------------------------------------------------------------------------------------------
                                             15.750001   data required time
                                             -5.304521   data arrival time
---------------------------------------------------------------------------------------------
                                             10.445479   slack (MET)


Startpoint: b[3] (input port clocked by __VIRTUAL_CLK__)
Endpoint: sum[4] (output port clocked by __VIRTUAL_CLK__)
Path Group: __VIRTUAL_CLK__
Path Type: max

Fanout         Cap        Slew       Delay        Time   Description
---------------------------------------------------------------------------------------------
                      0.000000    0.000000    0.000000   clock __VIRTUAL_CLK__ (rise edge)
                                  0.000000    0.000000   clock network delay (ideal)
                                  4.000000    4.000000 v input external delay
     3    0.007810    0.019708    0.012625    4.012625 v b[3] (in)
                                                         b[3] (net)
                      0.019708    0.000000    4.012625 v _40_/A (sky130_fd_sc_hd__or2_2)
     2    0.006908    0.068173    0.298322    4.310947 v _40_/X (sky130_fd_sc_hd__or2_2)
                                                         _01_ (net)
                      0.068173    0.000008    4.310955 v _70_/A1 (sky130_fd_sc_hd__a211o_2)
     1    0.004558    0.054132    0.303114    4.614069 v _70_/X (sky130_fd_sc_hd__a211o_2)
                                                         _27_ (net)
                      0.054132    0.000009    4.614078 v _71_/B1 (sky130_fd_sc_hd__a21oi_2)
     2    0.010168    0.158768    0.152879    4.766957 ^ _71_/Y (sky130_fd_sc_hd__a21oi_2)
                                                         _28_ (net)
                      0.158768    0.000046    4.767003 ^ _73_/A (sky130_fd_sc_hd__nor2_2)
     1    0.008532    0.069429    0.074286    4.841290 v _73_/Y (sky130_fd_sc_hd__nor2_2)
                                                         _30_ (net)
                      0.069429    0.000021    4.841310 v _84_/B (sky130_fd_sc_hd__xnor2_2)
     1    0.034932    0.459568    0.385722    5.227032 ^ _84_/Y (sky130_fd_sc_hd__xnor2_2)
                                                         sum[4] (net)
                      0.459568    0.000257    5.227289 ^ sum[4] (out)
                                              5.227289   data arrival time

                      0.000000   20.000000   20.000000   clock __VIRTUAL_CLK__ (rise edge)
                                  0.000000   20.000000   clock network delay (ideal)
                                 -0.250000   19.750002   clock uncertainty
                                  0.000000   19.750002   clock reconvergence pessimism
                                 -4.000000   15.750001   output external delay
                                             15.750001   data required time
---------------------------------------------------------------------------------------------
                                             15.750001   data required time
                                             -5.227289   data arrival time
---------------------------------------------------------------------------------------------
                                             10.522712   slack (MET)


Startpoint: a[1] (input port clocked by __VIRTUAL_CLK__)
Endpoint: sum[3] (output port clocked by __VIRTUAL_CLK__)
Path Group: __VIRTUAL_CLK__
Path Type: max

Fanout         Cap        Slew       Delay        Time   Description
---------------------------------------------------------------------------------------------
                      0.000000    0.000000    0.000000   clock __VIRTUAL_CLK__ (rise edge)
                                  0.000000    0.000000   clock network delay (ideal)
                                  4.000000    4.000000 v input external delay
     2    0.006773    0.017458    0.010957    4.010957 v a[1] (in)
                                                         a[1] (net)
                      0.017459    0.000000    4.010957 v _46_/B (sky130_fd_sc_hd__and2_2)
     3    0.011439    0.056728    0.199675    4.210633 v _46_/X (sky130_fd_sc_hd__and2_2)
                                                         _07_ (net)
                      0.056728    0.000021    4.210654 v _52_/A (sky130_fd_sc_hd__nor2_2)
     3    0.019483    0.232523    0.222472    4.433125 ^ _52_/Y (sky130_fd_sc_hd__nor2_2)
                                                         _13_ (net)
                      0.232523    0.000023    4.433149 ^ _53_/A2 (sky130_fd_sc_hd__a21oi_2)
     2    0.010633    0.074922    0.112904    4.546053 v _53_/Y (sky130_fd_sc_hd__a21oi_2)
                                                         _14_ (net)
                      0.074922    0.000009    4.546062 v _54_/A2 (sky130_fd_sc_hd__o21ba_2)
     1    0.008150    0.048965    0.219953    4.766015 v _54_/X (sky130_fd_sc_hd__o21ba_2)
                                                         _15_ (net)
                      0.048965    0.000004    4.766018 v _55_/B (sky130_fd_sc_hd__xnor2_2)
     1    0.034489    0.454076    0.374382    5.140400 ^ _55_/Y (sky130_fd_sc_hd__xnor2_2)
                                                         sum[3] (net)
                      0.454076    0.000241    5.140641 ^ sum[3] (out)
                                              5.140641   data arrival time

                      0.000000   20.000000   20.000000   clock __VIRTUAL_CLK__ (rise edge)
                                  0.000000   20.000000   clock network delay (ideal)
                                 -0.250000   19.750002   clock uncertainty
                                  0.000000   19.750002   clock reconvergence pessimism
                                 -4.000000   15.750001   output external delay
                                             15.750001   data required time
---------------------------------------------------------------------------------------------
                                             15.750001   data required time
                                             -5.140641   data arrival time
---------------------------------------------------------------------------------------------
                                             10.609361   slack (MET)


Startpoint: b[0] (input port clocked by __VIRTUAL_CLK__)
Endpoint: sum[2] (output port clocked by __VIRTUAL_CLK__)
Path Group: __VIRTUAL_CLK__
Path Type: max

Fanout         Cap        Slew       Delay        Time   Description
---------------------------------------------------------------------------------------------
                      0.000000    0.000000    0.000000   clock __VIRTUAL_CLK__ (rise edge)
                                  0.000000    0.000000   clock network delay (ideal)
                                  4.000000    4.000000 v input external delay
     2    0.006526    0.016916    0.010544    4.010544 v b[0] (in)
                                                         b[0] (net)
                      0.016916    0.000000    4.010544 v _48_/A (sky130_fd_sc_hd__or2_2)
     2    0.006632    0.067297    0.296242    4.306786 v _48_/X (sky130_fd_sc_hd__or2_2)
                                                         _09_ (net)
                      0.067297    0.000001    4.306787 v _50_/A2 (sky130_fd_sc_hd__a21bo_2)
     3    0.018297    0.069616    0.260961    4.567749 v _50_/X (sky130_fd_sc_hd__a21bo_2)
                                                         _11_ (net)
                      0.069616    0.000047    4.567796 v _53_/A1 (sky130_fd_sc_hd__a21oi_2)
     2    0.011337    0.171072    0.186982    4.754777 ^ _53_/Y (sky130_fd_sc_hd__a21oi_2)
                                                         _14_ (net)
                      0.171072    0.000013    4.754790 ^ _56_/B (sky130_fd_sc_hd__xnor2_2)
     1    0.034518    0.454526    0.234102    4.988892 ^ _56_/Y (sky130_fd_sc_hd__xnor2_2)
                                                         sum[2] (net)
                      0.454526    0.000245    4.989137 ^ sum[2] (out)
                                              4.989137   data arrival time

                      0.000000   20.000000   20.000000   clock __VIRTUAL_CLK__ (rise edge)
                                  0.000000   20.000000   clock network delay (ideal)
                                 -0.250000   19.750002   clock uncertainty
                                  0.000000   19.750002   clock reconvergence pessimism
                                 -4.000000   15.750001   output external delay
                                             15.750001   data required time
---------------------------------------------------------------------------------------------
                                             15.750001   data required time
                                             -4.989137   data arrival time
---------------------------------------------------------------------------------------------
                                             10.760863   slack (MET)


Startpoint: b[0] (input port clocked by __VIRTUAL_CLK__)
Endpoint: sum[1] (output port clocked by __VIRTUAL_CLK__)
Path Group: __VIRTUAL_CLK__
Path Type: max

Fanout         Cap        Slew       Delay        Time   Description
---------------------------------------------------------------------------------------------
                      0.000000    0.000000    0.000000   clock __VIRTUAL_CLK__ (rise edge)
                                  0.000000    0.000000   clock network delay (ideal)
                                  4.000000    4.000000 v input external delay
     2    0.006526    0.016916    0.010544    4.010544 v b[0] (in)
                                                         b[0] (net)
                      0.016916    0.000000    4.010544 v _48_/A (sky130_fd_sc_hd__or2_2)
     2    0.006632    0.067297    0.296242    4.306786 v _48_/X (sky130_fd_sc_hd__or2_2)
                                                         _09_ (net)
                      0.067297    0.000001    4.306787 v _50_/A2 (sky130_fd_sc_hd__a21bo_2)
     3    0.018297    0.069616    0.260961    4.567749 v _50_/X (sky130_fd_sc_hd__a21bo_2)
                                                         _11_ (net)
                      0.069616    0.000036    4.567785 v _57_/A (sky130_fd_sc_hd__xor2_2)
     1    0.034367    0.438163    0.397527    4.965312 ^ _57_/X (sky130_fd_sc_hd__xor2_2)
                                                         sum[1] (net)
                      0.438163    0.000131    4.965443 ^ sum[1] (out)
                                              4.965443   data arrival time

                      0.000000   20.000000   20.000000   clock __VIRTUAL_CLK__ (rise edge)
                                  0.000000   20.000000   clock network delay (ideal)
                                 -0.250000   19.750002   clock uncertainty
                                  0.000000   19.750002   clock reconvergence pessimism
                                 -4.000000   15.750001   output external delay
                                             15.750001   data required time
---------------------------------------------------------------------------------------------
                                             15.750001   data required time
                                             -4.965443   data arrival time
---------------------------------------------------------------------------------------------
                                             10.784557   slack (MET)


Startpoint: b[0] (input port clocked by __VIRTUAL_CLK__)
Endpoint: sum[0] (output port clocked by __VIRTUAL_CLK__)
Path Group: __VIRTUAL_CLK__
Path Type: max

Fanout         Cap        Slew       Delay        Time   Description
---------------------------------------------------------------------------------------------
                      0.000000    0.000000    0.000000   clock __VIRTUAL_CLK__ (rise edge)
                                  0.000000    0.000000   clock network delay (ideal)
                                  4.000000    4.000000 v input external delay
     2    0.006526    0.016916    0.010544    4.010544 v b[0] (in)
                                                         b[0] (net)
                      0.016916    0.000000    4.010544 v _48_/A (sky130_fd_sc_hd__or2_2)
     2    0.006632    0.067297    0.296242    4.306786 v _48_/X (sky130_fd_sc_hd__or2_2)
                                                         _09_ (net)
                      0.067297    0.000003    4.306789 v _49_/B (sky130_fd_sc_hd__nand2_2)
     1    0.008557    0.065427    0.087120    4.393909 ^ _49_/Y (sky130_fd_sc_hd__nand2_2)
                                                         _10_ (net)
                      0.065427    0.000004    4.393913 ^ _58_/B (sky130_fd_sc_hd__xnor2_2)
     1    0.034614    0.455196    0.209026    4.602939 ^ _58_/Y (sky130_fd_sc_hd__xnor2_2)
                                                         sum[0] (net)
                      0.455196    0.000223    4.603161 ^ sum[0] (out)
                                              4.603161   data arrival time

                      0.000000   20.000000   20.000000   clock __VIRTUAL_CLK__ (rise edge)
                                  0.000000   20.000000   clock network delay (ideal)
                                 -0.250000   19.750002   clock uncertainty
                                  0.000000   19.750002   clock reconvergence pessimism
                                 -4.000000   15.750001   output external delay
                                             15.750001   data required time
---------------------------------------------------------------------------------------------
                                             15.750001   data required time
                                             -4.603161   data arrival time
---------------------------------------------------------------------------------------------
                                             11.146839   slack (MET)



