
===========================================================================
report_checks -unconstrained
===========================================================================
======================= min_ss_100C_1v60 Corner ===================================

Startpoint: b[3] (input port clocked by __VIRTUAL_CLK__)
Endpoint: cout (output port clocked by __VIRTUAL_CLK__)
Path Group: __VIRTUAL_CLK__
Path Type: max

Fanout         Cap        Slew       Delay        Time   Description
---------------------------------------------------------------------------------------------
                      0.000000    0.000000    0.000000   clock __VIRTUAL_CLK__ (rise edge)
                                  0.000000    0.000000   clock network delay (ideal)
                                  4.000000    4.000000 v input external delay
     1    0.002642    0.017862    0.008719    4.008719 v b[3] (in)
                                                         b[3] (net)
                      0.017862    0.000000    4.008719 v input12/A (sky130_fd_sc_hd__clkbuf_1)
     3    0.006212    0.085059    0.166769    4.175488 v input12/X (sky130_fd_sc_hd__clkbuf_1)
                                                         net12 (net)
                      0.085059    0.000045    4.175532 v _40_/A (sky130_fd_sc_hd__or2_1)
     2    0.008225    0.143280    0.560865    4.736397 v _40_/X (sky130_fd_sc_hd__or2_1)
                                                         _01_ (net)
                      0.143280    0.000105    4.736502 v _70_/A1 (sky130_fd_sc_hd__a211o_1)
     1    0.002441    0.084098    0.505930    5.242432 v _70_/X (sky130_fd_sc_hd__a211o_1)
                                                         _27_ (net)
                      0.084098    0.000020    5.242452 v _71_/B1 (sky130_fd_sc_hd__a21oi_1)
     2    0.008571    0.352164    0.324954    5.567405 ^ _71_/Y (sky130_fd_sc_hd__a21oi_1)
                                                         _28_ (net)
                      0.352164    0.000111    5.567516 ^ _74_/A2 (sky130_fd_sc_hd__o31ai_2)
     3    0.011072    0.152264    0.268666    5.836183 v _74_/Y (sky130_fd_sc_hd__o31ai_2)
                                                         _31_ (net)
                      0.152264    0.000155    5.836338 v _81_/A2 (sky130_fd_sc_hd__a21bo_1)
     2    0.008253    0.105117    0.417379    6.253716 v _81_/X (sky130_fd_sc_hd__a21bo_1)
                                                         _37_ (net)
                      0.105117    0.000052    6.253769 v _86_/B1 (sky130_fd_sc_hd__o221a_1)
     1    0.002250    0.085447    0.428042    6.681811 v _86_/X (sky130_fd_sc_hd__o221a_1)
                                                         net18 (net)
                      0.085447    0.000023    6.681833 v output18/A (sky130_fd_sc_hd__buf_2)
     1    0.033994    0.164647    0.351241    7.033074 v output18/X (sky130_fd_sc_hd__buf_2)
                                                         cout (net)
                      0.164647    0.000198    7.033272 v cout (out)
                                              7.033272   data arrival time

                      0.000000   20.000000   20.000000   clock __VIRTUAL_CLK__ (rise edge)
                                  0.000000   20.000000   clock network delay (ideal)
                                 -0.250000   19.750002   clock uncertainty
                                  0.000000   19.750002   clock reconvergence pessimism
                                 -4.000000   15.750001   output external delay
                                             15.750001   data required time
---------------------------------------------------------------------------------------------
                                             15.750001   data required time
                                             -7.033272   data arrival time
---------------------------------------------------------------------------------------------
                                              8.716729   slack (MET)




===========================================================================
report_checks --slack_max -0.01
============================================================================
======================= min_ss_100C_1v60 Corner ===================================

No paths found.


===========================================================================
 report_check_types -max_slew -max_cap -max_fanout -violators
============================================================================
======================= min_ss_100C_1v60 Corner ===================================



===========================================================================
report_parasitic_annotation -report_unannotated
============================================================================
Found 0 unannotated drivers.
Found 0 partially unannotated drivers.

===========================================================================
max slew violation count 0
max fanout violation count 0
max cap violation count 0
============================================================================

===========================================================================
check_setup -verbose -unconstrained_endpoints -multiple_clock -no_clock -no_input_delay -loops -generated_clocks
===========================================================================
