
===========================================================================
report_checks -unconstrained
===========================================================================
======================= nom_tt_025C_1v80 Corner ===================================

Startpoint: rst (input port clocked by clk)
Endpoint: _648_ (recovery check against rising-edge clock clk)
Path Group: asynchronous
Path Type: max

Fanout         Cap        Slew       Delay        Time   Description
---------------------------------------------------------------------------------------------
                                  0.000000    0.000000   clock clk (rise edge)
                                  0.000000    0.000000   clock network delay (propagated)
                                 10.000000   10.000000 v input external delay
     1    0.002884    0.008819    0.004580   10.004580 v rst (in)
                                                         rst (net)
                      0.008819    0.000000   10.004580 v input1/A (sky130_fd_sc_hd__clkbuf_1)
     1    0.005358    0.039819    0.084316   10.088896 v input1/X (sky130_fd_sc_hd__clkbuf_1)
                                                         net1 (net)
                      0.039819    0.000195   10.089091 v wire672/A (sky130_fd_sc_hd__clkbuf_1)
     1    0.006136    0.044157    0.100736   10.189828 v wire672/X (sky130_fd_sc_hd__clkbuf_1)
                                                         net672 (net)
                      0.044158    0.000259   10.190087 v fanout671/A (sky130_fd_sc_hd__buf_4)
     8    0.089806    0.119495    0.211589   10.401676 v fanout671/X (sky130_fd_sc_hd__buf_4)
                                                         net671 (net)
                      0.122316    0.014572   10.416248 v fanout666/A (sky130_fd_sc_hd__buf_4)
     9    0.054088    0.078378    0.223708   10.639956 v fanout666/X (sky130_fd_sc_hd__buf_4)
                                                         net666 (net)
                      0.078394    0.001124   10.641080 v _574_/A (sky130_fd_sc_hd__inv_2)
     1    0.011110    0.059757    0.081341   10.722422 ^ _574_/Y (sky130_fd_sc_hd__inv_2)
                                                         _056_ (net)
                      0.059758    0.000336   10.722757 ^ _648_/RESET_B (sky130_fd_sc_hd__dfrtp_1)
                                             10.722757   data arrival time

                                 50.000000   50.000000   clock clk (rise edge)
                                  0.000000   50.000000   clock source latency
     1    0.032195    0.150123    0.104212   50.104210 ^ clk (in)
                                                         clk (net)
                      0.150135    0.000000   50.104210 ^ clkbuf_0_clk/A (sky130_fd_sc_hd__clkbuf_16)
     8    0.137984    0.151038    0.246004   50.350216 ^ clkbuf_0_clk/X (sky130_fd_sc_hd__clkbuf_16)
                                                         clknet_0_clk (net)
                      0.151199    0.004043   50.354256 ^ clkbuf_3_6__f_clk/A (sky130_fd_sc_hd__clkbuf_16)
    12    0.046571    0.066246    0.183629   50.537888 ^ clkbuf_3_6__f_clk/X (sky130_fd_sc_hd__clkbuf_16)
                                                         clknet_3_6__leaf_clk (net)
                      0.066258    0.000878   50.538765 ^ _648_/CLK (sky130_fd_sc_hd__dfrtp_1)
                                 -0.250000   50.288761   clock uncertainty
                                  0.000000   50.288761   clock reconvergence pessimism
                                  0.233042   50.521805   library recovery time
                                             50.521805   data required time
---------------------------------------------------------------------------------------------
                                             50.521805   data required time
                                            -10.722757   data arrival time
---------------------------------------------------------------------------------------------
                                             39.799046   slack (MET)


Startpoint: sram0 (falling edge-triggered flip-flop clocked by clk)
Endpoint: _607_ (rising edge-triggered flip-flop clocked by clk)
Path Group: clk
Path Type: max

Fanout         Cap        Slew       Delay        Time   Description
---------------------------------------------------------------------------------------------
                                 25.000000   25.000000   clock clk (fall edge)
                                  0.000000   25.000000   clock source latency
     1    0.031201    0.070286    0.050461   25.050461 v clk (in)
                                                         clk (net)
                      0.070310    0.000000   25.050461 v clkbuf_0_clk/A (sky130_fd_sc_hd__clkbuf_16)
     8    0.130032    0.095340    0.215310   25.265770 v clkbuf_0_clk/X (sky130_fd_sc_hd__clkbuf_16)
                                                         clknet_0_clk (net)
                      0.096546    0.008475   25.274246 v clkbuf_3_2__f_clk/A (sky130_fd_sc_hd__clkbuf_16)
    10    0.047393    0.050284    0.187599   25.461845 v clkbuf_3_2__f_clk/X (sky130_fd_sc_hd__clkbuf_16)
                                                         clknet_3_2__leaf_clk (net)
                      0.067088    0.001146   25.462990 v sram0/clk0 (sky130_sram_1kbyte_1rw1r_32x256_8)
     2    0.016569    0.010151    0.422318   25.885309 v sram0/dout0[5] (sky130_sram_1kbyte_1rw1r_32x256_8)
                                                         dout0[5] (net)
                      0.007613    0.000510   25.885818 v _607_/D (sky130_fd_sc_hd__dfrtp_1)
                                             25.885818   data arrival time

                                 50.000000   50.000000   clock clk (rise edge)
                                  0.000000   50.000000   clock source latency
     1    0.032195    0.150123    0.104212   50.104210 ^ clk (in)
                                                         clk (net)
                      0.150135    0.000000   50.104210 ^ clkbuf_0_clk/A (sky130_fd_sc_hd__clkbuf_16)
     8    0.137984    0.151038    0.246004   50.350216 ^ clkbuf_0_clk/X (sky130_fd_sc_hd__clkbuf_16)
                                                         clknet_0_clk (net)
                      0.151363    0.005684   50.355900 ^ clkbuf_3_1__f_clk/A (sky130_fd_sc_hd__clkbuf_16)
     9    0.041025    0.061307    0.179678   50.535576 ^ clkbuf_3_1__f_clk/X (sky130_fd_sc_hd__clkbuf_16)
                                                         clknet_3_1__leaf_clk (net)
                      0.061324    0.000909   50.536488 ^ _607_/CLK (sky130_fd_sc_hd__dfrtp_1)
                                 -0.250000   50.286488   clock uncertainty
                                  0.000000   50.286488   clock reconvergence pessimism
                                 -0.094242   50.192242   library setup time
                                             50.192242   data required time
---------------------------------------------------------------------------------------------
                                             50.192242   data required time
                                            -25.885818   data arrival time
---------------------------------------------------------------------------------------------
                                             24.306425   slack (MET)




===========================================================================
report_checks --slack_max -0.01
============================================================================
======================= nom_tt_025C_1v80 Corner ===================================

No paths found.


===========================================================================
 report_check_types -max_slew -max_cap -max_fanout -violators
============================================================================
======================= nom_tt_025C_1v80 Corner ===================================

max slew

Pin                                        Limit        Slew       Slack
------------------------------------------------------------------------
sram0/addr0[1]                          0.040000    0.264167   -0.224167 (VIOLATED)
sram0/addr0[2]                          0.040000    0.238957   -0.198957 (VIOLATED)
sram0/addr0[3]                          0.040000    0.219314   -0.179314 (VIOLATED)
sram0/addr0[0]                          0.040000    0.205942   -0.165942 (VIOLATED)
sram0/addr0[7]                          0.040000    0.171182   -0.131182 (VIOLATED)
sram0/addr0[6]                          0.040000    0.169143   -0.129143 (VIOLATED)
sram0/addr0[4]                          0.040000    0.158548   -0.118548 (VIOLATED)
sram0/din0[10]                          0.150000    0.262712   -0.112712 (VIOLATED)
sram0/addr0[5]                          0.040000    0.152364   -0.112364 (VIOLATED)
fanout670/A                             0.150000    0.256706   -0.106706 (VIOLATED)
fanout669/A                             0.150000    0.256567   -0.106567 (VIOLATED)
fanout668/A                             0.150000    0.256420   -0.106420 (VIOLATED)
sram0/din0[13]                          0.150000    0.256400   -0.106400 (VIOLATED)
fanout667/A                             0.150000    0.256261   -0.106261 (VIOLATED)
max_cap98/A                             0.150000    0.256215   -0.106215 (VIOLATED)
_478_/B                                 0.150000    0.256215   -0.106215 (VIOLATED)
_477_/Y                                 0.150000    0.256214   -0.106214 (VIOLATED)
fanout666/A                             0.150000    0.256179   -0.106179 (VIOLATED)
fanout665/A                             0.150000    0.255856   -0.105856 (VIOLATED)
fanout664/A                             0.150000    0.254850   -0.104850 (VIOLATED)
fanout663/A                             0.150000    0.254845   -0.104845 (VIOLATED)
fanout671/X                             0.150000    0.254841   -0.104841 (VIOLATED)
sram0/din0[16]                          0.150000    0.249767   -0.099767 (VIOLATED)
_347_/A                                 0.150000    0.246912   -0.096912 (VIOLATED)
_348_/A1                                0.150000    0.246912   -0.096912 (VIOLATED)
_351_/A1                                0.150000    0.246910   -0.096910 (VIOLATED)
_353_/A                                 0.150000    0.246910   -0.096910 (VIOLATED)
_359_/A                                 0.150000    0.246909   -0.096909 (VIOLATED)
_360_/A1                                0.150000    0.246908   -0.096908 (VIOLATED)
fanout593/X                             0.150000    0.246907   -0.096907 (VIOLATED)
sram0/din0[18]                          0.150000    0.244958   -0.094958 (VIOLATED)
max_cap331/A                            0.150000    0.234808   -0.084808 (VIOLATED)
_351_/Y                                 0.150000    0.234807   -0.084807 (VIOLATED)
_354_/A                                 0.150000    0.234807   -0.084807 (VIOLATED)
sram0/din0[17]                          0.150000    0.234662   -0.084662 (VIOLATED)
max_cap333/A                            0.150000    0.234029   -0.084029 (VIOLATED)
_350_/B                                 0.150000    0.234028   -0.084028 (VIOLATED)
_348_/Y                                 0.150000    0.234028   -0.084028 (VIOLATED)
sram0/din0[11]                          0.150000    0.233158   -0.083158 (VIOLATED)
sram0/din0[8]                           0.150000    0.231468   -0.081468 (VIOLATED)
_344_/B1                                0.150000    0.230558   -0.080558 (VIOLATED)
max_cap543/A                            0.150000    0.230558   -0.080558 (VIOLATED)
wire544/X                               0.150000    0.230555   -0.080555 (VIOLATED)
sram0/din0[9]                           0.150000    0.228106   -0.078106 (VIOLATED)
fanout592/A                             0.150000    0.224843   -0.074843 (VIOLATED)
max_cap602/A                            0.150000    0.224843   -0.074843 (VIOLATED)
max_cap603/X                            0.150000    0.224841   -0.074841 (VIOLATED)
sram0/din0[19]                          0.150000    0.222679   -0.072679 (VIOLATED)
sram0/din0[20]                          0.150000    0.221037   -0.071037 (VIOLATED)
_428_/A                                 0.150000    0.218089   -0.068089 (VIOLATED)
_427_/A1                                0.150000    0.218088   -0.068088 (VIOLATED)
_330_/A1                                0.150000    0.218062   -0.068062 (VIOLATED)
_329_/A                                 0.150000    0.218058   -0.068058 (VIOLATED)
_332_/A1                                0.150000    0.218046   -0.068046 (VIOLATED)
_334_/A                                 0.150000    0.218045   -0.068045 (VIOLATED)
_327_/A                                 0.150000    0.218043   -0.068043 (VIOLATED)
_341_/A                                 0.150000    0.218017   -0.068017 (VIOLATED)
_326_/A1                                0.150000    0.218016   -0.068016 (VIOLATED)
_342_/A1                                0.150000    0.218016   -0.068016 (VIOLATED)
fanout594/X                             0.150000    0.217938   -0.067938 (VIOLATED)
fanout596/A                             0.150000    0.216568   -0.066568 (VIOLATED)
fanout595/A                             0.150000    0.216549   -0.066549 (VIOLATED)
_433_/A                                 0.150000    0.216530   -0.066530 (VIOLATED)
_432_/A1                                0.150000    0.216524   -0.066524 (VIOLATED)
_437_/A                                 0.150000    0.216515   -0.066515 (VIOLATED)
_436_/A1                                0.150000    0.216515   -0.066515 (VIOLATED)
fanout594/A                             0.150000    0.216507   -0.066507 (VIOLATED)
fanout597/X                             0.150000    0.216504   -0.066504 (VIOLATED)
sram0/din0[3]                           0.150000    0.215755   -0.065755 (VIOLATED)
sram0/din0[7]                           0.150000    0.215525   -0.065525 (VIOLATED)
_419_/B                                 0.150000    0.214812   -0.064812 (VIOLATED)
max_cap134/A                            0.150000    0.214812   -0.064812 (VIOLATED)
_357_/Y                                 0.150000    0.214812   -0.064812 (VIOLATED)
sram0/din0[12]                          0.150000    0.212723   -0.062723 (VIOLATED)
sram0/din0[2]                           0.150000    0.211763   -0.061763 (VIOLATED)
sram0/din0[6]                           0.150000    0.209942   -0.059942 (VIOLATED)
wire435/A                               0.150000    0.209461   -0.059461 (VIOLATED)
wire436/X                               0.150000    0.209443   -0.059443 (VIOLATED)
sram0/din0[14]                          0.150000    0.208624   -0.058624 (VIOLATED)
max_cap493/A                            0.150000    0.205950   -0.055950 (VIOLATED)
_485_/A1                                0.150000    0.205948   -0.055948 (VIOLATED)
max_cap494/X                            0.150000    0.205945   -0.055945 (VIOLATED)
sram0/din0[21]                          0.150000    0.205830   -0.055830 (VIOLATED)
max_cap92/A                             0.150000    0.205753   -0.055753 (VIOLATED)
_485_/Y                                 0.150000    0.205753   -0.055753 (VIOLATED)
_486_/B                                 0.150000    0.205753   -0.055753 (VIOLATED)
_344_/A1                                0.150000    0.202850   -0.052850 (VIOLATED)
_345_/A                                 0.150000    0.202849   -0.052849 (VIOLATED)
_362_/A                                 0.150000    0.202848   -0.052848 (VIOLATED)
_363_/A1                                0.150000    0.202847   -0.052847 (VIOLATED)
_365_/A                                 0.150000    0.202841   -0.052841 (VIOLATED)
_366_/A1                                0.150000    0.202840   -0.052840 (VIOLATED)
_369_/A                                 0.150000    0.202754   -0.052754 (VIOLATED)
_372_/A1                                0.150000    0.202753   -0.052753 (VIOLATED)
_376_/A1                                0.150000    0.202750   -0.052750 (VIOLATED)
_375_/A                                 0.150000    0.202750   -0.052750 (VIOLATED)
fanout592/X                             0.150000    0.202749   -0.052749 (VIOLATED)
sram0/din0[4]                           0.150000    0.200382   -0.050382 (VIOLATED)
_565_/A                                 0.150000    0.199725   -0.049725 (VIOLATED)
_527_/A                                 0.150000    0.199718   -0.049718 (VIOLATED)
_566_/A                                 0.150000    0.199709   -0.049709 (VIOLATED)
_564_/A                                 0.150000    0.199691   -0.049691 (VIOLATED)
_563_/A                                 0.150000    0.199690   -0.049690 (VIOLATED)
_562_/A                                 0.150000    0.199591   -0.049591 (VIOLATED)
max_cap492/A                            0.150000    0.199571   -0.049571 (VIOLATED)
_490_/B                                 0.150000    0.199567   -0.049567 (VIOLATED)
max_cap493/X                            0.150000    0.199560   -0.049560 (VIOLATED)
_561_/A                                 0.150000    0.199525   -0.049525 (VIOLATED)
_526_/A                                 0.150000    0.199433   -0.049433 (VIOLATED)
_560_/A                                 0.150000    0.199400   -0.049400 (VIOLATED)
_519_/A                                 0.150000    0.199099   -0.049099 (VIOLATED)
fanout663/X                             0.150000    0.199078   -0.049078 (VIOLATED)
_455_/X                                 0.150000    0.198041   -0.048041 (VIOLATED)
max_cap217/A                            0.150000    0.197899   -0.047899 (VIOLATED)
_376_/Y                                 0.150000    0.197887   -0.047887 (VIOLATED)
_377_/B                                 0.150000    0.197887   -0.047887 (VIOLATED)
max_cap496/A                            0.150000    0.197483   -0.047483 (VIOLATED)
_332_/Y                                 0.150000    0.197419   -0.047419 (VIOLATED)
_335_/A                                 0.150000    0.197419   -0.047419 (VIOLATED)
wire661/X                               0.150000    0.197032   -0.047032 (VIOLATED)
_407_/Y                                 0.150000    0.195902   -0.045902 (VIOLATED)
_462_/A                                 0.150000    0.195902   -0.045902 (VIOLATED)
max_cap131/A                            0.150000    0.195902   -0.045902 (VIOLATED)
_302_/A                                 0.150000    0.194816   -0.044816 (VIOLATED)
_300_/A1                                0.150000    0.194815   -0.044815 (VIOLATED)
_316_/A1                                0.150000    0.194813   -0.044813 (VIOLATED)
_315_/A                                 0.150000    0.194812   -0.044812 (VIOLATED)
_307_/A                                 0.150000    0.194810   -0.044810 (VIOLATED)
_324_/A1                                0.150000    0.194807   -0.044807 (VIOLATED)
_309_/A1                                0.150000    0.194807   -0.044807 (VIOLATED)
_323_/A                                 0.150000    0.194807   -0.044807 (VIOLATED)
_424_/A                                 0.150000    0.194807   -0.044807 (VIOLATED)
_425_/A1                                0.150000    0.194807   -0.044807 (VIOLATED)
fanout595/X                             0.150000    0.194807   -0.044807 (VIOLATED)
wire100/A                               0.150000    0.192428   -0.042428 (VIOLATED)
_485_/A2                                0.150000    0.192427   -0.042427 (VIOLATED)
max_cap101/X                            0.150000    0.192424   -0.042424 (VIOLATED)
wire658/X                               0.150000    0.192297   -0.042297 (VIOLATED)
sram0/din0[15]                          0.150000    0.188477   -0.038477 (VIOLATED)
sram0/din0[29]                          0.150000    0.187969   -0.037969 (VIOLATED)
wire655/X                               0.150000    0.187323   -0.037323 (VIOLATED)
sram0/din0[23]                          0.150000    0.185270   -0.035270 (VIOLATED)
_351_/B1                                0.150000    0.185239   -0.035239 (VIOLATED)
max_cap541/A                            0.150000    0.185237   -0.035237 (VIOLATED)
wire542/X                               0.150000    0.185233   -0.035233 (VIOLATED)
wire650/A                               0.150000    0.183725   -0.033725 (VIOLATED)
input20/X                               0.150000    0.183723   -0.033723 (VIOLATED)
wire653/X                               0.150000    0.183717   -0.033717 (VIOLATED)
sram0/din0[1]                           0.150000    0.183659   -0.033659 (VIOLATED)
wire323/A                               0.150000    0.180318   -0.030318 (VIOLATED)
wire324/X                               0.150000    0.180316   -0.030316 (VIOLATED)
sram0/din0[25]                          0.150000    0.180095   -0.030095 (VIOLATED)
sram0/din0[0]                           0.150000    0.179425   -0.029425 (VIOLATED)
acc_out[23]                             0.150000    0.179245   -0.029245 (VIOLATED)
output58/X                              0.150000    0.179241   -0.029241 (VIOLATED)
_456_/X                                 0.150000    0.179140   -0.029140 (VIOLATED)
output71/A                              0.150000    0.178724   -0.028724 (VIOLATED)
wire553/X                               0.150000    0.178717   -0.028717 (VIOLATED)
_477_/A1                                0.150000    0.178356   -0.028356 (VIOLATED)
max_cap327/A                            0.150000    0.178355   -0.028355 (VIOLATED)
max_cap328/X                            0.150000    0.178302   -0.028302 (VIOLATED)
wire466/A                               0.150000    0.177478   -0.027478 (VIOLATED)
wire467/X                               0.150000    0.177474   -0.027474 (VIOLATED)
acc_out[19]                             0.150000    0.177398   -0.027398 (VIOLATED)
output53/X                              0.150000    0.177395   -0.027395 (VIOLATED)
_544_/A                                 0.150000    0.177352   -0.027352 (VIOLATED)
_542_/A                                 0.150000    0.177342   -0.027342 (VIOLATED)
_543_/A                                 0.150000    0.177342   -0.027342 (VIOLATED)
_541_/A                                 0.150000    0.177325   -0.027325 (VIOLATED)
_539_/A                                 0.150000    0.177311   -0.027311 (VIOLATED)
acc_out[22]                             0.150000    0.177307   -0.027307 (VIOLATED)
_540_/A                                 0.150000    0.177305   -0.027305 (VIOLATED)
output57/X                              0.150000    0.177304   -0.027304 (VIOLATED)
_577_/A                                 0.150000    0.177257   -0.027257 (VIOLATED)
_575_/A                                 0.150000    0.177165   -0.027165 (VIOLATED)
_576_/A                                 0.150000    0.177165   -0.027165 (VIOLATED)
_578_/A                                 0.150000    0.177164   -0.027164 (VIOLATED)
fanout667/X                             0.150000    0.177164   -0.027164 (VIOLATED)
acc_out[4]                              0.150000    0.176840   -0.026840 (VIOLATED)
output69/X                              0.150000    0.176836   -0.026836 (VIOLATED)
sram0/din0[30]                          0.150000    0.176823   -0.026823 (VIOLATED)
acc_out[6]                              0.150000    0.176470   -0.026470 (VIOLATED)
output71/X                              0.150000    0.176466   -0.026466 (VIOLATED)
wire654/X                               0.150000    0.175995   -0.025995 (VIOLATED)
sram0/din0[24]                          0.150000    0.175700   -0.025700 (VIOLATED)
_440_/Y                                 0.150000    0.174990   -0.024990 (VIOLATED)
wire95/A                                0.150000    0.174990   -0.024990 (VIOLATED)
wire660/X                               0.150000    0.174867   -0.024867 (VIOLATED)
_389_/Y                                 0.150000    0.174826   -0.024826 (VIOLATED)
wire125/A                               0.150000    0.174826   -0.024826 (VIOLATED)
sram0/din0[5]                           0.150000    0.174493   -0.024493 (VIOLATED)
acc_out[14]                             0.150000    0.174011   -0.024011 (VIOLATED)
output48/X                              0.150000    0.174005   -0.024005 (VIOLATED)
output68/A                              0.150000    0.173822   -0.023822 (VIOLATED)
wire560/X                               0.150000    0.173817   -0.023817 (VIOLATED)
acc_out[7]                              0.150000    0.173681   -0.023681 (VIOLATED)
output72/X                              0.150000    0.173679   -0.023679 (VIOLATED)
wire626/X                               0.150000    0.173598   -0.023598 (VIOLATED)
acc_out[30]                             0.150000    0.173403   -0.023403 (VIOLATED)
output66/X                              0.150000    0.173401   -0.023401 (VIOLATED)
acc_out[17]                             0.150000    0.173195   -0.023195 (VIOLATED)
output51/X                              0.150000    0.173191   -0.023191 (VIOLATED)
acc_out[9]                              0.150000    0.173059   -0.023059 (VIOLATED)
output74/X                              0.150000    0.173057   -0.023057 (VIOLATED)
sram0/din0[22]                          0.150000    0.172907   -0.022907 (VIOLATED)
acc_out[11]                             0.150000    0.172669   -0.022669 (VIOLATED)
output45/X                              0.150000    0.172669   -0.022669 (VIOLATED)
acc_out[13]                             0.150000    0.172341   -0.022341 (VIOLATED)
output47/X                              0.150000    0.172340   -0.022340 (VIOLATED)
acc_out[21]                             0.150000    0.172250   -0.022250 (VIOLATED)
output56/X                              0.150000    0.172248   -0.022248 (VIOLATED)
acc_out[10]                             0.150000    0.172236   -0.022236 (VIOLATED)
output44/X                              0.150000    0.172235   -0.022235 (VIOLATED)
acc_out[15]                             0.150000    0.172127   -0.022127 (VIOLATED)
output49/X                              0.150000    0.172126   -0.022126 (VIOLATED)
acc_out[16]                             0.150000    0.172035   -0.022035 (VIOLATED)
output50/X                              0.150000    0.172034   -0.022034 (VIOLATED)
acc_out[8]                              0.150000    0.171700   -0.021700 (VIOLATED)
output73/X                              0.150000    0.171699   -0.021699 (VIOLATED)
acc_out[12]                             0.150000    0.171674   -0.021674 (VIOLATED)
output46/X                              0.150000    0.171673   -0.021673 (VIOLATED)
acc_out[18]                             0.150000    0.171428   -0.021428 (VIOLATED)
output52/X                              0.150000    0.171427   -0.021427 (VIOLATED)
sram0/din0[31]                          0.150000    0.171407   -0.021407 (VIOLATED)
acc_out[20]                             0.150000    0.171380   -0.021380 (VIOLATED)
output55/X                              0.150000    0.171379   -0.021379 (VIOLATED)
acc_out[3]                              0.150000    0.171376   -0.021376 (VIOLATED)
output68/X                              0.150000    0.171376   -0.021376 (VIOLATED)
acc_out[28]                             0.150000    0.171330   -0.021330 (VIOLATED)
output63/X                              0.150000    0.171329   -0.021329 (VIOLATED)
acc_out[24]                             0.150000    0.171213   -0.021213 (VIOLATED)
output59/X                              0.150000    0.171212   -0.021212 (VIOLATED)
wire625/X                               0.150000    0.171078   -0.021078 (VIOLATED)
_591_/A                                 0.150000    0.171062   -0.021062 (VIOLATED)
_590_/A                                 0.150000    0.171059   -0.021059 (VIOLATED)
_589_/A                                 0.150000    0.171050   -0.021050 (VIOLATED)
_588_/A                                 0.150000    0.171034   -0.021034 (VIOLATED)
_587_/A                                 0.150000    0.171031   -0.021031 (VIOLATED)
_559_/A                                 0.150000    0.171026   -0.021026 (VIOLATED)
_558_/A                                 0.150000    0.171025   -0.021025 (VIOLATED)
_557_/A                                 0.150000    0.171013   -0.021013 (VIOLATED)
_555_/A                                 0.150000    0.171000   -0.021000 (VIOLATED)
_556_/A                                 0.150000    0.170999   -0.020999 (VIOLATED)
fanout670/X                             0.150000    0.170997   -0.020997 (VIOLATED)
acc_out[26]                             0.150000    0.170950   -0.020950 (VIOLATED)
output61/X                              0.150000    0.170950   -0.020950 (VIOLATED)
acc_out[25]                             0.150000    0.170937   -0.020937 (VIOLATED)
output60/X                              0.150000    0.170936   -0.020936 (VIOLATED)
acc_out[31]                             0.150000    0.170905   -0.020905 (VIOLATED)
output67/X                              0.150000    0.170905   -0.020905 (VIOLATED)
sram0/din0[28]                          0.150000    0.170714   -0.020714 (VIOLATED)
acc_out[29]                             0.150000    0.170606   -0.020606 (VIOLATED)
output64/X                              0.150000    0.170605   -0.020605 (VIOLATED)
acc_out[27]                             0.150000    0.170501   -0.020501 (VIOLATED)
output62/X                              0.150000    0.170500   -0.020500 (VIOLATED)
sram0/din0[26]                          0.150000    0.170271   -0.020271 (VIOLATED)
acc_out[2]                              0.150000    0.170254   -0.020254 (VIOLATED)
output65/X                              0.150000    0.170253   -0.020253 (VIOLATED)
acc_out[5]                              0.150000    0.169889   -0.019889 (VIOLATED)
output70/X                              0.150000    0.169888   -0.019888 (VIOLATED)
_383_/A1                                0.150000    0.169751   -0.019751 (VIOLATED)
_382_/A                                 0.150000    0.169751   -0.019751 (VIOLATED)
_387_/A                                 0.150000    0.169750   -0.019750 (VIOLATED)
_390_/A1                                0.150000    0.169750   -0.019750 (VIOLATED)
_399_/A                                 0.150000    0.169750   -0.019750 (VIOLATED)
_400_/A1                                0.150000    0.169750   -0.019750 (VIOLATED)
_402_/A                                 0.150000    0.169750   -0.019750 (VIOLATED)
_403_/B                                 0.150000    0.169750   -0.019750 (VIOLATED)
_404_/A1                                0.150000    0.169750   -0.019750 (VIOLATED)
_452_/A1                                0.150000    0.169750   -0.019750 (VIOLATED)
fanout590/X                             0.150000    0.169750   -0.019750 (VIOLATED)
acc_out[1]                              0.150000    0.169565   -0.019565 (VIOLATED)
output54/X                              0.150000    0.169564   -0.019564 (VIOLATED)
acc_out[0]                              0.150000    0.169223   -0.019223 (VIOLATED)
output43/X                              0.150000    0.169223   -0.019223 (VIOLATED)
_647_/D                                 0.150000    0.168323   -0.018323 (VIOLATED)
_483_/Y                                 0.150000    0.168322   -0.018322 (VIOLATED)
output72/A                              0.150000    0.168313   -0.018313 (VIOLATED)
wire551/X                               0.150000    0.168308   -0.018308 (VIOLATED)
_585_/A                                 0.150000    0.168298   -0.018298 (VIOLATED)
_586_/A                                 0.150000    0.168295   -0.018295 (VIOLATED)
_554_/A                                 0.150000    0.168288   -0.018288 (VIOLATED)
_584_/A                                 0.150000    0.168284   -0.018284 (VIOLATED)
_553_/A                                 0.150000    0.168284   -0.018284 (VIOLATED)
_552_/A                                 0.150000    0.168272   -0.018272 (VIOLATED)
_551_/A                                 0.150000    0.168265   -0.018265 (VIOLATED)
_550_/A                                 0.150000    0.168256   -0.018256 (VIOLATED)
_583_/A                                 0.150000    0.168238   -0.018238 (VIOLATED)
_582_/A                                 0.150000    0.168238   -0.018238 (VIOLATED)
fanout669/X                             0.150000    0.168238   -0.018238 (VIOLATED)
wire460/A                               0.150000    0.167794   -0.017794 (VIOLATED)
wire461/X                               0.150000    0.167791   -0.017791 (VIOLATED)
sram0/din0[27]                          0.150000    0.167239   -0.017239 (VIOLATED)
wire406/A                               0.150000    0.167222   -0.017222 (VIOLATED)
wire407/X                               0.150000    0.167215   -0.017215 (VIOLATED)
wire650/X                               0.150000    0.166956   -0.016956 (VIOLATED)
wire648/X                               0.150000    0.165727   -0.015727 (VIOLATED)
_457_/X                                 0.150000    0.164477   -0.014477 (VIOLATED)
_409_/Y                                 0.150000    0.164376   -0.014377 (VIOLATED)
_410_/A2                                0.150000    0.164376   -0.014377 (VIOLATED)
max_cap123/A                            0.150000    0.164376   -0.014377 (VIOLATED)
wire106/A                               0.150000    0.164267   -0.014267 (VIOLATED)
max_cap107/A                            0.150000    0.164266   -0.014266 (VIOLATED)
wire108/X                               0.150000    0.164264   -0.014264 (VIOLATED)
_426_/B                                 0.150000    0.163952   -0.013952 (VIOLATED)
max_cap195/A                            0.150000    0.163952   -0.013952 (VIOLATED)
_425_/Y                                 0.150000    0.163905   -0.013905 (VIOLATED)
_534_/A                                 0.150000    0.163646   -0.013646 (VIOLATED)
_533_/A                                 0.150000    0.163644   -0.013644 (VIOLATED)
_532_/A                                 0.150000    0.163640   -0.013640 (VIOLATED)
_531_/A                                 0.150000    0.163637   -0.013637 (VIOLATED)
_530_/A                                 0.150000    0.163635   -0.013635 (VIOLATED)
_529_/A                                 0.150000    0.163630   -0.013630 (VIOLATED)
_528_/A                                 0.150000    0.163626   -0.013626 (VIOLATED)
_567_/A                                 0.150000    0.163617   -0.013617 (VIOLATED)
_569_/A                                 0.150000    0.163615   -0.013615 (VIOLATED)
_568_/A                                 0.150000    0.163615   -0.013615 (VIOLATED)
fanout665/X                             0.150000    0.163615   -0.013615 (VIOLATED)
_538_/A                                 0.150000    0.162766   -0.012766 (VIOLATED)
_537_/A                                 0.150000    0.162763   -0.012763 (VIOLATED)
_536_/A                                 0.150000    0.162762   -0.012762 (VIOLATED)
_572_/A                                 0.150000    0.162758   -0.012758 (VIOLATED)
_535_/A                                 0.150000    0.162752   -0.012752 (VIOLATED)
_570_/A                                 0.150000    0.162747   -0.012747 (VIOLATED)
_571_/A                                 0.150000    0.162744   -0.012744 (VIOLATED)
_573_/A                                 0.150000    0.162741   -0.012741 (VIOLATED)
_574_/A                                 0.150000    0.162741   -0.012741 (VIOLATED)
_490_/C                                 0.150000    0.162740   -0.012740 (VIOLATED)
max_cap101/A                            0.150000    0.162737   -0.012737 (VIOLATED)
wire102/X                               0.150000    0.162736   -0.012736 (VIOLATED)
fanout666/X                             0.150000    0.162735   -0.012735 (VIOLATED)
wire427/A                               0.150000    0.162535   -0.012535 (VIOLATED)
wire428/X                               0.150000    0.162533   -0.012533 (VIOLATED)
wire633/X                               0.150000    0.161813   -0.011813 (VIOLATED)
wire629/X                               0.150000    0.161643   -0.011643 (VIOLATED)
_359_/Y                                 0.150000    0.159731   -0.009731 (VIOLATED)
max_cap328/A                            0.150000    0.159731   -0.009731 (VIOLATED)
wire325/A                               0.150000    0.159731   -0.009731 (VIOLATED)
wire598/A                               0.150000    0.159652   -0.009652 (VIOLATED)
wire599/X                               0.150000    0.159601   -0.009601 (VIOLATED)
wire659/X                               0.150000    0.159540   -0.009540 (VIOLATED)
wire636/X                               0.150000    0.158820   -0.008820 (VIOLATED)
wire630/X                               0.150000    0.157454   -0.007454 (VIOLATED)
max_cap494/A                            0.150000    0.157011   -0.007011 (VIOLATED)
_343_/A                                 0.150000    0.157011   -0.007011 (VIOLATED)
_341_/Y                                 0.150000    0.157008   -0.007008 (VIOLATED)
wire657/X                               0.150000    0.156465   -0.006465 (VIOLATED)
wire429/A                               0.150000    0.156233   -0.006233 (VIOLATED)
wire430/X                               0.150000    0.156231   -0.006231 (VIOLATED)
wire453/A                               0.150000    0.154802   -0.004802 (VIOLATED)
wire454/X                               0.150000    0.154799   -0.004799 (VIOLATED)
_486_/X                                 0.150000    0.154761   -0.004761 (VIOLATED)
max_cap87/A                             0.150000    0.154761   -0.004761 (VIOLATED)
wire86/A                                0.150000    0.154761   -0.004761 (VIOLATED)
_581_/A                                 0.150000    0.154634   -0.004634 (VIOLATED)
_549_/A                                 0.150000    0.154633   -0.004633 (VIOLATED)
_548_/A                                 0.150000    0.154628   -0.004628 (VIOLATED)
_547_/A                                 0.150000    0.154625   -0.004625 (VIOLATED)
_546_/A                                 0.150000    0.154623   -0.004623 (VIOLATED)
_545_/A                                 0.150000    0.154620   -0.004620 (VIOLATED)
_579_/A                                 0.150000    0.154609   -0.004609 (VIOLATED)
_580_/A                                 0.150000    0.154609   -0.004609 (VIOLATED)
fanout668/X                             0.150000    0.154607   -0.004607 (VIOLATED)
_454_/X                                 0.150000    0.154383   -0.004383 (VIOLATED)
wire647/X                               0.150000    0.154372   -0.004372 (VIOLATED)
wire324/A                               0.150000    0.153962   -0.003962 (VIOLATED)
wire325/X                               0.150000    0.153962   -0.003962 (VIOLATED)
_482_/B                                 0.150000    0.153476   -0.003476 (VIOLATED)
max_cap326/A                            0.150000    0.153476   -0.003476 (VIOLATED)
max_cap327/X                            0.150000    0.153476   -0.003476 (VIOLATED)
_370_/Y                                 0.150000    0.153229   -0.003229 (VIOLATED)
_371_/B1                                0.150000    0.153229   -0.003229 (VIOLATED)
_322_/Y                                 0.150000    0.152434   -0.002434 (VIOLATED)
_446_/B1                                0.150000    0.152434   -0.002434 (VIOLATED)
max_cap117/A                            0.150000    0.152434   -0.002434 (VIOLATED)
_362_/C                                 0.150000    0.151996   -0.001996 (VIOLATED)
_363_/B1                                0.150000    0.151996   -0.001996 (VIOLATED)
max_cap546/X                            0.150000    0.151996   -0.001996 (VIOLATED)
clkbuf_3_2__f_clk/A                     0.150000    0.151881   -0.001881 (VIOLATED)
clkbuf_3_3__f_clk/A                     0.150000    0.151562   -0.001562 (VIOLATED)
clkbuf_3_5__f_clk/A                     0.150000    0.151540   -0.001540 (VIOLATED)
clkbuf_3_4__f_clk/A                     0.150000    0.151500   -0.001500 (VIOLATED)
clkbuf_3_0__f_clk/A                     0.150000    0.151496   -0.001496 (VIOLATED)
clkbuf_3_1__f_clk/A                     0.150000    0.151363   -0.001363 (VIOLATED)
clkbuf_3_7__f_clk/A                     0.150000    0.151357   -0.001357 (VIOLATED)
_600_/D                                 0.150000    0.151256   -0.001256 (VIOLATED)
max_cap619/X                            0.150000    0.151248   -0.001248 (VIOLATED)
clkbuf_3_6__f_clk/A                     0.150000    0.151199   -0.001199 (VIOLATED)
clkbuf_0_clk/X                          0.150000    0.151038   -0.001038 (VIOLATED)
wire632/X                               0.150000    0.150284   -0.000284 (VIOLATED)
_636_/D                                 0.150000    0.150268   -0.000268 (VIOLATED)
_463_/Y                                 0.150000    0.150268   -0.000268 (VIOLATED)
_354_/X                                 0.150000    0.150160   -0.000160 (VIOLATED)
max_cap165/A                            0.150000    0.150160   -0.000160 (VIOLATED)
wire164/A                               0.150000    0.150160   -0.000160 (VIOLATED)
clkbuf_0_clk/A                          0.150000    0.150135   -0.000135 (VIOLATED)
clk                                     0.150000    0.150123   -0.000123 (VIOLATED)

max fanout

Pin                                   Limit Fanout  Slack
---------------------------------------------------------
clkbuf_3_5__f_clk/X                      10     15     -5 (VIOLATED)
clkbuf_3_4__f_clk/X                      10     12     -2 (VIOLATED)
clkbuf_3_6__f_clk/X                      10     12     -2 (VIOLATED)



===========================================================================
report_parasitic_annotation -report_unannotated
============================================================================
Found 54 unannotated drivers.
 clkload0/Y
 clkload1/Y
 clkload2/Y
 clkload3/Y
 clkload4/Y
 clkload5/Y
 clkload6/Y
 sram0/dout1[0]
 sram0/dout1[10]
 sram0/dout1[11]
 sram0/dout1[12]
 sram0/dout1[13]
 sram0/dout1[14]
 sram0/dout1[15]
 sram0/dout1[16]
 sram0/dout1[17]
 sram0/dout1[18]
 sram0/dout1[19]
 sram0/dout1[1]
 sram0/dout1[20]
 sram0/dout1[21]
 sram0/dout1[22]
 sram0/dout1[23]
 sram0/dout1[24]
 sram0/dout1[25]
 sram0/dout1[26]
 sram0/dout1[27]
 sram0/dout1[28]
 sram0/dout1[29]
 sram0/dout1[2]
 sram0/dout1[30]
 sram0/dout1[31]
 sram0/dout1[3]
 sram0/dout1[4]
 sram0/dout1[5]
 sram0/dout1[6]
 sram0/dout1[7]
 sram0/dout1[8]
 sram0/dout1[9]
 sram0_673/HI
 sram0_674/HI
 sram0_675/HI
 sram0_676/HI
 sram0_677/HI
 sram0_678/HI
 sram0_679/HI
 sram0_680/HI
 sram0_681/HI
 sram0_682/HI
 sram0_683/LO
 sram0_684/LO
 sram0_685/LO
 sram0_686/LO
 sram0_687/LO
Found 0 partially unannotated drivers.

===========================================================================
max slew violation count 397
max fanout violation count 3
max cap violation count 0
============================================================================

===========================================================================
check_setup -verbose -unconstrained_endpoints -multiple_clock -no_clock -no_input_delay -loops -generated_clocks
===========================================================================
Warning: There is 1 unclocked register/latch pin.
  sram0/clk1
Warning: There are 14 unconstrained endpoints.
  sram0/addr1[0]
  sram0/addr1[1]
  sram0/addr1[2]
  sram0/addr1[3]
  sram0/addr1[4]
  sram0/addr1[5]
  sram0/addr1[6]
  sram0/addr1[7]
  sram0/csb0
  sram0/csb1
  sram0/wmask0[0]
  sram0/wmask0[1]
  sram0/wmask0[2]
  sram0/wmask0[3]
