Clock: clk
Sources: clk 
Generated: no
Virtual: yes
Propagated: no
Period: 50.000000

===========================================================================
report_clock_properties
============================================================================
Clock                   Period          Waveform
----------------------------------------------------
clk                  50.000000    0.000000 25.000000

===========================================================================
report_clock_latency
============================================================================
Clock clk
rise -> rise
    min     max
0.000000 0.000000 source latency
0.536075         network latency _609_/CLK
        0.546896 network latency _599_/CLK
---------------
0.536075 0.546896 latency
        0.010821 skew

fall -> fall
    min     max
0.000000 0.000000 source latency
0.454156         network latency _609_/CLK
        0.463563 network latency _599_/CLK
---------------
0.454156 0.463563 latency
        0.009408 skew



===========================================================================
report_clock_min_period
============================================================================
clk period_min = 22.61 fmax = 44.24
