
===========================================================================
report_checks -path_delay min (Hold)
============================================================================
======================= max_tt_025C_1v80 Corner ===================================

Startpoint: cin (input port clocked by __VIRTUAL_CLK__)
Endpoint: sum[0] (output port clocked by __VIRTUAL_CLK__)
Path Group: __VIRTUAL_CLK__
Path Type: min

Fanout         Cap        Slew       Delay        Time   Description
---------------------------------------------------------------------------------------------
                      0.000000    0.000000    0.000000   clock __VIRTUAL_CLK__ (rise edge)
                                  0.000000    0.000000   clock network delay (ideal)
                                  4.000000    4.000000 ^ input external delay
     1    0.002843    0.019914    0.010513    4.010513 ^ cin (in)
                                                         cin (net)
                      0.019915    0.000000    4.010513 ^ input17/A (sky130_fd_sc_hd__buf_1)
     2    0.008494    0.107619    0.116930    4.127443 ^ input17/X (sky130_fd_sc_hd__buf_1)
                                                         net17 (net)
                      0.107624    0.000621    4.128064 ^ _58_/A (sky130_fd_sc_hd__xnor2_1)
     1    0.003352    0.036970    0.083861    4.211925 v _58_/Y (sky130_fd_sc_hd__xnor2_1)
                                                         net19 (net)
                      0.036970    0.000206    4.212131 v output19/A (sky130_fd_sc_hd__buf_2)
     1    0.034029    0.089454    0.175436    4.387567 v output19/X (sky130_fd_sc_hd__buf_2)
                                                         sum[0] (net)
                      0.089488    0.001613    4.389180 v sum[0] (out)
                                              4.389180   data arrival time

                      0.000000    0.000000    0.000000   clock __VIRTUAL_CLK__ (rise edge)
                                  0.000000    0.000000   clock network delay (ideal)
                                  0.250000    0.250000   clock uncertainty
                                  0.000000    0.250000   clock reconvergence pessimism
                                 -4.000000   -3.750000   output external delay
                                             -3.750000   data required time
---------------------------------------------------------------------------------------------
                                             -3.750000   data required time
                                             -4.389180   data arrival time
---------------------------------------------------------------------------------------------
                                              8.139180   slack (MET)


Startpoint: a[5] (input port clocked by __VIRTUAL_CLK__)
Endpoint: sum[5] (output port clocked by __VIRTUAL_CLK__)
Path Group: __VIRTUAL_CLK__
Path Type: min

Fanout         Cap        Slew       Delay        Time   Description
---------------------------------------------------------------------------------------------
                      0.000000    0.000000    0.000000   clock __VIRTUAL_CLK__ (rise edge)
                                  0.000000    0.000000   clock network delay (ideal)
                                  4.000000    4.000000 ^ input external delay
     1    0.003078    0.020932    0.011335    4.011335 ^ a[5] (in)
                                                         a[5] (net)
                      0.020940    0.000000    4.011335 ^ input6/A (sky130_fd_sc_hd__clkbuf_1)
     2    0.005449    0.073416    0.093257    4.104593 ^ input6/X (sky130_fd_sc_hd__clkbuf_1)
                                                         net6 (net)
                      0.073416    0.000318    4.104910 ^ _75_/B (sky130_fd_sc_hd__nand2_1)
     3    0.007712    0.063834    0.081793    4.186703 v _75_/Y (sky130_fd_sc_hd__nand2_1)
                                                         _32_ (net)
                      0.063835    0.000426    4.187129 v _80_/B (sky130_fd_sc_hd__nand2_1)
     1    0.005231    0.059649    0.084587    4.271716 ^ _80_/Y (sky130_fd_sc_hd__nand2_1)
                                                         _36_ (net)
                      0.059651    0.000385    4.272101 ^ _83_/B (sky130_fd_sc_hd__xnor2_1)
     1    0.002701    0.032968    0.058822    4.330923 v _83_/Y (sky130_fd_sc_hd__xnor2_1)
                                                         net24 (net)
                      0.032968    0.000166    4.331089 v output24/A (sky130_fd_sc_hd__buf_2)
     1    0.034449    0.090380    0.174503    4.505592 v output24/X (sky130_fd_sc_hd__buf_2)
                                                         sum[5] (net)
                      0.090413    0.001611    4.507203 v sum[5] (out)
                                              4.507203   data arrival time

                      0.000000    0.000000    0.000000   clock __VIRTUAL_CLK__ (rise edge)
                                  0.000000    0.000000   clock network delay (ideal)
                                  0.250000    0.250000   clock uncertainty
                                  0.000000    0.250000   clock reconvergence pessimism
                                 -4.000000   -3.750000   output external delay
                                             -3.750000   data required time
---------------------------------------------------------------------------------------------
                                             -3.750000   data required time
                                             -4.507203   data arrival time
---------------------------------------------------------------------------------------------
                                              8.257203   slack (MET)


Startpoint: a[3] (input port clocked by __VIRTUAL_CLK__)
Endpoint: sum[3] (output port clocked by __VIRTUAL_CLK__)
Path Group: __VIRTUAL_CLK__
Path Type: min

Fanout         Cap        Slew       Delay        Time   Description
---------------------------------------------------------------------------------------------
                      0.000000    0.000000    0.000000   clock __VIRTUAL_CLK__ (rise edge)
                                  0.000000    0.000000   clock network delay (ideal)
                                  4.000000    4.000000 v input external delay
     1    0.002677    0.008331    0.004265    4.004264 v a[3] (in)
                                                         a[3] (net)
                      0.008337    0.000000    4.004264 v input4/A (sky130_fd_sc_hd__clkbuf_1)
     3    0.005968    0.043131    0.086858    4.091122 v input4/X (sky130_fd_sc_hd__clkbuf_1)
                                                         net4 (net)
                      0.043131    0.000200    4.091322 v _39_/B (sky130_fd_sc_hd__nor2_1)
     1    0.002677    0.073792    0.079072    4.170394 ^ _39_/Y (sky130_fd_sc_hd__nor2_1)
                                                         _00_ (net)
                      0.073792    0.000124    4.170518 ^ _42_/A (sky130_fd_sc_hd__nor2_1)
     1    0.004624    0.035577    0.055848    4.226366 v _42_/Y (sky130_fd_sc_hd__nor2_1)
                                                         _03_ (net)
                      0.035578    0.000218    4.226583 v _55_/A (sky130_fd_sc_hd__xnor2_1)
     1    0.002821    0.034050    0.114819    4.341403 v _55_/Y (sky130_fd_sc_hd__xnor2_1)
                                                         net22 (net)
                      0.034050    0.000170    4.341573 v output22/A (sky130_fd_sc_hd__buf_2)
     1    0.034449    0.090372    0.174969    4.516542 v output22/X (sky130_fd_sc_hd__buf_2)
                                                         sum[3] (net)
                      0.090405    0.001611    4.518154 v sum[3] (out)
                                              4.518154   data arrival time

                      0.000000    0.000000    0.000000   clock __VIRTUAL_CLK__ (rise edge)
                                  0.000000    0.000000   clock network delay (ideal)
                                  0.250000    0.250000   clock uncertainty
                                  0.000000    0.250000   clock reconvergence pessimism
                                 -4.000000   -3.750000   output external delay
                                             -3.750000   data required time
---------------------------------------------------------------------------------------------
                                             -3.750000   data required time
                                             -4.518154   data arrival time
---------------------------------------------------------------------------------------------
                                              8.268153   slack (MET)


Startpoint: b[7] (input port clocked by __VIRTUAL_CLK__)
Endpoint: sum[7] (output port clocked by __VIRTUAL_CLK__)
Path Group: __VIRTUAL_CLK__
Path Type: min

Fanout         Cap        Slew       Delay        Time   Description
---------------------------------------------------------------------------------------------
                      0.000000    0.000000    0.000000   clock __VIRTUAL_CLK__ (rise edge)
                                  0.000000    0.000000   clock network delay (ideal)
                                  4.000000    4.000000 ^ input external delay
     1    0.002926    0.020272    0.010805    4.010805 ^ b[7] (in)
                                                         b[7] (net)
                      0.020273    0.000000    4.010805 ^ input16/A (sky130_fd_sc_hd__clkbuf_1)
     3    0.007032    0.091245    0.105606    4.116411 ^ input16/X (sky130_fd_sc_hd__clkbuf_1)
                                                         net16 (net)
                      0.091246    0.000245    4.116655 ^ _60_/A (sky130_fd_sc_hd__nand2_1)
     2    0.007655    0.064783    0.084424    4.201080 v _60_/Y (sky130_fd_sc_hd__nand2_1)
                                                         _17_ (net)
                      0.064787    0.000556    4.201636 v _62_/A (sky130_fd_sc_hd__nand2_1)
     1    0.005458    0.060920    0.078738    4.280374 ^ _62_/Y (sky130_fd_sc_hd__nand2_1)
                                                         _19_ (net)
                      0.060922    0.000408    4.280782 ^ _78_/A (sky130_fd_sc_hd__xnor2_1)
     1    0.002140    0.030156    0.063840    4.344623 v _78_/Y (sky130_fd_sc_hd__xnor2_1)
                                                         net26 (net)
                      0.030156    0.000097    4.344720 v output26/A (sky130_fd_sc_hd__buf_2)
     1    0.034006    0.089451    0.172455    4.517175 v output26/X (sky130_fd_sc_hd__buf_2)
                                                         sum[7] (net)
                      0.089485    0.001612    4.518788 v sum[7] (out)
                                              4.518788   data arrival time

                      0.000000    0.000000    0.000000   clock __VIRTUAL_CLK__ (rise edge)
                                  0.000000    0.000000   clock network delay (ideal)
                                  0.250000    0.250000   clock uncertainty
                                  0.000000    0.250000   clock reconvergence pessimism
                                 -4.000000   -3.750000   output external delay
                                             -3.750000   data required time
---------------------------------------------------------------------------------------------
                                             -3.750000   data required time
                                             -4.518788   data arrival time
---------------------------------------------------------------------------------------------
                                              8.268787   slack (MET)


Startpoint: a[4] (input port clocked by __VIRTUAL_CLK__)
Endpoint: sum[4] (output port clocked by __VIRTUAL_CLK__)
Path Group: __VIRTUAL_CLK__
Path Type: min

Fanout         Cap        Slew       Delay        Time   Description
---------------------------------------------------------------------------------------------
                      0.000000    0.000000    0.000000   clock __VIRTUAL_CLK__ (rise edge)
                                  0.000000    0.000000   clock network delay (ideal)
                                  4.000000    4.000000 ^ input external delay
     1    0.002805    0.019751    0.010379    4.010379 ^ a[4] (in)
                                                         a[4] (net)
                      0.019751    0.000000    4.010379 ^ input5/A (sky130_fd_sc_hd__clkbuf_1)
     2    0.005074    0.069218    0.089853    4.100233 ^ input5/X (sky130_fd_sc_hd__clkbuf_1)
                                                         net5 (net)
                      0.069218    0.000329    4.100562 ^ _67_/B (sky130_fd_sc_hd__nand2_1)
     2    0.008424    0.068131    0.084313    4.184875 v _67_/Y (sky130_fd_sc_hd__nand2_1)
                                                         _24_ (net)
                      0.068155    0.000308    4.185182 v _69_/A (sky130_fd_sc_hd__nand2_1)
     2    0.010373    0.102469    0.111161    4.296343 ^ _69_/Y (sky130_fd_sc_hd__nand2_1)
                                                         _26_ (net)
                      0.102471    0.000387    4.296731 ^ _84_/A (sky130_fd_sc_hd__xnor2_1)
     1    0.002469    0.034964    0.077009    4.373739 v _84_/Y (sky130_fd_sc_hd__xnor2_1)
                                                         net23 (net)
                      0.034964    0.000164    4.373903 v output23/A (sky130_fd_sc_hd__buf_2)
     1    0.034202    0.089872    0.174826    4.548729 v output23/X (sky130_fd_sc_hd__buf_2)
                                                         sum[4] (net)
                      0.089910    0.001701    4.550430 v sum[4] (out)
                                              4.550430   data arrival time

                      0.000000    0.000000    0.000000   clock __VIRTUAL_CLK__ (rise edge)
                                  0.000000    0.000000   clock network delay (ideal)
                                  0.250000    0.250000   clock uncertainty
                                  0.000000    0.250000   clock reconvergence pessimism
                                 -4.000000   -3.750000   output external delay
                                             -3.750000   data required time
---------------------------------------------------------------------------------------------
                                             -3.750000   data required time
                                             -4.550430   data arrival time
---------------------------------------------------------------------------------------------
                                              8.300431   slack (MET)


Startpoint: b[6] (input port clocked by __VIRTUAL_CLK__)
Endpoint: sum[6] (output port clocked by __VIRTUAL_CLK__)
Path Group: __VIRTUAL_CLK__
Path Type: min

Fanout         Cap        Slew       Delay        Time   Description
---------------------------------------------------------------------------------------------
                      0.000000    0.000000    0.000000   clock __VIRTUAL_CLK__ (rise edge)
                                  0.000000    0.000000   clock network delay (ideal)
                                  4.000000    4.000000 ^ input external delay
     1    0.003072    0.020906    0.011314    4.011314 ^ b[6] (in)
                                                         b[6] (net)
                      0.020914    0.000000    4.011314 ^ input15/A (sky130_fd_sc_hd__clkbuf_1)
     2    0.005832    0.077718    0.096275    4.107589 ^ input15/X (sky130_fd_sc_hd__clkbuf_1)
                                                         net15 (net)
                      0.077748    0.000374    4.107963 ^ _64_/A (sky130_fd_sc_hd__nand2_1)
     4    0.011799    0.090983    0.101398    4.209361 v _64_/Y (sky130_fd_sc_hd__nand2_1)
                                                         _21_ (net)
                      0.090990    0.000691    4.210052 v _79_/B (sky130_fd_sc_hd__nand2_1)
     1    0.005897    0.065700    0.100985    4.311037 ^ _79_/Y (sky130_fd_sc_hd__nand2_1)
                                                         _35_ (net)
                      0.065702    0.000433    4.311471 ^ _82_/A (sky130_fd_sc_hd__xnor2_1)
     1    0.003598    0.040962    0.073757    4.385228 v _82_/Y (sky130_fd_sc_hd__xnor2_1)
                                                         net25 (net)
                      0.040963    0.000225    4.385453 v output25/A (sky130_fd_sc_hd__buf_2)
     1    0.034237    0.089879    0.177527    4.562979 v output25/X (sky130_fd_sc_hd__buf_2)
                                                         sum[6] (net)
                      0.089914    0.001636    4.564615 v sum[6] (out)
                                              4.564615   data arrival time

                      0.000000    0.000000    0.000000   clock __VIRTUAL_CLK__ (rise edge)
                                  0.000000    0.000000   clock network delay (ideal)
                                  0.250000    0.250000   clock uncertainty
                                  0.000000    0.250000   clock reconvergence pessimism
                                 -4.000000   -3.750000   output external delay
                                             -3.750000   data required time
---------------------------------------------------------------------------------------------
                                             -3.750000   data required time
                                             -4.564615   data arrival time
---------------------------------------------------------------------------------------------
                                              8.314615   slack (MET)


Startpoint: a[1] (input port clocked by __VIRTUAL_CLK__)
Endpoint: sum[1] (output port clocked by __VIRTUAL_CLK__)
Path Group: __VIRTUAL_CLK__
Path Type: min

Fanout         Cap        Slew       Delay        Time   Description
---------------------------------------------------------------------------------------------
                      0.000000    0.000000    0.000000   clock __VIRTUAL_CLK__ (rise edge)
                                  0.000000    0.000000   clock network delay (ideal)
                                  4.000000    4.000000 v input external delay
     1    0.003023    0.009134    0.004853    4.004853 v a[1] (in)
                                                         a[1] (net)
                      0.009140    0.000000    4.004853 v input2/A (sky130_fd_sc_hd__clkbuf_1)
     2    0.005134    0.038665    0.083323    4.088176 v input2/X (sky130_fd_sc_hd__clkbuf_1)
                                                         net2 (net)
                      0.038667    0.000330    4.088505 v _51_/B (sky130_fd_sc_hd__nor2_1)
     1    0.003000    0.078852    0.081590    4.170095 ^ _51_/Y (sky130_fd_sc_hd__nor2_1)
                                                         _12_ (net)
                      0.078855    0.000214    4.170309 ^ _52_/B (sky130_fd_sc_hd__nor2_1)
     3    0.009916    0.053178    0.071230    4.241539 v _52_/Y (sky130_fd_sc_hd__nor2_1)
                                                         _13_ (net)
                      0.053206    0.000562    4.242101 v _57_/B (sky130_fd_sc_hd__xor2_1)
     1    0.004110    0.041276    0.144670    4.386770 v _57_/X (sky130_fd_sc_hd__xor2_1)
                                                         net20 (net)
                      0.041278    0.000248    4.387018 v output20/A (sky130_fd_sc_hd__buf_2)
     1    0.033920    0.089178    0.177109    4.564126 v output20/X (sky130_fd_sc_hd__buf_2)
                                                         sum[1] (net)
                      0.089211    0.001586    4.565712 v sum[1] (out)
                                              4.565712   data arrival time

                      0.000000    0.000000    0.000000   clock __VIRTUAL_CLK__ (rise edge)
                                  0.000000    0.000000   clock network delay (ideal)
                                  0.250000    0.250000   clock uncertainty
                                  0.000000    0.250000   clock reconvergence pessimism
                                 -4.000000   -3.750000   output external delay
                                             -3.750000   data required time
---------------------------------------------------------------------------------------------
                                             -3.750000   data required time
                                             -4.565712   data arrival time
---------------------------------------------------------------------------------------------
                                              8.315713   slack (MET)


Startpoint: b[2] (input port clocked by __VIRTUAL_CLK__)
Endpoint: sum[2] (output port clocked by __VIRTUAL_CLK__)
Path Group: __VIRTUAL_CLK__
Path Type: min

Fanout         Cap        Slew       Delay        Time   Description
---------------------------------------------------------------------------------------------
                      0.000000    0.000000    0.000000   clock __VIRTUAL_CLK__ (rise edge)
                                  0.000000    0.000000   clock network delay (ideal)
                                  4.000000    4.000000 ^ input external delay
     1    0.002908    0.020195    0.010741    4.010741 ^ b[2] (in)
                                                         b[2] (net)
                      0.020196    0.000000    4.010741 ^ input11/A (sky130_fd_sc_hd__buf_1)
     3    0.010103    0.125862    0.129623    4.140364 ^ input11/X (sky130_fd_sc_hd__buf_1)
                                                         net11 (net)
                      0.125866    0.000608    4.140972 ^ _44_/A (sky130_fd_sc_hd__nor2_1)
     2    0.007322    0.054105    0.083499    4.224471 v _44_/Y (sky130_fd_sc_hd__nor2_1)
                                                         _05_ (net)
                      0.054108    0.000464    4.224935 v _45_/B (sky130_fd_sc_hd__nor2_1)
     1    0.005136    0.113280    0.113338    4.338273 ^ _45_/Y (sky130_fd_sc_hd__nor2_1)
                                                         _06_ (net)
                      0.113319    0.000388    4.338661 ^ _56_/A (sky130_fd_sc_hd__xnor2_1)
     1    0.002652    0.036055    0.081149    4.419810 v _56_/Y (sky130_fd_sc_hd__xnor2_1)
                                                         net21 (net)
                      0.036055    0.000162    4.419972 v output21/A (sky130_fd_sc_hd__buf_2)
     1    0.034358    0.090186    0.175617    4.595589 v output21/X (sky130_fd_sc_hd__buf_2)
                                                         sum[2] (net)
                      0.090223    0.001672    4.597260 v sum[2] (out)
                                              4.597260   data arrival time

                      0.000000    0.000000    0.000000   clock __VIRTUAL_CLK__ (rise edge)
                                  0.000000    0.000000   clock network delay (ideal)
                                  0.250000    0.250000   clock uncertainty
                                  0.000000    0.250000   clock reconvergence pessimism
                                 -4.000000   -3.750000   output external delay
                                             -3.750000   data required time
---------------------------------------------------------------------------------------------
                                             -3.750000   data required time
                                             -4.597260   data arrival time
---------------------------------------------------------------------------------------------
                                              8.347260   slack (MET)


Startpoint: b[7] (input port clocked by __VIRTUAL_CLK__)
Endpoint: cout (output port clocked by __VIRTUAL_CLK__)
Path Group: __VIRTUAL_CLK__
Path Type: min

Fanout         Cap        Slew       Delay        Time   Description
---------------------------------------------------------------------------------------------
                      0.000000    0.000000    0.000000   clock __VIRTUAL_CLK__ (rise edge)
                                  0.000000    0.000000   clock network delay (ideal)
                                  4.000000    4.000000 v input external delay
     1    0.002750    0.008499    0.004390    4.004390 v b[7] (in)
                                                         b[7] (net)
                      0.008505    0.000000    4.004390 v input16/A (sky130_fd_sc_hd__clkbuf_1)
     3    0.006706    0.047144    0.090282    4.094672 v input16/X (sky130_fd_sc_hd__clkbuf_1)
                                                         net16 (net)
                      0.047144    0.000233    4.094905 v _60_/A (sky130_fd_sc_hd__nand2_1)
     2    0.007897    0.080738    0.086503    4.181408 ^ _60_/Y (sky130_fd_sc_hd__nand2_1)
                                                         _17_ (net)
                      0.080741    0.000441    4.181849 ^ _85_/A (sky130_fd_sc_hd__nand2_1)
     1    0.002565    0.035411    0.051989    4.233838 v _85_/Y (sky130_fd_sc_hd__nand2_1)
                                                         _38_ (net)
                      0.035412    0.000184    4.234022 v _86_/B2 (sky130_fd_sc_hd__o221a_1)
     1    0.002436    0.031587    0.193712    4.427734 v _86_/X (sky130_fd_sc_hd__o221a_1)
                                                         net18 (net)
                      0.031588    0.000155    4.427889 v output18/A (sky130_fd_sc_hd__buf_2)
     1    0.034080    0.089609    0.173197    4.601086 v output18/X (sky130_fd_sc_hd__buf_2)
                                                         cout (net)
                      0.089644    0.001635    4.602721 v cout (out)
                                              4.602721   data arrival time

                      0.000000    0.000000    0.000000   clock __VIRTUAL_CLK__ (rise edge)
                                  0.000000    0.000000   clock network delay (ideal)
                                  0.250000    0.250000   clock uncertainty
                                  0.000000    0.250000   clock reconvergence pessimism
                                 -4.000000   -3.750000   output external delay
                                             -3.750000   data required time
---------------------------------------------------------------------------------------------
                                             -3.750000   data required time
                                             -4.602721   data arrival time
---------------------------------------------------------------------------------------------
                                              8.352721   slack (MET)



