Clock: clk
Sources: clk 
Generated: no
Virtual: yes
Propagated: no
Period: 50.000000

===========================================================================
report_clock_properties
============================================================================
Clock                   Period          Waveform
----------------------------------------------------
clk                  50.000000    0.000000 25.000000

===========================================================================
report_clock_latency
============================================================================
Clock clk
rise -> rise
    min     max
0.000000 0.000000 source latency
0.375688         network latency _646_/CLK
        0.383572 network latency _599_/CLK
---------------
0.375688 0.383572 latency
        0.007884 skew

fall -> fall
    min     max
0.000000 0.000000 source latency
0.313239         network latency _646_/CLK
        0.319806 network latency _599_/CLK
---------------
0.313239 0.319806 latency
        0.006567 skew



===========================================================================
report_clock_min_period
============================================================================
clk period_min = 14.48 fmax = 69.06
