Clock: clk
Sources: clk 
Generated: no
Virtual: yes
Propagated: no
Period: 50.000000

===========================================================================
report_clock_properties
============================================================================
Clock                   Period          Waveform
----------------------------------------------------
clk                  50.000000    0.000000 25.000000

===========================================================================
report_clock_latency
============================================================================
Clock clk
rise -> rise
    min     max
0.000000 0.000000 source latency
0.385957         network latency _609_/CLK
        0.398451 network latency _599_/CLK
---------------
0.385957 0.398451 latency
        0.012494 skew

fall -> fall
    min     max
0.000000 0.000000 source latency
0.321984         network latency _609_/CLK
        0.333577 network latency _599_/CLK
---------------
0.321984 0.333577 latency
        0.011593 skew



===========================================================================
report_clock_min_period
============================================================================
clk period_min = 15.26 fmax = 65.52
