Clock: clk
Sources: clk 
Generated: no
Virtual: yes
Propagated: no
Period: 50.000000

===========================================================================
report_clock_properties
============================================================================
Clock                   Period          Waveform
----------------------------------------------------
clk                  50.000000    0.000000 25.000000

===========================================================================
report_clock_latency
============================================================================
Clock clk
rise -> rise
    min     max
0.000000 0.000000 source latency
0.399971         network latency _646_/CLK
        0.411526 network latency _599_/CLK
---------------
0.399971 0.411526 latency
        0.011556 skew

fall -> fall
    min     max
0.000000 0.000000 source latency
0.331601         network latency _646_/CLK
        0.341998 network latency _599_/CLK
---------------
0.331601 0.341998 latency
        0.010397 skew



===========================================================================
report_clock_min_period
============================================================================
clk period_min = 15.63 fmax = 63.98
