Clock: clk
Sources: clk 
Generated: no
Virtual: yes
Propagated: no
Period: 20.000000

===========================================================================
report_clock_properties
============================================================================
Clock                   Period          Waveform
----------------------------------------------------
clk                  20.000000    0.000000 10.000000

===========================================================================
report_clock_latency
============================================================================
Clock clk
rise -> rise
    min     max
0.000000 0.000000 source latency
0.611283         network latency _461_/CLK
        0.624656 network latency _439_/CLK
---------------
0.611283 0.624656 latency
        0.013373 skew

fall -> fall
    min     max
0.000000 0.000000 source latency
0.597205         network latency _461_/CLK
        0.608349 network latency _439_/CLK
---------------
0.597205 0.608349 latency
        0.011144 skew



===========================================================================
report_clock_min_period
============================================================================
clk period_min = 7.50 fmax = 133.33
