Reading OpenROAD database at '/home/minhnd/projects/CLA32_Floorplanning/runs/acc8_util60/24-openroad-ioplacement/acc8.odb'…
Reading library file at '/home/minhnd/.volare/volare/sky130/versions/0fe599b2afb6708d281543108caf8310912f54af/sky130A/libs.ref/sky130_fd_sc_hd/lib/sky130_fd_sc_hd__tt_025C_1v80.lib'…
Reading design constraints file at '/nix/store/ss2cw3sxbrwwx9jl0rrppbw4kgcmgi2n-python3-3.11.9-env/lib/python3.11/site-packages/openlane/scripts/base.sdc'…
[INFO] Using clock clk…
[INFO] Setting output delay to: 4
[INFO] Setting input delay to: 4
[INFO] Setting load to: 0.033442
[INFO] Setting clock uncertainty to: 0.25
[INFO] Setting clock transition to: 0.1499999999999999944488848768742172978818416595458984375
[INFO] Setting timing derate to: 5%
[INFO] Setting RC values…
[INFO] Setting signal min routing layer to: met1 and clock min routing layer to met1. 
[INFO] Setting signal max routing layer to: met5 and clock max routing layer to met5. 
+ global_placement -density 0.756417 -timing_driven -routability_driven -pad_right 0 -pad_left 0 -init_wirelength_coef 0.25
[INFO GPL-0002] DBU: 1000
[INFO GPL-0003] SiteSize: (  0.460  2.720 ) um
[INFO GPL-0004] CoreBBox: (  5.520 10.880 ) ( 36.800 40.800 ) um
[INFO GPL-0006] NumInstances:                93
[INFO GPL-0007] NumPlaceInstances:           58
[INFO GPL-0008] NumFixedInstances:           35
[INFO GPL-0009] NumDummyInstances:            0
[INFO GPL-0010] NumNets:                     68
[INFO GPL-0011] NumPins:                    208
[INFO GPL-0012] DieBBox:  (  0.000  0.000 ) ( 42.610 53.330 ) um
[INFO GPL-0013] CoreBBox: (  5.520 10.880 ) ( 36.800 40.800 ) um
[INFO GPL-0016] CoreArea:               935.898 um^2
[INFO GPL-0017] NonPlaceInstsArea:       98.845 um^2
[INFO GPL-0018] PlaceInstsArea:         598.074 um^2
[INFO GPL-0019] Util:                    71.450 %
[INFO GPL-0020] StdInstsArea:           598.074 um^2
[INFO GPL-0021] MacroInstsArea:           0.000 um^2
[InitialPlace]  Iter: 1 CG residual: 0.00000008 HPWL: 1137172
[InitialPlace]  Iter: 2 CG residual: 0.00000009 HPWL: 1038513
[InitialPlace]  Iter: 3 CG residual: 0.00000009 HPWL: 1031329
[InitialPlace]  Iter: 4 CG residual: 0.00000010 HPWL: 1031337
[InitialPlace]  Iter: 5 CG residual: 0.00000003 HPWL: 1027987
[INFO GPL-0031] FillerInit:NumGCells:        61
[INFO GPL-0032] FillerInit:NumGNets:         68
[INFO GPL-0033] FillerInit:NumGPins:        208
[INFO GPL-0023] TargetDensity:            0.756
[INFO GPL-0024] AvrgPlaceInstArea:       10.312 um^2
[INFO GPL-0025] IdealBinArea:            13.632 um^2
[INFO GPL-0026] IdealBinCnt:                 68
[INFO GPL-0027] TotalBinArea:           935.898 um^2
[INFO GPL-0028] BinCnt:         8      8
[INFO GPL-0029] BinSize: (  3.910  3.740 )
[INFO GPL-0030] NumBins: 64
[NesterovSolve] Iter:    1 overflow: 0.501 HPWL: 582546
[INFO GPL-0100] Timing-driven: executing resizer for reweighting nets.
[INFO GPL-0101] Timing-driven: worst slack 1.42e-08
[INFO GPL-0103] Timing-driven: weighted 6 nets.
[NesterovSolve] Snapshot saved at iter = 0
[INFO GPL-0100] Timing-driven: executing resizer for reweighting nets.
[INFO GPL-0101] Timing-driven: worst slack 1.42e-08
[INFO GPL-0103] Timing-driven: weighted 2 nets.
[NesterovSolve] Iter:   10 overflow: 0.393 HPWL: 586465
[NesterovSolve] Iter:   20 overflow: 0.395 HPWL: 581100
[NesterovSolve] Iter:   30 overflow: 0.396 HPWL: 581836
[NesterovSolve] Iter:   40 overflow: 0.395 HPWL: 581897
[NesterovSolve] Iter:   50 overflow: 0.396 HPWL: 581938
[NesterovSolve] Iter:   60 overflow: 0.396 HPWL: 581824
[NesterovSolve] Iter:   70 overflow: 0.395 HPWL: 581828
[NesterovSolve] Iter:   80 overflow: 0.395 HPWL: 581867
[NesterovSolve] Iter:   90 overflow: 0.395 HPWL: 581835
[NesterovSolve] Iter:  100 overflow: 0.394 HPWL: 581817
[NesterovSolve] Iter:  110 overflow: 0.394 HPWL: 581802
[NesterovSolve] Iter:  120 overflow: 0.392 HPWL: 581758
[NesterovSolve] Iter:  130 overflow: 0.390 HPWL: 581936
[NesterovSolve] Iter:  140 overflow: 0.386 HPWL: 582025
[NesterovSolve] Iter:  150 overflow: 0.382 HPWL: 582339
[NesterovSolve] Iter:  160 overflow: 0.374 HPWL: 582656
[NesterovSolve] Iter:  170 overflow: 0.360 HPWL: 582250
[NesterovSolve] Iter:  180 overflow: 0.343 HPWL: 580699
[NesterovSolve] Iter:  190 overflow: 0.335 HPWL: 580617
[NesterovSolve] Iter:  200 overflow: 0.330 HPWL: 583170
[NesterovSolve] Iter:  210 overflow: 0.324 HPWL: 585502
[NesterovSolve] Iter:  220 overflow: 0.315 HPWL: 587847
[INFO GPL-0075] Routability numCall: 1 inflationIterCnt: 1 bloatIterCnt: 0
[INFO GPL-0036] TileBBox: (    0    0 ) ( 6900 6900 ) DBU
[INFO GPL-0038] TileCnt:       6    7
[INFO GPL-0040] NumTiles: 42
[INFO GPL-0081] TotalRouteOverflow: 0
[INFO GPL-0082] OverflowTileCnt: 0
[INFO GPL-0083] 0.5%RC: 0.6377090811729431
[INFO GPL-0084] 1.0%RC: 0.6377090811729431
[INFO GPL-0085] 2.0%RC: 0.6377090811729431
[INFO GPL-0086] 5.0%RC: 0.6306290825208029
[INFO GPL-0087] FinalRC: 0.6377091
[INFO GPL-0077] FinalRC lower than targetRC(1.01), routability not needed.
[NesterovSolve] Iter:  230 overflow: 0.297 HPWL: 588663
[INFO GPL-0100] Timing-driven: executing resizer for reweighting nets.
[INFO GPL-0101] Timing-driven: worst slack 1.42e-08
[INFO GPL-0103] Timing-driven: weighted 4 nets.
[NesterovSolve] Iter:  240 overflow: 0.269 HPWL: 592568
[NesterovSolve] Iter:  250 overflow: 0.234 HPWL: 587185
[INFO GPL-0100] Timing-driven: executing resizer for reweighting nets.
[INFO GPL-0101] Timing-driven: worst slack 1.42e-08
[INFO GPL-0103] Timing-driven: weighted 5 nets.
[NesterovSolve] Iter:  260 overflow: 0.198 HPWL: 588809
[NesterovSolve] Iter:  270 overflow: 0.171 HPWL: 589857
[NesterovSolve] Iter:  280 overflow: 0.151 HPWL: 592674
[INFO GPL-0100] Timing-driven: executing resizer for reweighting nets.
[INFO GPL-0101] Timing-driven: worst slack 1.42e-08
[INFO GPL-0103] Timing-driven: weighted 3 nets.
[NesterovSolve] Iter:  290 overflow: 0.134 HPWL: 598784
[NesterovSolve] Iter:  300 overflow: 0.107 HPWL: 602532
[NesterovSolve] Finished with Overflow: 0.098773
[INFO] Setting RC values…
Setting global connections for newly added cells…
[INFO] Setting global connections...
Updating metrics…
Cell type report:                       Count       Area
  Fill cell                                22      82.58
  Tap cell                                 13      16.27
  Inverter                                  9      33.78
  Sequential cell                           8     210.20
  Multi-Input combinational cell           41     354.09
  Total                                    93     696.92
Writing OpenROAD database to '/home/minhnd/projects/CLA32_Floorplanning/runs/acc8_util60/27-openroad-globalplacement/acc8.odb'…
Writing netlist to '/home/minhnd/projects/CLA32_Floorplanning/runs/acc8_util60/27-openroad-globalplacement/acc8.nl.v'…
Writing powered netlist to '/home/minhnd/projects/CLA32_Floorplanning/runs/acc8_util60/27-openroad-globalplacement/acc8.pnl.v'…
Writing layout to '/home/minhnd/projects/CLA32_Floorplanning/runs/acc8_util60/27-openroad-globalplacement/acc8.def'…
Writing timing constraints to '/home/minhnd/projects/CLA32_Floorplanning/runs/acc8_util60/27-openroad-globalplacement/acc8.sdc'…
