Clock: clk
Sources: clk 
Generated: no
Virtual: yes
Propagated: no
Period: 20.000000

===========================================================================
report_clock_properties
============================================================================
Clock                   Period          Waveform
----------------------------------------------------
clk                  20.000000    0.000000 10.000000

===========================================================================
report_clock_latency
============================================================================
Clock clk
rise -> rise
    min     max
0.000000 0.000000 source latency
0.480527         network latency _98_/CLK
        0.481065 network latency _94_/CLK
---------------
0.480527 0.481065 latency
        0.000538 skew

fall -> fall
    min     max
0.000000 0.000000 source latency
0.506353         network latency _98_/CLK
        0.506812 network latency _94_/CLK
---------------
0.506353 0.506812 latency
        0.000459 skew



===========================================================================
report_clock_min_period
============================================================================
clk period_min = 4.55 fmax = 219.64
