
===========================================================================
report_checks -path_delay max (Setup)
============================================================================
======================= nom_ss_100C_1v60 Corner ===================================

Startpoint: data_in[0] (input port clocked by clk)
Endpoint: _98_ (rising edge-triggered flip-flop clocked by clk)
Path Group: clk
Path Type: max

Fanout         Cap        Slew       Delay        Time   Description
---------------------------------------------------------------------------------------------
                                  0.000000    0.000000   clock clk (rise edge)
                                  0.000000    0.000000   clock network delay (propagated)
                                  4.000000    4.000000 ^ input external delay
     1    0.003881    0.039506    0.021506    4.021506 ^ data_in[0] (in)
                                                         data_in[0] (net)
                      0.039506    0.000000    4.021506 ^ input1/A (sky130_fd_sc_hd__clkbuf_1)
     2    0.006647    0.140489    0.187051    4.208557 ^ input1/X (sky130_fd_sc_hd__clkbuf_1)
                                                         net1 (net)
                      0.140489    0.000208    4.208765 ^ _53_/A (sky130_fd_sc_hd__nand2_1)
     3    0.009097    0.167358    0.200164    4.408929 v _53_/Y (sky130_fd_sc_hd__nand2_1)
                                                         _18_ (net)
                      0.167358    0.000260    4.409189 v _54_/A (sky130_fd_sc_hd__or3b_1)
     3    0.007882    0.189625    0.964819    5.374008 v _54_/X (sky130_fd_sc_hd__or3b_1)
                                                         _19_ (net)
                      0.189625    0.000135    5.374143 v _55_/A2 (sky130_fd_sc_hd__a211o_1)
     4    0.012097    0.169080    0.680930    6.055072 v _55_/X (sky130_fd_sc_hd__a211o_1)
                                                         _20_ (net)
                      0.169080    0.000279    6.055352 v _60_/A2 (sky130_fd_sc_hd__a311o_1)
     4    0.012826    0.181689    0.730579    6.785930 v _60_/X (sky130_fd_sc_hd__a311o_1)
                                                         _25_ (net)
                      0.181689    0.000390    6.786320 v _70_/A2 (sky130_fd_sc_hd__a31o_1)
     1    0.005566    0.089309    0.441658    7.227978 v _70_/X (sky130_fd_sc_hd__a31o_1)
                                                         _33_ (net)
                      0.089309    0.000136    7.228114 v _71_/B (sky130_fd_sc_hd__xnor2_1)
     1    0.002380    0.085095    0.205629    7.433743 v _71_/Y (sky130_fd_sc_hd__xnor2_1)
                                                         adder.high.sum[2] (net)
                      0.085095    0.000066    7.433810 v _98_/D (sky130_fd_sc_hd__dfrtp_1)
                                              7.433810   data arrival time

                                 20.000000   20.000000   clock clk (rise edge)
                                  0.000000   20.000000   clock source latency
     1    0.009480    0.077579    0.049855   20.049856 ^ clk (in)
                                                         clk (net)
                      0.077580    0.000000   20.049856 ^ clkbuf_0_clk/A (sky130_fd_sc_hd__clkbuf_16)
     2    0.018519    0.065584    0.222846   20.272701 ^ clkbuf_0_clk/X (sky130_fd_sc_hd__clkbuf_16)
                                                         clknet_0_clk (net)
                      0.065584    0.000393   20.273094 ^ clkbuf_1_1__f_clk/A (sky130_fd_sc_hd__clkbuf_16)
     4    0.011279    0.056546    0.207180   20.480274 ^ clkbuf_1_1__f_clk/X (sky130_fd_sc_hd__clkbuf_16)
                                                         clknet_1_1__leaf_clk (net)
                      0.056546    0.000254   20.480528 ^ _98_/CLK (sky130_fd_sc_hd__dfrtp_1)
                                 -0.250000   20.230530   clock uncertainty
                                  0.000000   20.230530   clock reconvergence pessimism
                                 -0.286447   19.944082   library setup time
                                             19.944082   data required time
---------------------------------------------------------------------------------------------
                                             19.944082   data required time
                                             -7.433810   data arrival time
---------------------------------------------------------------------------------------------
                                             12.510272   slack (MET)


Startpoint: data_in[0] (input port clocked by clk)
Endpoint: _99_ (rising edge-triggered flip-flop clocked by clk)
Path Group: clk
Path Type: max

Fanout         Cap        Slew       Delay        Time   Description
---------------------------------------------------------------------------------------------
                                  0.000000    0.000000   clock clk (rise edge)
                                  0.000000    0.000000   clock network delay (propagated)
                                  4.000000    4.000000 ^ input external delay
     1    0.003881    0.039506    0.021506    4.021506 ^ data_in[0] (in)
                                                         data_in[0] (net)
                      0.039506    0.000000    4.021506 ^ input1/A (sky130_fd_sc_hd__clkbuf_1)
     2    0.006647    0.140489    0.187051    4.208557 ^ input1/X (sky130_fd_sc_hd__clkbuf_1)
                                                         net1 (net)
                      0.140489    0.000208    4.208765 ^ _53_/A (sky130_fd_sc_hd__nand2_1)
     3    0.009097    0.167358    0.200164    4.408929 v _53_/Y (sky130_fd_sc_hd__nand2_1)
                                                         _18_ (net)
                      0.167358    0.000260    4.409189 v _54_/A (sky130_fd_sc_hd__or3b_1)
     3    0.007882    0.189625    0.964819    5.374008 v _54_/X (sky130_fd_sc_hd__or3b_1)
                                                         _19_ (net)
                      0.189625    0.000135    5.374143 v _55_/A2 (sky130_fd_sc_hd__a211o_1)
     4    0.012097    0.169080    0.680930    6.055072 v _55_/X (sky130_fd_sc_hd__a211o_1)
                                                         _20_ (net)
                      0.169080    0.000279    6.055352 v _60_/A2 (sky130_fd_sc_hd__a311o_1)
     4    0.012826    0.181689    0.730579    6.785930 v _60_/X (sky130_fd_sc_hd__a311o_1)
                                                         _25_ (net)
                      0.181689    0.000308    6.786238 v _74_/A1 (sky130_fd_sc_hd__a21oi_1)
     1    0.004977    0.231102    0.299931    7.086169 ^ _74_/Y (sky130_fd_sc_hd__a21oi_1)
                                                         _36_ (net)
                      0.231102    0.000148    7.086317 ^ _76_/A (sky130_fd_sc_hd__xnor2_1)
     1    0.002157    0.083809    0.187276    7.273592 v _76_/Y (sky130_fd_sc_hd__xnor2_1)
                                                         adder.high.sum[3] (net)
                      0.083809    0.000061    7.273654 v _99_/D (sky130_fd_sc_hd__dfrtp_1)
                                              7.273654   data arrival time

                                 20.000000   20.000000   clock clk (rise edge)
                                  0.000000   20.000000   clock source latency
     1    0.009480    0.077579    0.049855   20.049856 ^ clk (in)
                                                         clk (net)
                      0.077580    0.000000   20.049856 ^ clkbuf_0_clk/A (sky130_fd_sc_hd__clkbuf_16)
     2    0.018519    0.065584    0.222846   20.272701 ^ clkbuf_0_clk/X (sky130_fd_sc_hd__clkbuf_16)
                                                         clknet_0_clk (net)
                      0.065584    0.000393   20.273094 ^ clkbuf_1_1__f_clk/A (sky130_fd_sc_hd__clkbuf_16)
     4    0.011279    0.056546    0.207180   20.480274 ^ clkbuf_1_1__f_clk/X (sky130_fd_sc_hd__clkbuf_16)
                                                         clknet_1_1__leaf_clk (net)
                      0.056546    0.000268   20.480543 ^ _99_/CLK (sky130_fd_sc_hd__dfrtp_1)
                                 -0.250000   20.230543   clock uncertainty
                                  0.000000   20.230543   clock reconvergence pessimism
                                 -0.285910   19.944633   library setup time
                                             19.944633   data required time
---------------------------------------------------------------------------------------------
                                             19.944633   data required time
                                             -7.273654   data arrival time
---------------------------------------------------------------------------------------------
                                             12.670979   slack (MET)


Startpoint: data_in[0] (input port clocked by clk)
Endpoint: _96_ (rising edge-triggered flip-flop clocked by clk)
Path Group: clk
Path Type: max

Fanout         Cap        Slew       Delay        Time   Description
---------------------------------------------------------------------------------------------
                                  0.000000    0.000000   clock clk (rise edge)
                                  0.000000    0.000000   clock network delay (propagated)
                                  4.000000    4.000000 ^ input external delay
     1    0.003881    0.039506    0.021506    4.021506 ^ data_in[0] (in)
                                                         data_in[0] (net)
                      0.039506    0.000000    4.021506 ^ input1/A (sky130_fd_sc_hd__clkbuf_1)
     2    0.006647    0.140489    0.187051    4.208557 ^ input1/X (sky130_fd_sc_hd__clkbuf_1)
                                                         net1 (net)
                      0.140489    0.000208    4.208765 ^ _53_/A (sky130_fd_sc_hd__nand2_1)
     3    0.009097    0.167358    0.200164    4.408929 v _53_/Y (sky130_fd_sc_hd__nand2_1)
                                                         _18_ (net)
                      0.167358    0.000260    4.409189 v _54_/A (sky130_fd_sc_hd__or3b_1)
     3    0.007882    0.189625    0.964819    5.374008 v _54_/X (sky130_fd_sc_hd__or3b_1)
                                                         _19_ (net)
                      0.189625    0.000135    5.374143 v _55_/A2 (sky130_fd_sc_hd__a211o_1)
     4    0.012097    0.169080    0.680930    6.055072 v _55_/X (sky130_fd_sc_hd__a211o_1)
                                                         _20_ (net)
                      0.169080    0.000279    6.055352 v _60_/A2 (sky130_fd_sc_hd__a311o_1)
     4    0.012826    0.181689    0.730579    6.785930 v _60_/X (sky130_fd_sc_hd__a311o_1)
                                                         _25_ (net)
                      0.181689    0.000276    6.786206 v _61_/B (sky130_fd_sc_hd__and2_1)
     1    0.002835    0.068550    0.368125    7.154331 v _61_/X (sky130_fd_sc_hd__and2_1)
                                                         adder.high.sum[0] (net)
                      0.068550    0.000083    7.154414 v _96_/D (sky130_fd_sc_hd__dfrtp_1)
                                              7.154414   data arrival time

                                 20.000000   20.000000   clock clk (rise edge)
                                  0.000000   20.000000   clock source latency
     1    0.009480    0.077579    0.049855   20.049856 ^ clk (in)
                                                         clk (net)
                      0.077580    0.000000   20.049856 ^ clkbuf_0_clk/A (sky130_fd_sc_hd__clkbuf_16)
     2    0.018519    0.065584    0.222846   20.272701 ^ clkbuf_0_clk/X (sky130_fd_sc_hd__clkbuf_16)
                                                         clknet_0_clk (net)
                      0.065584    0.000405   20.273106 ^ clkbuf_1_0__f_clk/A (sky130_fd_sc_hd__clkbuf_16)
     4    0.011619    0.056974    0.207665   20.480772 ^ clkbuf_1_0__f_clk/X (sky130_fd_sc_hd__clkbuf_16)
                                                         clknet_1_0__leaf_clk (net)
                      0.056974    0.000258   20.481030 ^ _96_/CLK (sky130_fd_sc_hd__dfrtp_1)
                                 -0.250000   20.231030   clock uncertainty
                                  0.000000   20.231030   clock reconvergence pessimism
                                 -0.279431   19.951599   library setup time
                                             19.951599   data required time
---------------------------------------------------------------------------------------------
                                             19.951599   data required time
                                             -7.154414   data arrival time
---------------------------------------------------------------------------------------------
                                             12.797184   slack (MET)


Startpoint: data_in[0] (input port clocked by clk)
Endpoint: _97_ (rising edge-triggered flip-flop clocked by clk)
Path Group: clk
Path Type: max

Fanout         Cap        Slew       Delay        Time   Description
---------------------------------------------------------------------------------------------
                                  0.000000    0.000000   clock clk (rise edge)
                                  0.000000    0.000000   clock network delay (propagated)
                                  4.000000    4.000000 ^ input external delay
     1    0.003881    0.039506    0.021506    4.021506 ^ data_in[0] (in)
                                                         data_in[0] (net)
                      0.039506    0.000000    4.021506 ^ input1/A (sky130_fd_sc_hd__clkbuf_1)
     2    0.006647    0.140489    0.187051    4.208557 ^ input1/X (sky130_fd_sc_hd__clkbuf_1)
                                                         net1 (net)
                      0.140489    0.000208    4.208765 ^ _53_/A (sky130_fd_sc_hd__nand2_1)
     3    0.009097    0.167358    0.200164    4.408929 v _53_/Y (sky130_fd_sc_hd__nand2_1)
                                                         _18_ (net)
                      0.167358    0.000260    4.409189 v _54_/A (sky130_fd_sc_hd__or3b_1)
     3    0.007882    0.189625    0.964819    5.374008 v _54_/X (sky130_fd_sc_hd__or3b_1)
                                                         _19_ (net)
                      0.189625    0.000135    5.374143 v _55_/A2 (sky130_fd_sc_hd__a211o_1)
     4    0.012097    0.169080    0.680930    6.055072 v _55_/X (sky130_fd_sc_hd__a211o_1)
                                                         _20_ (net)
                      0.169080    0.000279    6.055352 v _60_/A2 (sky130_fd_sc_hd__a311o_1)
     4    0.012826    0.181689    0.730579    6.785930 v _60_/X (sky130_fd_sc_hd__a311o_1)
                                                         _25_ (net)
                      0.181689    0.000378    6.786308 v _65_/B (sky130_fd_sc_hd__nand2_1)
     1    0.004778    0.103614    0.172875    6.959184 ^ _65_/Y (sky130_fd_sc_hd__nand2_1)
                                                         _29_ (net)
                      0.103614    0.000097    6.959280 ^ _66_/B (sky130_fd_sc_hd__xnor2_1)
     1    0.001995    0.079741    0.119249    7.078529 v _66_/Y (sky130_fd_sc_hd__xnor2_1)
                                                         adder.high.sum[1] (net)
                      0.079741    0.000056    7.078585 v _97_/D (sky130_fd_sc_hd__dfrtp_1)
                                              7.078585   data arrival time

                                 20.000000   20.000000   clock clk (rise edge)
                                  0.000000   20.000000   clock source latency
     1    0.009480    0.077579    0.049855   20.049856 ^ clk (in)
                                                         clk (net)
                      0.077580    0.000000   20.049856 ^ clkbuf_0_clk/A (sky130_fd_sc_hd__clkbuf_16)
     2    0.018519    0.065584    0.222846   20.272701 ^ clkbuf_0_clk/X (sky130_fd_sc_hd__clkbuf_16)
                                                         clknet_0_clk (net)
                      0.065584    0.000405   20.273106 ^ clkbuf_1_0__f_clk/A (sky130_fd_sc_hd__clkbuf_16)
     4    0.011619    0.056974    0.207665   20.480772 ^ clkbuf_1_0__f_clk/X (sky130_fd_sc_hd__clkbuf_16)
                                                         clknet_1_0__leaf_clk (net)
                      0.056974    0.000213   20.480984 ^ _97_/CLK (sky130_fd_sc_hd__dfrtp_1)
                                 -0.250000   20.230986   clock uncertainty
                                  0.000000   20.230986   clock reconvergence pessimism
                                 -0.284099   19.946886   library setup time
                                             19.946886   data required time
---------------------------------------------------------------------------------------------
                                             19.946886   data required time
                                             -7.078585   data arrival time
---------------------------------------------------------------------------------------------
                                             12.868300   slack (MET)


Startpoint: data_in[0] (input port clocked by clk)
Endpoint: _94_ (rising edge-triggered flip-flop clocked by clk)
Path Group: clk
Path Type: max

Fanout         Cap        Slew       Delay        Time   Description
---------------------------------------------------------------------------------------------
                                  0.000000    0.000000   clock clk (rise edge)
                                  0.000000    0.000000   clock network delay (propagated)
                                  4.000000    4.000000 ^ input external delay
     1    0.003881    0.039506    0.021506    4.021506 ^ data_in[0] (in)
                                                         data_in[0] (net)
                      0.039506    0.000000    4.021506 ^ input1/A (sky130_fd_sc_hd__clkbuf_1)
     2    0.006647    0.140489    0.187051    4.208557 ^ input1/X (sky130_fd_sc_hd__clkbuf_1)
                                                         net1 (net)
                      0.140489    0.000208    4.208765 ^ _53_/A (sky130_fd_sc_hd__nand2_1)
     3    0.009097    0.167358    0.200164    4.408929 v _53_/Y (sky130_fd_sc_hd__nand2_1)
                                                         _18_ (net)
                      0.167358    0.000260    4.409189 v _54_/A (sky130_fd_sc_hd__or3b_1)
     3    0.007882    0.189625    0.964819    5.374008 v _54_/X (sky130_fd_sc_hd__or3b_1)
                                                         _19_ (net)
                      0.189625    0.000135    5.374143 v _55_/A2 (sky130_fd_sc_hd__a211o_1)
     4    0.012097    0.169080    0.680930    6.055072 v _55_/X (sky130_fd_sc_hd__a211o_1)
                                                         _20_ (net)
                      0.169080    0.000262    6.055334 v _80_/A (sky130_fd_sc_hd__and2_1)
     1    0.003431    0.073183    0.328179    6.383513 v _80_/X (sky130_fd_sc_hd__and2_1)
                                                         adder.low.sum[2] (net)
                      0.073183    0.000103    6.383616 v _94_/D (sky130_fd_sc_hd__dfrtp_1)
                                              6.383616   data arrival time

                                 20.000000   20.000000   clock clk (rise edge)
                                  0.000000   20.000000   clock source latency
     1    0.009480    0.077579    0.049855   20.049856 ^ clk (in)
                                                         clk (net)
                      0.077580    0.000000   20.049856 ^ clkbuf_0_clk/A (sky130_fd_sc_hd__clkbuf_16)
     2    0.018519    0.065584    0.222846   20.272701 ^ clkbuf_0_clk/X (sky130_fd_sc_hd__clkbuf_16)
                                                         clknet_0_clk (net)
                      0.065584    0.000405   20.273106 ^ clkbuf_1_0__f_clk/A (sky130_fd_sc_hd__clkbuf_16)
     4    0.011619    0.056974    0.207665   20.480772 ^ clkbuf_1_0__f_clk/X (sky130_fd_sc_hd__clkbuf_16)
                                                         clknet_1_0__leaf_clk (net)
                      0.056974    0.000295   20.481066 ^ _94_/CLK (sky130_fd_sc_hd__dfrtp_1)
                                 -0.250000   20.231068   clock uncertainty
                                  0.000000   20.231068   clock reconvergence pessimism
                                 -0.281363   19.949703   library setup time
                                             19.949703   data required time
---------------------------------------------------------------------------------------------
                                             19.949703   data required time
                                             -6.383616   data arrival time
---------------------------------------------------------------------------------------------
                                             13.566087   slack (MET)


Startpoint: data_in[0] (input port clocked by clk)
Endpoint: _95_ (rising edge-triggered flip-flop clocked by clk)
Path Group: clk
Path Type: max

Fanout         Cap        Slew       Delay        Time   Description
---------------------------------------------------------------------------------------------
                                  0.000000    0.000000   clock clk (rise edge)
                                  0.000000    0.000000   clock network delay (propagated)
                                  4.000000    4.000000 ^ input external delay
     1    0.003881    0.039506    0.021506    4.021506 ^ data_in[0] (in)
                                                         data_in[0] (net)
                      0.039506    0.000000    4.021506 ^ input1/A (sky130_fd_sc_hd__clkbuf_1)
     2    0.006647    0.140489    0.187051    4.208557 ^ input1/X (sky130_fd_sc_hd__clkbuf_1)
                                                         net1 (net)
                      0.140489    0.000208    4.208765 ^ _53_/A (sky130_fd_sc_hd__nand2_1)
     3    0.009097    0.167358    0.200164    4.408929 v _53_/Y (sky130_fd_sc_hd__nand2_1)
                                                         _18_ (net)
                      0.167358    0.000260    4.409189 v _54_/A (sky130_fd_sc_hd__or3b_1)
     3    0.007882    0.189625    0.964819    5.374008 v _54_/X (sky130_fd_sc_hd__or3b_1)
                                                         _19_ (net)
                      0.189625    0.000135    5.374143 v _55_/A2 (sky130_fd_sc_hd__a211o_1)
     4    0.012097    0.169080    0.680930    6.055072 v _55_/X (sky130_fd_sc_hd__a211o_1)
                                                         _20_ (net)
                      0.169080    0.000297    6.055369 v _81_/B (sky130_fd_sc_hd__nand2_1)
     1    0.005191    0.107385    0.170966    6.226335 ^ _81_/Y (sky130_fd_sc_hd__nand2_1)
                                                         _40_ (net)
                      0.107385    0.000156    6.226491 ^ _82_/B (sky130_fd_sc_hd__xnor2_1)
     1    0.002384    0.085216    0.125511    6.352003 v _82_/Y (sky130_fd_sc_hd__xnor2_1)
                                                         adder.low.sum[3] (net)
                      0.085216    0.000067    6.352069 v _95_/D (sky130_fd_sc_hd__dfrtp_1)
                                              6.352069   data arrival time

                                 20.000000   20.000000   clock clk (rise edge)
                                  0.000000   20.000000   clock source latency
     1    0.009480    0.077579    0.049855   20.049856 ^ clk (in)
                                                         clk (net)
                      0.077580    0.000000   20.049856 ^ clkbuf_0_clk/A (sky130_fd_sc_hd__clkbuf_16)
     2    0.018519    0.065584    0.222846   20.272701 ^ clkbuf_0_clk/X (sky130_fd_sc_hd__clkbuf_16)
                                                         clknet_0_clk (net)
                      0.065584    0.000405   20.273106 ^ clkbuf_1_0__f_clk/A (sky130_fd_sc_hd__clkbuf_16)
     4    0.011619    0.056974    0.207665   20.480772 ^ clkbuf_1_0__f_clk/X (sky130_fd_sc_hd__clkbuf_16)
                                                         clknet_1_0__leaf_clk (net)
                      0.056974    0.000243   20.481014 ^ _95_/CLK (sky130_fd_sc_hd__dfrtp_1)
                                 -0.250000   20.231016   clock uncertainty
                                  0.000000   20.231016   clock reconvergence pessimism
                                 -0.286383   19.944633   library setup time
                                             19.944633   data required time
---------------------------------------------------------------------------------------------
                                             19.944633   data required time
                                             -6.352069   data arrival time
---------------------------------------------------------------------------------------------
                                             13.592564   slack (MET)


Startpoint: _94_ (rising edge-triggered flip-flop clocked by clk)
Endpoint: acc[2] (output port clocked by clk)
Path Group: clk
Path Type: max

Fanout         Cap        Slew       Delay        Time   Description
---------------------------------------------------------------------------------------------
                                  0.000000    0.000000   clock clk (rise edge)
                                  0.000000    0.000000   clock source latency
     1    0.009480    0.077579    0.049854    0.049854 ^ clk (in)
                                                         clk (net)
                      0.077580    0.000000    0.049854 ^ clkbuf_0_clk/A (sky130_fd_sc_hd__clkbuf_16)
     2    0.018519    0.065584    0.222846    0.272700 ^ clkbuf_0_clk/X (sky130_fd_sc_hd__clkbuf_16)
                                                         clknet_0_clk (net)
                      0.065584    0.000406    0.273106 ^ clkbuf_1_0__f_clk/A (sky130_fd_sc_hd__clkbuf_16)
     4    0.011619    0.056974    0.207665    0.480771 ^ clkbuf_1_0__f_clk/X (sky130_fd_sc_hd__clkbuf_16)
                                                         clknet_1_0__leaf_clk (net)
                      0.056974    0.000294    0.481065 ^ _94_/CLK (sky130_fd_sc_hd__dfrtp_1)
     4    0.012126    0.158174    0.816384    1.297450 v _94_/Q (sky130_fd_sc_hd__dfrtp_1)
                                                         net12 (net)
                      0.158174    0.000538    1.297988 v output12/A (sky130_fd_sc_hd__buf_2)
     1    0.034624    0.167405    0.387950    1.685938 v output12/X (sky130_fd_sc_hd__buf_2)
                                                         acc[2] (net)
                      0.167406    0.000742    1.686679 v acc[2] (out)
                                              1.686679   data arrival time

                                 20.000000   20.000000   clock clk (rise edge)
                                  0.000000   20.000000   clock network delay (propagated)
                                 -0.250000   19.750002   clock uncertainty
                                  0.000000   19.750002   clock reconvergence pessimism
                                 -4.000000   15.750001   output external delay
                                             15.750001   data required time
---------------------------------------------------------------------------------------------
                                             15.750001   data required time
                                             -1.686679   data arrival time
---------------------------------------------------------------------------------------------
                                             14.063321   slack (MET)


Startpoint: _96_ (rising edge-triggered flip-flop clocked by clk)
Endpoint: acc[4] (output port clocked by clk)
Path Group: clk
Path Type: max

Fanout         Cap        Slew       Delay        Time   Description
---------------------------------------------------------------------------------------------
                                  0.000000    0.000000   clock clk (rise edge)
                                  0.000000    0.000000   clock source latency
     1    0.009480    0.077579    0.049854    0.049854 ^ clk (in)
                                                         clk (net)
                      0.077580    0.000000    0.049854 ^ clkbuf_0_clk/A (sky130_fd_sc_hd__clkbuf_16)
     2    0.018519    0.065584    0.222846    0.272700 ^ clkbuf_0_clk/X (sky130_fd_sc_hd__clkbuf_16)
                                                         clknet_0_clk (net)
                      0.065584    0.000406    0.273106 ^ clkbuf_1_0__f_clk/A (sky130_fd_sc_hd__clkbuf_16)
     4    0.011619    0.056974    0.207665    0.480771 ^ clkbuf_1_0__f_clk/X (sky130_fd_sc_hd__clkbuf_16)
                                                         clknet_1_0__leaf_clk (net)
                      0.056974    0.000257    0.481028 ^ _96_/CLK (sky130_fd_sc_hd__dfrtp_1)
     3    0.009515    0.133989    0.792455    1.273483 v _96_/Q (sky130_fd_sc_hd__dfrtp_1)
                                                         net14 (net)
                      0.133989    0.000380    1.273863 v output14/A (sky130_fd_sc_hd__buf_2)
     1    0.034182    0.165611    0.374898    1.648761 v output14/X (sky130_fd_sc_hd__buf_2)
                                                         acc[4] (net)
                      0.165612    0.000707    1.649467 v acc[4] (out)
                                              1.649467   data arrival time

                                 20.000000   20.000000   clock clk (rise edge)
                                  0.000000   20.000000   clock network delay (propagated)
                                 -0.250000   19.750002   clock uncertainty
                                  0.000000   19.750002   clock reconvergence pessimism
                                 -4.000000   15.750001   output external delay
                                             15.750001   data required time
---------------------------------------------------------------------------------------------
                                             15.750001   data required time
                                             -1.649467   data arrival time
---------------------------------------------------------------------------------------------
                                             14.100533   slack (MET)


Startpoint: _93_ (rising edge-triggered flip-flop clocked by clk)
Endpoint: acc[1] (output port clocked by clk)
Path Group: clk
Path Type: max

Fanout         Cap        Slew       Delay        Time   Description
---------------------------------------------------------------------------------------------
                                  0.000000    0.000000   clock clk (rise edge)
                                  0.000000    0.000000   clock source latency
     1    0.009480    0.077579    0.049854    0.049854 ^ clk (in)
                                                         clk (net)
                      0.077580    0.000000    0.049854 ^ clkbuf_0_clk/A (sky130_fd_sc_hd__clkbuf_16)
     2    0.018519    0.065584    0.222846    0.272700 ^ clkbuf_0_clk/X (sky130_fd_sc_hd__clkbuf_16)
                                                         clknet_0_clk (net)
                      0.065584    0.000393    0.273093 ^ clkbuf_1_1__f_clk/A (sky130_fd_sc_hd__clkbuf_16)
     4    0.011279    0.056546    0.207180    0.480273 ^ clkbuf_1_1__f_clk/X (sky130_fd_sc_hd__clkbuf_16)
                                                         clknet_1_1__leaf_clk (net)
                      0.056546    0.000280    0.480553 ^ _93_/CLK (sky130_fd_sc_hd__dfrtp_1)
     3    0.009321    0.132218    0.790503    1.271056 v _93_/Q (sky130_fd_sc_hd__dfrtp_1)
                                                         net11 (net)
                      0.132218    0.000227    1.271284 v output11/A (sky130_fd_sc_hd__buf_2)
     1    0.034006    0.164892    0.373531    1.644814 v output11/X (sky130_fd_sc_hd__buf_2)
                                                         acc[1] (net)
                      0.164893    0.000635    1.645449 v acc[1] (out)
                                              1.645449   data arrival time

                                 20.000000   20.000000   clock clk (rise edge)
                                  0.000000   20.000000   clock network delay (propagated)
                                 -0.250000   19.750002   clock uncertainty
                                  0.000000   19.750002   clock reconvergence pessimism
                                 -4.000000   15.750001   output external delay
                                             15.750001   data required time
---------------------------------------------------------------------------------------------
                                             15.750001   data required time
                                             -1.645449   data arrival time
---------------------------------------------------------------------------------------------
                                             14.104551   slack (MET)


Startpoint: _98_ (rising edge-triggered flip-flop clocked by clk)
Endpoint: acc[6] (output port clocked by clk)
Path Group: clk
Path Type: max

Fanout         Cap        Slew       Delay        Time   Description
---------------------------------------------------------------------------------------------
                                  0.000000    0.000000   clock clk (rise edge)
                                  0.000000    0.000000   clock source latency
     1    0.009480    0.077579    0.049854    0.049854 ^ clk (in)
                                                         clk (net)
                      0.077580    0.000000    0.049854 ^ clkbuf_0_clk/A (sky130_fd_sc_hd__clkbuf_16)
     2    0.018519    0.065584    0.222846    0.272700 ^ clkbuf_0_clk/X (sky130_fd_sc_hd__clkbuf_16)
                                                         clknet_0_clk (net)
                      0.065584    0.000393    0.273093 ^ clkbuf_1_1__f_clk/A (sky130_fd_sc_hd__clkbuf_16)
     4    0.011279    0.056546    0.207180    0.480273 ^ clkbuf_1_1__f_clk/X (sky130_fd_sc_hd__clkbuf_16)
                                                         clknet_1_1__leaf_clk (net)
                      0.056546    0.000254    0.480527 ^ _98_/CLK (sky130_fd_sc_hd__dfrtp_1)
     3    0.009210    0.131227    0.789474    1.270001 v _98_/Q (sky130_fd_sc_hd__dfrtp_1)
                                                         net16 (net)
                      0.131227    0.000214    1.270214 v output16/A (sky130_fd_sc_hd__buf_2)
     1    0.034154    0.165484    0.373510    1.643724 v output16/X (sky130_fd_sc_hd__buf_2)
                                                         acc[6] (net)
                      0.165485    0.000658    1.644382 v acc[6] (out)
                                              1.644382   data arrival time

                                 20.000000   20.000000   clock clk (rise edge)
                                  0.000000   20.000000   clock network delay (propagated)
                                 -0.250000   19.750002   clock uncertainty
                                  0.000000   19.750002   clock reconvergence pessimism
                                 -4.000000   15.750001   output external delay
                                             15.750001   data required time
---------------------------------------------------------------------------------------------
                                             15.750001   data required time
                                             -1.644382   data arrival time
---------------------------------------------------------------------------------------------
                                             14.105618   slack (MET)


Startpoint: _92_ (rising edge-triggered flip-flop clocked by clk)
Endpoint: acc[0] (output port clocked by clk)
Path Group: clk
Path Type: max

Fanout         Cap        Slew       Delay        Time   Description
---------------------------------------------------------------------------------------------
                                  0.000000    0.000000   clock clk (rise edge)
                                  0.000000    0.000000   clock source latency
     1    0.009480    0.077579    0.049854    0.049854 ^ clk (in)
                                                         clk (net)
                      0.077580    0.000000    0.049854 ^ clkbuf_0_clk/A (sky130_fd_sc_hd__clkbuf_16)
     2    0.018519    0.065584    0.222846    0.272700 ^ clkbuf_0_clk/X (sky130_fd_sc_hd__clkbuf_16)
                                                         clknet_0_clk (net)
                      0.065584    0.000393    0.273093 ^ clkbuf_1_1__f_clk/A (sky130_fd_sc_hd__clkbuf_16)
     4    0.011279    0.056546    0.207180    0.480273 ^ clkbuf_1_1__f_clk/X (sky130_fd_sc_hd__clkbuf_16)
                                                         clknet_1_1__leaf_clk (net)
                      0.056546    0.000262    0.480535 ^ _92_/CLK (sky130_fd_sc_hd__dfrtp_1)
     3    0.008721    0.126826    0.784978    1.265513 v _92_/Q (sky130_fd_sc_hd__dfrtp_1)
                                                         net10 (net)
                      0.126826    0.000248    1.265761 v output10/A (sky130_fd_sc_hd__buf_2)
     1    0.035143    0.169462    0.374392    1.640152 v output10/X (sky130_fd_sc_hd__buf_2)
                                                         acc[0] (net)
                      0.169464    0.000892    1.641044 v acc[0] (out)
                                              1.641044   data arrival time

                                 20.000000   20.000000   clock clk (rise edge)
                                  0.000000   20.000000   clock network delay (propagated)
                                 -0.250000   19.750002   clock uncertainty
                                  0.000000   19.750002   clock reconvergence pessimism
                                 -4.000000   15.750001   output external delay
                                             15.750001   data required time
---------------------------------------------------------------------------------------------
                                             15.750001   data required time
                                             -1.641044   data arrival time
---------------------------------------------------------------------------------------------
                                             14.108957   slack (MET)


Startpoint: _97_ (rising edge-triggered flip-flop clocked by clk)
Endpoint: acc[5] (output port clocked by clk)
Path Group: clk
Path Type: max

Fanout         Cap        Slew       Delay        Time   Description
---------------------------------------------------------------------------------------------
                                  0.000000    0.000000   clock clk (rise edge)
                                  0.000000    0.000000   clock source latency
     1    0.009480    0.077579    0.049854    0.049854 ^ clk (in)
                                                         clk (net)
                      0.077580    0.000000    0.049854 ^ clkbuf_0_clk/A (sky130_fd_sc_hd__clkbuf_16)
     2    0.018519    0.065584    0.222846    0.272700 ^ clkbuf_0_clk/X (sky130_fd_sc_hd__clkbuf_16)
                                                         clknet_0_clk (net)
                      0.065584    0.000406    0.273106 ^ clkbuf_1_0__f_clk/A (sky130_fd_sc_hd__clkbuf_16)
     4    0.011619    0.056974    0.207665    0.480771 ^ clkbuf_1_0__f_clk/X (sky130_fd_sc_hd__clkbuf_16)
                                                         clknet_1_0__leaf_clk (net)
                      0.056974    0.000214    0.480985 ^ _97_/CLK (sky130_fd_sc_hd__dfrtp_1)
     3    0.008721    0.126791    0.785241    1.266226 v _97_/Q (sky130_fd_sc_hd__dfrtp_1)
                                                         net15 (net)
                      0.126791    0.000211    1.266437 v output15/A (sky130_fd_sc_hd__buf_2)
     1    0.034087    0.165209    0.371157    1.637594 v output15/X (sky130_fd_sc_hd__buf_2)
                                                         acc[5] (net)
                      0.165210    0.000656    1.638250 v acc[5] (out)
                                              1.638250   data arrival time

                                 20.000000   20.000000   clock clk (rise edge)
                                  0.000000   20.000000   clock network delay (propagated)
                                 -0.250000   19.750002   clock uncertainty
                                  0.000000   19.750002   clock reconvergence pessimism
                                 -4.000000   15.750001   output external delay
                                             15.750001   data required time
---------------------------------------------------------------------------------------------
                                             15.750001   data required time
                                             -1.638250   data arrival time
---------------------------------------------------------------------------------------------
                                             14.111752   slack (MET)


Startpoint: _95_ (rising edge-triggered flip-flop clocked by clk)
Endpoint: acc[3] (output port clocked by clk)
Path Group: clk
Path Type: max

Fanout         Cap        Slew       Delay        Time   Description
---------------------------------------------------------------------------------------------
                                  0.000000    0.000000   clock clk (rise edge)
                                  0.000000    0.000000   clock source latency
     1    0.009480    0.077579    0.049854    0.049854 ^ clk (in)
                                                         clk (net)
                      0.077580    0.000000    0.049854 ^ clkbuf_0_clk/A (sky130_fd_sc_hd__clkbuf_16)
     2    0.018519    0.065584    0.222846    0.272700 ^ clkbuf_0_clk/X (sky130_fd_sc_hd__clkbuf_16)
                                                         clknet_0_clk (net)
                      0.065584    0.000406    0.273106 ^ clkbuf_1_0__f_clk/A (sky130_fd_sc_hd__clkbuf_16)
     4    0.011619    0.056974    0.207665    0.480771 ^ clkbuf_1_0__f_clk/X (sky130_fd_sc_hd__clkbuf_16)
                                                         clknet_1_0__leaf_clk (net)
                      0.056974    0.000244    0.481015 ^ _95_/CLK (sky130_fd_sc_hd__dfrtp_1)
     3    0.008337    0.123217    0.781707    1.262722 v _95_/Q (sky130_fd_sc_hd__dfrtp_1)
                                                         net13 (net)
                      0.123217    0.000207    1.262929 v output13/A (sky130_fd_sc_hd__buf_2)
     1    0.034398    0.166465    0.370369    1.633298 v output13/X (sky130_fd_sc_hd__buf_2)
                                                         acc[3] (net)
                      0.166466    0.000748    1.634046 v acc[3] (out)
                                              1.634046   data arrival time

                                 20.000000   20.000000   clock clk (rise edge)
                                  0.000000   20.000000   clock network delay (propagated)
                                 -0.250000   19.750002   clock uncertainty
                                  0.000000   19.750002   clock reconvergence pessimism
                                 -4.000000   15.750001   output external delay
                                             15.750001   data required time
---------------------------------------------------------------------------------------------
                                             15.750001   data required time
                                             -1.634046   data arrival time
---------------------------------------------------------------------------------------------
                                             14.115955   slack (MET)


Startpoint: _99_ (rising edge-triggered flip-flop clocked by clk)
Endpoint: acc[7] (output port clocked by clk)
Path Group: clk
Path Type: max

Fanout         Cap        Slew       Delay        Time   Description
---------------------------------------------------------------------------------------------
                                  0.000000    0.000000   clock clk (rise edge)
                                  0.000000    0.000000   clock source latency
     1    0.009480    0.077579    0.049854    0.049854 ^ clk (in)
                                                         clk (net)
                      0.077580    0.000000    0.049854 ^ clkbuf_0_clk/A (sky130_fd_sc_hd__clkbuf_16)
     2    0.018519    0.065584    0.222846    0.272700 ^ clkbuf_0_clk/X (sky130_fd_sc_hd__clkbuf_16)
                                                         clknet_0_clk (net)
                      0.065584    0.000393    0.273093 ^ clkbuf_1_1__f_clk/A (sky130_fd_sc_hd__clkbuf_16)
     4    0.011279    0.056546    0.207180    0.480273 ^ clkbuf_1_1__f_clk/X (sky130_fd_sc_hd__clkbuf_16)
                                                         clknet_1_1__leaf_clk (net)
                      0.056546    0.000269    0.480542 ^ _99_/CLK (sky130_fd_sc_hd__dfrtp_1)
     2    0.007439    0.115382    0.773278    1.253820 v _99_/Q (sky130_fd_sc_hd__dfrtp_1)
                                                         net17 (net)
                      0.115382    0.000147    1.253967 v output17/A (sky130_fd_sc_hd__buf_2)
     1    0.033990    0.164800    0.365374    1.619340 v output17/X (sky130_fd_sc_hd__buf_2)
                                                         acc[7] (net)
                      0.164801    0.000615    1.619955 v acc[7] (out)
                                              1.619955   data arrival time

                                 20.000000   20.000000   clock clk (rise edge)
                                  0.000000   20.000000   clock network delay (propagated)
                                 -0.250000   19.750002   clock uncertainty
                                  0.000000   19.750002   clock reconvergence pessimism
                                 -4.000000   15.750001   output external delay
                                             15.750001   data required time
---------------------------------------------------------------------------------------------
                                             15.750001   data required time
                                             -1.619955   data arrival time
---------------------------------------------------------------------------------------------
                                             14.130046   slack (MET)


Startpoint: data_in[0] (input port clocked by clk)
Endpoint: _93_ (rising edge-triggered flip-flop clocked by clk)
Path Group: clk
Path Type: max

Fanout         Cap        Slew       Delay        Time   Description
---------------------------------------------------------------------------------------------
                                  0.000000    0.000000   clock clk (rise edge)
                                  0.000000    0.000000   clock network delay (propagated)
                                  4.000000    4.000000 ^ input external delay
     1    0.003881    0.039506    0.021506    4.021506 ^ data_in[0] (in)
                                                         data_in[0] (net)
                      0.039506    0.000000    4.021506 ^ input1/A (sky130_fd_sc_hd__clkbuf_1)
     2    0.006647    0.140489    0.187051    4.208557 ^ input1/X (sky130_fd_sc_hd__clkbuf_1)
                                                         net1 (net)
                      0.140489    0.000208    4.208765 ^ _53_/A (sky130_fd_sc_hd__nand2_1)
     3    0.009097    0.167358    0.200164    4.408929 v _53_/Y (sky130_fd_sc_hd__nand2_1)
                                                         _18_ (net)
                      0.167358    0.000260    4.409189 v _54_/A (sky130_fd_sc_hd__or3b_1)
     3    0.007882    0.189625    0.964819    5.374008 v _54_/X (sky130_fd_sc_hd__or3b_1)
                                                         _19_ (net)
                      0.189625    0.000093    5.374101 v _78_/A (sky130_fd_sc_hd__and2_1)
     1    0.002054    0.062232    0.323748    5.697849 v _78_/X (sky130_fd_sc_hd__and2_1)
                                                         adder.low.sum[1] (net)
                      0.062232    0.000057    5.697906 v _93_/D (sky130_fd_sc_hd__dfrtp_1)
                                              5.697906   data arrival time

                                 20.000000   20.000000   clock clk (rise edge)
                                  0.000000   20.000000   clock source latency
     1    0.009480    0.077579    0.049855   20.049856 ^ clk (in)
                                                         clk (net)
                      0.077580    0.000000   20.049856 ^ clkbuf_0_clk/A (sky130_fd_sc_hd__clkbuf_16)
     2    0.018519    0.065584    0.222846   20.272701 ^ clkbuf_0_clk/X (sky130_fd_sc_hd__clkbuf_16)
                                                         clknet_0_clk (net)
                      0.065584    0.000393   20.273094 ^ clkbuf_1_1__f_clk/A (sky130_fd_sc_hd__clkbuf_16)
     4    0.011279    0.056546    0.207180   20.480274 ^ clkbuf_1_1__f_clk/X (sky130_fd_sc_hd__clkbuf_16)
                                                         clknet_1_1__leaf_clk (net)
                      0.056546    0.000279   20.480553 ^ _93_/CLK (sky130_fd_sc_hd__dfrtp_1)
                                 -0.250000   20.230555   clock uncertainty
                                  0.000000   20.230555   clock reconvergence pessimism
                                 -0.276909   19.953644   library setup time
                                             19.953644   data required time
---------------------------------------------------------------------------------------------
                                             19.953644   data required time
                                             -5.697906   data arrival time
---------------------------------------------------------------------------------------------
                                             14.255738   slack (MET)


Startpoint: data_in[0] (input port clocked by clk)
Endpoint: _92_ (rising edge-triggered flip-flop clocked by clk)
Path Group: clk
Path Type: max

Fanout         Cap        Slew       Delay        Time   Description
---------------------------------------------------------------------------------------------
                                  0.000000    0.000000   clock clk (rise edge)
                                  0.000000    0.000000   clock network delay (propagated)
                                  4.000000    4.000000 v input external delay
     1    0.003752    0.022157    0.012242    4.012242 v data_in[0] (in)
                                                         data_in[0] (net)
                      0.022157    0.000000    4.012242 v input1/A (sky130_fd_sc_hd__clkbuf_1)
     2    0.006440    0.087427    0.170397    4.182640 v input1/X (sky130_fd_sc_hd__clkbuf_1)
                                                         net1 (net)
                      0.087427    0.000182    4.182821 v _83_/A (sky130_fd_sc_hd__or2_1)
     1    0.003015    0.098101    0.502605    4.685426 v _83_/X (sky130_fd_sc_hd__or2_1)
                                                         _41_ (net)
                      0.098101    0.000101    4.685527 v _84_/B (sky130_fd_sc_hd__and2_1)
     1    0.002801    0.067994    0.326295    5.011822 v _84_/X (sky130_fd_sc_hd__and2_1)
                                                         adder.low.p[0] (net)
                      0.067994    0.000081    5.011903 v _92_/D (sky130_fd_sc_hd__dfrtp_1)
                                              5.011903   data arrival time

                                 20.000000   20.000000   clock clk (rise edge)
                                  0.000000   20.000000   clock source latency
     1    0.009480    0.077579    0.049855   20.049856 ^ clk (in)
                                                         clk (net)
                      0.077580    0.000000   20.049856 ^ clkbuf_0_clk/A (sky130_fd_sc_hd__clkbuf_16)
     2    0.018519    0.065584    0.222846   20.272701 ^ clkbuf_0_clk/X (sky130_fd_sc_hd__clkbuf_16)
                                                         clknet_0_clk (net)
                      0.065584    0.000393   20.273094 ^ clkbuf_1_1__f_clk/A (sky130_fd_sc_hd__clkbuf_16)
     4    0.011279    0.056546    0.207180   20.480274 ^ clkbuf_1_1__f_clk/X (sky130_fd_sc_hd__clkbuf_16)
                                                         clknet_1_1__leaf_clk (net)
                      0.056546    0.000261   20.480536 ^ _92_/CLK (sky130_fd_sc_hd__dfrtp_1)
                                 -0.250000   20.230536   clock uncertainty
                                  0.000000   20.230536   clock reconvergence pessimism
                                 -0.279313   19.951223   library setup time
                                             19.951223   data required time
---------------------------------------------------------------------------------------------
                                             19.951223   data required time
                                             -5.011903   data arrival time
---------------------------------------------------------------------------------------------
                                             14.939322   slack (MET)


Startpoint: rst (input port clocked by clk)
Endpoint: _96_ (recovery check against rising-edge clock clk)
Path Group: asynchronous
Path Type: max

Fanout         Cap        Slew       Delay        Time   Description
---------------------------------------------------------------------------------------------
                                  0.000000    0.000000   clock clk (rise edge)
                                  0.000000    0.000000   clock network delay (propagated)
                                  4.000000    4.000000 v input external delay
     1    0.002845    0.018629    0.009375    4.009375 v rst (in)
                                                         rst (net)
                      0.018629    0.000000    4.009375 v input9/A (sky130_fd_sc_hd__clkbuf_4)
     8    0.046410    0.177277    0.331040    4.340415 v input9/X (sky130_fd_sc_hd__clkbuf_4)
                                                         net9 (net)
                      0.177287    0.001533    4.341948 v _88_/A (sky130_fd_sc_hd__inv_2)
     1    0.005185    0.070015    0.123334    4.465282 ^ _88_/Y (sky130_fd_sc_hd__inv_2)
                                                         _04_ (net)
                      0.070015    0.000131    4.465414 ^ _96_/RESET_B (sky130_fd_sc_hd__dfrtp_1)
                                              4.465414   data arrival time

                                 20.000000   20.000000   clock clk (rise edge)
                                  0.000000   20.000000   clock source latency
     1    0.009480    0.077579    0.049855   20.049856 ^ clk (in)
                                                         clk (net)
                      0.077580    0.000000   20.049856 ^ clkbuf_0_clk/A (sky130_fd_sc_hd__clkbuf_16)
     2    0.018519    0.065584    0.222846   20.272701 ^ clkbuf_0_clk/X (sky130_fd_sc_hd__clkbuf_16)
                                                         clknet_0_clk (net)
                      0.065584    0.000405   20.273106 ^ clkbuf_1_0__f_clk/A (sky130_fd_sc_hd__clkbuf_16)
     4    0.011619    0.056974    0.207665   20.480772 ^ clkbuf_1_0__f_clk/X (sky130_fd_sc_hd__clkbuf_16)
                                                         clknet_1_0__leaf_clk (net)
                      0.056974    0.000258   20.481030 ^ _96_/CLK (sky130_fd_sc_hd__dfrtp_1)
                                 -0.250000   20.231030   clock uncertainty
                                  0.000000   20.231030   clock reconvergence pessimism
                                  0.458239   20.689270   library recovery time
                                             20.689270   data required time
---------------------------------------------------------------------------------------------
                                             20.689270   data required time
                                             -4.465414   data arrival time
---------------------------------------------------------------------------------------------
                                             16.223856   slack (MET)


Startpoint: rst (input port clocked by clk)
Endpoint: _94_ (recovery check against rising-edge clock clk)
Path Group: asynchronous
Path Type: max

Fanout         Cap        Slew       Delay        Time   Description
---------------------------------------------------------------------------------------------
                                  0.000000    0.000000   clock clk (rise edge)
                                  0.000000    0.000000   clock network delay (propagated)
                                  4.000000    4.000000 v input external delay
     1    0.002845    0.018629    0.009375    4.009375 v rst (in)
                                                         rst (net)
                      0.018629    0.000000    4.009375 v input9/A (sky130_fd_sc_hd__clkbuf_4)
     8    0.046410    0.177277    0.331040    4.340415 v input9/X (sky130_fd_sc_hd__clkbuf_4)
                                                         net9 (net)
                      0.177294    0.001828    4.342243 v _86_/A (sky130_fd_sc_hd__inv_2)
     1    0.005010    0.068913    0.121912    4.464155 ^ _86_/Y (sky130_fd_sc_hd__inv_2)
                                                         _02_ (net)
                      0.068913    0.000121    4.464276 ^ _94_/RESET_B (sky130_fd_sc_hd__dfrtp_1)
                                              4.464276   data arrival time

                                 20.000000   20.000000   clock clk (rise edge)
                                  0.000000   20.000000   clock source latency
     1    0.009480    0.077579    0.049855   20.049856 ^ clk (in)
                                                         clk (net)
                      0.077580    0.000000   20.049856 ^ clkbuf_0_clk/A (sky130_fd_sc_hd__clkbuf_16)
     2    0.018519    0.065584    0.222846   20.272701 ^ clkbuf_0_clk/X (sky130_fd_sc_hd__clkbuf_16)
                                                         clknet_0_clk (net)
                      0.065584    0.000405   20.273106 ^ clkbuf_1_0__f_clk/A (sky130_fd_sc_hd__clkbuf_16)
     4    0.011619    0.056974    0.207665   20.480772 ^ clkbuf_1_0__f_clk/X (sky130_fd_sc_hd__clkbuf_16)
                                                         clknet_1_0__leaf_clk (net)
                      0.056974    0.000295   20.481066 ^ _94_/CLK (sky130_fd_sc_hd__dfrtp_1)
                                 -0.250000   20.231068   clock uncertainty
                                  0.000000   20.231068   clock reconvergence pessimism
                                  0.458647   20.689716   library recovery time
                                             20.689716   data required time
---------------------------------------------------------------------------------------------
                                             20.689716   data required time
                                             -4.464276   data arrival time
---------------------------------------------------------------------------------------------
                                             16.225439   slack (MET)


Startpoint: rst (input port clocked by clk)
Endpoint: _99_ (recovery check against rising-edge clock clk)
Path Group: asynchronous
Path Type: max

Fanout         Cap        Slew       Delay        Time   Description
---------------------------------------------------------------------------------------------
                                  0.000000    0.000000   clock clk (rise edge)
                                  0.000000    0.000000   clock network delay (propagated)
                                  4.000000    4.000000 v input external delay
     1    0.002845    0.018629    0.009375    4.009375 v rst (in)
                                                         rst (net)
                      0.018629    0.000000    4.009375 v input9/A (sky130_fd_sc_hd__clkbuf_4)
     8    0.046410    0.177277    0.331040    4.340415 v input9/X (sky130_fd_sc_hd__clkbuf_4)
                                                         net9 (net)
                      0.177288    0.001547    4.341962 v _91_/A (sky130_fd_sc_hd__inv_2)
     1    0.004284    0.064589    0.116022    4.457984 ^ _91_/Y (sky130_fd_sc_hd__inv_2)
                                                         _07_ (net)
                      0.064589    0.000095    4.458080 ^ _99_/RESET_B (sky130_fd_sc_hd__dfrtp_1)
                                              4.458080   data arrival time

                                 20.000000   20.000000   clock clk (rise edge)
                                  0.000000   20.000000   clock source latency
     1    0.009480    0.077579    0.049855   20.049856 ^ clk (in)
                                                         clk (net)
                      0.077580    0.000000   20.049856 ^ clkbuf_0_clk/A (sky130_fd_sc_hd__clkbuf_16)
     2    0.018519    0.065584    0.222846   20.272701 ^ clkbuf_0_clk/X (sky130_fd_sc_hd__clkbuf_16)
                                                         clknet_0_clk (net)
                      0.065584    0.000393   20.273094 ^ clkbuf_1_1__f_clk/A (sky130_fd_sc_hd__clkbuf_16)
     4    0.011279    0.056546    0.207180   20.480274 ^ clkbuf_1_1__f_clk/X (sky130_fd_sc_hd__clkbuf_16)
                                                         clknet_1_1__leaf_clk (net)
                      0.056546    0.000268   20.480543 ^ _99_/CLK (sky130_fd_sc_hd__dfrtp_1)
                                 -0.250000   20.230543   clock uncertainty
                                  0.000000   20.230543   clock reconvergence pessimism
                                  0.460108   20.690651   library recovery time
                                             20.690651   data required time
---------------------------------------------------------------------------------------------
                                             20.690651   data required time
                                             -4.458080   data arrival time
---------------------------------------------------------------------------------------------
                                             16.232571   slack (MET)


Startpoint: rst (input port clocked by clk)
Endpoint: _93_ (recovery check against rising-edge clock clk)
Path Group: asynchronous
Path Type: max

Fanout         Cap        Slew       Delay        Time   Description
---------------------------------------------------------------------------------------------
                                  0.000000    0.000000   clock clk (rise edge)
                                  0.000000    0.000000   clock network delay (propagated)
                                  4.000000    4.000000 v input external delay
     1    0.002845    0.018629    0.009375    4.009375 v rst (in)
                                                         rst (net)
                      0.018629    0.000000    4.009375 v input9/A (sky130_fd_sc_hd__clkbuf_4)
     8    0.046410    0.177277    0.331040    4.340415 v input9/X (sky130_fd_sc_hd__clkbuf_4)
                                                         net9 (net)
                      0.177280    0.001088    4.341503 v _85_/A (sky130_fd_sc_hd__inv_2)
     1    0.004010    0.062918    0.113814    4.455317 ^ _85_/Y (sky130_fd_sc_hd__inv_2)
                                                         _01_ (net)
                      0.062918    0.000051    4.455368 ^ _93_/RESET_B (sky130_fd_sc_hd__dfrtp_1)
                                              4.455368   data arrival time

                                 20.000000   20.000000   clock clk (rise edge)
                                  0.000000   20.000000   clock source latency
     1    0.009480    0.077579    0.049855   20.049856 ^ clk (in)
                                                         clk (net)
                      0.077580    0.000000   20.049856 ^ clkbuf_0_clk/A (sky130_fd_sc_hd__clkbuf_16)
     2    0.018519    0.065584    0.222846   20.272701 ^ clkbuf_0_clk/X (sky130_fd_sc_hd__clkbuf_16)
                                                         clknet_0_clk (net)
                      0.065584    0.000393   20.273094 ^ clkbuf_1_1__f_clk/A (sky130_fd_sc_hd__clkbuf_16)
     4    0.011279    0.056546    0.207180   20.480274 ^ clkbuf_1_1__f_clk/X (sky130_fd_sc_hd__clkbuf_16)
                                                         clknet_1_1__leaf_clk (net)
                      0.056546    0.000279   20.480553 ^ _93_/CLK (sky130_fd_sc_hd__dfrtp_1)
                                 -0.250000   20.230555   clock uncertainty
                                  0.000000   20.230555   clock reconvergence pessimism
                                  0.460728   20.691282   library recovery time
                                             20.691282   data required time
---------------------------------------------------------------------------------------------
                                             20.691282   data required time
                                             -4.455368   data arrival time
---------------------------------------------------------------------------------------------
                                             16.235914   slack (MET)


Startpoint: rst (input port clocked by clk)
Endpoint: _98_ (recovery check against rising-edge clock clk)
Path Group: asynchronous
Path Type: max

Fanout         Cap        Slew       Delay        Time   Description
---------------------------------------------------------------------------------------------
                                  0.000000    0.000000   clock clk (rise edge)
                                  0.000000    0.000000   clock network delay (propagated)
                                  4.000000    4.000000 v input external delay
     1    0.002845    0.018629    0.009375    4.009375 v rst (in)
                                                         rst (net)
                      0.018629    0.000000    4.009375 v input9/A (sky130_fd_sc_hd__clkbuf_4)
     8    0.046410    0.177277    0.331040    4.340415 v input9/X (sky130_fd_sc_hd__clkbuf_4)
                                                         net9 (net)
                      0.177290    0.001668    4.342083 v _90_/A (sky130_fd_sc_hd__inv_2)
     1    0.003607    0.060587    0.110535    4.452618 ^ _90_/Y (sky130_fd_sc_hd__inv_2)
                                                         _06_ (net)
                      0.060587    0.000072    4.452690 ^ _98_/RESET_B (sky130_fd_sc_hd__dfrtp_1)
                                              4.452690   data arrival time

                                 20.000000   20.000000   clock clk (rise edge)
                                  0.000000   20.000000   clock source latency
     1    0.009480    0.077579    0.049855   20.049856 ^ clk (in)
                                                         clk (net)
                      0.077580    0.000000   20.049856 ^ clkbuf_0_clk/A (sky130_fd_sc_hd__clkbuf_16)
     2    0.018519    0.065584    0.222846   20.272701 ^ clkbuf_0_clk/X (sky130_fd_sc_hd__clkbuf_16)
                                                         clknet_0_clk (net)
                      0.065584    0.000393   20.273094 ^ clkbuf_1_1__f_clk/A (sky130_fd_sc_hd__clkbuf_16)
     4    0.011279    0.056546    0.207180   20.480274 ^ clkbuf_1_1__f_clk/X (sky130_fd_sc_hd__clkbuf_16)
                                                         clknet_1_1__leaf_clk (net)
                      0.056546    0.000254   20.480528 ^ _98_/CLK (sky130_fd_sc_hd__dfrtp_1)
                                 -0.250000   20.230530   clock uncertainty
                                  0.000000   20.230530   clock reconvergence pessimism
                                  0.461592   20.692122   library recovery time
                                             20.692122   data required time
---------------------------------------------------------------------------------------------
                                             20.692122   data required time
                                             -4.452690   data arrival time
---------------------------------------------------------------------------------------------
                                             16.239429   slack (MET)


Startpoint: rst (input port clocked by clk)
Endpoint: _97_ (recovery check against rising-edge clock clk)
Path Group: asynchronous
Path Type: max

Fanout         Cap        Slew       Delay        Time   Description
---------------------------------------------------------------------------------------------
                                  0.000000    0.000000   clock clk (rise edge)
                                  0.000000    0.000000   clock network delay (propagated)
                                  4.000000    4.000000 v input external delay
     1    0.002845    0.018629    0.009375    4.009375 v rst (in)
                                                         rst (net)
                      0.018629    0.000000    4.009375 v input9/A (sky130_fd_sc_hd__clkbuf_4)
     8    0.046410    0.177277    0.331040    4.340415 v input9/X (sky130_fd_sc_hd__clkbuf_4)
                                                         net9 (net)
                      0.177292    0.001768    4.342184 v _89_/A (sky130_fd_sc_hd__inv_2)
     1    0.003650    0.060828    0.110884    4.453067 ^ _89_/Y (sky130_fd_sc_hd__inv_2)
                                                         _05_ (net)
                      0.060828    0.000074    4.453142 ^ _97_/RESET_B (sky130_fd_sc_hd__dfrtp_1)
                                              4.453142   data arrival time

                                 20.000000   20.000000   clock clk (rise edge)
                                  0.000000   20.000000   clock source latency
     1    0.009480    0.077579    0.049855   20.049856 ^ clk (in)
                                                         clk (net)
                      0.077580    0.000000   20.049856 ^ clkbuf_0_clk/A (sky130_fd_sc_hd__clkbuf_16)
     2    0.018519    0.065584    0.222846   20.272701 ^ clkbuf_0_clk/X (sky130_fd_sc_hd__clkbuf_16)
                                                         clknet_0_clk (net)
                      0.065584    0.000405   20.273106 ^ clkbuf_1_0__f_clk/A (sky130_fd_sc_hd__clkbuf_16)
     4    0.011619    0.056974    0.207665   20.480772 ^ clkbuf_1_0__f_clk/X (sky130_fd_sc_hd__clkbuf_16)
                                                         clknet_1_0__leaf_clk (net)
                      0.056974    0.000213   20.480984 ^ _97_/CLK (sky130_fd_sc_hd__dfrtp_1)
                                 -0.250000   20.230986   clock uncertainty
                                  0.000000   20.230986   clock reconvergence pessimism
                                  0.461645   20.692631   library recovery time
                                             20.692631   data required time
---------------------------------------------------------------------------------------------
                                             20.692631   data required time
                                             -4.453142   data arrival time
---------------------------------------------------------------------------------------------
                                             16.239489   slack (MET)


Startpoint: rst (input port clocked by clk)
Endpoint: _95_ (recovery check against rising-edge clock clk)
Path Group: asynchronous
Path Type: max

Fanout         Cap        Slew       Delay        Time   Description
---------------------------------------------------------------------------------------------
                                  0.000000    0.000000   clock clk (rise edge)
                                  0.000000    0.000000   clock network delay (propagated)
                                  4.000000    4.000000 v input external delay
     1    0.002845    0.018629    0.009375    4.009375 v rst (in)
                                                         rst (net)
                      0.018629    0.000000    4.009375 v input9/A (sky130_fd_sc_hd__clkbuf_4)
     8    0.046410    0.177277    0.331040    4.340415 v input9/X (sky130_fd_sc_hd__clkbuf_4)
                                                         net9 (net)
                      0.177295    0.001885    4.342300 v _87_/A (sky130_fd_sc_hd__inv_2)
     1    0.003587    0.060479    0.110380    4.452680 ^ _87_/Y (sky130_fd_sc_hd__inv_2)
                                                         _03_ (net)
                      0.060479    0.000072    4.452752 ^ _95_/RESET_B (sky130_fd_sc_hd__dfrtp_1)
                                              4.452752   data arrival time

                                 20.000000   20.000000   clock clk (rise edge)
                                  0.000000   20.000000   clock source latency
     1    0.009480    0.077579    0.049855   20.049856 ^ clk (in)
                                                         clk (net)
                      0.077580    0.000000   20.049856 ^ clkbuf_0_clk/A (sky130_fd_sc_hd__clkbuf_16)
     2    0.018519    0.065584    0.222846   20.272701 ^ clkbuf_0_clk/X (sky130_fd_sc_hd__clkbuf_16)
                                                         clknet_0_clk (net)
                      0.065584    0.000405   20.273106 ^ clkbuf_1_0__f_clk/A (sky130_fd_sc_hd__clkbuf_16)
     4    0.011619    0.056974    0.207665   20.480772 ^ clkbuf_1_0__f_clk/X (sky130_fd_sc_hd__clkbuf_16)
                                                         clknet_1_0__leaf_clk (net)
                      0.056974    0.000243   20.481014 ^ _95_/CLK (sky130_fd_sc_hd__dfrtp_1)
                                 -0.250000   20.231016   clock uncertainty
                                  0.000000   20.231016   clock reconvergence pessimism
                                  0.461774   20.692791   library recovery time
                                             20.692791   data required time
---------------------------------------------------------------------------------------------
                                             20.692791   data required time
                                             -4.452752   data arrival time
---------------------------------------------------------------------------------------------
                                             16.240040   slack (MET)


Startpoint: rst (input port clocked by clk)
Endpoint: _92_ (recovery check against rising-edge clock clk)
Path Group: asynchronous
Path Type: max

Fanout         Cap        Slew       Delay        Time   Description
---------------------------------------------------------------------------------------------
                                  0.000000    0.000000   clock clk (rise edge)
                                  0.000000    0.000000   clock network delay (propagated)
                                  4.000000    4.000000 v input external delay
     1    0.002845    0.018629    0.009375    4.009375 v rst (in)
                                                         rst (net)
                      0.018629    0.000000    4.009375 v input9/A (sky130_fd_sc_hd__clkbuf_4)
     8    0.046410    0.177277    0.331040    4.340415 v input9/X (sky130_fd_sc_hd__clkbuf_4)
                                                         net9 (net)
                      0.177277    0.000554    4.340969 v _42_/A (sky130_fd_sc_hd__inv_2)
     1    0.003639    0.060767    0.110795    4.451764 ^ _42_/Y (sky130_fd_sc_hd__inv_2)
                                                         _00_ (net)
                      0.060767    0.000074    4.451838 ^ _92_/RESET_B (sky130_fd_sc_hd__dfrtp_1)
                                              4.451838   data arrival time

                                 20.000000   20.000000   clock clk (rise edge)
                                  0.000000   20.000000   clock source latency
     1    0.009480    0.077579    0.049855   20.049856 ^ clk (in)
                                                         clk (net)
                      0.077580    0.000000   20.049856 ^ clkbuf_0_clk/A (sky130_fd_sc_hd__clkbuf_16)
     2    0.018519    0.065584    0.222846   20.272701 ^ clkbuf_0_clk/X (sky130_fd_sc_hd__clkbuf_16)
                                                         clknet_0_clk (net)
                      0.065584    0.000393   20.273094 ^ clkbuf_1_1__f_clk/A (sky130_fd_sc_hd__clkbuf_16)
     4    0.011279    0.056546    0.207180   20.480274 ^ clkbuf_1_1__f_clk/X (sky130_fd_sc_hd__clkbuf_16)
                                                         clknet_1_1__leaf_clk (net)
                      0.056546    0.000261   20.480536 ^ _92_/CLK (sky130_fd_sc_hd__dfrtp_1)
                                 -0.250000   20.230536   clock uncertainty
                                  0.000000   20.230536   clock reconvergence pessimism
                                  0.461525   20.692062   library recovery time
                                             20.692062   data required time
---------------------------------------------------------------------------------------------
                                             20.692062   data required time
                                             -4.451838   data arrival time
---------------------------------------------------------------------------------------------
                                             16.240223   slack (MET)



