Clock: clk
Sources: clk 
Generated: no
Virtual: yes
Propagated: no
Period: 20.000000

===========================================================================
report_clock_properties
============================================================================
Clock                   Period          Waveform
----------------------------------------------------
clk                  20.000000    0.000000 10.000000

===========================================================================
report_clock_latency
============================================================================
Clock clk
rise -> rise
    min     max
0.000000 0.000000 source latency
0.590044         network latency _461_/CLK
        0.601318 network latency _439_/CLK
---------------
0.590044 0.601318 latency
        0.011274 skew

fall -> fall
    min     max
0.000000 0.000000 source latency
0.581805         network latency _461_/CLK
        0.591166 network latency _439_/CLK
---------------
0.581805 0.591166 latency
        0.009361 skew



===========================================================================
report_clock_min_period
============================================================================
clk period_min = 7.38 fmax = 135.51
