Reading timing models for corner nom_tt_025C_1v80…
Reading timing library for the 'nom_tt_025C_1v80' corner at '/home/minhnd/.volare/volare/sky130/versions/0fe599b2afb6708d281543108caf8310912f54af/sky130A/libs.ref/sky130_fd_sc_hd/lib/sky130_fd_sc_hd__tt_025C_1v80.lib'…
Reading timing library for the 'nom_tt_025C_1v80' corner at '/home/minhnd/projects/CLA32_Floorplanning/macros/sky130_sram_macros/sky130_sram_1kbyte_1rw1r_32x256_8/sky130_sram_1kbyte_1rw1r_32x256_8_TT_1p8V_25C.lib'…
Reading timing models for corner nom_ff_n40C_1v95…
Reading timing library for the 'nom_ff_n40C_1v95' corner at '/home/minhnd/.volare/volare/sky130/versions/0fe599b2afb6708d281543108caf8310912f54af/sky130A/libs.ref/sky130_fd_sc_hd/lib/sky130_fd_sc_hd__ff_n40C_1v95.lib'…
Reading timing library for the 'nom_ff_n40C_1v95' corner at '/home/minhnd/projects/CLA32_Floorplanning/macros/sky130_sram_macros/sky130_sram_1kbyte_1rw1r_32x256_8/sky130_sram_1kbyte_1rw1r_32x256_8_TT_1p8V_25C.lib'…
[WARNING STA-1140] /home/minhnd/projects/CLA32_Floorplanning/macros/sky130_sram_macros/sky130_sram_1kbyte_1rw1r_32x256_8/sky130_sram_1kbyte_1rw1r_32x256_8_TT_1p8V_25C.lib line 1, library sky130_sram_1kbyte_1rw1r_32x256_8_TT_1p8V_25C_lib already exists.
Reading timing models for corner nom_ss_100C_1v60…
Reading timing library for the 'nom_ss_100C_1v60' corner at '/home/minhnd/.volare/volare/sky130/versions/0fe599b2afb6708d281543108caf8310912f54af/sky130A/libs.ref/sky130_fd_sc_hd/lib/sky130_fd_sc_hd__ss_100C_1v60.lib'…
Reading timing library for the 'nom_ss_100C_1v60' corner at '/home/minhnd/projects/CLA32_Floorplanning/macros/sky130_sram_macros/sky130_sram_1kbyte_1rw1r_32x256_8/sky130_sram_1kbyte_1rw1r_32x256_8_TT_1p8V_25C.lib'…
[WARNING STA-1140] /home/minhnd/projects/CLA32_Floorplanning/macros/sky130_sram_macros/sky130_sram_1kbyte_1rw1r_32x256_8/sky130_sram_1kbyte_1rw1r_32x256_8_TT_1p8V_25C.lib line 1, library sky130_sram_1kbyte_1rw1r_32x256_8_TT_1p8V_25C_lib already exists.
Reading OpenROAD database at '/home/minhnd/projects/CLA32_Floorplanning/runs/acc32_sram_v9/27-openroad-globalplacement/acc32_sram.odb'…
Reading design constraints file at '/nix/store/ss2cw3sxbrwwx9jl0rrppbw4kgcmgi2n-python3-3.11.9-env/lib/python3.11/site-packages/openlane/scripts/base.sdc'…
[INFO] Using clock clk…
[INFO] Setting output delay to: 10
[INFO] Setting input delay to: 10
[INFO] Setting load to: 0.033442
[INFO] Setting clock uncertainty to: 0.25
[INFO] Setting clock transition to: 0.1499999999999999944488848768742172978818416595458984375
[INFO] Setting timing derate to: 5%
[INFO] Setting RC values…
[INFO RSZ-0027] Inserted 42 input buffers.
[INFO RSZ-0028] Inserted 32 output buffers.
[INFO RSZ-0058] Using max wire length 6335um.
Iteration | Resized | Buffers | Nets repaired | Remaining
---------------------------------------------------------
        0 |       0 |       0 |             0 |       594
      100 |      97 |      61 |            76 |       494
      200 |     182 |     171 |           155 |       394
      300 |     250 |     450 |           220 |       294
      400 |     332 |     544 |           303 |       194
      500 |     384 |     598 |           389 |        94
    final |     384 |     598 |           389 |         0
---------------------------------------------------------
[INFO RSZ-0034] Found 389 slew violations.
[INFO RSZ-0035] Found 2 fanout violations.
[INFO RSZ-0038] Inserted 598 buffers in 389 nets.
[INFO RSZ-0039] Resized 384 instances.
[INFO RSZ-0042] Inserted 10 tie sky130_fd_sc_hd__conb_1 instances.
[INFO RSZ-0042] Inserted 5 tie sky130_fd_sc_hd__conb_1 instances.
Placement Analysis
---------------------------------
total displacement       7533.9 u
average displacement        1.3 u
max displacement           29.9 u
original HPWL           13487.6 u
legalized HPWL          20807.6 u
delta HPWL                   54 %

[INFO DPL-0020] Mirrored 557 instances
[INFO DPL-0021] HPWL before           20807.6 u
[INFO DPL-0022] HPWL after            19936.1 u
[INFO DPL-0023] HPWL delta               -4.2 %
[INFO] Setting RC values…
Setting global connections for newly added cells…
[INFO] Setting global connections...
sram0 matched with sram0
Updating metrics…
Cell type report:                       Count       Area
  Macro                                     1  190712.55
  Fill cell                               822    3085.46
  Tap cell                               3920    4904.70
  Timing Repair Buffer                    672    2618.76
  Inverter                                 85     319.06
  Sequential cell                          74    1851.78
  Multi-Input combinational cell          239    1605.29
  Total                                  5813  205097.60
Writing OpenROAD database to '/home/minhnd/projects/CLA32_Floorplanning/runs/acc32_sram_v9/31-openroad-repairdesignpostgpl/acc32_sram.odb'…
Writing netlist to '/home/minhnd/projects/CLA32_Floorplanning/runs/acc32_sram_v9/31-openroad-repairdesignpostgpl/acc32_sram.nl.v'…
Writing powered netlist to '/home/minhnd/projects/CLA32_Floorplanning/runs/acc32_sram_v9/31-openroad-repairdesignpostgpl/acc32_sram.pnl.v'…
Writing layout to '/home/minhnd/projects/CLA32_Floorplanning/runs/acc32_sram_v9/31-openroad-repairdesignpostgpl/acc32_sram.def'…
Writing timing constraints to '/home/minhnd/projects/CLA32_Floorplanning/runs/acc32_sram_v9/31-openroad-repairdesignpostgpl/acc32_sram.sdc'…
