
===========================================================================
report_checks -unconstrained
===========================================================================
======================= nom_ss_100C_1v60 Corner ===================================

Startpoint: a[1] (input port clocked by __VIRTUAL_CLK__)
Endpoint: sum[30] (output port clocked by __VIRTUAL_CLK__)
Path Group: __VIRTUAL_CLK__
Path Type: max

Fanout         Cap        Slew       Delay        Time   Description
---------------------------------------------------------------------------------------------
                      0.000000    0.000000    0.000000   clock __VIRTUAL_CLK__ (rise edge)
                                  0.000000    0.000000   clock network delay (ideal)
                                  4.000000    4.000000 v input external delay
     1    0.003121    0.019692    0.010252    4.010252 v a[1] (in)
                                                         a[1] (net)
                      0.019692    0.000000    4.010252 v input12/A (sky130_fd_sc_hd__clkbuf_1)
     2    0.004620    0.068632    0.154358    4.164610 v input12/X (sky130_fd_sc_hd__clkbuf_1)
                                                         net12 (net)
                      0.068632    0.000099    4.164709 v _183_/B (sky130_fd_sc_hd__and2_1)
     3    0.008887    0.116286    0.364648    4.529356 v _183_/X (sky130_fd_sc_hd__and2_1)
                                                         _006_ (net)
                      0.116286    0.000134    4.529490 v _189_/A (sky130_fd_sc_hd__nor2_1)
     3    0.011309    0.362199    0.362324    4.891815 ^ _189_/Y (sky130_fd_sc_hd__nor2_1)
                                                         _012_ (net)
                      0.362199    0.000238    4.892053 ^ _206_/A2 (sky130_fd_sc_hd__a211oi_1)
     2    0.005538    0.162687    0.282003    5.174056 v _206_/Y (sky130_fd_sc_hd__a211oi_1)
                                                         _025_ (net)
                      0.162687    0.000142    5.174198 v _209_/A2 (sky130_fd_sc_hd__o31a_2)
     4    0.018926    0.160704    0.758377    5.932575 v _209_/X (sky130_fd_sc_hd__o31a_2)
                                                         _028_ (net)
                      0.160704    0.000504    5.933080 v _236_/A1 (sky130_fd_sc_hd__a211oi_4)
     4    0.017993    0.449675    0.528342    6.461421 ^ _236_/Y (sky130_fd_sc_hd__a211oi_4)
                                                         _051_ (net)
                      0.449675    0.000662    6.462083 ^ _261_/A2 (sky130_fd_sc_hd__o311ai_4)
     4    0.011992    0.196486    0.337959    6.800042 v _261_/Y (sky130_fd_sc_hd__o311ai_4)
                                                         _072_ (net)
                      0.196486    0.000453    6.800496 v _310_/A1 (sky130_fd_sc_hd__a2111o_1)
     3    0.011343    0.192075    0.858297    7.658792 v _310_/X (sky130_fd_sc_hd__a2111o_1)
                                                         _113_ (net)
                      0.192075    0.000330    7.659122 v _333_/A1 (sky130_fd_sc_hd__a211o_1)
     3    0.009559    0.145004    0.604482    8.263603 v _333_/X (sky130_fd_sc_hd__a211o_1)
                                                         _132_ (net)
                      0.145004    0.000230    8.263833 v _364_/A1 (sky130_fd_sc_hd__a21o_1)
     3    0.011282    0.127097    0.384587    8.648421 v _364_/X (sky130_fd_sc_hd__a21o_1)
                                                         _159_ (net)
                      0.127097    0.000388    8.648809 v _370_/A1 (sky130_fd_sc_hd__a311o_1)
     3    0.010365    0.164761    0.608852    9.257661 v _370_/X (sky130_fd_sc_hd__a311o_1)
                                                         _165_ (net)
                      0.164761    0.000303    9.257963 v _374_/A3 (sky130_fd_sc_hd__a31o_1)
     2    0.008545    0.113167    0.477680    9.735643 v _374_/X (sky130_fd_sc_hd__a31o_1)
                                                         _168_ (net)
                      0.113167    0.000151    9.735795 v _375_/B (sky130_fd_sc_hd__xnor2_1)
     1    0.002349    0.174320    0.217343    9.953137 ^ _375_/Y (sky130_fd_sc_hd__xnor2_1)
                                                         net90 (net)
                      0.174320    0.000066    9.953203 ^ output90/A (sky130_fd_sc_hd__buf_2)
     1    0.034726    0.275772    0.394648   10.347851 ^ output90/X (sky130_fd_sc_hd__buf_2)
                                                         sum[30] (net)
                      0.275772    0.000836   10.348686 ^ sum[30] (out)
                                             10.348686   data arrival time

                      0.000000   20.000000   20.000000   clock __VIRTUAL_CLK__ (rise edge)
                                  0.000000   20.000000   clock network delay (ideal)
                                 -0.250000   19.750002   clock uncertainty
                                  0.000000   19.750002   clock reconvergence pessimism
                                 -4.000000   15.750001   output external delay
                                             15.750001   data required time
---------------------------------------------------------------------------------------------
                                             15.750001   data required time
                                            -10.348686   data arrival time
---------------------------------------------------------------------------------------------
                                              5.401314   slack (MET)




===========================================================================
report_checks --slack_max -0.01
============================================================================
======================= nom_ss_100C_1v60 Corner ===================================

No paths found.


===========================================================================
 report_check_types -max_slew -max_cap -max_fanout -violators
============================================================================
======================= nom_ss_100C_1v60 Corner ===================================



===========================================================================
report_parasitic_annotation -report_unannotated
============================================================================
Found 0 unannotated drivers.
Found 0 partially unannotated drivers.

===========================================================================
max slew violation count 0
max fanout violation count 0
max cap violation count 0
============================================================================

===========================================================================
check_setup -verbose -unconstrained_endpoints -multiple_clock -no_clock -no_input_delay -loops -generated_clocks
===========================================================================
