102. Printing statistics.

=== acc8 ===

   Number of wires:                 60
   Number of wire bits:             83
   Number of public wires:           7
   Number of public wire bits:      30
   Number of ports:                  4
   Number of port bits:             18
   Number of memories:               0
   Number of memory bits:            0
   Number of processes:              0
   Number of cells:                 69
     $_ANDNOT_                      21
     $_AND_                          2
     $_NAND_                         5
     $_NOR_                          2
     $_NOT_                          9
     $_ORNOT_                        3
     $_OR_                           4
     $_XNOR_                         8
     $_XOR_                          7
     sky130_fd_sc_hd__dfrtp_2        8

   Area for cell type $_NOT_ is unknown!
   Area for cell type $_AND_ is unknown!
   Area for cell type $_NAND_ is unknown!
   Area for cell type $_OR_ is unknown!
   Area for cell type $_NOR_ is unknown!
   Area for cell type $_XOR_ is unknown!
   Area for cell type $_XNOR_ is unknown!
   Area for cell type $_ANDNOT_ is unknown!
   Area for cell type $_ORNOT_ is unknown!

   Chip area for module '\acc8': 210.201600
     of which used for sequential elements: 210.201600 (100.00%)

