
===========================================================================
report_checks -unconstrained
===========================================================================
======================= nom_tt_025C_1v80 Corner ===================================

Startpoint: rst (input port clocked by clk)
Endpoint: _665_ (recovery check against rising-edge clock clk)
Path Group: asynchronous
Path Type: max

Fanout         Cap        Slew       Delay        Time   Description
---------------------------------------------------------------------------------------------
                                  0.000000    0.000000   clock clk (rise edge)
                                  0.000000    0.000000   clock network delay (propagated)
                                 10.000000   10.000000 v input external delay
    74    0.383589    0.836900    0.634102   10.634102 v rst (in)
                                                         rst (net)
                      0.838705    0.000000   10.634102 v _591_/A (sky130_fd_sc_hd__inv_2)
     1    0.004288    0.136607    0.197542   10.831643 ^ _591_/Y (sky130_fd_sc_hd__inv_2)
                                                         _073_ (net)
                      0.136607    0.000012   10.831655 ^ _665_/RESET_B (sky130_fd_sc_hd__dfrtp_2)
                                             10.831655   data arrival time

                                 50.000000   50.000000   clock clk (rise edge)
                                  0.000000   50.000000   clock source latency
    75    0.217743    0.974953    0.680323   50.680321 ^ clk (in)
                                                         clk (net)
                      0.975507    0.000000   50.680321 ^ _665_/CLK (sky130_fd_sc_hd__dfrtp_2)
                                 -0.250000   50.430321   clock uncertainty
                                  0.000000   50.430321   clock reconvergence pessimism
                                  0.394505   50.824825   library recovery time
                                             50.824825   data required time
---------------------------------------------------------------------------------------------
                                             50.824825   data required time
                                            -10.831655   data arrival time
---------------------------------------------------------------------------------------------
                                             39.993168   slack (MET)


Startpoint: sram0 (falling edge-triggered flip-flop clocked by clk)
Endpoint: _606_ (rising edge-triggered flip-flop clocked by clk)
Path Group: clk
Path Type: max

Fanout         Cap        Slew       Delay        Time   Description
---------------------------------------------------------------------------------------------
                                 25.000000   25.000000   clock clk (fall edge)
                                  0.000000   25.000000   clock source latency
    75    0.206717    0.452503    0.329615   25.329615 v clk (in)
                                                         clk (net)
                      0.603498    0.000000   25.329615 v sram0/clk0 (sky130_sram_1kbyte_1rw1r_32x256_8)
     1    0.008029    0.005606    0.374392   25.704006 ^ sram0/dout0[4] (sky130_sram_1kbyte_1rw1r_32x256_8)
                                                         dout0[4] (net)
                      0.004205    0.000146   25.704153 ^ _606_/D (sky130_fd_sc_hd__dfrtp_2)
                                             25.704153   data arrival time

                                 50.000000   50.000000   clock clk (rise edge)
                                  0.000000   50.000000   clock source latency
    75    0.217743    0.974953    0.674465   50.674465 ^ clk (in)
                                                         clk (net)
                      0.975218    0.000000   50.674465 ^ _606_/CLK (sky130_fd_sc_hd__dfrtp_2)
                                 -0.250000   50.424461   clock uncertainty
                                  0.000000   50.424461   clock reconvergence pessimism
                                  0.030292   50.454758   library setup time
                                             50.454758   data required time
---------------------------------------------------------------------------------------------
                                             50.454758   data required time
                                            -25.704153   data arrival time
---------------------------------------------------------------------------------------------
                                             24.750605   slack (MET)




===========================================================================
report_checks --slack_max -0.01
============================================================================
======================= nom_tt_025C_1v80 Corner ===================================

No paths found.


===========================================================================
 report_check_types -max_slew -max_cap -max_fanout -violators
============================================================================
======================= nom_tt_025C_1v80 Corner ===================================

max slew

Pin                                        Limit        Slew       Slack
------------------------------------------------------------------------
_590_/A                                 0.150000    1.831918   -1.681918 (VIOLATED)
_591_/A                                 0.150000    1.831918   -1.681918 (VIOLATED)
_589_/A                                 0.150000    1.831916   -1.681916 (VIOLATED)
_587_/A                                 0.150000    1.831914   -1.681914 (VIOLATED)
_588_/A                                 0.150000    1.831911   -1.681911 (VIOLATED)
_558_/A                                 0.150000    1.831903   -1.681903 (VIOLATED)
_559_/A                                 0.150000    1.831903   -1.681903 (VIOLATED)
_557_/A                                 0.150000    1.831895   -1.681895 (VIOLATED)
_556_/A                                 0.150000    1.831889   -1.681889 (VIOLATED)
_555_/A                                 0.150000    1.831880   -1.681880 (VIOLATED)
_554_/A                                 0.150000    1.831871   -1.681871 (VIOLATED)
_583_/A                                 0.150000    1.831863   -1.681863 (VIOLATED)
_585_/A                                 0.150000    1.831863   -1.681863 (VIOLATED)
_586_/A                                 0.150000    1.831864   -1.681864 (VIOLATED)
_553_/A                                 0.150000    1.831860   -1.681860 (VIOLATED)
_584_/A                                 0.150000    1.831860   -1.681860 (VIOLATED)
_552_/A                                 0.150000    1.831853   -1.681853 (VIOLATED)
_551_/A                                 0.150000    1.831838   -1.681838 (VIOLATED)
_550_/A                                 0.150000    1.831821   -1.681821 (VIOLATED)
_549_/A                                 0.150000    1.831803   -1.681803 (VIOLATED)
_548_/A                                 0.150000    1.831785   -1.681785 (VIOLATED)
_547_/A                                 0.150000    1.831768   -1.681768 (VIOLATED)
_581_/A                                 0.150000    1.831764   -1.681764 (VIOLATED)
_582_/A                                 0.150000    1.831765   -1.681765 (VIOLATED)
_579_/A                                 0.150000    1.831761   -1.681761 (VIOLATED)
_580_/A                                 0.150000    1.831762   -1.681762 (VIOLATED)
_546_/A                                 0.150000    1.831752   -1.681752 (VIOLATED)
_545_/A                                 0.150000    1.831728   -1.681728 (VIOLATED)
_544_/A                                 0.150000    1.831700   -1.681700 (VIOLATED)
_543_/A                                 0.150000    1.831674   -1.681674 (VIOLATED)
_575_/A                                 0.150000    1.831661   -1.681661 (VIOLATED)
_576_/A                                 0.150000    1.831661   -1.681661 (VIOLATED)
_578_/A                                 0.150000    1.831661   -1.681661 (VIOLATED)
_577_/A                                 0.150000    1.831658   -1.681658 (VIOLATED)
_542_/A                                 0.150000    1.831647   -1.681647 (VIOLATED)
_541_/A                                 0.150000    1.831631   -1.681631 (VIOLATED)
_540_/A                                 0.150000    1.831602   -1.681602 (VIOLATED)
_539_/A                                 0.150000    1.831570   -1.681570 (VIOLATED)
_538_/A                                 0.150000    1.831541   -1.681541 (VIOLATED)
_537_/A                                 0.150000    1.831511   -1.681511 (VIOLATED)
_571_/A                                 0.150000    1.831487   -1.681487 (VIOLATED)
_573_/A                                 0.150000    1.831488   -1.681488 (VIOLATED)
_574_/A                                 0.150000    1.831489   -1.681489 (VIOLATED)
_572_/A                                 0.150000    1.831483   -1.681483 (VIOLATED)
_536_/A                                 0.150000    1.831478   -1.681478 (VIOLATED)
_535_/A                                 0.150000    1.831432   -1.681432 (VIOLATED)
_534_/A                                 0.150000    1.831401   -1.681401 (VIOLATED)
_533_/A                                 0.150000    1.831377   -1.681377 (VIOLATED)
_532_/A                                 0.150000    1.831347   -1.681347 (VIOLATED)
_568_/A                                 0.150000    1.831344   -1.681344 (VIOLATED)
_569_/A                                 0.150000    1.831345   -1.681345 (VIOLATED)
_570_/A                                 0.150000    1.831346   -1.681346 (VIOLATED)
_531_/A                                 0.150000    1.831328   -1.681328 (VIOLATED)
_530_/A                                 0.150000    1.831305   -1.681305 (VIOLATED)
_529_/A                                 0.150000    1.831283   -1.681283 (VIOLATED)
_528_/A                                 0.150000    1.831255   -1.681255 (VIOLATED)
_565_/A                                 0.150000    1.831162   -1.681162 (VIOLATED)
_527_/A                                 0.150000    1.831137   -1.681137 (VIOLATED)
_564_/A                                 0.150000    1.831085   -1.681085 (VIOLATED)
_566_/A                                 0.150000    1.831086   -1.681086 (VIOLATED)
_567_/A                                 0.150000    1.831086   -1.681086 (VIOLATED)
_563_/A                                 0.150000    1.831076   -1.681076 (VIOLATED)
_562_/A                                 0.150000    1.831043   -1.681043 (VIOLATED)
_526_/A                                 0.150000    1.831035   -1.681035 (VIOLATED)
_560_/A                                 0.150000    1.831035   -1.681035 (VIOLATED)
_561_/A                                 0.150000    1.831034   -1.681034 (VIOLATED)
_523_/A                                 0.150000    1.830976   -1.680976 (VIOLATED)
_524_/A                                 0.150000    1.830976   -1.680977 (VIOLATED)
_525_/A                                 0.150000    1.830977   -1.680977 (VIOLATED)
_521_/A                                 0.150000    1.830974   -1.680974 (VIOLATED)
_522_/A                                 0.150000    1.830975   -1.680975 (VIOLATED)
_284_/A                                 0.150000    1.830970   -1.680970 (VIOLATED)
_520_/A                                 0.150000    1.830972   -1.680972 (VIOLATED)
_519_/A                                 0.150000    1.830968   -1.680968 (VIOLATED)
rst                                     0.150000    1.830946   -1.680946 (VIOLATED)
sram0/clk0                              0.150000    1.300023   -1.150023 (VIOLATED)
_508_/A                                 0.150000    1.033700   -0.883700 (VIOLATED)
_510_/A1                                0.150000    1.033698   -0.883698 (VIOLATED)
_511_/A                                 0.150000    1.033698   -0.883698 (VIOLATED)
_300_/A1                                0.150000    1.033697   -0.883697 (VIOLATED)
_302_/A                                 0.150000    1.033697   -0.883697 (VIOLATED)
_303_/A                                 0.150000    1.033695   -0.883695 (VIOLATED)
_304_/A1                                0.150000    1.033695   -0.883695 (VIOLATED)
_311_/A                                 0.150000    1.033688   -0.883688 (VIOLATED)
_312_/A1                                0.150000    1.033688   -0.883688 (VIOLATED)
_315_/A                                 0.150000    1.033684   -0.883684 (VIOLATED)
_316_/A1                                0.150000    1.033684   -0.883684 (VIOLATED)
_307_/A                                 0.150000    1.033675   -0.883675 (VIOLATED)
_309_/A1                                0.150000    1.033674   -0.883674 (VIOLATED)
_323_/A                                 0.150000    1.033671   -0.883671 (VIOLATED)
_324_/A1                                0.150000    1.033670   -0.883670 (VIOLATED)
_425_/A1                                0.150000    1.033660   -0.883660 (VIOLATED)
_424_/A                                 0.150000    1.033659   -0.883659 (VIOLATED)
_427_/A1                                0.150000    1.033655   -0.883655 (VIOLATED)
_428_/A                                 0.150000    1.033655   -0.883655 (VIOLATED)
_432_/A1                                0.150000    1.033643   -0.883643 (VIOLATED)
_433_/A                                 0.150000    1.033643   -0.883643 (VIOLATED)
_437_/A                                 0.150000    1.033635   -0.883635 (VIOLATED)
_436_/A1                                0.150000    1.033634   -0.883634 (VIOLATED)
_329_/A                                 0.150000    1.033620   -0.883620 (VIOLATED)
_330_/A1                                0.150000    1.033620   -0.883620 (VIOLATED)
_334_/A                                 0.150000    1.033605   -0.883605 (VIOLATED)
_332_/A1                                0.150000    1.033604   -0.883604 (VIOLATED)
_326_/A1                                0.150000    1.033588   -0.883588 (VIOLATED)
_327_/A                                 0.150000    1.033588   -0.883588 (VIOLATED)
_341_/A                                 0.150000    1.033577   -0.883577 (VIOLATED)
_342_/A1                                0.150000    1.033575   -0.883575 (VIOLATED)
_348_/A1                                0.150000    1.033560   -0.883560 (VIOLATED)
_347_/A                                 0.150000    1.033558   -0.883558 (VIOLATED)
_351_/A1                                0.150000    1.033549   -0.883549 (VIOLATED)
_353_/A                                 0.150000    1.033549   -0.883549 (VIOLATED)
_345_/A                                 0.150000    1.033537   -0.883537 (VIOLATED)
_344_/A1                                0.150000    1.033535   -0.883535 (VIOLATED)
_359_/A                                 0.150000    1.033519   -0.883519 (VIOLATED)
_360_/A1                                0.150000    1.033518   -0.883518 (VIOLATED)
_363_/A1                                0.150000    1.033504   -0.883504 (VIOLATED)
_362_/A                                 0.150000    1.033502   -0.883502 (VIOLATED)
_366_/A1                                0.150000    1.033494   -0.883494 (VIOLATED)
_365_/A                                 0.150000    1.033493   -0.883493 (VIOLATED)
_372_/A1                                0.150000    1.033477   -0.883477 (VIOLATED)
_369_/A                                 0.150000    1.033476   -0.883476 (VIOLATED)
_375_/A                                 0.150000    1.033464   -0.883464 (VIOLATED)
_376_/A1                                0.150000    1.033463   -0.883463 (VIOLATED)
_380_/A1                                0.150000    1.033434   -0.883434 (VIOLATED)
_378_/A                                 0.150000    1.033432   -0.883431 (VIOLATED)
_379_/A1                                0.150000    1.033432   -0.883431 (VIOLATED)
_382_/A                                 0.150000    1.033426   -0.883426 (VIOLATED)
_383_/A1                                0.150000    1.033427   -0.883426 (VIOLATED)
_394_/A                                 0.150000    1.033421   -0.883421 (VIOLATED)
_395_/A1                                0.150000    1.033421   -0.883421 (VIOLATED)
_387_/A                                 0.150000    1.033417   -0.883417 (VIOLATED)
_390_/A1                                0.150000    1.033417   -0.883417 (VIOLATED)
_397_/A2                                0.150000    1.033416   -0.883416 (VIOLATED)
_398_/B                                 0.150000    1.033416   -0.883416 (VIOLATED)
_403_/B                                 0.150000    1.033414   -0.883414 (VIOLATED)
_452_/A1                                0.150000    1.033414   -0.883414 (VIOLATED)
_399_/A                                 0.150000    1.033412   -0.883412 (VIOLATED)
_400_/A1                                0.150000    1.033412   -0.883412 (VIOLATED)
_402_/A                                 0.150000    1.033412   -0.883412 (VIOLATED)
_404_/A1                                0.150000    1.033412   -0.883412 (VIOLATED)
_601_/Q                                 0.150000    1.033412   -0.883412 (VIOLATED)
_664_/CLK                               0.150000    0.975506   -0.825506 (VIOLATED)
_665_/CLK                               0.150000    0.975507   -0.825507 (VIOLATED)
_663_/CLK                               0.150000    0.975505   -0.825505 (VIOLATED)
_661_/CLK                               0.150000    0.975504   -0.825504 (VIOLATED)
_662_/CLK                               0.150000    0.975503   -0.825503 (VIOLATED)
_632_/CLK                               0.150000    0.975498   -0.825498 (VIOLATED)
_633_/CLK                               0.150000    0.975499   -0.825499 (VIOLATED)
_631_/CLK                               0.150000    0.975496   -0.825496 (VIOLATED)
_630_/CLK                               0.150000    0.975493   -0.825493 (VIOLATED)
_629_/CLK                               0.150000    0.975488   -0.825488 (VIOLATED)
_628_/CLK                               0.150000    0.975483   -0.825483 (VIOLATED)
_657_/CLK                               0.150000    0.975479   -0.825479 (VIOLATED)
_659_/CLK                               0.150000    0.975479   -0.825479 (VIOLATED)
_660_/CLK                               0.150000    0.975480   -0.825480 (VIOLATED)
_627_/CLK                               0.150000    0.975478   -0.825478 (VIOLATED)
_658_/CLK                               0.150000    0.975478   -0.825478 (VIOLATED)
_626_/CLK                               0.150000    0.975474   -0.825474 (VIOLATED)
_625_/CLK                               0.150000    0.975466   -0.825466 (VIOLATED)
_624_/CLK                               0.150000    0.975458   -0.825458 (VIOLATED)
_623_/CLK                               0.150000    0.975449   -0.825449 (VIOLATED)
_622_/CLK                               0.150000    0.975439   -0.825439 (VIOLATED)
_621_/CLK                               0.150000    0.975430   -0.825430 (VIOLATED)
_655_/CLK                               0.150000    0.975428   -0.825428 (VIOLATED)
_656_/CLK                               0.150000    0.975429   -0.825429 (VIOLATED)
_654_/CLK                               0.150000    0.975427   -0.825427 (VIOLATED)
_653_/CLK                               0.150000    0.975427   -0.825427 (VIOLATED)
_620_/CLK                               0.150000    0.975422   -0.825422 (VIOLATED)
_619_/CLK                               0.150000    0.975409   -0.825409 (VIOLATED)
_618_/CLK                               0.150000    0.975396   -0.825396 (VIOLATED)
_617_/CLK                               0.150000    0.975382   -0.825382 (VIOLATED)
_651_/CLK                               0.150000    0.975373   -0.825373 (VIOLATED)
_616_/CLK                               0.150000    0.975369   -0.825369 (VIOLATED)
_615_/CLK                               0.150000    0.975359   -0.825359 (VIOLATED)
_652_/CLK                               0.150000    0.975356   -0.825356 (VIOLATED)
_649_/CLK                               0.150000    0.975354   -0.825354 (VIOLATED)
_650_/CLK                               0.150000    0.975355   -0.825355 (VIOLATED)
_614_/CLK                               0.150000    0.975345   -0.825345 (VIOLATED)
_613_/CLK                               0.150000    0.975329   -0.825329 (VIOLATED)
_612_/CLK                               0.150000    0.975314   -0.825314 (VIOLATED)
_611_/CLK                               0.150000    0.975299   -0.825299 (VIOLATED)
_610_/CLK                               0.150000    0.975282   -0.825282 (VIOLATED)
_646_/CLK                               0.150000    0.975281   -0.825281 (VIOLATED)
_609_/CLK                               0.150000    0.975258   -0.825258 (VIOLATED)
_608_/CLK                               0.150000    0.975241   -0.825241 (VIOLATED)
_607_/CLK                               0.150000    0.975230   -0.825230 (VIOLATED)
_645_/CLK                               0.150000    0.975229   -0.825229 (VIOLATED)
_647_/CLK                               0.150000    0.975229   -0.825229 (VIOLATED)
_648_/CLK                               0.150000    0.975230   -0.825230 (VIOLATED)
_644_/CLK                               0.150000    0.975227   -0.825227 (VIOLATED)
_643_/CLK                               0.150000    0.975225   -0.825225 (VIOLATED)
_642_/CLK                               0.150000    0.975224   -0.825224 (VIOLATED)
_606_/CLK                               0.150000    0.975218   -0.825218 (VIOLATED)
_605_/CLK                               0.150000    0.975208   -0.825208 (VIOLATED)
_604_/CLK                               0.150000    0.975194   -0.825194 (VIOLATED)
_603_/CLK                               0.150000    0.975182   -0.825182 (VIOLATED)
_602_/CLK                               0.150000    0.975166   -0.825166 (VIOLATED)
_639_/CLK                               0.150000    0.975115   -0.825115 (VIOLATED)
_601_/CLK                               0.150000    0.975098   -0.825098 (VIOLATED)
_638_/CLK                               0.150000    0.975070   -0.825070 (VIOLATED)
_640_/CLK                               0.150000    0.975070   -0.825070 (VIOLATED)
_641_/CLK                               0.150000    0.975070   -0.825070 (VIOLATED)
_637_/CLK                               0.150000    0.975064   -0.825064 (VIOLATED)
_636_/CLK                               0.150000    0.975043   -0.825043 (VIOLATED)
_635_/CLK                               0.150000    0.975028   -0.825028 (VIOLATED)
_600_/CLK                               0.150000    0.975016   -0.825016 (VIOLATED)
_634_/CLK                               0.150000    0.975014   -0.825014 (VIOLATED)
_596_/CLK                               0.150000    0.974979   -0.824979 (VIOLATED)
_597_/CLK                               0.150000    0.974980   -0.824980 (VIOLATED)
_598_/CLK                               0.150000    0.974980   -0.824980 (VIOLATED)
_599_/CLK                               0.150000    0.974981   -0.824981 (VIOLATED)
_595_/CLK                               0.150000    0.974979   -0.824979 (VIOLATED)
_594_/CLK                               0.150000    0.974977   -0.824977 (VIOLATED)
_592_/CLK                               0.150000    0.974976   -0.824976 (VIOLATED)
_593_/CLK                               0.150000    0.974975   -0.824975 (VIOLATED)
clk                                     0.150000    0.974953   -0.824953 (VIOLATED)
sram0/addr0[2]                          0.040000    0.187328   -0.147328 (VIOLATED)
sram0/addr0[1]                          0.040000    0.186252   -0.146252 (VIOLATED)
sram0/addr0[3]                          0.040000    0.182604   -0.142604 (VIOLATED)
acc_out[7]                              0.150000    0.267246   -0.117246 (VIOLATED)
_378_/C                                 0.150000    0.267237   -0.117237 (VIOLATED)
_379_/B1                                0.150000    0.267237   -0.117237 (VIOLATED)
_380_/B1                                0.150000    0.267237   -0.117237 (VIOLATED)
_641_/Q                                 0.150000    0.267237   -0.117237 (VIOLATED)
acc_out[3]                              0.150000    0.261264   -0.111264 (VIOLATED)
_397_/B1                                0.150000    0.261259   -0.111259 (VIOLATED)
_398_/C                                 0.150000    0.261259   -0.111259 (VIOLATED)
_637_/Q                                 0.150000    0.261259   -0.111259 (VIOLATED)
sram0/addr0[7]                          0.040000    0.149716   -0.109716 (VIOLATED)
sram0/addr0[6]                          0.040000    0.149117   -0.109117 (VIOLATED)
sram0/addr0[4]                          0.040000    0.148878   -0.108878 (VIOLATED)
sram0/addr0[5]                          0.040000    0.145426   -0.105426 (VIOLATED)
_454_/A1                                0.150000    0.252964   -0.102964 (VIOLATED)
_283_/A                                 0.150000    0.252961   -0.102961 (VIOLATED)
_299_/A                                 0.150000    0.252961   -0.102961 (VIOLATED)
_455_/S                                 0.150000    0.252960   -0.102960 (VIOLATED)
_456_/S                                 0.150000    0.252958   -0.102958 (VIOLATED)
_457_/S                                 0.150000    0.252954   -0.102954 (VIOLATED)
_458_/S                                 0.150000    0.252939   -0.102939 (VIOLATED)
_459_/S                                 0.150000    0.252937   -0.102937 (VIOLATED)
_460_/S                                 0.150000    0.252936   -0.102936 (VIOLATED)
_461_/S                                 0.150000    0.252935   -0.102935 (VIOLATED)
wr_en                                   0.150000    0.252934   -0.102934 (VIOLATED)
acc_out[6]                              0.150000    0.252878   -0.102878 (VIOLATED)
_382_/C                                 0.150000    0.252870   -0.102870 (VIOLATED)
_383_/B1                                0.150000    0.252870   -0.102870 (VIOLATED)
_640_/Q                                 0.150000    0.252870   -0.102870 (VIOLATED)
acc_out[5]                              0.150000    0.252699   -0.102699 (VIOLATED)
_387_/C                                 0.150000    0.252688   -0.102688 (VIOLATED)
_390_/B1                                0.150000    0.252688   -0.102688 (VIOLATED)
_639_/Q                                 0.150000    0.252688   -0.102688 (VIOLATED)
_341_/Y                                 0.150000    0.251701   -0.101701 (VIOLATED)
_343_/A                                 0.150000    0.251701   -0.101701 (VIOLATED)
_422_/B                                 0.150000    0.251701   -0.101701 (VIOLATED)
_485_/A1                                0.150000    0.251701   -0.101701 (VIOLATED)
_490_/B                                 0.150000    0.251701   -0.101701 (VIOLATED)
_359_/Y                                 0.150000    0.248768   -0.098768 (VIOLATED)
_361_/A                                 0.150000    0.248768   -0.098768 (VIOLATED)
_419_/C                                 0.150000    0.248768   -0.098768 (VIOLATED)
_477_/A1                                0.150000    0.248768   -0.098768 (VIOLATED)
_482_/B                                 0.150000    0.248768   -0.098768 (VIOLATED)
_407_/Y                                 0.150000    0.247819   -0.097819 (VIOLATED)
_409_/A2                                0.150000    0.247819   -0.097819 (VIOLATED)
_412_/A2                                0.150000    0.247819   -0.097819 (VIOLATED)
_462_/A                                 0.150000    0.247819   -0.097819 (VIOLATED)
acc_out[2]                              0.150000    0.243883   -0.093883 (VIOLATED)
_399_/C                                 0.150000    0.243881   -0.093881 (VIOLATED)
_400_/B1                                0.150000    0.243881   -0.093881 (VIOLATED)
_636_/Q                                 0.150000    0.243881   -0.093881 (VIOLATED)
acc_out[4]                              0.150000    0.239888   -0.089888 (VIOLATED)
_394_/C                                 0.150000    0.239880   -0.089880 (VIOLATED)
_395_/B1                                0.150000    0.239880   -0.089880 (VIOLATED)
_638_/Q                                 0.150000    0.239880   -0.089880 (VIOLATED)
acc_out[0]                              0.150000    0.233215   -0.083215 (VIOLATED)
_403_/A                                 0.150000    0.233214   -0.083214 (VIOLATED)
_452_/B1                                0.150000    0.233214   -0.083214 (VIOLATED)
_634_/Q                                 0.150000    0.233214   -0.083214 (VIOLATED)
sram0/addr0[0]                          0.040000    0.120581   -0.080581 (VIOLATED)
_438_/Y                                 0.150000    0.230106   -0.080106 (VIOLATED)
_439_/B                                 0.150000    0.230106   -0.080106 (VIOLATED)
_493_/A2                                0.150000    0.230106   -0.080106 (VIOLATED)
_499_/B                                 0.150000    0.230106   -0.080106 (VIOLATED)
acc_out[1]                              0.150000    0.229039   -0.079039 (VIOLATED)
_402_/C                                 0.150000    0.229036   -0.079036 (VIOLATED)
_404_/B1                                0.150000    0.229036   -0.079036 (VIOLATED)
_635_/Q                                 0.150000    0.229036   -0.079036 (VIOLATED)
acc_out[31]                             0.150000    0.220289   -0.070289 (VIOLATED)
_509_/A                                 0.150000    0.220289   -0.070289 (VIOLATED)
_665_/Q                                 0.150000    0.220289   -0.070289 (VIOLATED)
_369_/Y                                 0.150000    0.217280   -0.067280 (VIOLATED)
_371_/A2                                0.150000    0.217280   -0.067280 (VIOLATED)
_373_/A                                 0.150000    0.217280   -0.067280 (VIOLATED)
_471_/B1_N                              0.150000    0.217280   -0.067280 (VIOLATED)
acc_out[9]                              0.150000    0.215655   -0.065655 (VIOLATED)
_369_/C                                 0.150000    0.215655   -0.065655 (VIOLATED)
_372_/B1                                0.150000    0.215655   -0.065655 (VIOLATED)
_643_/Q                                 0.150000    0.215655   -0.065655 (VIOLATED)
acc_out[12]                             0.150000    0.215307   -0.065307 (VIOLATED)
_359_/B                                 0.150000    0.215307   -0.065307 (VIOLATED)
_360_/B1                                0.150000    0.215307   -0.065307 (VIOLATED)
_646_/Q                                 0.150000    0.215307   -0.065307 (VIOLATED)
_440_/Y                                 0.150000    0.215146   -0.065146 (VIOLATED)
_444_/A                                 0.150000    0.215146   -0.065146 (VIOLATED)
_445_/A1                                0.150000    0.215146   -0.065146 (VIOLATED)
_423_/Y                                 0.150000    0.213926   -0.063926 (VIOLATED)
_493_/A1                                0.150000    0.213926   -0.063926 (VIOLATED)
_499_/A                                 0.150000    0.213926   -0.063926 (VIOLATED)
acc_out[16]                             0.150000    0.213780   -0.063780 (VIOLATED)
_341_/B                                 0.150000    0.213780   -0.063780 (VIOLATED)
_342_/B1                                0.150000    0.213780   -0.063780 (VIOLATED)
_650_/Q                                 0.150000    0.213780   -0.063780 (VIOLATED)
acc_out[13]                             0.150000    0.212352   -0.062352 (VIOLATED)
_344_/B1                                0.150000    0.212352   -0.062352 (VIOLATED)
_345_/B                                 0.150000    0.212352   -0.062352 (VIOLATED)
_647_/Q                                 0.150000    0.212352   -0.062352 (VIOLATED)
acc_out[17]                             0.150000    0.210071   -0.060071 (VIOLATED)
_326_/B1                                0.150000    0.210071   -0.060071 (VIOLATED)
_327_/B                                 0.150000    0.210071   -0.060071 (VIOLATED)
_651_/Q                                 0.150000    0.210071   -0.060071 (VIOLATED)
acc_out[14]                             0.150000    0.208610   -0.058610 (VIOLATED)
_351_/B1                                0.150000    0.208610   -0.058610 (VIOLATED)
_353_/C                                 0.150000    0.208610   -0.058610 (VIOLATED)
_648_/Q                                 0.150000    0.208610   -0.058610 (VIOLATED)
acc_out[15]                             0.150000    0.208512   -0.058512 (VIOLATED)
_347_/C                                 0.150000    0.208512   -0.058512 (VIOLATED)
_348_/B1                                0.150000    0.208512   -0.058512 (VIOLATED)
_649_/Q                                 0.150000    0.208512   -0.058512 (VIOLATED)
acc_out[28]                             0.150000    0.208459   -0.058459 (VIOLATED)
_303_/C                                 0.150000    0.208459   -0.058459 (VIOLATED)
_304_/B1                                0.150000    0.208459   -0.058459 (VIOLATED)
_662_/Q                                 0.150000    0.208459   -0.058459 (VIOLATED)
acc_out[24]                             0.150000    0.208369   -0.058369 (VIOLATED)
_323_/B                                 0.150000    0.208369   -0.058369 (VIOLATED)
_324_/B1                                0.150000    0.208369   -0.058369 (VIOLATED)
_658_/Q                                 0.150000    0.208369   -0.058369 (VIOLATED)
acc_out[8]                              0.150000    0.208213   -0.058213 (VIOLATED)
_375_/B                                 0.150000    0.208213   -0.058213 (VIOLATED)
_376_/B1                                0.150000    0.208213   -0.058213 (VIOLATED)
_642_/Q                                 0.150000    0.208213   -0.058213 (VIOLATED)
acc_out[21]                             0.150000    0.207613   -0.057613 (VIOLATED)
_432_/B1                                0.150000    0.207613   -0.057613 (VIOLATED)
_433_/B                                 0.150000    0.207613   -0.057613 (VIOLATED)
_655_/Q                                 0.150000    0.207613   -0.057613 (VIOLATED)
acc_out[20]                             0.150000    0.207536   -0.057536 (VIOLATED)
_436_/B1                                0.150000    0.207536   -0.057536 (VIOLATED)
_437_/B                                 0.150000    0.207536   -0.057536 (VIOLATED)
_654_/Q                                 0.150000    0.207536   -0.057536 (VIOLATED)
acc_out[25]                             0.150000    0.207471   -0.057471 (VIOLATED)
_307_/B                                 0.150000    0.207471   -0.057471 (VIOLATED)
_309_/B1                                0.150000    0.207471   -0.057471 (VIOLATED)
_659_/Q                                 0.150000    0.207471   -0.057471 (VIOLATED)
acc_out[18]                             0.150000    0.207334   -0.057334 (VIOLATED)
_332_/B1                                0.150000    0.207334   -0.057334 (VIOLATED)
_334_/C                                 0.150000    0.207334   -0.057334 (VIOLATED)
_652_/Q                                 0.150000    0.207334   -0.057334 (VIOLATED)
acc_out[22]                             0.150000    0.207015   -0.057015 (VIOLATED)
_427_/B1                                0.150000    0.207015   -0.057015 (VIOLATED)
_428_/C                                 0.150000    0.207015   -0.057015 (VIOLATED)
_656_/Q                                 0.150000    0.207015   -0.057015 (VIOLATED)
acc_out[23]                             0.150000    0.206410   -0.056410 (VIOLATED)
_424_/C                                 0.150000    0.206410   -0.056410 (VIOLATED)
_425_/B1                                0.150000    0.206410   -0.056410 (VIOLATED)
_657_/Q                                 0.150000    0.206410   -0.056410 (VIOLATED)
acc_out[19]                             0.150000    0.206214   -0.056214 (VIOLATED)
_329_/C                                 0.150000    0.206214   -0.056214 (VIOLATED)
_330_/B1                                0.150000    0.206214   -0.056214 (VIOLATED)
_653_/Q                                 0.150000    0.206214   -0.056214 (VIOLATED)
acc_out[27]                             0.150000    0.205857   -0.055857 (VIOLATED)
_311_/C                                 0.150000    0.205857   -0.055857 (VIOLATED)
_312_/B1                                0.150000    0.205857   -0.055857 (VIOLATED)
_661_/Q                                 0.150000    0.205857   -0.055857 (VIOLATED)
acc_out[26]                             0.150000    0.205236   -0.055236 (VIOLATED)
_315_/C                                 0.150000    0.205236   -0.055236 (VIOLATED)
_316_/B1                                0.150000    0.205236   -0.055236 (VIOLATED)
_660_/Q                                 0.150000    0.205236   -0.055236 (VIOLATED)
acc_out[10]                             0.150000    0.199182   -0.049182 (VIOLATED)
_365_/C                                 0.150000    0.199182   -0.049182 (VIOLATED)
_366_/B1                                0.150000    0.199182   -0.049182 (VIOLATED)
_644_/Q                                 0.150000    0.199182   -0.049182 (VIOLATED)
_398_/Y                                 0.150000    0.197877   -0.047877 (VIOLATED)
_408_/B                                 0.150000    0.197877   -0.047877 (VIOLATED)
_409_/A1                                0.150000    0.197877   -0.047877 (VIOLATED)
_412_/A1                                0.150000    0.197877   -0.047877 (VIOLATED)
acc_out[11]                             0.150000    0.197771   -0.047771 (VIOLATED)
_362_/C                                 0.150000    0.197771   -0.047771 (VIOLATED)
_363_/B1                                0.150000    0.197771   -0.047771 (VIOLATED)
_645_/Q                                 0.150000    0.197771   -0.047771 (VIOLATED)
acc_out[29]                             0.150000    0.197075   -0.047075 (VIOLATED)
_300_/B1                                0.150000    0.197075   -0.047075 (VIOLATED)
_302_/C                                 0.150000    0.197075   -0.047075 (VIOLATED)
_663_/Q                                 0.150000    0.197075   -0.047075 (VIOLATED)
acc_out[30]                             0.150000    0.195492   -0.045492 (VIOLATED)
_510_/B1                                0.150000    0.195492   -0.045492 (VIOLATED)
_511_/C                                 0.150000    0.195492   -0.045492 (VIOLATED)
_664_/Q                                 0.150000    0.195492   -0.045492 (VIOLATED)
_399_/Y                                 0.150000    0.193113   -0.043113 (VIOLATED)
_401_/A                                 0.150000    0.193113   -0.043113 (VIOLATED)
_407_/B1_N                              0.150000    0.193113   -0.043113 (VIOLATED)
_525_/Y                                 0.150000    0.191977   -0.041977 (VIOLATED)
_599_/RESET_B                           0.150000    0.191977   -0.041977 (VIOLATED)
_524_/Y                                 0.150000    0.191525   -0.041525 (VIOLATED)
_598_/RESET_B                           0.150000    0.191525   -0.041525 (VIOLATED)
_522_/Y                                 0.150000    0.191058   -0.041058 (VIOLATED)
_596_/RESET_B                           0.150000    0.191058   -0.041058 (VIOLATED)
_523_/Y                                 0.150000    0.191053   -0.041053 (VIOLATED)
_597_/RESET_B                           0.150000    0.191053   -0.041053 (VIOLATED)
_526_/Y                                 0.150000    0.189829   -0.039829 (VIOLATED)
_600_/RESET_B                           0.150000    0.189829   -0.039829 (VIOLATED)
_591_/Y                                 0.150000    0.189662   -0.039662 (VIOLATED)
_665_/RESET_B                           0.150000    0.189662   -0.039662 (VIOLATED)
_521_/Y                                 0.150000    0.189313   -0.039313 (VIOLATED)
_595_/RESET_B                           0.150000    0.189313   -0.039313 (VIOLATED)
_519_/Y                                 0.150000    0.189265   -0.039265 (VIOLATED)
_593_/RESET_B                           0.150000    0.189265   -0.039265 (VIOLATED)
_590_/Y                                 0.150000    0.189215   -0.039215 (VIOLATED)
_664_/RESET_B                           0.150000    0.189215   -0.039215 (VIOLATED)
_520_/Y                                 0.150000    0.188595   -0.038595 (VIOLATED)
_594_/RESET_B                           0.150000    0.188595   -0.038595 (VIOLATED)
_559_/Y                                 0.150000    0.188438   -0.038438 (VIOLATED)
_633_/RESET_B                           0.150000    0.188438   -0.038438 (VIOLATED)
_284_/Y                                 0.150000    0.188326   -0.038326 (VIOLATED)
_592_/RESET_B                           0.150000    0.188326   -0.038326 (VIOLATED)
_589_/Y                                 0.150000    0.187702   -0.037702 (VIOLATED)
_663_/RESET_B                           0.150000    0.187702   -0.037702 (VIOLATED)
_397_/Y                                 0.150000    0.187620   -0.037620 (VIOLATED)
_408_/A_N                               0.150000    0.187620   -0.037620 (VIOLATED)
_409_/B1                                0.150000    0.187620   -0.037620 (VIOLATED)
_412_/D1                                0.150000    0.187620   -0.037620 (VIOLATED)
_588_/Y                                 0.150000    0.187522   -0.037522 (VIOLATED)
_662_/RESET_B                           0.150000    0.187522   -0.037522 (VIOLATED)
_557_/Y                                 0.150000    0.187046   -0.037046 (VIOLATED)
_631_/RESET_B                           0.150000    0.187046   -0.037046 (VIOLATED)
_586_/Y                                 0.150000    0.186857   -0.036857 (VIOLATED)
_660_/RESET_B                           0.150000    0.186857   -0.036857 (VIOLATED)
_558_/Y                                 0.150000    0.186770   -0.036770 (VIOLATED)
_632_/RESET_B                           0.150000    0.186770   -0.036770 (VIOLATED)
_556_/Y                                 0.150000    0.186543   -0.036543 (VIOLATED)
_630_/RESET_B                           0.150000    0.186543   -0.036543 (VIOLATED)
_585_/Y                                 0.150000    0.186335   -0.036335 (VIOLATED)
_659_/RESET_B                           0.150000    0.186335   -0.036335 (VIOLATED)
_587_/Y                                 0.150000    0.185798   -0.035798 (VIOLATED)
_661_/RESET_B                           0.150000    0.185798   -0.035798 (VIOLATED)
_578_/Y                                 0.150000    0.185606   -0.035606 (VIOLATED)
_652_/RESET_B                           0.150000    0.185606   -0.035606 (VIOLATED)
_582_/Y                                 0.150000    0.185578   -0.035578 (VIOLATED)
_656_/RESET_B                           0.150000    0.185578   -0.035578 (VIOLATED)
_555_/Y                                 0.150000    0.185553   -0.035553 (VIOLATED)
_629_/RESET_B                           0.150000    0.185553   -0.035553 (VIOLATED)
_553_/Y                                 0.150000    0.185548   -0.035548 (VIOLATED)
_627_/RESET_B                           0.150000    0.185548   -0.035548 (VIOLATED)
_554_/Y                                 0.150000    0.185534   -0.035534 (VIOLATED)
_628_/RESET_B                           0.150000    0.185534   -0.035534 (VIOLATED)
_560_/Y                                 0.150000    0.185523   -0.035523 (VIOLATED)
_634_/RESET_B                           0.150000    0.185523   -0.035523 (VIOLATED)
_414_/Y                                 0.150000    0.185468   -0.035468 (VIOLATED)
_471_/A2                                0.150000    0.185468   -0.035468 (VIOLATED)
_475_/B                                 0.150000    0.185468   -0.035468 (VIOLATED)
_577_/Y                                 0.150000    0.185327   -0.035326 (VIOLATED)
_651_/RESET_B                           0.150000    0.185327   -0.035326 (VIOLATED)
_527_/Y                                 0.150000    0.185042   -0.035042 (VIOLATED)
_601_/RESET_B                           0.150000    0.185042   -0.035042 (VIOLATED)
_574_/Y                                 0.150000    0.184954   -0.034954 (VIOLATED)
_648_/RESET_B                           0.150000    0.184954   -0.034954 (VIOLATED)
_552_/Y                                 0.150000    0.184930   -0.034930 (VIOLATED)
_626_/RESET_B                           0.150000    0.184930   -0.034930 (VIOLATED)
_566_/Y                                 0.150000    0.184829   -0.034829 (VIOLATED)
_640_/RESET_B                           0.150000    0.184829   -0.034829 (VIOLATED)
_508_/Y                                 0.150000    0.184742   -0.034742 (VIOLATED)
_509_/B                                 0.150000    0.184742   -0.034742 (VIOLATED)
_584_/Y                                 0.150000    0.184711   -0.034711 (VIOLATED)
_658_/RESET_B                           0.150000    0.184711   -0.034711 (VIOLATED)
_565_/Y                                 0.150000    0.184711   -0.034711 (VIOLATED)
_639_/RESET_B                           0.150000    0.184711   -0.034711 (VIOLATED)
_561_/Y                                 0.150000    0.184605   -0.034605 (VIOLATED)
_635_/RESET_B                           0.150000    0.184605   -0.034605 (VIOLATED)
_581_/Y                                 0.150000    0.184574   -0.034574 (VIOLATED)
_655_/RESET_B                           0.150000    0.184574   -0.034574 (VIOLATED)
_550_/Y                                 0.150000    0.184539   -0.034539 (VIOLATED)
_624_/RESET_B                           0.150000    0.184539   -0.034539 (VIOLATED)
_548_/Y                                 0.150000    0.184533   -0.034533 (VIOLATED)
_622_/RESET_B                           0.150000    0.184533   -0.034533 (VIOLATED)
_567_/Y                                 0.150000    0.184493   -0.034493 (VIOLATED)
_641_/RESET_B                           0.150000    0.184493   -0.034493 (VIOLATED)
_549_/Y                                 0.150000    0.184450   -0.034450 (VIOLATED)
_623_/RESET_B                           0.150000    0.184450   -0.034450 (VIOLATED)
_544_/Y                                 0.150000    0.184354   -0.034354 (VIOLATED)
_618_/RESET_B                           0.150000    0.184354   -0.034354 (VIOLATED)
_562_/Y                                 0.150000    0.184281   -0.034281 (VIOLATED)
_636_/RESET_B                           0.150000    0.184281   -0.034281 (VIOLATED)
_563_/Y                                 0.150000    0.184266   -0.034266 (VIOLATED)
_637_/RESET_B                           0.150000    0.184266   -0.034266 (VIOLATED)
_551_/Y                                 0.150000    0.184244   -0.034244 (VIOLATED)
_625_/RESET_B                           0.150000    0.184244   -0.034244 (VIOLATED)
_542_/Y                                 0.150000    0.184191   -0.034191 (VIOLATED)
_616_/RESET_B                           0.150000    0.184191   -0.034191 (VIOLATED)
_580_/Y                                 0.150000    0.184147   -0.034147 (VIOLATED)
_654_/RESET_B                           0.150000    0.184147   -0.034147 (VIOLATED)
_427_/Y                                 0.150000    0.184092   -0.034092 (VIOLATED)
_429_/A                                 0.150000    0.184092   -0.034092 (VIOLATED)
_430_/B                                 0.150000    0.184092   -0.034092 (VIOLATED)
_495_/A1                                0.150000    0.184092   -0.034092 (VIOLATED)
_537_/Y                                 0.150000    0.184023   -0.034023 (VIOLATED)
_611_/RESET_B                           0.150000    0.184023   -0.034023 (VIOLATED)
_564_/Y                                 0.150000    0.183969   -0.033969 (VIOLATED)
_638_/RESET_B                           0.150000    0.183969   -0.033969 (VIOLATED)
_573_/Y                                 0.150000    0.183968   -0.033968 (VIOLATED)
_647_/RESET_B                           0.150000    0.183968   -0.033968 (VIOLATED)
_543_/Y                                 0.150000    0.183947   -0.033947 (VIOLATED)
_617_/RESET_B                           0.150000    0.183947   -0.033947 (VIOLATED)
_538_/Y                                 0.150000    0.183854   -0.033854 (VIOLATED)
_612_/RESET_B                           0.150000    0.183854   -0.033854 (VIOLATED)
_536_/Y                                 0.150000    0.183726   -0.033726 (VIOLATED)
_610_/RESET_B                           0.150000    0.183726   -0.033726 (VIOLATED)
_545_/Y                                 0.150000    0.183653   -0.033653 (VIOLATED)
_619_/RESET_B                           0.150000    0.183653   -0.033653 (VIOLATED)
_572_/Y                                 0.150000    0.183633   -0.033633 (VIOLATED)
_646_/RESET_B                           0.150000    0.183633   -0.033633 (VIOLATED)
_547_/Y                                 0.150000    0.183580   -0.033580 (VIOLATED)
_621_/RESET_B                           0.150000    0.183580   -0.033580 (VIOLATED)
_539_/Y                                 0.150000    0.183505   -0.033505 (VIOLATED)
_613_/RESET_B                           0.150000    0.183505   -0.033505 (VIOLATED)
_569_/Y                                 0.150000    0.183493   -0.033493 (VIOLATED)
_643_/RESET_B                           0.150000    0.183493   -0.033493 (VIOLATED)
_540_/Y                                 0.150000    0.183476   -0.033476 (VIOLATED)
_614_/RESET_B                           0.150000    0.183476   -0.033476 (VIOLATED)
_546_/Y                                 0.150000    0.183465   -0.033465 (VIOLATED)
_620_/RESET_B                           0.150000    0.183465   -0.033465 (VIOLATED)
_583_/Y                                 0.150000    0.183418   -0.033418 (VIOLATED)
_657_/RESET_B                           0.150000    0.183418   -0.033418 (VIOLATED)
_541_/Y                                 0.150000    0.183364   -0.033364 (VIOLATED)
_615_/RESET_B                           0.150000    0.183364   -0.033364 (VIOLATED)
_533_/Y                                 0.150000    0.183234   -0.033234 (VIOLATED)
_607_/RESET_B                           0.150000    0.183234   -0.033234 (VIOLATED)
_528_/Y                                 0.150000    0.183089   -0.033089 (VIOLATED)
_602_/RESET_B                           0.150000    0.183089   -0.033089 (VIOLATED)
_570_/Y                                 0.150000    0.183063   -0.033063 (VIOLATED)
_644_/RESET_B                           0.150000    0.183063   -0.033063 (VIOLATED)
_576_/Y                                 0.150000    0.183060   -0.033060 (VIOLATED)
_650_/RESET_B                           0.150000    0.183060   -0.033060 (VIOLATED)
_531_/Y                                 0.150000    0.183052   -0.033052 (VIOLATED)
_605_/RESET_B                           0.150000    0.183052   -0.033052 (VIOLATED)
_535_/Y                                 0.150000    0.183028   -0.033028 (VIOLATED)
_609_/RESET_B                           0.150000    0.183028   -0.033028 (VIOLATED)
_579_/Y                                 0.150000    0.182995   -0.032995 (VIOLATED)
_653_/RESET_B                           0.150000    0.182995   -0.032995 (VIOLATED)
_568_/Y                                 0.150000    0.182953   -0.032953 (VIOLATED)
_642_/RESET_B                           0.150000    0.182953   -0.032953 (VIOLATED)
_530_/Y                                 0.150000    0.182847   -0.032847 (VIOLATED)
_604_/RESET_B                           0.150000    0.182847   -0.032847 (VIOLATED)
_532_/Y                                 0.150000    0.182808   -0.032808 (VIOLATED)
_606_/RESET_B                           0.150000    0.182808   -0.032808 (VIOLATED)
_529_/Y                                 0.150000    0.182696   -0.032696 (VIOLATED)
_603_/RESET_B                           0.150000    0.182696   -0.032696 (VIOLATED)
_571_/Y                                 0.150000    0.182468   -0.032468 (VIOLATED)
_645_/RESET_B                           0.150000    0.182468   -0.032468 (VIOLATED)
_409_/Y                                 0.150000    0.182435   -0.032435 (VIOLATED)
_410_/A2                                0.150000    0.182435   -0.032435 (VIOLATED)
_470_/B                                 0.150000    0.182435   -0.032435 (VIOLATED)
_575_/Y                                 0.150000    0.182388   -0.032388 (VIOLATED)
_649_/RESET_B                           0.150000    0.182388   -0.032388 (VIOLATED)
_534_/Y                                 0.150000    0.182338   -0.032338 (VIOLATED)
_608_/RESET_B                           0.150000    0.182338   -0.032338 (VIOLATED)
_348_/Y                                 0.150000    0.182127   -0.032127 (VIOLATED)
_349_/A                                 0.150000    0.182127   -0.032127 (VIOLATED)
_350_/B                                 0.150000    0.182127   -0.032127 (VIOLATED)
_356_/B                                 0.150000    0.182127   -0.032127 (VIOLATED)
_389_/Y                                 0.150000    0.182064   -0.032064 (VIOLATED)
_413_/A                                 0.150000    0.182064   -0.032064 (VIOLATED)
_416_/A1                                0.150000    0.182064   -0.032064 (VIOLATED)
_493_/Y                                 0.150000    0.179780   -0.029780 (VIOLATED)
_494_/A2                                0.150000    0.179780   -0.029780 (VIOLATED)
_498_/B                                 0.150000    0.179780   -0.029780 (VIOLATED)
_383_/Y                                 0.150000    0.174947   -0.024947 (VIOLATED)
_384_/B                                 0.150000    0.174947   -0.024947 (VIOLATED)
_385_/B                                 0.150000    0.174947   -0.024947 (VIOLATED)
_386_/D                                 0.150000    0.174947   -0.024947 (VIOLATED)
sram0/web0                              0.150000    0.174248   -0.024248 (VIOLATED)
_376_/Y                                 0.150000    0.168167   -0.018167 (VIOLATED)
_377_/B                                 0.150000    0.168167   -0.018167 (VIOLATED)
_414_/A1                                0.150000    0.168167   -0.018167 (VIOLATED)
_351_/Y                                 0.150000    0.167782   -0.017782 (VIOLATED)
_352_/A                                 0.150000    0.167782   -0.017782 (VIOLATED)
_354_/A                                 0.150000    0.167782   -0.017782 (VIOLATED)
_332_/Y                                 0.150000    0.165994   -0.015994 (VIOLATED)
_333_/A                                 0.150000    0.165994   -0.015994 (VIOLATED)
_335_/A                                 0.150000    0.165994   -0.015994 (VIOLATED)
_509_/X                                 0.150000    0.165411   -0.015411 (VIOLATED)
_516_/A                                 0.150000    0.165411   -0.015411 (VIOLATED)
_312_/Y                                 0.150000    0.163915   -0.013915 (VIOLATED)
_313_/B                                 0.150000    0.163915   -0.013915 (VIOLATED)
_320_/A_N                               0.150000    0.163915   -0.013915 (VIOLATED)
_390_/Y                                 0.150000    0.162165   -0.012165 (VIOLATED)
_391_/B                                 0.150000    0.162165   -0.012165 (VIOLATED)
_392_/B                                 0.150000    0.162165   -0.012165 (VIOLATED)
_452_/Y                                 0.150000    0.154428   -0.004428 (VIOLATED)
_453_/B                                 0.150000    0.154428   -0.004428 (VIOLATED)
_500_/Y                                 0.150000    0.154025   -0.004025 (VIOLATED)
_504_/A2                                0.150000    0.154025   -0.004025 (VIOLATED)
_506_/B                                 0.150000    0.154025   -0.004025 (VIOLATED)
_436_/Y                                 0.150000    0.152590   -0.002590 (VIOLATED)
_438_/A                                 0.150000    0.152590   -0.002590 (VIOLATED)

max fanout

Pin                                   Limit Fanout  Slack
---------------------------------------------------------
clk                                      10     75    -65 (VIOLATED)
rst                                      10     74    -64 (VIOLATED)
_601_/Q                                  10     64    -54 (VIOLATED)

max capacitance

Pin                                        Limit         Cap       Slack
------------------------------------------------------------------------
rst                                     0.200000    0.410673   -0.210673 (VIOLATED)
_601_/Q                                 0.200000    0.222810   -0.022810 (VIOLATED)
clk                                     0.200000    0.217743   -0.017743 (VIOLATED)



===========================================================================
report_parasitic_annotation -report_unannotated
============================================================================
Found 47 unannotated drivers.
 _666_/LO
 _667_/LO
 _668_/LO
 _669_/LO
 _670_/LO
 _671_/HI
 _672_/HI
 _673_/HI
 _674_/HI
 _675_/HI
 _676_/HI
 _677_/HI
 _678_/HI
 _679_/HI
 _680_/HI
 sram0/dout1[0]
 sram0/dout1[10]
 sram0/dout1[11]
 sram0/dout1[12]
 sram0/dout1[13]
 sram0/dout1[14]
 sram0/dout1[15]
 sram0/dout1[16]
 sram0/dout1[17]
 sram0/dout1[18]
 sram0/dout1[19]
 sram0/dout1[1]
 sram0/dout1[20]
 sram0/dout1[21]
 sram0/dout1[22]
 sram0/dout1[23]
 sram0/dout1[24]
 sram0/dout1[25]
 sram0/dout1[26]
 sram0/dout1[27]
 sram0/dout1[28]
 sram0/dout1[29]
 sram0/dout1[2]
 sram0/dout1[30]
 sram0/dout1[31]
 sram0/dout1[3]
 sram0/dout1[4]
 sram0/dout1[5]
 sram0/dout1[6]
 sram0/dout1[7]
 sram0/dout1[8]
 sram0/dout1[9]
Found 0 partially unannotated drivers.

===========================================================================
max slew violation count 601
Writing metric design__max_slew_violation__count__corner:nom_tt_025C_1v80: 601
max fanout violation count 3
Writing metric design__max_fanout_violation__count__corner:nom_tt_025C_1v80: 3
max cap violation count 3
Writing metric design__max_cap_violation__count__corner:nom_tt_025C_1v80: 3
============================================================================

===========================================================================
check_setup -verbose -unconstrained_endpoints -multiple_clock -no_clock -no_input_delay -loops -generated_clocks
===========================================================================
Warning: There is 1 unclocked register/latch pin.
  sram0/clk1
Warning: There are 14 unconstrained endpoints.
  sram0/addr1[0]
  sram0/addr1[1]
  sram0/addr1[2]
  sram0/addr1[3]
  sram0/addr1[4]
  sram0/addr1[5]
  sram0/addr1[6]
  sram0/addr1[7]
  sram0/csb0
  sram0/csb1
  sram0/wmask0[0]
  sram0/wmask0[1]
  sram0/wmask0[2]
  sram0/wmask0[3]
