Clock: clk
Sources: clk 
Generated: no
Virtual: yes
Propagated: no
Period: 50.000000

===========================================================================
report_clock_properties
============================================================================
Clock                   Period          Waveform
----------------------------------------------------
clk                  50.000000    0.000000 25.000000

===========================================================================
report_clock_latency
============================================================================
Clock clk
rise -> rise
    min     max
0.000000 0.000000 source latency
0.664938         network latency _593_/CLK
        0.680323 network latency _665_/CLK
---------------
0.664938 0.680323 latency
        0.015384 skew

fall -> fall
    min     max
0.000000 0.000000 source latency
0.326979         network latency _593_/CLK
        0.341450 network latency _665_/CLK
---------------
0.326979 0.341450 latency
        0.014470 skew



===========================================================================
report_clock_min_period
============================================================================
clk period_min = 5.05 fmax = 197.91
