
===========================================================================
report_checks -path_delay max (Setup)
============================================================================
======================= nom_tt_025C_1v80 Corner ===================================

Startpoint: data_in[0] (input port clocked by clk)
Endpoint: _98_ (rising edge-triggered flip-flop clocked by clk)
Path Group: clk
Path Type: max

Fanout         Cap        Slew       Delay        Time   Description
---------------------------------------------------------------------------------------------
                                  0.000000    0.000000   clock clk (rise edge)
                                  0.000000    0.000000   clock network delay (propagated)
                                  4.000000    4.000000 ^ input external delay
     1    0.003894    0.024477    0.014168    4.014168 ^ data_in[0] (in)
                                                         data_in[0] (net)
                      0.024485    0.000000    4.014168 ^ input1/A (sky130_fd_sc_hd__clkbuf_1)
     2    0.006375    0.083813    0.101897    4.116065 ^ input1/X (sky130_fd_sc_hd__clkbuf_1)
                                                         net1 (net)
                      0.083813    0.000246    4.116310 ^ _53_/A (sky130_fd_sc_hd__nand2_1)
     3    0.008589    0.070963    0.087259    4.203569 v _53_/Y (sky130_fd_sc_hd__nand2_1)
                                                         _18_ (net)
                      0.070963    0.000285    4.203854 v _54_/A (sky130_fd_sc_hd__or3b_1)
     3    0.008589    0.097541    0.420174    4.624027 v _54_/X (sky130_fd_sc_hd__or3b_1)
                                                         _19_ (net)
                      0.097541    0.000160    4.624187 v _55_/A2 (sky130_fd_sc_hd__a211o_1)
     4    0.011312    0.085540    0.352385    4.976572 v _55_/X (sky130_fd_sc_hd__a211o_1)
                                                         _20_ (net)
                      0.085540    0.000293    4.976865 v _60_/A2 (sky130_fd_sc_hd__a311o_1)
     4    0.012335    0.097975    0.374920    5.351785 v _60_/X (sky130_fd_sc_hd__a311o_1)
                                                         _25_ (net)
                      0.097975    0.000389    5.352174 v _70_/A2 (sky130_fd_sc_hd__a31o_1)
     1    0.005363    0.048079    0.234225    5.586399 v _70_/X (sky130_fd_sc_hd__a31o_1)
                                                         _33_ (net)
                      0.048079    0.000138    5.586537 v _71_/B (sky130_fd_sc_hd__xnor2_1)
     1    0.003460    0.049619    0.122344    5.708881 v _71_/Y (sky130_fd_sc_hd__xnor2_1)
                                                         adder.high.sum[2] (net)
                      0.049619    0.000095    5.708977 v _98_/D (sky130_fd_sc_hd__dfrtp_1)
                                              5.708977   data arrival time

                                 20.000000   20.000000   clock clk (rise edge)
                                  0.000000   20.000000   clock source latency
     1    0.009169    0.047729    0.031376   20.031376 ^ clk (in)
                                                         clk (net)
                      0.047731    0.000000   20.031376 ^ clkbuf_0_clk/A (sky130_fd_sc_hd__clkbuf_16)
     2    0.018152    0.040272    0.124547   20.155924 ^ clkbuf_0_clk/X (sky130_fd_sc_hd__clkbuf_16)
                                                         clknet_0_clk (net)
                      0.040274    0.000567   20.156490 ^ clkbuf_1_1__f_clk/A (sky130_fd_sc_hd__clkbuf_16)
     4    0.010880    0.034093    0.114943   20.271433 ^ clkbuf_1_1__f_clk/X (sky130_fd_sc_hd__clkbuf_16)
                                                         clknet_1_1__leaf_clk (net)
                      0.034093    0.000254   20.271687 ^ _98_/CLK (sky130_fd_sc_hd__dfrtp_1)
                                 -0.250000   20.021688   clock uncertainty
                                  0.000000   20.021688   clock reconvergence pessimism
                                 -0.118786   19.902901   library setup time
                                             19.902901   data required time
---------------------------------------------------------------------------------------------
                                             19.902901   data required time
                                             -5.708977   data arrival time
---------------------------------------------------------------------------------------------
                                             14.193925   slack (MET)


Startpoint: data_in[0] (input port clocked by clk)
Endpoint: _99_ (rising edge-triggered flip-flop clocked by clk)
Path Group: clk
Path Type: max

Fanout         Cap        Slew       Delay        Time   Description
---------------------------------------------------------------------------------------------
                                  0.000000    0.000000   clock clk (rise edge)
                                  0.000000    0.000000   clock network delay (propagated)
                                  4.000000    4.000000 ^ input external delay
     1    0.003894    0.024477    0.014168    4.014168 ^ data_in[0] (in)
                                                         data_in[0] (net)
                      0.024485    0.000000    4.014168 ^ input1/A (sky130_fd_sc_hd__clkbuf_1)
     2    0.006375    0.083813    0.101897    4.116065 ^ input1/X (sky130_fd_sc_hd__clkbuf_1)
                                                         net1 (net)
                      0.083813    0.000246    4.116310 ^ _53_/A (sky130_fd_sc_hd__nand2_1)
     3    0.008589    0.070963    0.087259    4.203569 v _53_/Y (sky130_fd_sc_hd__nand2_1)
                                                         _18_ (net)
                      0.070963    0.000285    4.203854 v _54_/A (sky130_fd_sc_hd__or3b_1)
     3    0.008589    0.097541    0.420174    4.624027 v _54_/X (sky130_fd_sc_hd__or3b_1)
                                                         _19_ (net)
                      0.097541    0.000160    4.624187 v _55_/A2 (sky130_fd_sc_hd__a211o_1)
     4    0.011312    0.085540    0.352385    4.976572 v _55_/X (sky130_fd_sc_hd__a211o_1)
                                                         _20_ (net)
                      0.085540    0.000293    4.976865 v _60_/A2 (sky130_fd_sc_hd__a311o_1)
     4    0.012335    0.097975    0.374920    5.351785 v _60_/X (sky130_fd_sc_hd__a311o_1)
                                                         _25_ (net)
                      0.097975    0.000389    5.352174 v _74_/A1 (sky130_fd_sc_hd__a21oi_1)
     1    0.006051    0.163616    0.184906    5.537080 ^ _74_/Y (sky130_fd_sc_hd__a21oi_1)
                                                         _36_ (net)
                      0.163616    0.000178    5.537258 ^ _76_/A (sky130_fd_sc_hd__xnor2_1)
     1    0.003106    0.121506    0.135965    5.673223 ^ _76_/Y (sky130_fd_sc_hd__xnor2_1)
                                                         adder.high.sum[3] (net)
                      0.121506    0.000099    5.673322 ^ _99_/D (sky130_fd_sc_hd__dfrtp_1)
                                              5.673322   data arrival time

                                 20.000000   20.000000   clock clk (rise edge)
                                  0.000000   20.000000   clock source latency
     1    0.009169    0.047729    0.031376   20.031376 ^ clk (in)
                                                         clk (net)
                      0.047731    0.000000   20.031376 ^ clkbuf_0_clk/A (sky130_fd_sc_hd__clkbuf_16)
     2    0.018152    0.040272    0.124547   20.155924 ^ clkbuf_0_clk/X (sky130_fd_sc_hd__clkbuf_16)
                                                         clknet_0_clk (net)
                      0.040274    0.000567   20.156490 ^ clkbuf_1_1__f_clk/A (sky130_fd_sc_hd__clkbuf_16)
     4    0.010880    0.034093    0.114943   20.271433 ^ clkbuf_1_1__f_clk/X (sky130_fd_sc_hd__clkbuf_16)
                                                         clknet_1_1__leaf_clk (net)
                      0.034093    0.000348   20.271782 ^ _99_/CLK (sky130_fd_sc_hd__dfrtp_1)
                                 -0.250000   20.021782   clock uncertainty
                                  0.000000   20.021782   clock reconvergence pessimism
                                 -0.079182   19.942600   library setup time
                                             19.942600   data required time
---------------------------------------------------------------------------------------------
                                             19.942600   data required time
                                             -5.673322   data arrival time
---------------------------------------------------------------------------------------------
                                             14.269279   slack (MET)


Startpoint: data_in[0] (input port clocked by clk)
Endpoint: _96_ (rising edge-triggered flip-flop clocked by clk)
Path Group: clk
Path Type: max

Fanout         Cap        Slew       Delay        Time   Description
---------------------------------------------------------------------------------------------
                                  0.000000    0.000000   clock clk (rise edge)
                                  0.000000    0.000000   clock network delay (propagated)
                                  4.000000    4.000000 ^ input external delay
     1    0.003894    0.024477    0.014168    4.014168 ^ data_in[0] (in)
                                                         data_in[0] (net)
                      0.024485    0.000000    4.014168 ^ input1/A (sky130_fd_sc_hd__clkbuf_1)
     2    0.006375    0.083813    0.101897    4.116065 ^ input1/X (sky130_fd_sc_hd__clkbuf_1)
                                                         net1 (net)
                      0.083813    0.000246    4.116310 ^ _53_/A (sky130_fd_sc_hd__nand2_1)
     3    0.008589    0.070963    0.087259    4.203569 v _53_/Y (sky130_fd_sc_hd__nand2_1)
                                                         _18_ (net)
                      0.070963    0.000285    4.203854 v _54_/A (sky130_fd_sc_hd__or3b_1)
     3    0.008589    0.097541    0.420174    4.624027 v _54_/X (sky130_fd_sc_hd__or3b_1)
                                                         _19_ (net)
                      0.097541    0.000160    4.624187 v _55_/A2 (sky130_fd_sc_hd__a211o_1)
     4    0.011312    0.085540    0.352385    4.976572 v _55_/X (sky130_fd_sc_hd__a211o_1)
                                                         _20_ (net)
                      0.085540    0.000293    4.976865 v _60_/A2 (sky130_fd_sc_hd__a311o_1)
     4    0.012335    0.097975    0.374920    5.351785 v _60_/X (sky130_fd_sc_hd__a311o_1)
                                                         _25_ (net)
                      0.097975    0.000269    5.352054 v _61_/B (sky130_fd_sc_hd__and2_1)
     1    0.003935    0.039723    0.180195    5.532248 v _61_/X (sky130_fd_sc_hd__and2_1)
                                                         adder.high.sum[0] (net)
                      0.039723    0.000143    5.532392 v _96_/D (sky130_fd_sc_hd__dfrtp_1)
                                              5.532392   data arrival time

                                 20.000000   20.000000   clock clk (rise edge)
                                  0.000000   20.000000   clock source latency
     1    0.009169    0.047729    0.031376   20.031376 ^ clk (in)
                                                         clk (net)
                      0.047731    0.000000   20.031376 ^ clkbuf_0_clk/A (sky130_fd_sc_hd__clkbuf_16)
     2    0.018152    0.040272    0.124547   20.155924 ^ clkbuf_0_clk/X (sky130_fd_sc_hd__clkbuf_16)
                                                         clknet_0_clk (net)
                      0.040273    0.000364   20.156288 ^ clkbuf_1_0__f_clk/A (sky130_fd_sc_hd__clkbuf_16)
     4    0.011657    0.034755    0.115685   20.271973 ^ clkbuf_1_0__f_clk/X (sky130_fd_sc_hd__clkbuf_16)
                                                         clknet_1_0__leaf_clk (net)
                      0.034755    0.000325   20.272299 ^ _96_/CLK (sky130_fd_sc_hd__dfrtp_1)
                                 -0.250000   20.022299   clock uncertainty
                                  0.000000   20.022299   clock reconvergence pessimism
                                 -0.114314   19.907986   library setup time
                                             19.907986   data required time
---------------------------------------------------------------------------------------------
                                             19.907986   data required time
                                             -5.532392   data arrival time
---------------------------------------------------------------------------------------------
                                             14.375592   slack (MET)


Startpoint: data_in[0] (input port clocked by clk)
Endpoint: _97_ (rising edge-triggered flip-flop clocked by clk)
Path Group: clk
Path Type: max

Fanout         Cap        Slew       Delay        Time   Description
---------------------------------------------------------------------------------------------
                                  0.000000    0.000000   clock clk (rise edge)
                                  0.000000    0.000000   clock network delay (propagated)
                                  4.000000    4.000000 ^ input external delay
     1    0.003894    0.024477    0.014168    4.014168 ^ data_in[0] (in)
                                                         data_in[0] (net)
                      0.024485    0.000000    4.014168 ^ input1/A (sky130_fd_sc_hd__clkbuf_1)
     2    0.006375    0.083813    0.101897    4.116065 ^ input1/X (sky130_fd_sc_hd__clkbuf_1)
                                                         net1 (net)
                      0.083813    0.000246    4.116310 ^ _53_/A (sky130_fd_sc_hd__nand2_1)
     3    0.008589    0.070963    0.087259    4.203569 v _53_/Y (sky130_fd_sc_hd__nand2_1)
                                                         _18_ (net)
                      0.070963    0.000285    4.203854 v _54_/A (sky130_fd_sc_hd__or3b_1)
     3    0.008589    0.097541    0.420174    4.624027 v _54_/X (sky130_fd_sc_hd__or3b_1)
                                                         _19_ (net)
                      0.097541    0.000160    4.624187 v _55_/A2 (sky130_fd_sc_hd__a211o_1)
     4    0.011312    0.085540    0.352385    4.976572 v _55_/X (sky130_fd_sc_hd__a211o_1)
                                                         _20_ (net)
                      0.085540    0.000293    4.976865 v _60_/A2 (sky130_fd_sc_hd__a311o_1)
     4    0.012335    0.097975    0.374920    5.351785 v _60_/X (sky130_fd_sc_hd__a311o_1)
                                                         _25_ (net)
                      0.097975    0.000409    5.352193 v _65_/B (sky130_fd_sc_hd__nand2_1)
     1    0.005163    0.066897    0.099706    5.451900 ^ _65_/Y (sky130_fd_sc_hd__nand2_1)
                                                         _29_ (net)
                      0.066897    0.000118    5.452018 ^ _66_/B (sky130_fd_sc_hd__xnor2_1)
     1    0.002208    0.104482    0.105829    5.557847 ^ _66_/Y (sky130_fd_sc_hd__xnor2_1)
                                                         adder.high.sum[1] (net)
                      0.104482    0.000043    5.557890 ^ _97_/D (sky130_fd_sc_hd__dfrtp_1)
                                              5.557890   data arrival time

                                 20.000000   20.000000   clock clk (rise edge)
                                  0.000000   20.000000   clock source latency
     1    0.009169    0.047729    0.031376   20.031376 ^ clk (in)
                                                         clk (net)
                      0.047731    0.000000   20.031376 ^ clkbuf_0_clk/A (sky130_fd_sc_hd__clkbuf_16)
     2    0.018152    0.040272    0.124547   20.155924 ^ clkbuf_0_clk/X (sky130_fd_sc_hd__clkbuf_16)
                                                         clknet_0_clk (net)
                      0.040273    0.000364   20.156288 ^ clkbuf_1_0__f_clk/A (sky130_fd_sc_hd__clkbuf_16)
     4    0.011657    0.034755    0.115685   20.271973 ^ clkbuf_1_0__f_clk/X (sky130_fd_sc_hd__clkbuf_16)
                                                         clknet_1_0__leaf_clk (net)
                      0.034755    0.000250   20.272224 ^ _97_/CLK (sky130_fd_sc_hd__dfrtp_1)
                                 -0.250000   20.022224   clock uncertainty
                                  0.000000   20.022224   clock reconvergence pessimism
                                 -0.075138   19.947086   library setup time
                                             19.947086   data required time
---------------------------------------------------------------------------------------------
                                             19.947086   data required time
                                             -5.557890   data arrival time
---------------------------------------------------------------------------------------------
                                             14.389196   slack (MET)


Startpoint: data_in[0] (input port clocked by clk)
Endpoint: _95_ (rising edge-triggered flip-flop clocked by clk)
Path Group: clk
Path Type: max

Fanout         Cap        Slew       Delay        Time   Description
---------------------------------------------------------------------------------------------
                                  0.000000    0.000000   clock clk (rise edge)
                                  0.000000    0.000000   clock network delay (propagated)
                                  4.000000    4.000000 ^ input external delay
     1    0.003894    0.024477    0.014168    4.014168 ^ data_in[0] (in)
                                                         data_in[0] (net)
                      0.024485    0.000000    4.014168 ^ input1/A (sky130_fd_sc_hd__clkbuf_1)
     2    0.006375    0.083813    0.101897    4.116065 ^ input1/X (sky130_fd_sc_hd__clkbuf_1)
                                                         net1 (net)
                      0.083813    0.000246    4.116310 ^ _53_/A (sky130_fd_sc_hd__nand2_1)
     3    0.008589    0.070963    0.087259    4.203569 v _53_/Y (sky130_fd_sc_hd__nand2_1)
                                                         _18_ (net)
                      0.070963    0.000285    4.203854 v _54_/A (sky130_fd_sc_hd__or3b_1)
     3    0.008589    0.097541    0.420174    4.624027 v _54_/X (sky130_fd_sc_hd__or3b_1)
                                                         _19_ (net)
                      0.097541    0.000160    4.624187 v _55_/A2 (sky130_fd_sc_hd__a211o_1)
     4    0.011312    0.085540    0.352385    4.976572 v _55_/X (sky130_fd_sc_hd__a211o_1)
                                                         _20_ (net)
                      0.085540    0.000189    4.976761 v _81_/B (sky130_fd_sc_hd__nand2_1)
     1    0.005261    0.066415    0.094690    5.071451 ^ _81_/Y (sky130_fd_sc_hd__nand2_1)
                                                         _40_ (net)
                      0.066415    0.000123    5.071574 ^ _82_/B (sky130_fd_sc_hd__xnor2_1)
     1    0.002733    0.114462    0.110004    5.181579 ^ _82_/Y (sky130_fd_sc_hd__xnor2_1)
                                                         adder.low.sum[3] (net)
                      0.114462    0.000063    5.181642 ^ _95_/D (sky130_fd_sc_hd__dfrtp_1)
                                              5.181642   data arrival time

                                 20.000000   20.000000   clock clk (rise edge)
                                  0.000000   20.000000   clock source latency
     1    0.009169    0.047729    0.031376   20.031376 ^ clk (in)
                                                         clk (net)
                      0.047731    0.000000   20.031376 ^ clkbuf_0_clk/A (sky130_fd_sc_hd__clkbuf_16)
     2    0.018152    0.040272    0.124547   20.155924 ^ clkbuf_0_clk/X (sky130_fd_sc_hd__clkbuf_16)
                                                         clknet_0_clk (net)
                      0.040273    0.000364   20.156288 ^ clkbuf_1_0__f_clk/A (sky130_fd_sc_hd__clkbuf_16)
     4    0.011657    0.034755    0.115685   20.271973 ^ clkbuf_1_0__f_clk/X (sky130_fd_sc_hd__clkbuf_16)
                                                         clknet_1_0__leaf_clk (net)
                      0.034755    0.000327   20.272301 ^ _95_/CLK (sky130_fd_sc_hd__dfrtp_1)
                                 -0.250000   20.022301   clock uncertainty
                                  0.000000   20.022301   clock reconvergence pessimism
                                 -0.077449   19.944851   library setup time
                                             19.944851   data required time
---------------------------------------------------------------------------------------------
                                             19.944851   data required time
                                             -5.181642   data arrival time
---------------------------------------------------------------------------------------------
                                             14.763209   slack (MET)


Startpoint: data_in[0] (input port clocked by clk)
Endpoint: _94_ (rising edge-triggered flip-flop clocked by clk)
Path Group: clk
Path Type: max

Fanout         Cap        Slew       Delay        Time   Description
---------------------------------------------------------------------------------------------
                                  0.000000    0.000000   clock clk (rise edge)
                                  0.000000    0.000000   clock network delay (propagated)
                                  4.000000    4.000000 ^ input external delay
     1    0.003894    0.024477    0.014168    4.014168 ^ data_in[0] (in)
                                                         data_in[0] (net)
                      0.024485    0.000000    4.014168 ^ input1/A (sky130_fd_sc_hd__clkbuf_1)
     2    0.006375    0.083813    0.101897    4.116065 ^ input1/X (sky130_fd_sc_hd__clkbuf_1)
                                                         net1 (net)
                      0.083813    0.000246    4.116310 ^ _53_/A (sky130_fd_sc_hd__nand2_1)
     3    0.008589    0.070963    0.087259    4.203569 v _53_/Y (sky130_fd_sc_hd__nand2_1)
                                                         _18_ (net)
                      0.070963    0.000285    4.203854 v _54_/A (sky130_fd_sc_hd__or3b_1)
     3    0.008589    0.097541    0.420174    4.624027 v _54_/X (sky130_fd_sc_hd__or3b_1)
                                                         _19_ (net)
                      0.097541    0.000160    4.624187 v _55_/A2 (sky130_fd_sc_hd__a211o_1)
     4    0.011312    0.085540    0.352385    4.976572 v _55_/X (sky130_fd_sc_hd__a211o_1)
                                                         _20_ (net)
                      0.085540    0.000155    4.976727 v _80_/A (sky130_fd_sc_hd__and2_1)
     1    0.003001    0.035978    0.150882    5.127609 v _80_/X (sky130_fd_sc_hd__and2_1)
                                                         adder.low.sum[2] (net)
                      0.035978    0.000075    5.127684 v _94_/D (sky130_fd_sc_hd__dfrtp_1)
                                              5.127684   data arrival time

                                 20.000000   20.000000   clock clk (rise edge)
                                  0.000000   20.000000   clock source latency
     1    0.009169    0.047729    0.031376   20.031376 ^ clk (in)
                                                         clk (net)
                      0.047731    0.000000   20.031376 ^ clkbuf_0_clk/A (sky130_fd_sc_hd__clkbuf_16)
     2    0.018152    0.040272    0.124547   20.155924 ^ clkbuf_0_clk/X (sky130_fd_sc_hd__clkbuf_16)
                                                         clknet_0_clk (net)
                      0.040273    0.000364   20.156288 ^ clkbuf_1_0__f_clk/A (sky130_fd_sc_hd__clkbuf_16)
     4    0.011657    0.034755    0.115685   20.271973 ^ clkbuf_1_0__f_clk/X (sky130_fd_sc_hd__clkbuf_16)
                                                         clknet_1_0__leaf_clk (net)
                      0.034755    0.000361   20.272333 ^ _94_/CLK (sky130_fd_sc_hd__dfrtp_1)
                                 -0.250000   20.022335   clock uncertainty
                                  0.000000   20.022335   clock reconvergence pessimism
                                 -0.112679   19.909655   library setup time
                                             19.909655   data required time
---------------------------------------------------------------------------------------------
                                             19.909655   data required time
                                             -5.127684   data arrival time
---------------------------------------------------------------------------------------------
                                             14.781972   slack (MET)


Startpoint: _94_ (rising edge-triggered flip-flop clocked by clk)
Endpoint: acc[2] (output port clocked by clk)
Path Group: clk
Path Type: max

Fanout         Cap        Slew       Delay        Time   Description
---------------------------------------------------------------------------------------------
                                  0.000000    0.000000   clock clk (rise edge)
                                  0.000000    0.000000   clock source latency
     1    0.009169    0.047729    0.031375    0.031375 ^ clk (in)
                                                         clk (net)
                      0.047731    0.000000    0.031375 ^ clkbuf_0_clk/A (sky130_fd_sc_hd__clkbuf_16)
     2    0.018152    0.040272    0.124549    0.155924 ^ clkbuf_0_clk/X (sky130_fd_sc_hd__clkbuf_16)
                                                         clknet_0_clk (net)
                      0.040273    0.000363    0.156287 ^ clkbuf_1_0__f_clk/A (sky130_fd_sc_hd__clkbuf_16)
     4    0.011657    0.034755    0.115685    0.271972 ^ clkbuf_1_0__f_clk/X (sky130_fd_sc_hd__clkbuf_16)
                                                         clknet_1_0__leaf_clk (net)
                      0.034755    0.000361    0.272334 ^ _94_/CLK (sky130_fd_sc_hd__dfrtp_1)
     4    0.011937    0.116111    0.370931    0.643265 ^ _94_/Q (sky130_fd_sc_hd__dfrtp_1)
                                                         net12 (net)
                      0.116111    0.000396    0.643661 ^ output12/A (sky130_fd_sc_hd__buf_2)
     1    0.034486    0.171621    0.224859    0.868520 ^ output12/X (sky130_fd_sc_hd__buf_2)
                                                         acc[2] (net)
                      0.171623    0.000877    0.869397 ^ acc[2] (out)
                                              0.869397   data arrival time

                                 20.000000   20.000000   clock clk (rise edge)
                                  0.000000   20.000000   clock network delay (propagated)
                                 -0.250000   19.750002   clock uncertainty
                                  0.000000   19.750002   clock reconvergence pessimism
                                 -4.000000   15.750001   output external delay
                                             15.750001   data required time
---------------------------------------------------------------------------------------------
                                             15.750001   data required time
                                             -0.869397   data arrival time
---------------------------------------------------------------------------------------------
                                             14.880604   slack (MET)


Startpoint: _98_ (rising edge-triggered flip-flop clocked by clk)
Endpoint: acc[6] (output port clocked by clk)
Path Group: clk
Path Type: max

Fanout         Cap        Slew       Delay        Time   Description
---------------------------------------------------------------------------------------------
                                  0.000000    0.000000   clock clk (rise edge)
                                  0.000000    0.000000   clock source latency
     1    0.009169    0.047729    0.031375    0.031375 ^ clk (in)
                                                         clk (net)
                      0.047731    0.000000    0.031375 ^ clkbuf_0_clk/A (sky130_fd_sc_hd__clkbuf_16)
     2    0.018152    0.040272    0.124549    0.155924 ^ clkbuf_0_clk/X (sky130_fd_sc_hd__clkbuf_16)
                                                         clknet_0_clk (net)
                      0.040274    0.000566    0.156490 ^ clkbuf_1_1__f_clk/A (sky130_fd_sc_hd__clkbuf_16)
     4    0.010880    0.034093    0.114943    0.271433 ^ clkbuf_1_1__f_clk/X (sky130_fd_sc_hd__clkbuf_16)
                                                         clknet_1_1__leaf_clk (net)
                      0.034093    0.000254    0.271687 ^ _98_/CLK (sky130_fd_sc_hd__dfrtp_1)
     3    0.010165    0.101624    0.359918    0.631605 ^ _98_/Q (sky130_fd_sc_hd__dfrtp_1)
                                                         net16 (net)
                      0.101624    0.000359    0.631963 ^ output16/A (sky130_fd_sc_hd__buf_2)
     1    0.034632    0.172230    0.219962    0.851925 ^ output16/X (sky130_fd_sc_hd__buf_2)
                                                         acc[6] (net)
                      0.172233    0.000942    0.852867 ^ acc[6] (out)
                                              0.852867   data arrival time

                                 20.000000   20.000000   clock clk (rise edge)
                                  0.000000   20.000000   clock network delay (propagated)
                                 -0.250000   19.750002   clock uncertainty
                                  0.000000   19.750002   clock reconvergence pessimism
                                 -4.000000   15.750001   output external delay
                                             15.750001   data required time
---------------------------------------------------------------------------------------------
                                             15.750001   data required time
                                             -0.852867   data arrival time
---------------------------------------------------------------------------------------------
                                             14.897134   slack (MET)


Startpoint: _96_ (rising edge-triggered flip-flop clocked by clk)
Endpoint: acc[4] (output port clocked by clk)
Path Group: clk
Path Type: max

Fanout         Cap        Slew       Delay        Time   Description
---------------------------------------------------------------------------------------------
                                  0.000000    0.000000   clock clk (rise edge)
                                  0.000000    0.000000   clock source latency
     1    0.009169    0.047729    0.031375    0.031375 ^ clk (in)
                                                         clk (net)
                      0.047731    0.000000    0.031375 ^ clkbuf_0_clk/A (sky130_fd_sc_hd__clkbuf_16)
     2    0.018152    0.040272    0.124549    0.155924 ^ clkbuf_0_clk/X (sky130_fd_sc_hd__clkbuf_16)
                                                         clknet_0_clk (net)
                      0.040273    0.000363    0.156287 ^ clkbuf_1_0__f_clk/A (sky130_fd_sc_hd__clkbuf_16)
     4    0.011657    0.034755    0.115685    0.271972 ^ clkbuf_1_0__f_clk/X (sky130_fd_sc_hd__clkbuf_16)
                                                         clknet_1_0__leaf_clk (net)
                      0.034755    0.000325    0.272297 ^ _96_/CLK (sky130_fd_sc_hd__dfrtp_1)
     3    0.009657    0.097482    0.357076    0.629373 ^ _96_/Q (sky130_fd_sc_hd__dfrtp_1)
                                                         net14 (net)
                      0.097483    0.000438    0.629811 ^ output14/A (sky130_fd_sc_hd__buf_2)
     1    0.034670    0.172380    0.218570    0.848381 ^ output14/X (sky130_fd_sc_hd__buf_2)
                                                         acc[4] (net)
                      0.172382    0.000931    0.849312 ^ acc[4] (out)
                                              0.849312   data arrival time

                                 20.000000   20.000000   clock clk (rise edge)
                                  0.000000   20.000000   clock network delay (propagated)
                                 -0.250000   19.750002   clock uncertainty
                                  0.000000   19.750002   clock reconvergence pessimism
                                 -4.000000   15.750001   output external delay
                                             15.750001   data required time
---------------------------------------------------------------------------------------------
                                             15.750001   data required time
                                             -0.849312   data arrival time
---------------------------------------------------------------------------------------------
                                             14.900689   slack (MET)


Startpoint: _93_ (rising edge-triggered flip-flop clocked by clk)
Endpoint: acc[1] (output port clocked by clk)
Path Group: clk
Path Type: max

Fanout         Cap        Slew       Delay        Time   Description
---------------------------------------------------------------------------------------------
                                  0.000000    0.000000   clock clk (rise edge)
                                  0.000000    0.000000   clock source latency
     1    0.009169    0.047729    0.031375    0.031375 ^ clk (in)
                                                         clk (net)
                      0.047731    0.000000    0.031375 ^ clkbuf_0_clk/A (sky130_fd_sc_hd__clkbuf_16)
     2    0.018152    0.040272    0.124549    0.155924 ^ clkbuf_0_clk/X (sky130_fd_sc_hd__clkbuf_16)
                                                         clknet_0_clk (net)
                      0.040274    0.000566    0.156490 ^ clkbuf_1_1__f_clk/A (sky130_fd_sc_hd__clkbuf_16)
     4    0.010880    0.034093    0.114943    0.271433 ^ clkbuf_1_1__f_clk/X (sky130_fd_sc_hd__clkbuf_16)
                                                         clknet_1_1__leaf_clk (net)
                      0.034093    0.000348    0.271781 ^ _93_/CLK (sky130_fd_sc_hd__dfrtp_1)
     3    0.009675    0.097624    0.356987    0.628767 ^ _93_/Q (sky130_fd_sc_hd__dfrtp_1)
                                                         net11 (net)
                      0.097624    0.000332    0.629100 ^ output11/A (sky130_fd_sc_hd__buf_2)
     1    0.033847    0.168543    0.215888    0.844988 ^ output11/X (sky130_fd_sc_hd__buf_2)
                                                         acc[1] (net)
                      0.168546    0.000933    0.845921 ^ acc[1] (out)
                                              0.845921   data arrival time

                                 20.000000   20.000000   clock clk (rise edge)
                                  0.000000   20.000000   clock network delay (propagated)
                                 -0.250000   19.750002   clock uncertainty
                                  0.000000   19.750002   clock reconvergence pessimism
                                 -4.000000   15.750001   output external delay
                                             15.750001   data required time
---------------------------------------------------------------------------------------------
                                             15.750001   data required time
                                             -0.845921   data arrival time
---------------------------------------------------------------------------------------------
                                             14.904080   slack (MET)


Startpoint: _95_ (rising edge-triggered flip-flop clocked by clk)
Endpoint: acc[3] (output port clocked by clk)
Path Group: clk
Path Type: max

Fanout         Cap        Slew       Delay        Time   Description
---------------------------------------------------------------------------------------------
                                  0.000000    0.000000   clock clk (rise edge)
                                  0.000000    0.000000   clock source latency
     1    0.009169    0.047729    0.031375    0.031375 ^ clk (in)
                                                         clk (net)
                      0.047731    0.000000    0.031375 ^ clkbuf_0_clk/A (sky130_fd_sc_hd__clkbuf_16)
     2    0.018152    0.040272    0.124549    0.155924 ^ clkbuf_0_clk/X (sky130_fd_sc_hd__clkbuf_16)
                                                         clknet_0_clk (net)
                      0.040273    0.000363    0.156287 ^ clkbuf_1_0__f_clk/A (sky130_fd_sc_hd__clkbuf_16)
     4    0.011657    0.034755    0.115685    0.271972 ^ clkbuf_1_0__f_clk/X (sky130_fd_sc_hd__clkbuf_16)
                                                         clknet_1_0__leaf_clk (net)
                      0.034755    0.000327    0.272299 ^ _95_/CLK (sky130_fd_sc_hd__dfrtp_1)
     3    0.009369    0.095122    0.355421    0.627720 ^ _95_/Q (sky130_fd_sc_hd__dfrtp_1)
                                                         net13 (net)
                      0.095122    0.000286    0.628006 ^ output13/A (sky130_fd_sc_hd__buf_2)
     1    0.034429    0.171228    0.216950    0.844955 ^ output13/X (sky130_fd_sc_hd__buf_2)
                                                         acc[3] (net)
                      0.171229    0.000854    0.845810 ^ acc[3] (out)
                                              0.845810   data arrival time

                                 20.000000   20.000000   clock clk (rise edge)
                                  0.000000   20.000000   clock network delay (propagated)
                                 -0.250000   19.750002   clock uncertainty
                                  0.000000   19.750002   clock reconvergence pessimism
                                 -4.000000   15.750001   output external delay
                                             15.750001   data required time
---------------------------------------------------------------------------------------------
                                             15.750001   data required time
                                             -0.845810   data arrival time
---------------------------------------------------------------------------------------------
                                             14.904190   slack (MET)


Startpoint: _97_ (rising edge-triggered flip-flop clocked by clk)
Endpoint: acc[5] (output port clocked by clk)
Path Group: clk
Path Type: max

Fanout         Cap        Slew       Delay        Time   Description
---------------------------------------------------------------------------------------------
                                  0.000000    0.000000   clock clk (rise edge)
                                  0.000000    0.000000   clock source latency
     1    0.009169    0.047729    0.031375    0.031375 ^ clk (in)
                                                         clk (net)
                      0.047731    0.000000    0.031375 ^ clkbuf_0_clk/A (sky130_fd_sc_hd__clkbuf_16)
     2    0.018152    0.040272    0.124549    0.155924 ^ clkbuf_0_clk/X (sky130_fd_sc_hd__clkbuf_16)
                                                         clknet_0_clk (net)
                      0.040273    0.000363    0.156287 ^ clkbuf_1_0__f_clk/A (sky130_fd_sc_hd__clkbuf_16)
     4    0.011657    0.034755    0.115685    0.271972 ^ clkbuf_1_0__f_clk/X (sky130_fd_sc_hd__clkbuf_16)
                                                         clknet_1_0__leaf_clk (net)
                      0.034755    0.000251    0.272223 ^ _97_/CLK (sky130_fd_sc_hd__dfrtp_1)
     3    0.008894    0.091847    0.352255    0.624479 ^ _97_/Q (sky130_fd_sc_hd__dfrtp_1)
                                                         net15 (net)
                      0.091847    0.000215    0.624694 ^ output15/A (sky130_fd_sc_hd__buf_2)
     1    0.035430    0.175909    0.218963    0.843656 ^ output15/X (sky130_fd_sc_hd__buf_2)
                                                         acc[5] (net)
                      0.175912    0.001003    0.844660 ^ acc[5] (out)
                                              0.844660   data arrival time

                                 20.000000   20.000000   clock clk (rise edge)
                                  0.000000   20.000000   clock network delay (propagated)
                                 -0.250000   19.750002   clock uncertainty
                                  0.000000   19.750002   clock reconvergence pessimism
                                 -4.000000   15.750001   output external delay
                                             15.750001   data required time
---------------------------------------------------------------------------------------------
                                             15.750001   data required time
                                             -0.844660   data arrival time
---------------------------------------------------------------------------------------------
                                             14.905341   slack (MET)


Startpoint: _92_ (rising edge-triggered flip-flop clocked by clk)
Endpoint: acc[0] (output port clocked by clk)
Path Group: clk
Path Type: max

Fanout         Cap        Slew       Delay        Time   Description
---------------------------------------------------------------------------------------------
                                  0.000000    0.000000   clock clk (rise edge)
                                  0.000000    0.000000   clock source latency
     1    0.009169    0.047729    0.031375    0.031375 ^ clk (in)
                                                         clk (net)
                      0.047731    0.000000    0.031375 ^ clkbuf_0_clk/A (sky130_fd_sc_hd__clkbuf_16)
     2    0.018152    0.040272    0.124549    0.155924 ^ clkbuf_0_clk/X (sky130_fd_sc_hd__clkbuf_16)
                                                         clknet_0_clk (net)
                      0.040274    0.000566    0.156490 ^ clkbuf_1_1__f_clk/A (sky130_fd_sc_hd__clkbuf_16)
     4    0.010880    0.034093    0.114943    0.271433 ^ clkbuf_1_1__f_clk/X (sky130_fd_sc_hd__clkbuf_16)
                                                         clknet_1_1__leaf_clk (net)
                      0.034093    0.000349    0.271781 ^ _92_/CLK (sky130_fd_sc_hd__dfrtp_1)
     3    0.008022    0.063926    0.377788    0.649569 v _92_/Q (sky130_fd_sc_hd__dfrtp_1)
                                                         net10 (net)
                      0.063926    0.000272    0.649841 v output10/A (sky130_fd_sc_hd__buf_2)
     1    0.034860    0.090925    0.189276    0.839117 v output10/X (sky130_fd_sc_hd__buf_2)
                                                         acc[0] (net)
                      0.090939    0.001092    0.840209 v acc[0] (out)
                                              0.840209   data arrival time

                                 20.000000   20.000000   clock clk (rise edge)
                                  0.000000   20.000000   clock network delay (propagated)
                                 -0.250000   19.750002   clock uncertainty
                                  0.000000   19.750002   clock reconvergence pessimism
                                 -4.000000   15.750001   output external delay
                                             15.750001   data required time
---------------------------------------------------------------------------------------------
                                             15.750001   data required time
                                             -0.840209   data arrival time
---------------------------------------------------------------------------------------------
                                             14.909791   slack (MET)


Startpoint: _99_ (rising edge-triggered flip-flop clocked by clk)
Endpoint: acc[7] (output port clocked by clk)
Path Group: clk
Path Type: max

Fanout         Cap        Slew       Delay        Time   Description
---------------------------------------------------------------------------------------------
                                  0.000000    0.000000   clock clk (rise edge)
                                  0.000000    0.000000   clock source latency
     1    0.009169    0.047729    0.031375    0.031375 ^ clk (in)
                                                         clk (net)
                      0.047731    0.000000    0.031375 ^ clkbuf_0_clk/A (sky130_fd_sc_hd__clkbuf_16)
     2    0.018152    0.040272    0.124549    0.155924 ^ clkbuf_0_clk/X (sky130_fd_sc_hd__clkbuf_16)
                                                         clknet_0_clk (net)
                      0.040274    0.000566    0.156490 ^ clkbuf_1_1__f_clk/A (sky130_fd_sc_hd__clkbuf_16)
     4    0.010880    0.034093    0.114943    0.271433 ^ clkbuf_1_1__f_clk/X (sky130_fd_sc_hd__clkbuf_16)
                                                         clknet_1_1__leaf_clk (net)
                      0.034093    0.000348    0.271781 ^ _99_/CLK (sky130_fd_sc_hd__dfrtp_1)
     2    0.007379    0.060618    0.374412    0.646193 v _99_/Q (sky130_fd_sc_hd__dfrtp_1)
                                                         net17 (net)
                      0.060618    0.000137    0.646329 v output17/A (sky130_fd_sc_hd__buf_2)
     1    0.033868    0.088728    0.186042    0.832372 v output17/X (sky130_fd_sc_hd__buf_2)
                                                         acc[7] (net)
                      0.088738    0.000934    0.833306 v acc[7] (out)
                                              0.833306   data arrival time

                                 20.000000   20.000000   clock clk (rise edge)
                                  0.000000   20.000000   clock network delay (propagated)
                                 -0.250000   19.750002   clock uncertainty
                                  0.000000   19.750002   clock reconvergence pessimism
                                 -4.000000   15.750001   output external delay
                                             15.750001   data required time
---------------------------------------------------------------------------------------------
                                             15.750001   data required time
                                             -0.833306   data arrival time
---------------------------------------------------------------------------------------------
                                             14.916696   slack (MET)


Startpoint: data_in[0] (input port clocked by clk)
Endpoint: _93_ (rising edge-triggered flip-flop clocked by clk)
Path Group: clk
Path Type: max

Fanout         Cap        Slew       Delay        Time   Description
---------------------------------------------------------------------------------------------
                                  0.000000    0.000000   clock clk (rise edge)
                                  0.000000    0.000000   clock network delay (propagated)
                                  4.000000    4.000000 ^ input external delay
     1    0.003894    0.024477    0.014168    4.014168 ^ data_in[0] (in)
                                                         data_in[0] (net)
                      0.024485    0.000000    4.014168 ^ input1/A (sky130_fd_sc_hd__clkbuf_1)
     2    0.006375    0.083813    0.101897    4.116065 ^ input1/X (sky130_fd_sc_hd__clkbuf_1)
                                                         net1 (net)
                      0.083813    0.000246    4.116310 ^ _53_/A (sky130_fd_sc_hd__nand2_1)
     3    0.008589    0.070963    0.087259    4.203569 v _53_/Y (sky130_fd_sc_hd__nand2_1)
                                                         _18_ (net)
                      0.070963    0.000285    4.203854 v _54_/A (sky130_fd_sc_hd__or3b_1)
     3    0.008589    0.097541    0.420174    4.624027 v _54_/X (sky130_fd_sc_hd__or3b_1)
                                                         _19_ (net)
                      0.097541    0.000146    4.624173 v _78_/A (sky130_fd_sc_hd__and2_1)
     1    0.002618    0.034310    0.154048    4.778221 v _78_/X (sky130_fd_sc_hd__and2_1)
                                                         adder.low.sum[1] (net)
                      0.034310    0.000058    4.778279 v _93_/D (sky130_fd_sc_hd__dfrtp_1)
                                              4.778279   data arrival time

                                 20.000000   20.000000   clock clk (rise edge)
                                  0.000000   20.000000   clock source latency
     1    0.009169    0.047729    0.031376   20.031376 ^ clk (in)
                                                         clk (net)
                      0.047731    0.000000   20.031376 ^ clkbuf_0_clk/A (sky130_fd_sc_hd__clkbuf_16)
     2    0.018152    0.040272    0.124547   20.155924 ^ clkbuf_0_clk/X (sky130_fd_sc_hd__clkbuf_16)
                                                         clknet_0_clk (net)
                      0.040274    0.000567   20.156490 ^ clkbuf_1_1__f_clk/A (sky130_fd_sc_hd__clkbuf_16)
     4    0.010880    0.034093    0.114943   20.271433 ^ clkbuf_1_1__f_clk/X (sky130_fd_sc_hd__clkbuf_16)
                                                         clknet_1_1__leaf_clk (net)
                      0.034093    0.000348   20.271782 ^ _93_/CLK (sky130_fd_sc_hd__dfrtp_1)
                                 -0.250000   20.021782   clock uncertainty
                                  0.000000   20.021782   clock reconvergence pessimism
                                 -0.112102   19.909679   library setup time
                                             19.909679   data required time
---------------------------------------------------------------------------------------------
                                             19.909679   data required time
                                             -4.778279   data arrival time
---------------------------------------------------------------------------------------------
                                             15.131400   slack (MET)


Startpoint: data_in[0] (input port clocked by clk)
Endpoint: _92_ (rising edge-triggered flip-flop clocked by clk)
Path Group: clk
Path Type: max

Fanout         Cap        Slew       Delay        Time   Description
---------------------------------------------------------------------------------------------
                                  0.000000    0.000000   clock clk (rise edge)
                                  0.000000    0.000000   clock network delay (propagated)
                                  4.000000    4.000000 v input external delay
     1    0.003718    0.010761    0.006001    4.006001 v data_in[0] (in)
                                                         data_in[0] (net)
                      0.010766    0.000000    4.006001 v input1/A (sky130_fd_sc_hd__clkbuf_1)
     2    0.006110    0.043899    0.088472    4.094473 v input1/X (sky130_fd_sc_hd__clkbuf_1)
                                                         net1 (net)
                      0.043900    0.000201    4.094674 v _83_/A (sky130_fd_sc_hd__or2_1)
     1    0.003102    0.049436    0.221998    4.316672 v _83_/X (sky130_fd_sc_hd__or2_1)
                                                         _41_ (net)
                      0.049436    0.000107    4.316779 v _84_/B (sky130_fd_sc_hd__and2_1)
     1    0.003328    0.037475    0.155012    4.471792 v _84_/X (sky130_fd_sc_hd__and2_1)
                                                         adder.low.p[0] (net)
                      0.037475    0.000113    4.471904 v _92_/D (sky130_fd_sc_hd__dfrtp_1)
                                              4.471904   data arrival time

                                 20.000000   20.000000   clock clk (rise edge)
                                  0.000000   20.000000   clock source latency
     1    0.009169    0.047729    0.031376   20.031376 ^ clk (in)
                                                         clk (net)
                      0.047731    0.000000   20.031376 ^ clkbuf_0_clk/A (sky130_fd_sc_hd__clkbuf_16)
     2    0.018152    0.040272    0.124547   20.155924 ^ clkbuf_0_clk/X (sky130_fd_sc_hd__clkbuf_16)
                                                         clknet_0_clk (net)
                      0.040274    0.000567   20.156490 ^ clkbuf_1_1__f_clk/A (sky130_fd_sc_hd__clkbuf_16)
     4    0.010880    0.034093    0.114943   20.271433 ^ clkbuf_1_1__f_clk/X (sky130_fd_sc_hd__clkbuf_16)
                                                         clknet_1_1__leaf_clk (net)
                      0.034093    0.000348   20.271782 ^ _92_/CLK (sky130_fd_sc_hd__dfrtp_1)
                                 -0.250000   20.021782   clock uncertainty
                                  0.000000   20.021782   clock reconvergence pessimism
                                 -0.113484   19.908298   library setup time
                                             19.908298   data required time
---------------------------------------------------------------------------------------------
                                             19.908298   data required time
                                             -4.471904   data arrival time
---------------------------------------------------------------------------------------------
                                             15.436394   slack (MET)


Startpoint: rst (input port clocked by clk)
Endpoint: _92_ (recovery check against rising-edge clock clk)
Path Group: asynchronous
Path Type: max

Fanout         Cap        Slew       Delay        Time   Description
---------------------------------------------------------------------------------------------
                                  0.000000    0.000000   clock clk (rise edge)
                                  0.000000    0.000000   clock network delay (propagated)
                                  4.000000    4.000000 v input external delay
     1    0.002521    0.007977    0.003976    4.003976 v rst (in)
                                                         rst (net)
                      0.007978    0.000000    4.003976 v input9/A (sky130_fd_sc_hd__clkbuf_4)
     8    0.041834    0.093365    0.177777    4.181754 v input9/X (sky130_fd_sc_hd__clkbuf_4)
                                                         net9 (net)
                      0.093368    0.000599    4.182353 v _42_/A (sky130_fd_sc_hd__inv_2)
     1    0.005702    0.042112    0.068916    4.251268 ^ _42_/Y (sky130_fd_sc_hd__inv_2)
                                                         _00_ (net)
                      0.042113    0.000198    4.251466 ^ _92_/RESET_B (sky130_fd_sc_hd__dfrtp_1)
                                              4.251466   data arrival time

                                 20.000000   20.000000   clock clk (rise edge)
                                  0.000000   20.000000   clock source latency
     1    0.009169    0.047729    0.031376   20.031376 ^ clk (in)
                                                         clk (net)
                      0.047731    0.000000   20.031376 ^ clkbuf_0_clk/A (sky130_fd_sc_hd__clkbuf_16)
     2    0.018152    0.040272    0.124547   20.155924 ^ clkbuf_0_clk/X (sky130_fd_sc_hd__clkbuf_16)
                                                         clknet_0_clk (net)
                      0.040274    0.000567   20.156490 ^ clkbuf_1_1__f_clk/A (sky130_fd_sc_hd__clkbuf_16)
     4    0.010880    0.034093    0.114943   20.271433 ^ clkbuf_1_1__f_clk/X (sky130_fd_sc_hd__clkbuf_16)
                                                         clknet_1_1__leaf_clk (net)
                      0.034093    0.000348   20.271782 ^ _92_/CLK (sky130_fd_sc_hd__dfrtp_1)
                                 -0.250000   20.021782   clock uncertainty
                                  0.000000   20.021782   clock reconvergence pessimism
                                  0.227737   20.249519   library recovery time
                                             20.249519   data required time
---------------------------------------------------------------------------------------------
                                             20.249519   data required time
                                             -4.251466   data arrival time
---------------------------------------------------------------------------------------------
                                             15.998054   slack (MET)


Startpoint: rst (input port clocked by clk)
Endpoint: _96_ (recovery check against rising-edge clock clk)
Path Group: asynchronous
Path Type: max

Fanout         Cap        Slew       Delay        Time   Description
---------------------------------------------------------------------------------------------
                                  0.000000    0.000000   clock clk (rise edge)
                                  0.000000    0.000000   clock network delay (propagated)
                                  4.000000    4.000000 v input external delay
     1    0.002521    0.007977    0.003976    4.003976 v rst (in)
                                                         rst (net)
                      0.007978    0.000000    4.003976 v input9/A (sky130_fd_sc_hd__clkbuf_4)
     8    0.041834    0.093365    0.177777    4.181754 v input9/X (sky130_fd_sc_hd__clkbuf_4)
                                                         net9 (net)
                      0.093387    0.001375    4.183129 v _88_/A (sky130_fd_sc_hd__inv_2)
     1    0.005555    0.041630    0.068407    4.251536 ^ _88_/Y (sky130_fd_sc_hd__inv_2)
                                                         _04_ (net)
                      0.041630    0.000191    4.251726 ^ _96_/RESET_B (sky130_fd_sc_hd__dfrtp_1)
                                              4.251726   data arrival time

                                 20.000000   20.000000   clock clk (rise edge)
                                  0.000000   20.000000   clock source latency
     1    0.009169    0.047729    0.031376   20.031376 ^ clk (in)
                                                         clk (net)
                      0.047731    0.000000   20.031376 ^ clkbuf_0_clk/A (sky130_fd_sc_hd__clkbuf_16)
     2    0.018152    0.040272    0.124547   20.155924 ^ clkbuf_0_clk/X (sky130_fd_sc_hd__clkbuf_16)
                                                         clknet_0_clk (net)
                      0.040273    0.000364   20.156288 ^ clkbuf_1_0__f_clk/A (sky130_fd_sc_hd__clkbuf_16)
     4    0.011657    0.034755    0.115685   20.271973 ^ clkbuf_1_0__f_clk/X (sky130_fd_sc_hd__clkbuf_16)
                                                         clknet_1_0__leaf_clk (net)
                      0.034755    0.000325   20.272299 ^ _96_/CLK (sky130_fd_sc_hd__dfrtp_1)
                                 -0.250000   20.022299   clock uncertainty
                                  0.000000   20.022299   clock reconvergence pessimism
                                  0.228065   20.250364   library recovery time
                                             20.250364   data required time
---------------------------------------------------------------------------------------------
                                             20.250364   data required time
                                             -4.251726   data arrival time
---------------------------------------------------------------------------------------------
                                             15.998637   slack (MET)


Startpoint: rst (input port clocked by clk)
Endpoint: _99_ (recovery check against rising-edge clock clk)
Path Group: asynchronous
Path Type: max

Fanout         Cap        Slew       Delay        Time   Description
---------------------------------------------------------------------------------------------
                                  0.000000    0.000000   clock clk (rise edge)
                                  0.000000    0.000000   clock network delay (propagated)
                                  4.000000    4.000000 v input external delay
     1    0.002521    0.007977    0.003976    4.003976 v rst (in)
                                                         rst (net)
                      0.007978    0.000000    4.003976 v input9/A (sky130_fd_sc_hd__clkbuf_4)
     8    0.041834    0.093365    0.177777    4.181754 v input9/X (sky130_fd_sc_hd__clkbuf_4)
                                                         net9 (net)
                      0.093387    0.001375    4.183129 v _91_/A (sky130_fd_sc_hd__inv_2)
     1    0.005376    0.041050    0.067787    4.250916 ^ _91_/Y (sky130_fd_sc_hd__inv_2)
                                                         _07_ (net)
                      0.041051    0.000171    4.251087 ^ _99_/RESET_B (sky130_fd_sc_hd__dfrtp_1)
                                              4.251087   data arrival time

                                 20.000000   20.000000   clock clk (rise edge)
                                  0.000000   20.000000   clock source latency
     1    0.009169    0.047729    0.031376   20.031376 ^ clk (in)
                                                         clk (net)
                      0.047731    0.000000   20.031376 ^ clkbuf_0_clk/A (sky130_fd_sc_hd__clkbuf_16)
     2    0.018152    0.040272    0.124547   20.155924 ^ clkbuf_0_clk/X (sky130_fd_sc_hd__clkbuf_16)
                                                         clknet_0_clk (net)
                      0.040274    0.000567   20.156490 ^ clkbuf_1_1__f_clk/A (sky130_fd_sc_hd__clkbuf_16)
     4    0.010880    0.034093    0.114943   20.271433 ^ clkbuf_1_1__f_clk/X (sky130_fd_sc_hd__clkbuf_16)
                                                         clknet_1_1__leaf_clk (net)
                      0.034093    0.000348   20.271782 ^ _99_/CLK (sky130_fd_sc_hd__dfrtp_1)
                                 -0.250000   20.021782   clock uncertainty
                                  0.000000   20.021782   clock reconvergence pessimism
                                  0.228013   20.249796   library recovery time
                                             20.249796   data required time
---------------------------------------------------------------------------------------------
                                             20.249796   data required time
                                             -4.251087   data arrival time
---------------------------------------------------------------------------------------------
                                             15.998709   slack (MET)


Startpoint: rst (input port clocked by clk)
Endpoint: _94_ (recovery check against rising-edge clock clk)
Path Group: asynchronous
Path Type: max

Fanout         Cap        Slew       Delay        Time   Description
---------------------------------------------------------------------------------------------
                                  0.000000    0.000000   clock clk (rise edge)
                                  0.000000    0.000000   clock network delay (propagated)
                                  4.000000    4.000000 v input external delay
     1    0.002521    0.007977    0.003976    4.003976 v rst (in)
                                                         rst (net)
                      0.007978    0.000000    4.003976 v input9/A (sky130_fd_sc_hd__clkbuf_4)
     8    0.041834    0.093365    0.177777    4.181754 v input9/X (sky130_fd_sc_hd__clkbuf_4)
                                                         net9 (net)
                      0.093392    0.001500    4.183254 v _86_/A (sky130_fd_sc_hd__inv_2)
     1    0.005099    0.040153    0.066831    4.250084 ^ _86_/Y (sky130_fd_sc_hd__inv_2)
                                                         _02_ (net)
                      0.040153    0.000114    4.250198 ^ _94_/RESET_B (sky130_fd_sc_hd__dfrtp_1)
                                              4.250198   data arrival time

                                 20.000000   20.000000   clock clk (rise edge)
                                  0.000000   20.000000   clock source latency
     1    0.009169    0.047729    0.031376   20.031376 ^ clk (in)
                                                         clk (net)
                      0.047731    0.000000   20.031376 ^ clkbuf_0_clk/A (sky130_fd_sc_hd__clkbuf_16)
     2    0.018152    0.040272    0.124547   20.155924 ^ clkbuf_0_clk/X (sky130_fd_sc_hd__clkbuf_16)
                                                         clknet_0_clk (net)
                      0.040273    0.000364   20.156288 ^ clkbuf_1_0__f_clk/A (sky130_fd_sc_hd__clkbuf_16)
     4    0.011657    0.034755    0.115685   20.271973 ^ clkbuf_1_0__f_clk/X (sky130_fd_sc_hd__clkbuf_16)
                                                         clknet_1_0__leaf_clk (net)
                      0.034755    0.000361   20.272333 ^ _94_/CLK (sky130_fd_sc_hd__dfrtp_1)
                                 -0.250000   20.022335   clock uncertainty
                                  0.000000   20.022335   clock reconvergence pessimism
                                  0.228448   20.250782   library recovery time
                                             20.250782   data required time
---------------------------------------------------------------------------------------------
                                             20.250782   data required time
                                             -4.250198   data arrival time
---------------------------------------------------------------------------------------------
                                             16.000584   slack (MET)


Startpoint: rst (input port clocked by clk)
Endpoint: _98_ (recovery check against rising-edge clock clk)
Path Group: asynchronous
Path Type: max

Fanout         Cap        Slew       Delay        Time   Description
---------------------------------------------------------------------------------------------
                                  0.000000    0.000000   clock clk (rise edge)
                                  0.000000    0.000000   clock network delay (propagated)
                                  4.000000    4.000000 v input external delay
     1    0.002521    0.007977    0.003976    4.003976 v rst (in)
                                                         rst (net)
                      0.007978    0.000000    4.003976 v input9/A (sky130_fd_sc_hd__clkbuf_4)
     8    0.041834    0.093365    0.177777    4.181754 v input9/X (sky130_fd_sc_hd__clkbuf_4)
                                                         net9 (net)
                      0.093392    0.001483    4.183237 v _90_/A (sky130_fd_sc_hd__inv_2)
     1    0.004752    0.039025    0.065600    4.248837 ^ _90_/Y (sky130_fd_sc_hd__inv_2)
                                                         _06_ (net)
                      0.039025    0.000134    4.248970 ^ _98_/RESET_B (sky130_fd_sc_hd__dfrtp_1)
                                              4.248970   data arrival time

                                 20.000000   20.000000   clock clk (rise edge)
                                  0.000000   20.000000   clock source latency
     1    0.009169    0.047729    0.031376   20.031376 ^ clk (in)
                                                         clk (net)
                      0.047731    0.000000   20.031376 ^ clkbuf_0_clk/A (sky130_fd_sc_hd__clkbuf_16)
     2    0.018152    0.040272    0.124547   20.155924 ^ clkbuf_0_clk/X (sky130_fd_sc_hd__clkbuf_16)
                                                         clknet_0_clk (net)
                      0.040274    0.000567   20.156490 ^ clkbuf_1_1__f_clk/A (sky130_fd_sc_hd__clkbuf_16)
     4    0.010880    0.034093    0.114943   20.271433 ^ clkbuf_1_1__f_clk/X (sky130_fd_sc_hd__clkbuf_16)
                                                         clknet_1_1__leaf_clk (net)
                      0.034093    0.000254   20.271687 ^ _98_/CLK (sky130_fd_sc_hd__dfrtp_1)
                                 -0.250000   20.021688   clock uncertainty
                                  0.000000   20.021688   clock reconvergence pessimism
                                  0.228538   20.250225   library recovery time
                                             20.250225   data required time
---------------------------------------------------------------------------------------------
                                             20.250225   data required time
                                             -4.248970   data arrival time
---------------------------------------------------------------------------------------------
                                             16.001255   slack (MET)


Startpoint: rst (input port clocked by clk)
Endpoint: _95_ (recovery check against rising-edge clock clk)
Path Group: asynchronous
Path Type: max

Fanout         Cap        Slew       Delay        Time   Description
---------------------------------------------------------------------------------------------
                                  0.000000    0.000000   clock clk (rise edge)
                                  0.000000    0.000000   clock network delay (propagated)
                                  4.000000    4.000000 v input external delay
     1    0.002521    0.007977    0.003976    4.003976 v rst (in)
                                                         rst (net)
                      0.007978    0.000000    4.003976 v input9/A (sky130_fd_sc_hd__clkbuf_4)
     8    0.041834    0.093365    0.177777    4.181754 v input9/X (sky130_fd_sc_hd__clkbuf_4)
                                                         net9 (net)
                      0.093377    0.001045    4.182799 v _87_/A (sky130_fd_sc_hd__inv_2)
     1    0.004890    0.039469    0.066078    4.248878 ^ _87_/Y (sky130_fd_sc_hd__inv_2)
                                                         _03_ (net)
                      0.039469    0.000141    4.249019 ^ _95_/RESET_B (sky130_fd_sc_hd__dfrtp_1)
                                              4.249019   data arrival time

                                 20.000000   20.000000   clock clk (rise edge)
                                  0.000000   20.000000   clock source latency
     1    0.009169    0.047729    0.031376   20.031376 ^ clk (in)
                                                         clk (net)
                      0.047731    0.000000   20.031376 ^ clkbuf_0_clk/A (sky130_fd_sc_hd__clkbuf_16)
     2    0.018152    0.040272    0.124547   20.155924 ^ clkbuf_0_clk/X (sky130_fd_sc_hd__clkbuf_16)
                                                         clknet_0_clk (net)
                      0.040273    0.000364   20.156288 ^ clkbuf_1_0__f_clk/A (sky130_fd_sc_hd__clkbuf_16)
     4    0.011657    0.034755    0.115685   20.271973 ^ clkbuf_1_0__f_clk/X (sky130_fd_sc_hd__clkbuf_16)
                                                         clknet_1_0__leaf_clk (net)
                      0.034755    0.000327   20.272301 ^ _95_/CLK (sky130_fd_sc_hd__dfrtp_1)
                                 -0.250000   20.022301   clock uncertainty
                                  0.000000   20.022301   clock reconvergence pessimism
                                  0.228626   20.250927   library recovery time
                                             20.250927   data required time
---------------------------------------------------------------------------------------------
                                             20.250927   data required time
                                             -4.249019   data arrival time
---------------------------------------------------------------------------------------------
                                             16.001907   slack (MET)


Startpoint: rst (input port clocked by clk)
Endpoint: _93_ (recovery check against rising-edge clock clk)
Path Group: asynchronous
Path Type: max

Fanout         Cap        Slew       Delay        Time   Description
---------------------------------------------------------------------------------------------
                                  0.000000    0.000000   clock clk (rise edge)
                                  0.000000    0.000000   clock network delay (propagated)
                                  4.000000    4.000000 v input external delay
     1    0.002521    0.007977    0.003976    4.003976 v rst (in)
                                                         rst (net)
                      0.007978    0.000000    4.003976 v input9/A (sky130_fd_sc_hd__clkbuf_4)
     8    0.041834    0.093365    0.177777    4.181754 v input9/X (sky130_fd_sc_hd__clkbuf_4)
                                                         net9 (net)
                      0.093371    0.000797    4.182550 v _85_/A (sky130_fd_sc_hd__inv_2)
     1    0.004529    0.038294    0.064821    4.247371 ^ _85_/Y (sky130_fd_sc_hd__inv_2)
                                                         _01_ (net)
                      0.038294    0.000080    4.247451 ^ _93_/RESET_B (sky130_fd_sc_hd__dfrtp_1)
                                              4.247451   data arrival time

                                 20.000000   20.000000   clock clk (rise edge)
                                  0.000000   20.000000   clock source latency
     1    0.009169    0.047729    0.031376   20.031376 ^ clk (in)
                                                         clk (net)
                      0.047731    0.000000   20.031376 ^ clkbuf_0_clk/A (sky130_fd_sc_hd__clkbuf_16)
     2    0.018152    0.040272    0.124547   20.155924 ^ clkbuf_0_clk/X (sky130_fd_sc_hd__clkbuf_16)
                                                         clknet_0_clk (net)
                      0.040274    0.000567   20.156490 ^ clkbuf_1_1__f_clk/A (sky130_fd_sc_hd__clkbuf_16)
     4    0.010880    0.034093    0.114943   20.271433 ^ clkbuf_1_1__f_clk/X (sky130_fd_sc_hd__clkbuf_16)
                                                         clknet_1_1__leaf_clk (net)
                      0.034093    0.000348   20.271782 ^ _93_/CLK (sky130_fd_sc_hd__dfrtp_1)
                                 -0.250000   20.021782   clock uncertainty
                                  0.000000   20.021782   clock reconvergence pessimism
                                  0.228728   20.250509   library recovery time
                                             20.250509   data required time
---------------------------------------------------------------------------------------------
                                             20.250509   data required time
                                             -4.247451   data arrival time
---------------------------------------------------------------------------------------------
                                             16.003059   slack (MET)


Startpoint: rst (input port clocked by clk)
Endpoint: _97_ (recovery check against rising-edge clock clk)
Path Group: asynchronous
Path Type: max

Fanout         Cap        Slew       Delay        Time   Description
---------------------------------------------------------------------------------------------
                                  0.000000    0.000000   clock clk (rise edge)
                                  0.000000    0.000000   clock network delay (propagated)
                                  4.000000    4.000000 v input external delay
     1    0.002521    0.007977    0.003976    4.003976 v rst (in)
                                                         rst (net)
                      0.007978    0.000000    4.003976 v input9/A (sky130_fd_sc_hd__clkbuf_4)
     8    0.041834    0.093365    0.177777    4.181754 v input9/X (sky130_fd_sc_hd__clkbuf_4)
                                                         net9 (net)
                      0.093390    0.001445    4.183198 v _89_/A (sky130_fd_sc_hd__inv_2)
     1    0.004299    0.037506    0.063912    4.247110 ^ _89_/Y (sky130_fd_sc_hd__inv_2)
                                                         _05_ (net)
                      0.037506    0.000100    4.247210 ^ _97_/RESET_B (sky130_fd_sc_hd__dfrtp_1)
                                              4.247210   data arrival time

                                 20.000000   20.000000   clock clk (rise edge)
                                  0.000000   20.000000   clock source latency
     1    0.009169    0.047729    0.031376   20.031376 ^ clk (in)
                                                         clk (net)
                      0.047731    0.000000   20.031376 ^ clkbuf_0_clk/A (sky130_fd_sc_hd__clkbuf_16)
     2    0.018152    0.040272    0.124547   20.155924 ^ clkbuf_0_clk/X (sky130_fd_sc_hd__clkbuf_16)
                                                         clknet_0_clk (net)
                      0.040273    0.000364   20.156288 ^ clkbuf_1_0__f_clk/A (sky130_fd_sc_hd__clkbuf_16)
     4    0.011657    0.034755    0.115685   20.271973 ^ clkbuf_1_0__f_clk/X (sky130_fd_sc_hd__clkbuf_16)
                                                         clknet_1_0__leaf_clk (net)
                      0.034755    0.000250   20.272224 ^ _97_/CLK (sky130_fd_sc_hd__dfrtp_1)
                                 -0.250000   20.022224   clock uncertainty
                                  0.000000   20.022224   clock reconvergence pessimism
                                  0.229135   20.251358   library recovery time
                                             20.251358   data required time
---------------------------------------------------------------------------------------------
                                             20.251358   data required time
                                             -4.247210   data arrival time
---------------------------------------------------------------------------------------------
                                             16.004148   slack (MET)



