
===========================================================================
report_checks -path_delay min (Hold)
============================================================================
======================= nom_tt_025C_1v80 Corner ===================================

Startpoint: _99_ (rising edge-triggered flip-flop clocked by clk)
Endpoint: _99_ (rising edge-triggered flip-flop clocked by clk)
Path Group: clk
Path Type: min

Fanout         Cap        Slew       Delay        Time   Description
---------------------------------------------------------------------------------------------
                                  0.000000    0.000000   clock clk (rise edge)
                                  0.000000    0.000000   clock source latency
     1    0.009169    0.047729    0.031375    0.031375 ^ clk (in)
                                                         clk (net)
                      0.047731    0.000000    0.031375 ^ clkbuf_0_clk/A (sky130_fd_sc_hd__clkbuf_16)
     2    0.018152    0.040272    0.124549    0.155924 ^ clkbuf_0_clk/X (sky130_fd_sc_hd__clkbuf_16)
                                                         clknet_0_clk (net)
                      0.040274    0.000566    0.156490 ^ clkbuf_1_1__f_clk/A (sky130_fd_sc_hd__clkbuf_16)
     4    0.010880    0.034093    0.114943    0.271433 ^ clkbuf_1_1__f_clk/X (sky130_fd_sc_hd__clkbuf_16)
                                                         clknet_1_1__leaf_clk (net)
                      0.034093    0.000348    0.271781 ^ _99_/CLK (sky130_fd_sc_hd__dfrtp_1)
     2    0.007721    0.083109    0.344117    0.615898 ^ _99_/Q (sky130_fd_sc_hd__dfrtp_1)
                                                         net17 (net)
                      0.083109    0.000146    0.616044 ^ _75_/B (sky130_fd_sc_hd__xnor2_1)
     1    0.006262    0.058108    0.085590    0.701634 v _75_/Y (sky130_fd_sc_hd__xnor2_1)
                                                         _37_ (net)
                      0.058108    0.000256    0.701890 v _76_/B (sky130_fd_sc_hd__xnor2_1)
     1    0.003049    0.037831    0.124177    0.826066 v _76_/Y (sky130_fd_sc_hd__xnor2_1)
                                                         adder.high.sum[3] (net)
                      0.037832    0.000097    0.826164 v _99_/D (sky130_fd_sc_hd__dfrtp_1)
                                              0.826164   data arrival time

                                  0.000000    0.000000   clock clk (rise edge)
                                  0.000000    0.000000   clock source latency
     1    0.009169    0.047729    0.031375    0.031375 ^ clk (in)
                                                         clk (net)
                      0.047731    0.000000    0.031375 ^ clkbuf_0_clk/A (sky130_fd_sc_hd__clkbuf_16)
     2    0.018152    0.040272    0.124549    0.155924 ^ clkbuf_0_clk/X (sky130_fd_sc_hd__clkbuf_16)
                                                         clknet_0_clk (net)
                      0.040274    0.000566    0.156490 ^ clkbuf_1_1__f_clk/A (sky130_fd_sc_hd__clkbuf_16)
     4    0.010880    0.034093    0.114943    0.271433 ^ clkbuf_1_1__f_clk/X (sky130_fd_sc_hd__clkbuf_16)
                                                         clknet_1_1__leaf_clk (net)
                      0.034093    0.000348    0.271781 ^ _99_/CLK (sky130_fd_sc_hd__dfrtp_1)
                                  0.250000    0.521781   clock uncertainty
                                  0.000000    0.521781   clock reconvergence pessimism
                                 -0.045345    0.476436   library hold time
                                              0.476436   data required time
---------------------------------------------------------------------------------------------
                                              0.476436   data required time
                                             -0.826164   data arrival time
---------------------------------------------------------------------------------------------
                                              0.349728   slack (MET)


Startpoint: _92_ (rising edge-triggered flip-flop clocked by clk)
Endpoint: _92_ (rising edge-triggered flip-flop clocked by clk)
Path Group: clk
Path Type: min

Fanout         Cap        Slew       Delay        Time   Description
---------------------------------------------------------------------------------------------
                                  0.000000    0.000000   clock clk (rise edge)
                                  0.000000    0.000000   clock source latency
     1    0.009169    0.047729    0.031375    0.031375 ^ clk (in)
                                                         clk (net)
                      0.047731    0.000000    0.031375 ^ clkbuf_0_clk/A (sky130_fd_sc_hd__clkbuf_16)
     2    0.018152    0.040272    0.124549    0.155924 ^ clkbuf_0_clk/X (sky130_fd_sc_hd__clkbuf_16)
                                                         clknet_0_clk (net)
                      0.040274    0.000566    0.156490 ^ clkbuf_1_1__f_clk/A (sky130_fd_sc_hd__clkbuf_16)
     4    0.010880    0.034093    0.114943    0.271433 ^ clkbuf_1_1__f_clk/X (sky130_fd_sc_hd__clkbuf_16)
                                                         clknet_1_1__leaf_clk (net)
                      0.034093    0.000349    0.271781 ^ _92_/CLK (sky130_fd_sc_hd__dfrtp_1)
     3    0.008565    0.089634    0.349720    0.621502 ^ _92_/Q (sky130_fd_sc_hd__dfrtp_1)
                                                         net10 (net)
                      0.089634    0.000294    0.621796 ^ _83_/B (sky130_fd_sc_hd__or2_1)
     1    0.003231    0.043334    0.105689    0.727484 ^ _83_/X (sky130_fd_sc_hd__or2_1)
                                                         _41_ (net)
                      0.043334    0.000113    0.727597 ^ _84_/B (sky130_fd_sc_hd__and2_1)
     1    0.003385    0.050886    0.118591    0.846188 ^ _84_/X (sky130_fd_sc_hd__and2_1)
                                                         adder.low.p[0] (net)
                      0.050886    0.000115    0.846303 ^ _92_/D (sky130_fd_sc_hd__dfrtp_1)
                                              0.846303   data arrival time

                                  0.000000    0.000000   clock clk (rise edge)
                                  0.000000    0.000000   clock source latency
     1    0.009169    0.047729    0.031375    0.031375 ^ clk (in)
                                                         clk (net)
                      0.047731    0.000000    0.031375 ^ clkbuf_0_clk/A (sky130_fd_sc_hd__clkbuf_16)
     2    0.018152    0.040272    0.124549    0.155924 ^ clkbuf_0_clk/X (sky130_fd_sc_hd__clkbuf_16)
                                                         clknet_0_clk (net)
                      0.040274    0.000566    0.156490 ^ clkbuf_1_1__f_clk/A (sky130_fd_sc_hd__clkbuf_16)
     4    0.010880    0.034093    0.114943    0.271433 ^ clkbuf_1_1__f_clk/X (sky130_fd_sc_hd__clkbuf_16)
                                                         clknet_1_1__leaf_clk (net)
                      0.034093    0.000349    0.271781 ^ _92_/CLK (sky130_fd_sc_hd__dfrtp_1)
                                  0.250000    0.521781   clock uncertainty
                                  0.000000    0.521781   clock reconvergence pessimism
                                 -0.037490    0.484291   library hold time
                                              0.484291   data required time
---------------------------------------------------------------------------------------------
                                              0.484291   data required time
                                             -0.846303   data arrival time
---------------------------------------------------------------------------------------------
                                              0.362012   slack (MET)


Startpoint: _97_ (rising edge-triggered flip-flop clocked by clk)
Endpoint: _97_ (rising edge-triggered flip-flop clocked by clk)
Path Group: clk
Path Type: min

Fanout         Cap        Slew       Delay        Time   Description
---------------------------------------------------------------------------------------------
                                  0.000000    0.000000   clock clk (rise edge)
                                  0.000000    0.000000   clock source latency
     1    0.009169    0.047729    0.031375    0.031375 ^ clk (in)
                                                         clk (net)
                      0.047731    0.000000    0.031375 ^ clkbuf_0_clk/A (sky130_fd_sc_hd__clkbuf_16)
     2    0.018152    0.040272    0.124549    0.155924 ^ clkbuf_0_clk/X (sky130_fd_sc_hd__clkbuf_16)
                                                         clknet_0_clk (net)
                      0.040273    0.000363    0.156287 ^ clkbuf_1_0__f_clk/A (sky130_fd_sc_hd__clkbuf_16)
     4    0.011657    0.034755    0.115685    0.271972 ^ clkbuf_1_0__f_clk/X (sky130_fd_sc_hd__clkbuf_16)
                                                         clknet_1_0__leaf_clk (net)
                      0.034755    0.000251    0.272223 ^ _97_/CLK (sky130_fd_sc_hd__dfrtp_1)
     3    0.008894    0.091847    0.352255    0.624479 ^ _97_/Q (sky130_fd_sc_hd__dfrtp_1)
                                                         net15 (net)
                      0.091847    0.000208    0.624686 ^ _63_/B (sky130_fd_sc_hd__nand2_1)
     3    0.007728    0.065181    0.087525    0.712212 v _63_/Y (sky130_fd_sc_hd__nand2_1)
                                                         _27_ (net)
                      0.065181    0.000116    0.712328 v _64_/B (sky130_fd_sc_hd__nand2b_1)
     1    0.005875    0.074850    0.094323    0.806651 ^ _64_/Y (sky130_fd_sc_hd__nand2b_1)
                                                         _28_ (net)
                      0.074850    0.000216    0.806867 ^ _66_/A (sky130_fd_sc_hd__xnor2_1)
     1    0.002151    0.029706    0.067590    0.874457 v _66_/Y (sky130_fd_sc_hd__xnor2_1)
                                                         adder.high.sum[1] (net)
                      0.029706    0.000042    0.874499 v _97_/D (sky130_fd_sc_hd__dfrtp_1)
                                              0.874499   data arrival time

                                  0.000000    0.000000   clock clk (rise edge)
                                  0.000000    0.000000   clock source latency
     1    0.009169    0.047729    0.031375    0.031375 ^ clk (in)
                                                         clk (net)
                      0.047731    0.000000    0.031375 ^ clkbuf_0_clk/A (sky130_fd_sc_hd__clkbuf_16)
     2    0.018152    0.040272    0.124549    0.155924 ^ clkbuf_0_clk/X (sky130_fd_sc_hd__clkbuf_16)
                                                         clknet_0_clk (net)
                      0.040273    0.000363    0.156287 ^ clkbuf_1_0__f_clk/A (sky130_fd_sc_hd__clkbuf_16)
     4    0.011657    0.034755    0.115685    0.271972 ^ clkbuf_1_0__f_clk/X (sky130_fd_sc_hd__clkbuf_16)
                                                         clknet_1_0__leaf_clk (net)
                      0.034755    0.000251    0.272223 ^ _97_/CLK (sky130_fd_sc_hd__dfrtp_1)
                                  0.250000    0.522223   clock uncertainty
                                  0.000000    0.522223   clock reconvergence pessimism
                                 -0.041885    0.480338   library hold time
                                              0.480338   data required time
---------------------------------------------------------------------------------------------
                                              0.480338   data required time
                                             -0.874499   data arrival time
---------------------------------------------------------------------------------------------
                                              0.394160   slack (MET)


Startpoint: _94_ (rising edge-triggered flip-flop clocked by clk)
Endpoint: _95_ (rising edge-triggered flip-flop clocked by clk)
Path Group: clk
Path Type: min

Fanout         Cap        Slew       Delay        Time   Description
---------------------------------------------------------------------------------------------
                                  0.000000    0.000000   clock clk (rise edge)
                                  0.000000    0.000000   clock source latency
     1    0.009169    0.047729    0.031375    0.031375 ^ clk (in)
                                                         clk (net)
                      0.047731    0.000000    0.031375 ^ clkbuf_0_clk/A (sky130_fd_sc_hd__clkbuf_16)
     2    0.018152    0.040272    0.124549    0.155924 ^ clkbuf_0_clk/X (sky130_fd_sc_hd__clkbuf_16)
                                                         clknet_0_clk (net)
                      0.040273    0.000363    0.156287 ^ clkbuf_1_0__f_clk/A (sky130_fd_sc_hd__clkbuf_16)
     4    0.011657    0.034755    0.115685    0.271972 ^ clkbuf_1_0__f_clk/X (sky130_fd_sc_hd__clkbuf_16)
                                                         clknet_1_0__leaf_clk (net)
                      0.034755    0.000361    0.272334 ^ _94_/CLK (sky130_fd_sc_hd__dfrtp_1)
     4    0.011937    0.116111    0.370931    0.643265 ^ _94_/Q (sky130_fd_sc_hd__dfrtp_1)
                                                         net12 (net)
                      0.116111    0.000319    0.643584 ^ _48_/B (sky130_fd_sc_hd__nand2_1)
     3    0.009503    0.076789    0.104648    0.748232 v _48_/Y (sky130_fd_sc_hd__nand2_1)
                                                         _13_ (net)
                      0.076789    0.000156    0.748388 v _81_/A (sky130_fd_sc_hd__nand2_1)
     1    0.005261    0.060688    0.082896    0.831284 ^ _81_/Y (sky130_fd_sc_hd__nand2_1)
                                                         _40_ (net)
                      0.060688    0.000123    0.831407 ^ _82_/B (sky130_fd_sc_hd__xnor2_1)
     1    0.002676    0.032927    0.058982    0.890389 v _82_/Y (sky130_fd_sc_hd__xnor2_1)
                                                         adder.low.sum[3] (net)
                      0.032927    0.000061    0.890450 v _95_/D (sky130_fd_sc_hd__dfrtp_1)
                                              0.890450   data arrival time

                                  0.000000    0.000000   clock clk (rise edge)
                                  0.000000    0.000000   clock source latency
     1    0.009169    0.047729    0.031375    0.031375 ^ clk (in)
                                                         clk (net)
                      0.047731    0.000000    0.031375 ^ clkbuf_0_clk/A (sky130_fd_sc_hd__clkbuf_16)
     2    0.018152    0.040272    0.124549    0.155924 ^ clkbuf_0_clk/X (sky130_fd_sc_hd__clkbuf_16)
                                                         clknet_0_clk (net)
                      0.040273    0.000363    0.156287 ^ clkbuf_1_0__f_clk/A (sky130_fd_sc_hd__clkbuf_16)
     4    0.011657    0.034755    0.115685    0.271972 ^ clkbuf_1_0__f_clk/X (sky130_fd_sc_hd__clkbuf_16)
                                                         clknet_1_0__leaf_clk (net)
                      0.034755    0.000327    0.272299 ^ _95_/CLK (sky130_fd_sc_hd__dfrtp_1)
                                  0.250000    0.522299   clock uncertainty
                                  0.000000    0.522299   clock reconvergence pessimism
                                 -0.043197    0.479103   library hold time
                                              0.479103   data required time
---------------------------------------------------------------------------------------------
                                              0.479103   data required time
                                             -0.890450   data arrival time
---------------------------------------------------------------------------------------------
                                              0.411347   slack (MET)


Startpoint: _92_ (rising edge-triggered flip-flop clocked by clk)
Endpoint: _93_ (rising edge-triggered flip-flop clocked by clk)
Path Group: clk
Path Type: min

Fanout         Cap        Slew       Delay        Time   Description
---------------------------------------------------------------------------------------------
                                  0.000000    0.000000   clock clk (rise edge)
                                  0.000000    0.000000   clock source latency
     1    0.009169    0.047729    0.031375    0.031375 ^ clk (in)
                                                         clk (net)
                      0.047731    0.000000    0.031375 ^ clkbuf_0_clk/A (sky130_fd_sc_hd__clkbuf_16)
     2    0.018152    0.040272    0.124549    0.155924 ^ clkbuf_0_clk/X (sky130_fd_sc_hd__clkbuf_16)
                                                         clknet_0_clk (net)
                      0.040274    0.000566    0.156490 ^ clkbuf_1_1__f_clk/A (sky130_fd_sc_hd__clkbuf_16)
     4    0.010880    0.034093    0.114943    0.271433 ^ clkbuf_1_1__f_clk/X (sky130_fd_sc_hd__clkbuf_16)
                                                         clknet_1_1__leaf_clk (net)
                      0.034093    0.000349    0.271781 ^ _92_/CLK (sky130_fd_sc_hd__dfrtp_1)
     3    0.008565    0.089634    0.349720    0.621502 ^ _92_/Q (sky130_fd_sc_hd__dfrtp_1)
                                                         net10 (net)
                      0.089634    0.000325    0.621826 ^ _53_/B (sky130_fd_sc_hd__nand2_1)
     3    0.008589    0.070250    0.091497    0.713323 v _53_/Y (sky130_fd_sc_hd__nand2_1)
                                                         _18_ (net)
                      0.070250    0.000299    0.713623 v _77_/B1 (sky130_fd_sc_hd__o21ai_1)
     1    0.003386    0.081898    0.084851    0.798473 ^ _77_/Y (sky130_fd_sc_hd__o21ai_1)
                                                         _38_ (net)
                      0.081898    0.000116    0.798589 ^ _78_/B (sky130_fd_sc_hd__and2_1)
     1    0.002675    0.045187    0.124248    0.922837 ^ _78_/X (sky130_fd_sc_hd__and2_1)
                                                         adder.low.sum[1] (net)
                      0.045187    0.000060    0.922897 ^ _93_/D (sky130_fd_sc_hd__dfrtp_1)
                                              0.922897   data arrival time

                                  0.000000    0.000000   clock clk (rise edge)
                                  0.000000    0.000000   clock source latency
     1    0.009169    0.047729    0.031375    0.031375 ^ clk (in)
                                                         clk (net)
                      0.047731    0.000000    0.031375 ^ clkbuf_0_clk/A (sky130_fd_sc_hd__clkbuf_16)
     2    0.018152    0.040272    0.124549    0.155924 ^ clkbuf_0_clk/X (sky130_fd_sc_hd__clkbuf_16)
                                                         clknet_0_clk (net)
                      0.040274    0.000566    0.156490 ^ clkbuf_1_1__f_clk/A (sky130_fd_sc_hd__clkbuf_16)
     4    0.010880    0.034093    0.114943    0.271433 ^ clkbuf_1_1__f_clk/X (sky130_fd_sc_hd__clkbuf_16)
                                                         clknet_1_1__leaf_clk (net)
                      0.034093    0.000348    0.271781 ^ _93_/CLK (sky130_fd_sc_hd__dfrtp_1)
                                  0.250000    0.521781   clock uncertainty
                                  0.000000    0.521781   clock reconvergence pessimism
                                 -0.036294    0.485487   library hold time
                                              0.485487   data required time
---------------------------------------------------------------------------------------------
                                              0.485487   data required time
                                             -0.922897   data arrival time
---------------------------------------------------------------------------------------------
                                              0.437410   slack (MET)


Startpoint: _96_ (rising edge-triggered flip-flop clocked by clk)
Endpoint: _96_ (rising edge-triggered flip-flop clocked by clk)
Path Group: clk
Path Type: min

Fanout         Cap        Slew       Delay        Time   Description
---------------------------------------------------------------------------------------------
                                  0.000000    0.000000   clock clk (rise edge)
                                  0.000000    0.000000   clock source latency
     1    0.009169    0.047729    0.031375    0.031375 ^ clk (in)
                                                         clk (net)
                      0.047731    0.000000    0.031375 ^ clkbuf_0_clk/A (sky130_fd_sc_hd__clkbuf_16)
     2    0.018152    0.040272    0.124549    0.155924 ^ clkbuf_0_clk/X (sky130_fd_sc_hd__clkbuf_16)
                                                         clknet_0_clk (net)
                      0.040273    0.000363    0.156287 ^ clkbuf_1_0__f_clk/A (sky130_fd_sc_hd__clkbuf_16)
     4    0.011657    0.034755    0.115685    0.271972 ^ clkbuf_1_0__f_clk/X (sky130_fd_sc_hd__clkbuf_16)
                                                         clknet_1_0__leaf_clk (net)
                      0.034755    0.000325    0.272297 ^ _96_/CLK (sky130_fd_sc_hd__dfrtp_1)
     3    0.009657    0.097482    0.357076    0.629373 ^ _96_/Q (sky130_fd_sc_hd__dfrtp_1)
                                                         net14 (net)
                      0.097483    0.000443    0.629816 ^ _44_/B (sky130_fd_sc_hd__or2_1)
     1    0.003141    0.042651    0.107633    0.737448 ^ _44_/X (sky130_fd_sc_hd__or2_1)
                                                         _09_ (net)
                      0.042651    0.000072    0.737520 ^ _45_/B (sky130_fd_sc_hd__nand2_1)
     2    0.006841    0.056169    0.068040    0.805560 v _45_/Y (sky130_fd_sc_hd__nand2_1)
                                                         _10_ (net)
                      0.056188    0.000210    0.805770 v _59_/A (sky130_fd_sc_hd__nand2_1)
     1    0.002540    0.036462    0.056617    0.862387 ^ _59_/Y (sky130_fd_sc_hd__nand2_1)
                                                         _24_ (net)
                      0.036462    0.000077    0.862464 ^ _61_/A (sky130_fd_sc_hd__and2_1)
     1    0.003992    0.056058    0.115531    0.977995 ^ _61_/X (sky130_fd_sc_hd__and2_1)
                                                         adder.high.sum[0] (net)
                      0.056058    0.000146    0.978141 ^ _96_/D (sky130_fd_sc_hd__dfrtp_1)
                                              0.978141   data arrival time

                                  0.000000    0.000000   clock clk (rise edge)
                                  0.000000    0.000000   clock source latency
     1    0.009169    0.047729    0.031375    0.031375 ^ clk (in)
                                                         clk (net)
                      0.047731    0.000000    0.031375 ^ clkbuf_0_clk/A (sky130_fd_sc_hd__clkbuf_16)
     2    0.018152    0.040272    0.124549    0.155924 ^ clkbuf_0_clk/X (sky130_fd_sc_hd__clkbuf_16)
                                                         clknet_0_clk (net)
                      0.040273    0.000363    0.156287 ^ clkbuf_1_0__f_clk/A (sky130_fd_sc_hd__clkbuf_16)
     4    0.011657    0.034755    0.115685    0.271972 ^ clkbuf_1_0__f_clk/X (sky130_fd_sc_hd__clkbuf_16)
                                                         clknet_1_0__leaf_clk (net)
                      0.034755    0.000325    0.272297 ^ _96_/CLK (sky130_fd_sc_hd__dfrtp_1)
                                  0.250000    0.522297   clock uncertainty
                                  0.000000    0.522297   clock reconvergence pessimism
                                 -0.038485    0.483812   library hold time
                                              0.483812   data required time
---------------------------------------------------------------------------------------------
                                              0.483812   data required time
                                             -0.978141   data arrival time
---------------------------------------------------------------------------------------------
                                              0.494329   slack (MET)


Startpoint: _93_ (rising edge-triggered flip-flop clocked by clk)
Endpoint: _94_ (rising edge-triggered flip-flop clocked by clk)
Path Group: clk
Path Type: min

Fanout         Cap        Slew       Delay        Time   Description
---------------------------------------------------------------------------------------------
                                  0.000000    0.000000   clock clk (rise edge)
                                  0.000000    0.000000   clock source latency
     1    0.009169    0.047729    0.031375    0.031375 ^ clk (in)
                                                         clk (net)
                      0.047731    0.000000    0.031375 ^ clkbuf_0_clk/A (sky130_fd_sc_hd__clkbuf_16)
     2    0.018152    0.040272    0.124549    0.155924 ^ clkbuf_0_clk/X (sky130_fd_sc_hd__clkbuf_16)
                                                         clknet_0_clk (net)
                      0.040274    0.000566    0.156490 ^ clkbuf_1_1__f_clk/A (sky130_fd_sc_hd__clkbuf_16)
     4    0.010880    0.034093    0.114943    0.271433 ^ clkbuf_1_1__f_clk/X (sky130_fd_sc_hd__clkbuf_16)
                                                         clknet_1_1__leaf_clk (net)
                      0.034093    0.000348    0.271781 ^ _93_/CLK (sky130_fd_sc_hd__dfrtp_1)
     3    0.009675    0.097624    0.356987    0.628767 ^ _93_/Q (sky130_fd_sc_hd__dfrtp_1)
                                                         net11 (net)
                      0.097624    0.000338    0.629105 ^ _50_/B (sky130_fd_sc_hd__nand2_1)
     4    0.013102    0.100016    0.117293    0.746398 v _50_/Y (sky130_fd_sc_hd__nand2_1)
                                                         _15_ (net)
                      0.100017    0.000337    0.746735 v _79_/B1 (sky130_fd_sc_hd__o211ai_1)
     1    0.002524    0.076556    0.108334    0.855069 ^ _79_/Y (sky130_fd_sc_hd__o211ai_1)
                                                         _39_ (net)
                      0.076556    0.000058    0.855127 ^ _80_/B (sky130_fd_sc_hd__and2_1)
     1    0.003058    0.048305    0.125665    0.980792 ^ _80_/X (sky130_fd_sc_hd__and2_1)
                                                         adder.low.sum[2] (net)
                      0.048305    0.000076    0.980868 ^ _94_/D (sky130_fd_sc_hd__dfrtp_1)
                                              0.980868   data arrival time

                                  0.000000    0.000000   clock clk (rise edge)
                                  0.000000    0.000000   clock source latency
     1    0.009169    0.047729    0.031375    0.031375 ^ clk (in)
                                                         clk (net)
                      0.047731    0.000000    0.031375 ^ clkbuf_0_clk/A (sky130_fd_sc_hd__clkbuf_16)
     2    0.018152    0.040272    0.124549    0.155924 ^ clkbuf_0_clk/X (sky130_fd_sc_hd__clkbuf_16)
                                                         clknet_0_clk (net)
                      0.040273    0.000363    0.156287 ^ clkbuf_1_0__f_clk/A (sky130_fd_sc_hd__clkbuf_16)
     4    0.011657    0.034755    0.115685    0.271972 ^ clkbuf_1_0__f_clk/X (sky130_fd_sc_hd__clkbuf_16)
                                                         clknet_1_0__leaf_clk (net)
                      0.034755    0.000361    0.272334 ^ _94_/CLK (sky130_fd_sc_hd__dfrtp_1)
                                  0.250000    0.522334   clock uncertainty
                                  0.000000    0.522334   clock reconvergence pessimism
                                 -0.036858    0.485476   library hold time
                                              0.485476   data required time
---------------------------------------------------------------------------------------------
                                              0.485476   data required time
                                             -0.980868   data arrival time
---------------------------------------------------------------------------------------------
                                              0.495392   slack (MET)


Startpoint: _98_ (rising edge-triggered flip-flop clocked by clk)
Endpoint: _98_ (rising edge-triggered flip-flop clocked by clk)
Path Group: clk
Path Type: min

Fanout         Cap        Slew       Delay        Time   Description
---------------------------------------------------------------------------------------------
                                  0.000000    0.000000   clock clk (rise edge)
                                  0.000000    0.000000   clock source latency
     1    0.009169    0.047729    0.031375    0.031375 ^ clk (in)
                                                         clk (net)
                      0.047731    0.000000    0.031375 ^ clkbuf_0_clk/A (sky130_fd_sc_hd__clkbuf_16)
     2    0.018152    0.040272    0.124549    0.155924 ^ clkbuf_0_clk/X (sky130_fd_sc_hd__clkbuf_16)
                                                         clknet_0_clk (net)
                      0.040274    0.000566    0.156490 ^ clkbuf_1_1__f_clk/A (sky130_fd_sc_hd__clkbuf_16)
     4    0.010880    0.034093    0.114943    0.271433 ^ clkbuf_1_1__f_clk/X (sky130_fd_sc_hd__clkbuf_16)
                                                         clknet_1_1__leaf_clk (net)
                      0.034093    0.000254    0.271687 ^ _98_/CLK (sky130_fd_sc_hd__dfrtp_1)
     3    0.010165    0.101624    0.359918    0.631605 ^ _98_/Q (sky130_fd_sc_hd__dfrtp_1)
                                                         net16 (net)
                      0.101625    0.000451    0.632056 ^ _67_/B (sky130_fd_sc_hd__nor2_1)
     3    0.009052    0.052970    0.076199    0.708255 v _67_/Y (sky130_fd_sc_hd__nor2_1)
                                                         _30_ (net)
                      0.052970    0.000228    0.708483 v _69_/A_N (sky130_fd_sc_hd__and2b_1)
     1    0.005072    0.059593    0.200130    0.908613 ^ _69_/X (sky130_fd_sc_hd__and2b_1)
                                                         _32_ (net)
                      0.059593    0.000110    0.908723 ^ _71_/A (sky130_fd_sc_hd__xnor2_1)
     1    0.003460    0.038452    0.071305    0.980028 v _71_/Y (sky130_fd_sc_hd__xnor2_1)
                                                         adder.high.sum[2] (net)
                      0.038452    0.000095    0.980123 v _98_/D (sky130_fd_sc_hd__dfrtp_1)
                                              0.980123   data arrival time

                                  0.000000    0.000000   clock clk (rise edge)
                                  0.000000    0.000000   clock source latency
     1    0.009169    0.047729    0.031375    0.031375 ^ clk (in)
                                                         clk (net)
                      0.047731    0.000000    0.031375 ^ clkbuf_0_clk/A (sky130_fd_sc_hd__clkbuf_16)
     2    0.018152    0.040272    0.124549    0.155924 ^ clkbuf_0_clk/X (sky130_fd_sc_hd__clkbuf_16)
                                                         clknet_0_clk (net)
                      0.040274    0.000566    0.156490 ^ clkbuf_1_1__f_clk/A (sky130_fd_sc_hd__clkbuf_16)
     4    0.010880    0.034093    0.114943    0.271433 ^ clkbuf_1_1__f_clk/X (sky130_fd_sc_hd__clkbuf_16)
                                                         clknet_1_1__leaf_clk (net)
                      0.034093    0.000254    0.271687 ^ _98_/CLK (sky130_fd_sc_hd__dfrtp_1)
                                  0.250000    0.521687   clock uncertainty
                                  0.000000    0.521687   clock reconvergence pessimism
                                 -0.045597    0.476090   library hold time
                                              0.476090   data required time
---------------------------------------------------------------------------------------------
                                              0.476090   data required time
                                             -0.980123   data arrival time
---------------------------------------------------------------------------------------------
                                              0.504033   slack (MET)


Startpoint: rst (input port clocked by clk)
Endpoint: _97_ (removal check against rising-edge clock clk)
Path Group: asynchronous
Path Type: min

Fanout         Cap        Slew       Delay        Time   Description
---------------------------------------------------------------------------------------------
                                  0.000000    0.000000   clock clk (rise edge)
                                  0.000000    0.000000   clock network delay (propagated)
                                  4.000000    4.000000 v input external delay
     1    0.002521    0.007977    0.003976    4.003976 v rst (in)
                                                         rst (net)
                      0.007978    0.000000    4.003976 v input9/A (sky130_fd_sc_hd__clkbuf_4)
     8    0.041834    0.093365    0.177777    4.181754 v input9/X (sky130_fd_sc_hd__clkbuf_4)
                                                         net9 (net)
                      0.093390    0.001445    4.183198 v _89_/A (sky130_fd_sc_hd__inv_2)
     1    0.004299    0.037506    0.063912    4.247110 ^ _89_/Y (sky130_fd_sc_hd__inv_2)
                                                         _05_ (net)
                      0.037506    0.000100    4.247210 ^ _97_/RESET_B (sky130_fd_sc_hd__dfrtp_1)
                                              4.247210   data arrival time

                                  0.000000    0.000000   clock clk (rise edge)
                                  0.000000    0.000000   clock source latency
     1    0.009169    0.047729    0.031375    0.031375 ^ clk (in)
                                                         clk (net)
                      0.047731    0.000000    0.031375 ^ clkbuf_0_clk/A (sky130_fd_sc_hd__clkbuf_16)
     2    0.018152    0.040272    0.124549    0.155924 ^ clkbuf_0_clk/X (sky130_fd_sc_hd__clkbuf_16)
                                                         clknet_0_clk (net)
                      0.040273    0.000363    0.156287 ^ clkbuf_1_0__f_clk/A (sky130_fd_sc_hd__clkbuf_16)
     4    0.011657    0.034755    0.115685    0.271972 ^ clkbuf_1_0__f_clk/X (sky130_fd_sc_hd__clkbuf_16)
                                                         clknet_1_0__leaf_clk (net)
                      0.034755    0.000251    0.272223 ^ _97_/CLK (sky130_fd_sc_hd__dfrtp_1)
                                  0.250000    0.522223   clock uncertainty
                                  0.000000    0.522223   clock reconvergence pessimism
                                  0.315394    0.837617   library removal time
                                              0.837617   data required time
---------------------------------------------------------------------------------------------
                                              0.837617   data required time
                                             -4.247210   data arrival time
---------------------------------------------------------------------------------------------
                                              3.409593   slack (MET)


Startpoint: rst (input port clocked by clk)
Endpoint: _93_ (removal check against rising-edge clock clk)
Path Group: asynchronous
Path Type: min

Fanout         Cap        Slew       Delay        Time   Description
---------------------------------------------------------------------------------------------
                                  0.000000    0.000000   clock clk (rise edge)
                                  0.000000    0.000000   clock network delay (propagated)
                                  4.000000    4.000000 v input external delay
     1    0.002521    0.007977    0.003976    4.003976 v rst (in)
                                                         rst (net)
                      0.007978    0.000000    4.003976 v input9/A (sky130_fd_sc_hd__clkbuf_4)
     8    0.041834    0.093365    0.177777    4.181754 v input9/X (sky130_fd_sc_hd__clkbuf_4)
                                                         net9 (net)
                      0.093371    0.000797    4.182550 v _85_/A (sky130_fd_sc_hd__inv_2)
     1    0.004529    0.038294    0.064821    4.247371 ^ _85_/Y (sky130_fd_sc_hd__inv_2)
                                                         _01_ (net)
                      0.038294    0.000080    4.247451 ^ _93_/RESET_B (sky130_fd_sc_hd__dfrtp_1)
                                              4.247451   data arrival time

                                  0.000000    0.000000   clock clk (rise edge)
                                  0.000000    0.000000   clock source latency
     1    0.009169    0.047729    0.031375    0.031375 ^ clk (in)
                                                         clk (net)
                      0.047731    0.000000    0.031375 ^ clkbuf_0_clk/A (sky130_fd_sc_hd__clkbuf_16)
     2    0.018152    0.040272    0.124549    0.155924 ^ clkbuf_0_clk/X (sky130_fd_sc_hd__clkbuf_16)
                                                         clknet_0_clk (net)
                      0.040274    0.000566    0.156490 ^ clkbuf_1_1__f_clk/A (sky130_fd_sc_hd__clkbuf_16)
     4    0.010880    0.034093    0.114943    0.271433 ^ clkbuf_1_1__f_clk/X (sky130_fd_sc_hd__clkbuf_16)
                                                         clknet_1_1__leaf_clk (net)
                      0.034093    0.000348    0.271781 ^ _93_/CLK (sky130_fd_sc_hd__dfrtp_1)
                                  0.250000    0.521781   clock uncertainty
                                  0.000000    0.521781   clock reconvergence pessimism
                                  0.315430    0.837211   library removal time
                                              0.837211   data required time
---------------------------------------------------------------------------------------------
                                              0.837211   data required time
                                             -4.247451   data arrival time
---------------------------------------------------------------------------------------------
                                              3.410240   slack (MET)


Startpoint: rst (input port clocked by clk)
Endpoint: _95_ (removal check against rising-edge clock clk)
Path Group: asynchronous
Path Type: min

Fanout         Cap        Slew       Delay        Time   Description
---------------------------------------------------------------------------------------------
                                  0.000000    0.000000   clock clk (rise edge)
                                  0.000000    0.000000   clock network delay (propagated)
                                  4.000000    4.000000 v input external delay
     1    0.002521    0.007977    0.003976    4.003976 v rst (in)
                                                         rst (net)
                      0.007978    0.000000    4.003976 v input9/A (sky130_fd_sc_hd__clkbuf_4)
     8    0.041834    0.093365    0.177777    4.181754 v input9/X (sky130_fd_sc_hd__clkbuf_4)
                                                         net9 (net)
                      0.093377    0.001045    4.182799 v _87_/A (sky130_fd_sc_hd__inv_2)
     1    0.004890    0.039469    0.066078    4.248878 ^ _87_/Y (sky130_fd_sc_hd__inv_2)
                                                         _03_ (net)
                      0.039469    0.000141    4.249019 ^ _95_/RESET_B (sky130_fd_sc_hd__dfrtp_1)
                                              4.249019   data arrival time

                                  0.000000    0.000000   clock clk (rise edge)
                                  0.000000    0.000000   clock source latency
     1    0.009169    0.047729    0.031375    0.031375 ^ clk (in)
                                                         clk (net)
                      0.047731    0.000000    0.031375 ^ clkbuf_0_clk/A (sky130_fd_sc_hd__clkbuf_16)
     2    0.018152    0.040272    0.124549    0.155924 ^ clkbuf_0_clk/X (sky130_fd_sc_hd__clkbuf_16)
                                                         clknet_0_clk (net)
                      0.040273    0.000363    0.156287 ^ clkbuf_1_0__f_clk/A (sky130_fd_sc_hd__clkbuf_16)
     4    0.011657    0.034755    0.115685    0.271972 ^ clkbuf_1_0__f_clk/X (sky130_fd_sc_hd__clkbuf_16)
                                                         clknet_1_0__leaf_clk (net)
                      0.034755    0.000327    0.272299 ^ _95_/CLK (sky130_fd_sc_hd__dfrtp_1)
                                  0.250000    0.522299   clock uncertainty
                                  0.000000    0.522299   clock reconvergence pessimism
                                  0.315934    0.838233   library removal time
                                              0.838233   data required time
---------------------------------------------------------------------------------------------
                                              0.838233   data required time
                                             -4.249019   data arrival time
---------------------------------------------------------------------------------------------
                                              3.410785   slack (MET)


Startpoint: rst (input port clocked by clk)
Endpoint: _98_ (removal check against rising-edge clock clk)
Path Group: asynchronous
Path Type: min

Fanout         Cap        Slew       Delay        Time   Description
---------------------------------------------------------------------------------------------
                                  0.000000    0.000000   clock clk (rise edge)
                                  0.000000    0.000000   clock network delay (propagated)
                                  4.000000    4.000000 v input external delay
     1    0.002521    0.007977    0.003976    4.003976 v rst (in)
                                                         rst (net)
                      0.007978    0.000000    4.003976 v input9/A (sky130_fd_sc_hd__clkbuf_4)
     8    0.041834    0.093365    0.177777    4.181754 v input9/X (sky130_fd_sc_hd__clkbuf_4)
                                                         net9 (net)
                      0.093392    0.001483    4.183237 v _90_/A (sky130_fd_sc_hd__inv_2)
     1    0.004752    0.039025    0.065600    4.248837 ^ _90_/Y (sky130_fd_sc_hd__inv_2)
                                                         _06_ (net)
                      0.039025    0.000134    4.248970 ^ _98_/RESET_B (sky130_fd_sc_hd__dfrtp_1)
                                              4.248970   data arrival time

                                  0.000000    0.000000   clock clk (rise edge)
                                  0.000000    0.000000   clock source latency
     1    0.009169    0.047729    0.031375    0.031375 ^ clk (in)
                                                         clk (net)
                      0.047731    0.000000    0.031375 ^ clkbuf_0_clk/A (sky130_fd_sc_hd__clkbuf_16)
     2    0.018152    0.040272    0.124549    0.155924 ^ clkbuf_0_clk/X (sky130_fd_sc_hd__clkbuf_16)
                                                         clknet_0_clk (net)
                      0.040274    0.000566    0.156490 ^ clkbuf_1_1__f_clk/A (sky130_fd_sc_hd__clkbuf_16)
     4    0.010880    0.034093    0.114943    0.271433 ^ clkbuf_1_1__f_clk/X (sky130_fd_sc_hd__clkbuf_16)
                                                         clknet_1_1__leaf_clk (net)
                      0.034093    0.000254    0.271687 ^ _98_/CLK (sky130_fd_sc_hd__dfrtp_1)
                                  0.250000    0.521687   clock uncertainty
                                  0.000000    0.521687   clock reconvergence pessimism
                                  0.315631    0.837318   library removal time
                                              0.837318   data required time
---------------------------------------------------------------------------------------------
                                              0.837318   data required time
                                             -4.248970   data arrival time
---------------------------------------------------------------------------------------------
                                              3.411652   slack (MET)


Startpoint: rst (input port clocked by clk)
Endpoint: _94_ (removal check against rising-edge clock clk)
Path Group: asynchronous
Path Type: min

Fanout         Cap        Slew       Delay        Time   Description
---------------------------------------------------------------------------------------------
                                  0.000000    0.000000   clock clk (rise edge)
                                  0.000000    0.000000   clock network delay (propagated)
                                  4.000000    4.000000 v input external delay
     1    0.002521    0.007977    0.003976    4.003976 v rst (in)
                                                         rst (net)
                      0.007978    0.000000    4.003976 v input9/A (sky130_fd_sc_hd__clkbuf_4)
     8    0.041834    0.093365    0.177777    4.181754 v input9/X (sky130_fd_sc_hd__clkbuf_4)
                                                         net9 (net)
                      0.093392    0.001500    4.183254 v _86_/A (sky130_fd_sc_hd__inv_2)
     1    0.005099    0.040153    0.066831    4.250084 ^ _86_/Y (sky130_fd_sc_hd__inv_2)
                                                         _02_ (net)
                      0.040153    0.000114    4.250198 ^ _94_/RESET_B (sky130_fd_sc_hd__dfrtp_1)
                                              4.250198   data arrival time

                                  0.000000    0.000000   clock clk (rise edge)
                                  0.000000    0.000000   clock source latency
     1    0.009169    0.047729    0.031375    0.031375 ^ clk (in)
                                                         clk (net)
                      0.047731    0.000000    0.031375 ^ clkbuf_0_clk/A (sky130_fd_sc_hd__clkbuf_16)
     2    0.018152    0.040272    0.124549    0.155924 ^ clkbuf_0_clk/X (sky130_fd_sc_hd__clkbuf_16)
                                                         clknet_0_clk (net)
                      0.040273    0.000363    0.156287 ^ clkbuf_1_0__f_clk/A (sky130_fd_sc_hd__clkbuf_16)
     4    0.011657    0.034755    0.115685    0.271972 ^ clkbuf_1_0__f_clk/X (sky130_fd_sc_hd__clkbuf_16)
                                                         clknet_1_0__leaf_clk (net)
                      0.034755    0.000361    0.272334 ^ _94_/CLK (sky130_fd_sc_hd__dfrtp_1)
                                  0.250000    0.522334   clock uncertainty
                                  0.000000    0.522334   clock reconvergence pessimism
                                  0.316122    0.838456   library removal time
                                              0.838456   data required time
---------------------------------------------------------------------------------------------
                                              0.838456   data required time
                                             -4.250198   data arrival time
---------------------------------------------------------------------------------------------
                                              3.411743   slack (MET)


Startpoint: rst (input port clocked by clk)
Endpoint: _96_ (removal check against rising-edge clock clk)
Path Group: asynchronous
Path Type: min

Fanout         Cap        Slew       Delay        Time   Description
---------------------------------------------------------------------------------------------
                                  0.000000    0.000000   clock clk (rise edge)
                                  0.000000    0.000000   clock network delay (propagated)
                                  4.000000    4.000000 v input external delay
     1    0.002521    0.007977    0.003976    4.003976 v rst (in)
                                                         rst (net)
                      0.007978    0.000000    4.003976 v input9/A (sky130_fd_sc_hd__clkbuf_4)
     8    0.041834    0.093365    0.177777    4.181754 v input9/X (sky130_fd_sc_hd__clkbuf_4)
                                                         net9 (net)
                      0.093387    0.001375    4.183129 v _88_/A (sky130_fd_sc_hd__inv_2)
     1    0.005555    0.041630    0.068407    4.251536 ^ _88_/Y (sky130_fd_sc_hd__inv_2)
                                                         _04_ (net)
                      0.041630    0.000191    4.251726 ^ _96_/RESET_B (sky130_fd_sc_hd__dfrtp_1)
                                              4.251726   data arrival time

                                  0.000000    0.000000   clock clk (rise edge)
                                  0.000000    0.000000   clock source latency
     1    0.009169    0.047729    0.031375    0.031375 ^ clk (in)
                                                         clk (net)
                      0.047731    0.000000    0.031375 ^ clkbuf_0_clk/A (sky130_fd_sc_hd__clkbuf_16)
     2    0.018152    0.040272    0.124549    0.155924 ^ clkbuf_0_clk/X (sky130_fd_sc_hd__clkbuf_16)
                                                         clknet_0_clk (net)
                      0.040273    0.000363    0.156287 ^ clkbuf_1_0__f_clk/A (sky130_fd_sc_hd__clkbuf_16)
     4    0.011657    0.034755    0.115685    0.271972 ^ clkbuf_1_0__f_clk/X (sky130_fd_sc_hd__clkbuf_16)
                                                         clknet_1_0__leaf_clk (net)
                      0.034755    0.000325    0.272297 ^ _96_/CLK (sky130_fd_sc_hd__dfrtp_1)
                                  0.250000    0.522297   clock uncertainty
                                  0.000000    0.522297   clock reconvergence pessimism
                                  0.316529    0.838826   library removal time
                                              0.838826   data required time
---------------------------------------------------------------------------------------------
                                              0.838826   data required time
                                             -4.251726   data arrival time
---------------------------------------------------------------------------------------------
                                              3.412900   slack (MET)


Startpoint: rst (input port clocked by clk)
Endpoint: _99_ (removal check against rising-edge clock clk)
Path Group: asynchronous
Path Type: min

Fanout         Cap        Slew       Delay        Time   Description
---------------------------------------------------------------------------------------------
                                  0.000000    0.000000   clock clk (rise edge)
                                  0.000000    0.000000   clock network delay (propagated)
                                  4.000000    4.000000 v input external delay
     1    0.002521    0.007977    0.003976    4.003976 v rst (in)
                                                         rst (net)
                      0.007978    0.000000    4.003976 v input9/A (sky130_fd_sc_hd__clkbuf_4)
     8    0.041834    0.093365    0.177777    4.181754 v input9/X (sky130_fd_sc_hd__clkbuf_4)
                                                         net9 (net)
                      0.093387    0.001375    4.183129 v _91_/A (sky130_fd_sc_hd__inv_2)
     1    0.005376    0.041050    0.067787    4.250916 ^ _91_/Y (sky130_fd_sc_hd__inv_2)
                                                         _07_ (net)
                      0.041051    0.000171    4.251087 ^ _99_/RESET_B (sky130_fd_sc_hd__dfrtp_1)
                                              4.251087   data arrival time

                                  0.000000    0.000000   clock clk (rise edge)
                                  0.000000    0.000000   clock source latency
     1    0.009169    0.047729    0.031375    0.031375 ^ clk (in)
                                                         clk (net)
                      0.047731    0.000000    0.031375 ^ clkbuf_0_clk/A (sky130_fd_sc_hd__clkbuf_16)
     2    0.018152    0.040272    0.124549    0.155924 ^ clkbuf_0_clk/X (sky130_fd_sc_hd__clkbuf_16)
                                                         clknet_0_clk (net)
                      0.040274    0.000566    0.156490 ^ clkbuf_1_1__f_clk/A (sky130_fd_sc_hd__clkbuf_16)
     4    0.010880    0.034093    0.114943    0.271433 ^ clkbuf_1_1__f_clk/X (sky130_fd_sc_hd__clkbuf_16)
                                                         clknet_1_1__leaf_clk (net)
                      0.034093    0.000348    0.271781 ^ _99_/CLK (sky130_fd_sc_hd__dfrtp_1)
                                  0.250000    0.521781   clock uncertainty
                                  0.000000    0.521781   clock reconvergence pessimism
                                  0.316189    0.837970   library removal time
                                              0.837970   data required time
---------------------------------------------------------------------------------------------
                                              0.837970   data required time
                                             -4.251087   data arrival time
---------------------------------------------------------------------------------------------
                                              3.413117   slack (MET)


Startpoint: rst (input port clocked by clk)
Endpoint: _92_ (removal check against rising-edge clock clk)
Path Group: asynchronous
Path Type: min

Fanout         Cap        Slew       Delay        Time   Description
---------------------------------------------------------------------------------------------
                                  0.000000    0.000000   clock clk (rise edge)
                                  0.000000    0.000000   clock network delay (propagated)
                                  4.000000    4.000000 v input external delay
     1    0.002521    0.007977    0.003976    4.003976 v rst (in)
                                                         rst (net)
                      0.007978    0.000000    4.003976 v input9/A (sky130_fd_sc_hd__clkbuf_4)
     8    0.041834    0.093365    0.177777    4.181754 v input9/X (sky130_fd_sc_hd__clkbuf_4)
                                                         net9 (net)
                      0.093368    0.000599    4.182353 v _42_/A (sky130_fd_sc_hd__inv_2)
     1    0.005702    0.042112    0.068916    4.251268 ^ _42_/Y (sky130_fd_sc_hd__inv_2)
                                                         _00_ (net)
                      0.042113    0.000198    4.251466 ^ _92_/RESET_B (sky130_fd_sc_hd__dfrtp_1)
                                              4.251466   data arrival time

                                  0.000000    0.000000   clock clk (rise edge)
                                  0.000000    0.000000   clock source latency
     1    0.009169    0.047729    0.031375    0.031375 ^ clk (in)
                                                         clk (net)
                      0.047731    0.000000    0.031375 ^ clkbuf_0_clk/A (sky130_fd_sc_hd__clkbuf_16)
     2    0.018152    0.040272    0.124549    0.155924 ^ clkbuf_0_clk/X (sky130_fd_sc_hd__clkbuf_16)
                                                         clknet_0_clk (net)
                      0.040274    0.000566    0.156490 ^ clkbuf_1_1__f_clk/A (sky130_fd_sc_hd__clkbuf_16)
     4    0.010880    0.034093    0.114943    0.271433 ^ clkbuf_1_1__f_clk/X (sky130_fd_sc_hd__clkbuf_16)
                                                         clknet_1_1__leaf_clk (net)
                      0.034093    0.000349    0.271781 ^ _92_/CLK (sky130_fd_sc_hd__dfrtp_1)
                                  0.250000    0.521781   clock uncertainty
                                  0.000000    0.521781   clock reconvergence pessimism
                                  0.316481    0.838262   library removal time
                                              0.838262   data required time
---------------------------------------------------------------------------------------------
                                              0.838262   data required time
                                             -4.251466   data arrival time
---------------------------------------------------------------------------------------------
                                              3.413204   slack (MET)


Startpoint: _99_ (rising edge-triggered flip-flop clocked by clk)
Endpoint: acc[7] (output port clocked by clk)
Path Group: clk
Path Type: min

Fanout         Cap        Slew       Delay        Time   Description
---------------------------------------------------------------------------------------------
                                  0.000000    0.000000   clock clk (rise edge)
                                  0.000000    0.000000   clock source latency
     1    0.009169    0.047729    0.031375    0.031375 ^ clk (in)
                                                         clk (net)
                      0.047731    0.000000    0.031375 ^ clkbuf_0_clk/A (sky130_fd_sc_hd__clkbuf_16)
     2    0.018152    0.040272    0.124549    0.155924 ^ clkbuf_0_clk/X (sky130_fd_sc_hd__clkbuf_16)
                                                         clknet_0_clk (net)
                      0.040274    0.000566    0.156490 ^ clkbuf_1_1__f_clk/A (sky130_fd_sc_hd__clkbuf_16)
     4    0.010880    0.034093    0.114943    0.271433 ^ clkbuf_1_1__f_clk/X (sky130_fd_sc_hd__clkbuf_16)
                                                         clknet_1_1__leaf_clk (net)
                      0.034093    0.000348    0.271781 ^ _99_/CLK (sky130_fd_sc_hd__dfrtp_1)
     2    0.007721    0.083109    0.344117    0.615898 ^ _99_/Q (sky130_fd_sc_hd__dfrtp_1)
                                                         net17 (net)
                      0.083109    0.000145    0.616043 ^ output17/A (sky130_fd_sc_hd__buf_2)
     1    0.033868    0.168557    0.210606    0.826649 ^ output17/X (sky130_fd_sc_hd__buf_2)
                                                         acc[7] (net)
                      0.168560    0.000935    0.827584 ^ acc[7] (out)
                                              0.827584   data arrival time

                                  0.000000    0.000000   clock clk (rise edge)
                                  0.000000    0.000000   clock network delay (propagated)
                                  0.250000    0.250000   clock uncertainty
                                  0.000000    0.250000   clock reconvergence pessimism
                                 -4.000000   -3.750000   output external delay
                                             -3.750000   data required time
---------------------------------------------------------------------------------------------
                                             -3.750000   data required time
                                             -0.827584   data arrival time
---------------------------------------------------------------------------------------------
                                              4.577584   slack (MET)


Startpoint: _92_ (rising edge-triggered flip-flop clocked by clk)
Endpoint: acc[0] (output port clocked by clk)
Path Group: clk
Path Type: min

Fanout         Cap        Slew       Delay        Time   Description
---------------------------------------------------------------------------------------------
                                  0.000000    0.000000   clock clk (rise edge)
                                  0.000000    0.000000   clock source latency
     1    0.009169    0.047729    0.031375    0.031375 ^ clk (in)
                                                         clk (net)
                      0.047731    0.000000    0.031375 ^ clkbuf_0_clk/A (sky130_fd_sc_hd__clkbuf_16)
     2    0.018152    0.040272    0.124549    0.155924 ^ clkbuf_0_clk/X (sky130_fd_sc_hd__clkbuf_16)
                                                         clknet_0_clk (net)
                      0.040274    0.000566    0.156490 ^ clkbuf_1_1__f_clk/A (sky130_fd_sc_hd__clkbuf_16)
     4    0.010880    0.034093    0.114943    0.271433 ^ clkbuf_1_1__f_clk/X (sky130_fd_sc_hd__clkbuf_16)
                                                         clknet_1_1__leaf_clk (net)
                      0.034093    0.000349    0.271781 ^ _92_/CLK (sky130_fd_sc_hd__dfrtp_1)
     3    0.008565    0.089634    0.349720    0.621502 ^ _92_/Q (sky130_fd_sc_hd__dfrtp_1)
                                                         net10 (net)
                      0.089634    0.000293    0.621794 ^ output10/A (sky130_fd_sc_hd__buf_2)
     1    0.034860    0.173251    0.216198    0.837992 ^ output10/X (sky130_fd_sc_hd__buf_2)
                                                         acc[0] (net)
                      0.173255    0.001093    0.839085 ^ acc[0] (out)
                                              0.839085   data arrival time

                                  0.000000    0.000000   clock clk (rise edge)
                                  0.000000    0.000000   clock network delay (propagated)
                                  0.250000    0.250000   clock uncertainty
                                  0.000000    0.250000   clock reconvergence pessimism
                                 -4.000000   -3.750000   output external delay
                                             -3.750000   data required time
---------------------------------------------------------------------------------------------
                                             -3.750000   data required time
                                             -0.839085   data arrival time
---------------------------------------------------------------------------------------------
                                              4.589085   slack (MET)


Startpoint: _97_ (rising edge-triggered flip-flop clocked by clk)
Endpoint: acc[5] (output port clocked by clk)
Path Group: clk
Path Type: min

Fanout         Cap        Slew       Delay        Time   Description
---------------------------------------------------------------------------------------------
                                  0.000000    0.000000   clock clk (rise edge)
                                  0.000000    0.000000   clock source latency
     1    0.009169    0.047729    0.031375    0.031375 ^ clk (in)
                                                         clk (net)
                      0.047731    0.000000    0.031375 ^ clkbuf_0_clk/A (sky130_fd_sc_hd__clkbuf_16)
     2    0.018152    0.040272    0.124549    0.155924 ^ clkbuf_0_clk/X (sky130_fd_sc_hd__clkbuf_16)
                                                         clknet_0_clk (net)
                      0.040273    0.000363    0.156287 ^ clkbuf_1_0__f_clk/A (sky130_fd_sc_hd__clkbuf_16)
     4    0.011657    0.034755    0.115685    0.271972 ^ clkbuf_1_0__f_clk/X (sky130_fd_sc_hd__clkbuf_16)
                                                         clknet_1_0__leaf_clk (net)
                      0.034755    0.000251    0.272223 ^ _97_/CLK (sky130_fd_sc_hd__dfrtp_1)
     3    0.008231    0.064931    0.379228    0.651452 v _97_/Q (sky130_fd_sc_hd__dfrtp_1)
                                                         net15 (net)
                      0.064931    0.000200    0.651651 v output15/A (sky130_fd_sc_hd__buf_2)
     1    0.035430    0.092117    0.190861    0.842512 v output15/X (sky130_fd_sc_hd__buf_2)
                                                         acc[5] (net)
                      0.092128    0.001003    0.843515 v acc[5] (out)
                                              0.843515   data arrival time

                                  0.000000    0.000000   clock clk (rise edge)
                                  0.000000    0.000000   clock network delay (propagated)
                                  0.250000    0.250000   clock uncertainty
                                  0.000000    0.250000   clock reconvergence pessimism
                                 -4.000000   -3.750000   output external delay
                                             -3.750000   data required time
---------------------------------------------------------------------------------------------
                                             -3.750000   data required time
                                             -0.843515   data arrival time
---------------------------------------------------------------------------------------------
                                              4.593514   slack (MET)


Startpoint: _95_ (rising edge-triggered flip-flop clocked by clk)
Endpoint: acc[3] (output port clocked by clk)
Path Group: clk
Path Type: min

Fanout         Cap        Slew       Delay        Time   Description
---------------------------------------------------------------------------------------------
                                  0.000000    0.000000   clock clk (rise edge)
                                  0.000000    0.000000   clock source latency
     1    0.009169    0.047729    0.031375    0.031375 ^ clk (in)
                                                         clk (net)
                      0.047731    0.000000    0.031375 ^ clkbuf_0_clk/A (sky130_fd_sc_hd__clkbuf_16)
     2    0.018152    0.040272    0.124549    0.155924 ^ clkbuf_0_clk/X (sky130_fd_sc_hd__clkbuf_16)
                                                         clknet_0_clk (net)
                      0.040273    0.000363    0.156287 ^ clkbuf_1_0__f_clk/A (sky130_fd_sc_hd__clkbuf_16)
     4    0.011657    0.034755    0.115685    0.271972 ^ clkbuf_1_0__f_clk/X (sky130_fd_sc_hd__clkbuf_16)
                                                         clknet_1_0__leaf_clk (net)
                      0.034755    0.000327    0.272299 ^ _95_/CLK (sky130_fd_sc_hd__dfrtp_1)
     3    0.008706    0.066272    0.381751    0.654050 v _95_/Q (sky130_fd_sc_hd__dfrtp_1)
                                                         net13 (net)
                      0.066273    0.000265    0.654316 v output13/A (sky130_fd_sc_hd__buf_2)
     1    0.034429    0.089904    0.189722    0.844037 v output13/X (sky130_fd_sc_hd__buf_2)
                                                         acc[3] (net)
                      0.089912    0.000854    0.844891 v acc[3] (out)
                                              0.844891   data arrival time

                                  0.000000    0.000000   clock clk (rise edge)
                                  0.000000    0.000000   clock network delay (propagated)
                                  0.250000    0.250000   clock uncertainty
                                  0.000000    0.250000   clock reconvergence pessimism
                                 -4.000000   -3.750000   output external delay
                                             -3.750000   data required time
---------------------------------------------------------------------------------------------
                                             -3.750000   data required time
                                             -0.844891   data arrival time
---------------------------------------------------------------------------------------------
                                              4.594891   slack (MET)


Startpoint: _93_ (rising edge-triggered flip-flop clocked by clk)
Endpoint: acc[1] (output port clocked by clk)
Path Group: clk
Path Type: min

Fanout         Cap        Slew       Delay        Time   Description
---------------------------------------------------------------------------------------------
                                  0.000000    0.000000   clock clk (rise edge)
                                  0.000000    0.000000   clock source latency
     1    0.009169    0.047729    0.031375    0.031375 ^ clk (in)
                                                         clk (net)
                      0.047731    0.000000    0.031375 ^ clkbuf_0_clk/A (sky130_fd_sc_hd__clkbuf_16)
     2    0.018152    0.040272    0.124549    0.155924 ^ clkbuf_0_clk/X (sky130_fd_sc_hd__clkbuf_16)
                                                         clknet_0_clk (net)
                      0.040274    0.000566    0.156490 ^ clkbuf_1_1__f_clk/A (sky130_fd_sc_hd__clkbuf_16)
     4    0.010880    0.034093    0.114943    0.271433 ^ clkbuf_1_1__f_clk/X (sky130_fd_sc_hd__clkbuf_16)
                                                         clknet_1_1__leaf_clk (net)
                      0.034093    0.000348    0.271781 ^ _93_/CLK (sky130_fd_sc_hd__dfrtp_1)
     3    0.009012    0.067052    0.383111    0.654892 v _93_/Q (sky130_fd_sc_hd__dfrtp_1)
                                                         net11 (net)
                      0.067052    0.000308    0.655200 v output11/A (sky130_fd_sc_hd__buf_2)
     1    0.033847    0.088690    0.188931    0.844131 v output11/X (sky130_fd_sc_hd__buf_2)
                                                         acc[1] (net)
                      0.088700    0.000933    0.845064 v acc[1] (out)
                                              0.845064   data arrival time

                                  0.000000    0.000000   clock clk (rise edge)
                                  0.000000    0.000000   clock network delay (propagated)
                                  0.250000    0.250000   clock uncertainty
                                  0.000000    0.250000   clock reconvergence pessimism
                                 -4.000000   -3.750000   output external delay
                                             -3.750000   data required time
---------------------------------------------------------------------------------------------
                                             -3.750000   data required time
                                             -0.845064   data arrival time
---------------------------------------------------------------------------------------------
                                              4.595064   slack (MET)


Startpoint: _96_ (rising edge-triggered flip-flop clocked by clk)
Endpoint: acc[4] (output port clocked by clk)
Path Group: clk
Path Type: min

Fanout         Cap        Slew       Delay        Time   Description
---------------------------------------------------------------------------------------------
                                  0.000000    0.000000   clock clk (rise edge)
                                  0.000000    0.000000   clock source latency
     1    0.009169    0.047729    0.031375    0.031375 ^ clk (in)
                                                         clk (net)
                      0.047731    0.000000    0.031375 ^ clkbuf_0_clk/A (sky130_fd_sc_hd__clkbuf_16)
     2    0.018152    0.040272    0.124549    0.155924 ^ clkbuf_0_clk/X (sky130_fd_sc_hd__clkbuf_16)
                                                         clknet_0_clk (net)
                      0.040273    0.000363    0.156287 ^ clkbuf_1_0__f_clk/A (sky130_fd_sc_hd__clkbuf_16)
     4    0.011657    0.034755    0.115685    0.271972 ^ clkbuf_1_0__f_clk/X (sky130_fd_sc_hd__clkbuf_16)
                                                         clknet_1_0__leaf_clk (net)
                      0.034755    0.000325    0.272297 ^ _96_/CLK (sky130_fd_sc_hd__dfrtp_1)
     3    0.009114    0.067272    0.383852    0.656150 v _96_/Q (sky130_fd_sc_hd__dfrtp_1)
                                                         net14 (net)
                      0.067340    0.000410    0.656559 v output14/A (sky130_fd_sc_hd__buf_2)
     1    0.034670    0.090454    0.190600    0.847159 v output14/X (sky130_fd_sc_hd__buf_2)
                                                         acc[4] (net)
                      0.090463    0.000931    0.848090 v acc[4] (out)
                                              0.848090   data arrival time

                                  0.000000    0.000000   clock clk (rise edge)
                                  0.000000    0.000000   clock network delay (propagated)
                                  0.250000    0.250000   clock uncertainty
                                  0.000000    0.250000   clock reconvergence pessimism
                                 -4.000000   -3.750000   output external delay
                                             -3.750000   data required time
---------------------------------------------------------------------------------------------
                                             -3.750000   data required time
                                             -0.848090   data arrival time
---------------------------------------------------------------------------------------------
                                              4.598090   slack (MET)


Startpoint: _98_ (rising edge-triggered flip-flop clocked by clk)
Endpoint: acc[6] (output port clocked by clk)
Path Group: clk
Path Type: min

Fanout         Cap        Slew       Delay        Time   Description
---------------------------------------------------------------------------------------------
                                  0.000000    0.000000   clock clk (rise edge)
                                  0.000000    0.000000   clock source latency
     1    0.009169    0.047729    0.031375    0.031375 ^ clk (in)
                                                         clk (net)
                      0.047731    0.000000    0.031375 ^ clkbuf_0_clk/A (sky130_fd_sc_hd__clkbuf_16)
     2    0.018152    0.040272    0.124549    0.155924 ^ clkbuf_0_clk/X (sky130_fd_sc_hd__clkbuf_16)
                                                         clknet_0_clk (net)
                      0.040274    0.000566    0.156490 ^ clkbuf_1_1__f_clk/A (sky130_fd_sc_hd__clkbuf_16)
     4    0.010880    0.034093    0.114943    0.271433 ^ clkbuf_1_1__f_clk/X (sky130_fd_sc_hd__clkbuf_16)
                                                         clknet_1_1__leaf_clk (net)
                      0.034093    0.000254    0.271687 ^ _98_/CLK (sky130_fd_sc_hd__dfrtp_1)
     3    0.009502    0.068688    0.385575    0.657262 v _98_/Q (sky130_fd_sc_hd__dfrtp_1)
                                                         net16 (net)
                      0.068688    0.000334    0.657595 v output16/A (sky130_fd_sc_hd__buf_2)
     1    0.034632    0.090380    0.191133    0.848728 v output16/X (sky130_fd_sc_hd__buf_2)
                                                         acc[6] (net)
                      0.090389    0.000941    0.849669 v acc[6] (out)
                                              0.849669   data arrival time

                                  0.000000    0.000000   clock clk (rise edge)
                                  0.000000    0.000000   clock network delay (propagated)
                                  0.250000    0.250000   clock uncertainty
                                  0.000000    0.250000   clock reconvergence pessimism
                                 -4.000000   -3.750000   output external delay
                                             -3.750000   data required time
---------------------------------------------------------------------------------------------
                                             -3.750000   data required time
                                             -0.849669   data arrival time
---------------------------------------------------------------------------------------------
                                              4.599669   slack (MET)


Startpoint: _94_ (rising edge-triggered flip-flop clocked by clk)
Endpoint: acc[2] (output port clocked by clk)
Path Group: clk
Path Type: min

Fanout         Cap        Slew       Delay        Time   Description
---------------------------------------------------------------------------------------------
                                  0.000000    0.000000   clock clk (rise edge)
                                  0.000000    0.000000   clock source latency
     1    0.009169    0.047729    0.031375    0.031375 ^ clk (in)
                                                         clk (net)
                      0.047731    0.000000    0.031375 ^ clkbuf_0_clk/A (sky130_fd_sc_hd__clkbuf_16)
     2    0.018152    0.040272    0.124549    0.155924 ^ clkbuf_0_clk/X (sky130_fd_sc_hd__clkbuf_16)
                                                         clknet_0_clk (net)
                      0.040273    0.000363    0.156287 ^ clkbuf_1_0__f_clk/A (sky130_fd_sc_hd__clkbuf_16)
     4    0.011657    0.034755    0.115685    0.271972 ^ clkbuf_1_0__f_clk/X (sky130_fd_sc_hd__clkbuf_16)
                                                         clknet_1_0__leaf_clk (net)
                      0.034755    0.000361    0.272334 ^ _94_/CLK (sky130_fd_sc_hd__dfrtp_1)
     4    0.011145    0.075675    0.392477    0.664810 v _94_/Q (sky130_fd_sc_hd__dfrtp_1)
                                                         net12 (net)
                      0.075675    0.000369    0.665179 v output12/A (sky130_fd_sc_hd__buf_2)
     1    0.034486    0.090047    0.194088    0.859268 v output12/X (sky130_fd_sc_hd__buf_2)
                                                         acc[2] (net)
                      0.090055    0.000877    0.860144 v acc[2] (out)
                                              0.860144   data arrival time

                                  0.000000    0.000000   clock clk (rise edge)
                                  0.000000    0.000000   clock network delay (propagated)
                                  0.250000    0.250000   clock uncertainty
                                  0.000000    0.250000   clock reconvergence pessimism
                                 -4.000000   -3.750000   output external delay
                                             -3.750000   data required time
---------------------------------------------------------------------------------------------
                                             -3.750000   data required time
                                             -0.860144   data arrival time
---------------------------------------------------------------------------------------------
                                              4.610144   slack (MET)



