
===========================================================================
report_checks -path_delay min (Hold)
============================================================================
======================= nom_tt_025C_1v80 Corner ===================================

Startpoint: cin (input port clocked by __VIRTUAL_CLK__)
Endpoint: sum[0] (output port clocked by __VIRTUAL_CLK__)
Path Group: __VIRTUAL_CLK__
Path Type: min

Fanout         Cap        Slew       Delay        Time   Description
---------------------------------------------------------------------------------------------
                      0.000000    0.000000    0.000000   clock __VIRTUAL_CLK__ (rise edge)
                                  0.000000    0.000000   clock network delay (ideal)
                                  4.000000    4.000000 ^ input external delay
     1    0.004029    0.025073    0.014642    4.014642 ^ cin (in)
                                                         cin (net)
                      0.025074    0.000000    4.014642 ^ input17/A (sky130_fd_sc_hd__buf_1)
     2    0.008638    0.109223    0.120083    4.134725 ^ input17/X (sky130_fd_sc_hd__buf_1)
                                                         net17 (net)
                      0.109224    0.000245    4.134969 ^ _58_/A (sky130_fd_sc_hd__xnor2_1)
     1    0.002010    0.028689    0.075675    4.210645 v _58_/Y (sky130_fd_sc_hd__xnor2_1)
                                                         net19 (net)
                      0.028689    0.000040    4.210684 v output19/A (sky130_fd_sc_hd__buf_2)
     1    0.034343    0.089832    0.173142    4.383827 v output19/X (sky130_fd_sc_hd__buf_2)
                                                         sum[0] (net)
                      0.089838    0.000743    4.384570 v sum[0] (out)
                                              4.384570   data arrival time

                      0.000000    0.000000    0.000000   clock __VIRTUAL_CLK__ (rise edge)
                                  0.000000    0.000000   clock network delay (ideal)
                                  0.250000    0.250000   clock uncertainty
                                  0.000000    0.250000   clock reconvergence pessimism
                                 -4.000000   -3.750000   output external delay
                                             -3.750000   data required time
---------------------------------------------------------------------------------------------
                                             -3.750000   data required time
                                             -4.384570   data arrival time
---------------------------------------------------------------------------------------------
                                              8.134570   slack (MET)


Startpoint: b[5] (input port clocked by __VIRTUAL_CLK__)
Endpoint: sum[5] (output port clocked by __VIRTUAL_CLK__)
Path Group: __VIRTUAL_CLK__
Path Type: min

Fanout         Cap        Slew       Delay        Time   Description
---------------------------------------------------------------------------------------------
                      0.000000    0.000000    0.000000   clock __VIRTUAL_CLK__ (rise edge)
                                  0.000000    0.000000   clock network delay (ideal)
                                  4.000000    4.000000 ^ input external delay
     1    0.002915    0.020224    0.010723    4.010723 ^ b[5] (in)
                                                         b[5] (net)
                      0.020224    0.000000    4.010723 ^ input14/A (sky130_fd_sc_hd__clkbuf_1)
     2    0.004675    0.064744    0.086965    4.097687 ^ input14/X (sky130_fd_sc_hd__clkbuf_1)
                                                         net14 (net)
                      0.064744    0.000115    4.097802 ^ _75_/A (sky130_fd_sc_hd__nand2_1)
     3    0.009332    0.073268    0.084710    4.182513 v _75_/Y (sky130_fd_sc_hd__nand2_1)
                                                         _32_ (net)
                      0.073291    0.000180    4.182693 v _80_/B (sky130_fd_sc_hd__nand2_1)
     1    0.005038    0.058451    0.087776    4.270469 ^ _80_/Y (sky130_fd_sc_hd__nand2_1)
                                                         _36_ (net)
                      0.058451    0.000104    4.270573 ^ _83_/B (sky130_fd_sc_hd__xnor2_1)
     1    0.002021    0.028493    0.054518    4.325090 v _83_/Y (sky130_fd_sc_hd__xnor2_1)
                                                         net24 (net)
                      0.028493    0.000056    4.325147 v output24/A (sky130_fd_sc_hd__buf_2)
     1    0.034666    0.090586    0.173555    4.498702 v output24/X (sky130_fd_sc_hd__buf_2)
                                                         sum[5] (net)
                      0.090594    0.000884    4.499586 v sum[5] (out)
                                              4.499586   data arrival time

                      0.000000    0.000000    0.000000   clock __VIRTUAL_CLK__ (rise edge)
                                  0.000000    0.000000   clock network delay (ideal)
                                  0.250000    0.250000   clock uncertainty
                                  0.000000    0.250000   clock reconvergence pessimism
                                 -4.000000   -3.750000   output external delay
                                             -3.750000   data required time
---------------------------------------------------------------------------------------------
                                             -3.750000   data required time
                                             -4.499586   data arrival time
---------------------------------------------------------------------------------------------
                                              8.249586   slack (MET)


Startpoint: b[6] (input port clocked by __VIRTUAL_CLK__)
Endpoint: sum[6] (output port clocked by __VIRTUAL_CLK__)
Path Group: __VIRTUAL_CLK__
Path Type: min

Fanout         Cap        Slew       Delay        Time   Description
---------------------------------------------------------------------------------------------
                      0.000000    0.000000    0.000000   clock __VIRTUAL_CLK__ (rise edge)
                                  0.000000    0.000000   clock network delay (ideal)
                                  4.000000    4.000000 ^ input external delay
     1    0.002889    0.020115    0.010628    4.010628 ^ b[6] (in)
                                                         b[6] (net)
                      0.020115    0.000000    4.010628 ^ input15/A (sky130_fd_sc_hd__clkbuf_1)
     2    0.004767    0.065770    0.087661    4.098289 ^ input15/X (sky130_fd_sc_hd__clkbuf_1)
                                                         net15 (net)
                      0.065770    0.000105    4.098394 ^ _64_/A (sky130_fd_sc_hd__nand2_1)
     4    0.012706    0.096087    0.102093    4.200487 v _64_/Y (sky130_fd_sc_hd__nand2_1)
                                                         _21_ (net)
                      0.096087    0.000223    4.200711 v _79_/B (sky130_fd_sc_hd__nand2_1)
     1    0.005639    0.063642    0.101785    4.302495 ^ _79_/Y (sky130_fd_sc_hd__nand2_1)
                                                         _35_ (net)
                      0.063642    0.000180    4.302675 ^ _82_/A (sky130_fd_sc_hd__xnor2_1)
     1    0.001827    0.029212    0.062629    4.365304 v _82_/Y (sky130_fd_sc_hd__xnor2_1)
                                                         net25 (net)
                      0.029212    0.000035    4.365339 v output25/A (sky130_fd_sc_hd__buf_2)
     1    0.034250    0.089592    0.173262    4.538601 v output25/X (sky130_fd_sc_hd__buf_2)
                                                         sum[6] (net)
                      0.089596    0.000659    4.539260 v sum[6] (out)
                                              4.539260   data arrival time

                      0.000000    0.000000    0.000000   clock __VIRTUAL_CLK__ (rise edge)
                                  0.000000    0.000000   clock network delay (ideal)
                                  0.250000    0.250000   clock uncertainty
                                  0.000000    0.250000   clock reconvergence pessimism
                                 -4.000000   -3.750000   output external delay
                                             -3.750000   data required time
---------------------------------------------------------------------------------------------
                                             -3.750000   data required time
                                             -4.539260   data arrival time
---------------------------------------------------------------------------------------------
                                              8.289260   slack (MET)


Startpoint: b[4] (input port clocked by __VIRTUAL_CLK__)
Endpoint: sum[4] (output port clocked by __VIRTUAL_CLK__)
Path Group: __VIRTUAL_CLK__
Path Type: min

Fanout         Cap        Slew       Delay        Time   Description
---------------------------------------------------------------------------------------------
                      0.000000    0.000000    0.000000   clock __VIRTUAL_CLK__ (rise edge)
                                  0.000000    0.000000   clock network delay (ideal)
                                  4.000000    4.000000 ^ input external delay
     1    0.003556    0.023009    0.012965    4.012965 ^ b[4] (in)
                                                         b[4] (net)
                      0.023009    0.000000    4.012965 ^ input13/A (sky130_fd_sc_hd__clkbuf_1)
     2    0.004682    0.064833    0.087992    4.100957 ^ input13/X (sky130_fd_sc_hd__clkbuf_1)
                                                         net13 (net)
                      0.064833    0.000126    4.101083 ^ _67_/A (sky130_fd_sc_hd__nand2_1)
     2    0.008524    0.068409    0.080524    4.181608 v _67_/Y (sky130_fd_sc_hd__nand2_1)
                                                         _24_ (net)
                      0.068409    0.000143    4.181751 v _69_/A (sky130_fd_sc_hd__nand2_1)
     2    0.010013    0.099323    0.109198    4.290949 ^ _69_/Y (sky130_fd_sc_hd__nand2_1)
                                                         _26_ (net)
                      0.099323    0.000238    4.291187 ^ _84_/A (sky130_fd_sc_hd__xnor2_1)
     1    0.002315    0.033983    0.075144    4.366331 v _84_/Y (sky130_fd_sc_hd__xnor2_1)
                                                         net23 (net)
                      0.033983    0.000067    4.366397 v output23/A (sky130_fd_sc_hd__buf_2)
     1    0.034173    0.089399    0.175163    4.541561 v output23/X (sky130_fd_sc_hd__buf_2)
                                                         sum[4] (net)
                      0.089403    0.000673    4.542234 v sum[4] (out)
                                              4.542234   data arrival time

                      0.000000    0.000000    0.000000   clock __VIRTUAL_CLK__ (rise edge)
                                  0.000000    0.000000   clock network delay (ideal)
                                  0.250000    0.250000   clock uncertainty
                                  0.000000    0.250000   clock reconvergence pessimism
                                 -4.000000   -3.750000   output external delay
                                             -3.750000   data required time
---------------------------------------------------------------------------------------------
                                             -3.750000   data required time
                                             -4.542234   data arrival time
---------------------------------------------------------------------------------------------
                                              8.292234   slack (MET)


Startpoint: b[7] (input port clocked by __VIRTUAL_CLK__)
Endpoint: sum[7] (output port clocked by __VIRTUAL_CLK__)
Path Group: __VIRTUAL_CLK__
Path Type: min

Fanout         Cap        Slew       Delay        Time   Description
---------------------------------------------------------------------------------------------
                      0.000000    0.000000    0.000000   clock __VIRTUAL_CLK__ (rise edge)
                                  0.000000    0.000000   clock network delay (ideal)
                                  4.000000    4.000000 ^ input external delay
     1    0.003295    0.021872    0.012055    4.012055 ^ b[7] (in)
                                                         b[7] (net)
                      0.021872    0.000000    4.012055 ^ input16/A (sky130_fd_sc_hd__clkbuf_1)
     3    0.008156    0.103790    0.115124    4.127179 ^ input16/X (sky130_fd_sc_hd__clkbuf_1)
                                                         net16 (net)
                      0.103791    0.000280    4.127459 ^ _60_/A (sky130_fd_sc_hd__nand2_1)
     2    0.008088    0.069111    0.091251    4.218710 v _60_/Y (sky130_fd_sc_hd__nand2_1)
                                                         _17_ (net)
                      0.069111    0.000185    4.218895 v _62_/A (sky130_fd_sc_hd__nand2_1)
     1    0.005902    0.065068    0.083574    4.302469 ^ _62_/Y (sky130_fd_sc_hd__nand2_1)
                                                         _19_ (net)
                      0.065068    0.000189    4.302658 ^ _78_/A (sky130_fd_sc_hd__xnor2_1)
     1    0.002332    0.030228    0.066133    4.368791 v _78_/Y (sky130_fd_sc_hd__xnor2_1)
                                                         net26 (net)
                      0.030228    0.000067    4.368858 v output26/A (sky130_fd_sc_hd__buf_2)
     1    0.035058    0.091318    0.175217    4.544075 v output26/X (sky130_fd_sc_hd__buf_2)
                                                         sum[7] (net)
                      0.091322    0.000657    4.544732 v sum[7] (out)
                                              4.544732   data arrival time

                      0.000000    0.000000    0.000000   clock __VIRTUAL_CLK__ (rise edge)
                                  0.000000    0.000000   clock network delay (ideal)
                                  0.250000    0.250000   clock uncertainty
                                  0.000000    0.250000   clock reconvergence pessimism
                                 -4.000000   -3.750000   output external delay
                                             -3.750000   data required time
---------------------------------------------------------------------------------------------
                                             -3.750000   data required time
                                             -4.544732   data arrival time
---------------------------------------------------------------------------------------------
                                              8.294732   slack (MET)


Startpoint: a[3] (input port clocked by __VIRTUAL_CLK__)
Endpoint: sum[3] (output port clocked by __VIRTUAL_CLK__)
Path Group: __VIRTUAL_CLK__
Path Type: min

Fanout         Cap        Slew       Delay        Time   Description
---------------------------------------------------------------------------------------------
                      0.000000    0.000000    0.000000   clock __VIRTUAL_CLK__ (rise edge)
                                  0.000000    0.000000   clock network delay (ideal)
                                  4.000000    4.000000 v input external delay
     1    0.003471    0.010178    0.005576    4.005576 v a[3] (in)
                                                         a[3] (net)
                      0.010178    0.000000    4.005576 v input4/A (sky130_fd_sc_hd__clkbuf_1)
     3    0.007025    0.048851    0.092472    4.098048 v input4/X (sky130_fd_sc_hd__clkbuf_1)
                                                         net4 (net)
                      0.048851    0.000140    4.098187 v _39_/B (sky130_fd_sc_hd__nor2_1)
     1    0.003748    0.090730    0.094349    4.192536 ^ _39_/Y (sky130_fd_sc_hd__nor2_1)
                                                         _00_ (net)
                      0.090730    0.000117    4.192654 ^ _42_/A (sky130_fd_sc_hd__nor2_1)
     1    0.005036    0.040145    0.062829    4.255482 v _42_/Y (sky130_fd_sc_hd__nor2_1)
                                                         _03_ (net)
                      0.040145    0.000150    4.255632 v _55_/A (sky130_fd_sc_hd__xnor2_1)
     1    0.002779    0.033722    0.116605    4.372238 v _55_/Y (sky130_fd_sc_hd__xnor2_1)
                                                         net22 (net)
                      0.033722    0.000085    4.372323 v output22/A (sky130_fd_sc_hd__buf_2)
     1    0.034404    0.089927    0.175424    4.547747 v output22/X (sky130_fd_sc_hd__buf_2)
                                                         sum[3] (net)
                      0.089933    0.000747    4.548495 v sum[3] (out)
                                              4.548495   data arrival time

                      0.000000    0.000000    0.000000   clock __VIRTUAL_CLK__ (rise edge)
                                  0.000000    0.000000   clock network delay (ideal)
                                  0.250000    0.250000   clock uncertainty
                                  0.000000    0.250000   clock reconvergence pessimism
                                 -4.000000   -3.750000   output external delay
                                             -3.750000   data required time
---------------------------------------------------------------------------------------------
                                             -3.750000   data required time
                                             -4.548495   data arrival time
---------------------------------------------------------------------------------------------
                                              8.298494   slack (MET)


Startpoint: cin (input port clocked by __VIRTUAL_CLK__)
Endpoint: sum[1] (output port clocked by __VIRTUAL_CLK__)
Path Group: __VIRTUAL_CLK__
Path Type: min

Fanout         Cap        Slew       Delay        Time   Description
---------------------------------------------------------------------------------------------
                      0.000000    0.000000    0.000000   clock __VIRTUAL_CLK__ (rise edge)
                                  0.000000    0.000000   clock network delay (ideal)
                                  4.000000    4.000000 ^ input external delay
     1    0.004029    0.025073    0.014642    4.014642 ^ cin (in)
                                                         cin (net)
                      0.025074    0.000000    4.014642 ^ input17/A (sky130_fd_sc_hd__buf_1)
     2    0.008638    0.109223    0.120083    4.134725 ^ input17/X (sky130_fd_sc_hd__buf_1)
                                                         net17 (net)
                      0.109224    0.000191    4.134916 ^ _50_/A1 (sky130_fd_sc_hd__a21bo_1)
     3    0.012456    0.110415    0.173481    4.308396 ^ _50_/X (sky130_fd_sc_hd__a21bo_1)
                                                         _11_ (net)
                      0.110415    0.000371    4.308767 ^ _57_/A (sky130_fd_sc_hd__xor2_1)
     1    0.002683    0.035813    0.076211    4.384979 v _57_/X (sky130_fd_sc_hd__xor2_1)
                                                         net20 (net)
                      0.035813    0.000060    4.385039 v output20/A (sky130_fd_sc_hd__buf_2)
     1    0.034053    0.089108    0.175764    4.560803 v output20/X (sky130_fd_sc_hd__buf_2)
                                                         sum[1] (net)
                      0.089112    0.000626    4.561429 v sum[1] (out)
                                              4.561429   data arrival time

                      0.000000    0.000000    0.000000   clock __VIRTUAL_CLK__ (rise edge)
                                  0.000000    0.000000   clock network delay (ideal)
                                  0.250000    0.250000   clock uncertainty
                                  0.000000    0.250000   clock reconvergence pessimism
                                 -4.000000   -3.750000   output external delay
                                             -3.750000   data required time
---------------------------------------------------------------------------------------------
                                             -3.750000   data required time
                                             -4.561429   data arrival time
---------------------------------------------------------------------------------------------
                                              8.311428   slack (MET)


Startpoint: a[2] (input port clocked by __VIRTUAL_CLK__)
Endpoint: sum[2] (output port clocked by __VIRTUAL_CLK__)
Path Group: __VIRTUAL_CLK__
Path Type: min

Fanout         Cap        Slew       Delay        Time   Description
---------------------------------------------------------------------------------------------
                      0.000000    0.000000    0.000000   clock __VIRTUAL_CLK__ (rise edge)
                                  0.000000    0.000000   clock network delay (ideal)
                                  4.000000    4.000000 ^ input external delay
     1    0.003619    0.023285    0.013196    4.013196 ^ a[2] (in)
                                                         a[2] (net)
                      0.023292    0.000000    4.013196 ^ input3/A (sky130_fd_sc_hd__buf_1)
     3    0.011037    0.136432    0.138266    4.151462 ^ input3/X (sky130_fd_sc_hd__buf_1)
                                                         net3 (net)
                      0.136433    0.000238    4.151700 ^ _44_/B (sky130_fd_sc_hd__nor2_1)
     2    0.006226    0.051076    0.074726    4.226427 v _44_/Y (sky130_fd_sc_hd__nor2_1)
                                                         _05_ (net)
                      0.051076    0.000149    4.226575 v _45_/B (sky130_fd_sc_hd__nor2_1)
     1    0.005364    0.116956    0.115236    4.341812 ^ _45_/Y (sky130_fd_sc_hd__nor2_1)
                                                         _06_ (net)
                      0.116956    0.000162    4.341973 ^ _56_/A (sky130_fd_sc_hd__xnor2_1)
     1    0.002107    0.032601    0.078375    4.420348 v _56_/Y (sky130_fd_sc_hd__xnor2_1)
                                                         net21 (net)
                      0.032601    0.000060    4.420407 v output21/A (sky130_fd_sc_hd__buf_2)
     1    0.034309    0.089754    0.174722    4.595129 v output21/X (sky130_fd_sc_hd__buf_2)
                                                         sum[2] (net)
                      0.089761    0.000800    4.595929 v sum[2] (out)
                                              4.595929   data arrival time

                      0.000000    0.000000    0.000000   clock __VIRTUAL_CLK__ (rise edge)
                                  0.000000    0.000000   clock network delay (ideal)
                                  0.250000    0.250000   clock uncertainty
                                  0.000000    0.250000   clock reconvergence pessimism
                                 -4.000000   -3.750000   output external delay
                                             -3.750000   data required time
---------------------------------------------------------------------------------------------
                                             -3.750000   data required time
                                             -4.595929   data arrival time
---------------------------------------------------------------------------------------------
                                              8.345928   slack (MET)


Startpoint: b[7] (input port clocked by __VIRTUAL_CLK__)
Endpoint: cout (output port clocked by __VIRTUAL_CLK__)
Path Group: __VIRTUAL_CLK__
Path Type: min

Fanout         Cap        Slew       Delay        Time   Description
---------------------------------------------------------------------------------------------
                      0.000000    0.000000    0.000000   clock __VIRTUAL_CLK__ (rise edge)
                                  0.000000    0.000000   clock network delay (ideal)
                                  4.000000    4.000000 v input external delay
     1    0.003119    0.009361    0.004977    4.004977 v b[7] (in)
                                                         b[7] (net)
                      0.009361    0.000000    4.004977 v input16/A (sky130_fd_sc_hd__clkbuf_1)
     3    0.007830    0.052713    0.095810    4.100787 v input16/X (sky130_fd_sc_hd__clkbuf_1)
                                                         net16 (net)
                      0.052713    0.000269    4.101056 v _60_/A (sky130_fd_sc_hd__nand2_1)
     2    0.008330    0.084408    0.091761    4.192816 ^ _60_/Y (sky130_fd_sc_hd__nand2_1)
                                                         _17_ (net)
                      0.084409    0.000152    4.192968 ^ _85_/A (sky130_fd_sc_hd__nand2_1)
     1    0.003065    0.038853    0.056374    4.249342 v _85_/Y (sky130_fd_sc_hd__nand2_1)
                                                         _38_ (net)
                      0.038853    0.000091    4.249433 v _86_/B2 (sky130_fd_sc_hd__o221a_1)
     1    0.001856    0.028412    0.190266    4.439699 v _86_/X (sky130_fd_sc_hd__o221a_1)
                                                         net18 (net)
                      0.028412    0.000052    4.439751 v output18/A (sky130_fd_sc_hd__buf_2)
     1    0.034370    0.089895    0.173067    4.612818 v output18/X (sky130_fd_sc_hd__buf_2)
                                                         cout (net)
                      0.089901    0.000752    4.613570 v cout (out)
                                              4.613570   data arrival time

                      0.000000    0.000000    0.000000   clock __VIRTUAL_CLK__ (rise edge)
                                  0.000000    0.000000   clock network delay (ideal)
                                  0.250000    0.250000   clock uncertainty
                                  0.000000    0.250000   clock reconvergence pessimism
                                 -4.000000   -3.750000   output external delay
                                             -3.750000   data required time
---------------------------------------------------------------------------------------------
                                             -3.750000   data required time
                                             -4.613570   data arrival time
---------------------------------------------------------------------------------------------
                                              8.363569   slack (MET)



