Clock: clk
Sources: clk 
Generated: no
Virtual: yes
Propagated: no
Period: 20.000000

===========================================================================
report_clock_properties
============================================================================
Clock                   Period          Waveform
----------------------------------------------------
clk                  20.000000    0.000000 10.000000

===========================================================================
report_clock_latency
============================================================================
Clock clk
rise -> rise
    min     max
0.000000 0.000000 source latency
0.616023         network latency _452_/CLK
        0.621428 network latency _459_/CLK
---------------
0.616023 0.621428 latency
        0.005405 skew

fall -> fall
    min     max
0.000000 0.000000 source latency
0.599760         network latency _452_/CLK
        0.604392 network latency _459_/CLK
---------------
0.599760 0.604392 latency
        0.004632 skew



===========================================================================
report_clock_min_period
============================================================================
clk period_min = 7.39 fmax = 135.32
