
===========================================================================
report_checks -path_delay max (Setup)
============================================================================
======================= max_ff_n40C_1v95 Corner ===================================

Startpoint: data_in[0] (input port clocked by clk)
Endpoint: _98_ (rising edge-triggered flip-flop clocked by clk)
Path Group: clk
Path Type: max

Fanout         Cap        Slew       Delay        Time   Description
---------------------------------------------------------------------------------------------
                                  0.000000    0.000000   clock clk (rise edge)
                                  0.000000    0.000000   clock network delay (propagated)
                                  4.000000    4.000000 ^ input external delay
     1    0.004141    0.018719    0.010821    4.010821 ^ data_in[0] (in)
                                                         data_in[0] (net)
                      0.018722    0.000000    4.010821 ^ input1/A (sky130_fd_sc_hd__clkbuf_1)
     2    0.007163    0.068670    0.074485    4.085306 ^ input1/X (sky130_fd_sc_hd__clkbuf_1)
                                                         net1 (net)
                      0.068676    0.000485    4.085790 ^ _53_/A (sky130_fd_sc_hd__nand2_1)
     3    0.009880    0.051617    0.056001    4.141791 v _53_/Y (sky130_fd_sc_hd__nand2_1)
                                                         _18_ (net)
                      0.051626    0.000572    4.142364 v _54_/A (sky130_fd_sc_hd__or3b_1)
     3    0.008140    0.063875    0.242838    4.385201 v _54_/X (sky130_fd_sc_hd__or3b_1)
                                                         _19_ (net)
                      0.063875    0.000294    4.385496 v _55_/A2 (sky130_fd_sc_hd__a211o_1)
     4    0.012543    0.063827    0.225785    4.611281 v _55_/X (sky130_fd_sc_hd__a211o_1)
                                                         _20_ (net)
                      0.063834    0.000695    4.611976 v _60_/A2 (sky130_fd_sc_hd__a311o_1)
     4    0.013335    0.073827    0.241223    4.853200 v _60_/X (sky130_fd_sc_hd__a311o_1)
                                                         _25_ (net)
                      0.073838    0.000897    4.854097 v _70_/A2 (sky130_fd_sc_hd__a31o_1)
     1    0.005677    0.036144    0.154222    5.008318 v _70_/X (sky130_fd_sc_hd__a31o_1)
                                                         _33_ (net)
                      0.036146    0.000270    5.008588 v _71_/B (sky130_fd_sc_hd__xnor2_1)
     1    0.002650    0.028593    0.076559    5.085147 v _71_/Y (sky130_fd_sc_hd__xnor2_1)
                                                         adder.high.sum[2] (net)
                      0.028593    0.000184    5.085330 v _98_/D (sky130_fd_sc_hd__dfrtp_1)
                                              5.085330   data arrival time

                                 20.000000   20.000000   clock clk (rise edge)
                                  0.000000   20.000000   clock source latency
     1    0.009664    0.037313    0.024436   20.024437 ^ clk (in)
                                                         clk (net)
                      0.037322    0.000000   20.024437 ^ clkbuf_0_clk/A (sky130_fd_sc_hd__clkbuf_16)
     2    0.018916    0.030471    0.085322   20.109758 ^ clkbuf_0_clk/X (sky130_fd_sc_hd__clkbuf_16)
                                                         clknet_0_clk (net)
                      0.030485    0.000956   20.110714 ^ clkbuf_1_1__f_clk/A (sky130_fd_sc_hd__clkbuf_16)
     4    0.012429    0.026145    0.079051   20.189766 ^ clkbuf_1_1__f_clk/X (sky130_fd_sc_hd__clkbuf_16)
                                                         clknet_1_1__leaf_clk (net)
                      0.026147    0.000641   20.190407 ^ _98_/CLK (sky130_fd_sc_hd__dfrtp_1)
                                 -0.250000   19.940407   clock uncertainty
                                  0.000000   19.940407   clock reconvergence pessimism
                                 -0.071791   19.868616   library setup time
                                             19.868616   data required time
---------------------------------------------------------------------------------------------
                                             19.868616   data required time
                                             -5.085330   data arrival time
---------------------------------------------------------------------------------------------
                                             14.783285   slack (MET)


Startpoint: data_in[0] (input port clocked by clk)
Endpoint: _99_ (rising edge-triggered flip-flop clocked by clk)
Path Group: clk
Path Type: max

Fanout         Cap        Slew       Delay        Time   Description
---------------------------------------------------------------------------------------------
                                  0.000000    0.000000   clock clk (rise edge)
                                  0.000000    0.000000   clock network delay (propagated)
                                  4.000000    4.000000 ^ input external delay
     1    0.004141    0.018719    0.010821    4.010821 ^ data_in[0] (in)
                                                         data_in[0] (net)
                      0.018722    0.000000    4.010821 ^ input1/A (sky130_fd_sc_hd__clkbuf_1)
     2    0.007163    0.068670    0.074485    4.085306 ^ input1/X (sky130_fd_sc_hd__clkbuf_1)
                                                         net1 (net)
                      0.068676    0.000485    4.085790 ^ _53_/A (sky130_fd_sc_hd__nand2_1)
     3    0.009880    0.051617    0.056001    4.141791 v _53_/Y (sky130_fd_sc_hd__nand2_1)
                                                         _18_ (net)
                      0.051626    0.000572    4.142364 v _54_/A (sky130_fd_sc_hd__or3b_1)
     3    0.008140    0.063875    0.242838    4.385201 v _54_/X (sky130_fd_sc_hd__or3b_1)
                                                         _19_ (net)
                      0.063875    0.000294    4.385496 v _55_/A2 (sky130_fd_sc_hd__a211o_1)
     4    0.012543    0.063827    0.225785    4.611281 v _55_/X (sky130_fd_sc_hd__a211o_1)
                                                         _20_ (net)
                      0.063834    0.000695    4.611976 v _60_/A2 (sky130_fd_sc_hd__a311o_1)
     4    0.013335    0.073827    0.241223    4.853200 v _60_/X (sky130_fd_sc_hd__a311o_1)
                                                         _25_ (net)
                      0.073833    0.000712    4.853911 v _74_/A1 (sky130_fd_sc_hd__a21oi_1)
     1    0.005094    0.106605    0.118452    4.972364 ^ _74_/Y (sky130_fd_sc_hd__a21oi_1)
                                                         _36_ (net)
                      0.106605    0.000388    4.972752 ^ _76_/A (sky130_fd_sc_hd__xnor2_1)
     1    0.002428    0.034839    0.046252    5.019004 v _76_/Y (sky130_fd_sc_hd__xnor2_1)
                                                         adder.high.sum[3] (net)
                      0.034839    0.000175    5.019179 v _99_/D (sky130_fd_sc_hd__dfrtp_1)
                                              5.019179   data arrival time

                                 20.000000   20.000000   clock clk (rise edge)
                                  0.000000   20.000000   clock source latency
     1    0.009664    0.037313    0.024436   20.024437 ^ clk (in)
                                                         clk (net)
                      0.037322    0.000000   20.024437 ^ clkbuf_0_clk/A (sky130_fd_sc_hd__clkbuf_16)
     2    0.018916    0.030471    0.085322   20.109758 ^ clkbuf_0_clk/X (sky130_fd_sc_hd__clkbuf_16)
                                                         clknet_0_clk (net)
                      0.030485    0.000956   20.110714 ^ clkbuf_1_1__f_clk/A (sky130_fd_sc_hd__clkbuf_16)
     4    0.012429    0.026145    0.079051   20.189766 ^ clkbuf_1_1__f_clk/X (sky130_fd_sc_hd__clkbuf_16)
                                                         clknet_1_1__leaf_clk (net)
                      0.026148    0.000659   20.190424 ^ _99_/CLK (sky130_fd_sc_hd__dfrtp_1)
                                 -0.250000   19.940426   clock uncertainty
                                  0.000000   19.940426   clock reconvergence pessimism
                                 -0.074022   19.866402   library setup time
                                             19.866402   data required time
---------------------------------------------------------------------------------------------
                                             19.866402   data required time
                                             -5.019179   data arrival time
---------------------------------------------------------------------------------------------
                                             14.847222   slack (MET)


Startpoint: data_in[0] (input port clocked by clk)
Endpoint: _96_ (rising edge-triggered flip-flop clocked by clk)
Path Group: clk
Path Type: max

Fanout         Cap        Slew       Delay        Time   Description
---------------------------------------------------------------------------------------------
                                  0.000000    0.000000   clock clk (rise edge)
                                  0.000000    0.000000   clock network delay (propagated)
                                  4.000000    4.000000 ^ input external delay
     1    0.004141    0.018719    0.010821    4.010821 ^ data_in[0] (in)
                                                         data_in[0] (net)
                      0.018722    0.000000    4.010821 ^ input1/A (sky130_fd_sc_hd__clkbuf_1)
     2    0.007163    0.068670    0.074485    4.085306 ^ input1/X (sky130_fd_sc_hd__clkbuf_1)
                                                         net1 (net)
                      0.068676    0.000485    4.085790 ^ _53_/A (sky130_fd_sc_hd__nand2_1)
     3    0.009880    0.051617    0.056001    4.141791 v _53_/Y (sky130_fd_sc_hd__nand2_1)
                                                         _18_ (net)
                      0.051626    0.000572    4.142364 v _54_/A (sky130_fd_sc_hd__or3b_1)
     3    0.008140    0.063875    0.242838    4.385201 v _54_/X (sky130_fd_sc_hd__or3b_1)
                                                         _19_ (net)
                      0.063875    0.000294    4.385496 v _55_/A2 (sky130_fd_sc_hd__a211o_1)
     4    0.012543    0.063827    0.225785    4.611281 v _55_/X (sky130_fd_sc_hd__a211o_1)
                                                         _20_ (net)
                      0.063834    0.000695    4.611976 v _60_/A2 (sky130_fd_sc_hd__a311o_1)
     4    0.013335    0.073827    0.241223    4.853200 v _60_/X (sky130_fd_sc_hd__a311o_1)
                                                         _25_ (net)
                      0.073832    0.000680    4.853879 v _61_/B (sky130_fd_sc_hd__and2_1)
     1    0.003200    0.026616    0.113756    4.967635 v _61_/X (sky130_fd_sc_hd__and2_1)
                                                         adder.high.sum[0] (net)
                      0.026616    0.000203    4.967838 v _96_/D (sky130_fd_sc_hd__dfrtp_1)
                                              4.967838   data arrival time

                                 20.000000   20.000000   clock clk (rise edge)
                                  0.000000   20.000000   clock source latency
     1    0.009664    0.037313    0.024436   20.024437 ^ clk (in)
                                                         clk (net)
                      0.037322    0.000000   20.024437 ^ clkbuf_0_clk/A (sky130_fd_sc_hd__clkbuf_16)
     2    0.018916    0.030471    0.085322   20.109758 ^ clkbuf_0_clk/X (sky130_fd_sc_hd__clkbuf_16)
                                                         clknet_0_clk (net)
                      0.030485    0.000972   20.110729 ^ clkbuf_1_0__f_clk/A (sky130_fd_sc_hd__clkbuf_16)
     4    0.012781    0.026378    0.079275   20.190004 ^ clkbuf_1_0__f_clk/X (sky130_fd_sc_hd__clkbuf_16)
                                                         clknet_1_0__leaf_clk (net)
                      0.026381    0.000691   20.190697 ^ _96_/CLK (sky130_fd_sc_hd__dfrtp_1)
                                 -0.250000   19.940697   clock uncertainty
                                  0.000000   19.940697   clock reconvergence pessimism
                                 -0.071062   19.869635   library setup time
                                             19.869635   data required time
---------------------------------------------------------------------------------------------
                                             19.869635   data required time
                                             -4.967838   data arrival time
---------------------------------------------------------------------------------------------
                                             14.901797   slack (MET)


Startpoint: data_in[0] (input port clocked by clk)
Endpoint: _97_ (rising edge-triggered flip-flop clocked by clk)
Path Group: clk
Path Type: max

Fanout         Cap        Slew       Delay        Time   Description
---------------------------------------------------------------------------------------------
                                  0.000000    0.000000   clock clk (rise edge)
                                  0.000000    0.000000   clock network delay (propagated)
                                  4.000000    4.000000 ^ input external delay
     1    0.004141    0.018719    0.010821    4.010821 ^ data_in[0] (in)
                                                         data_in[0] (net)
                      0.018722    0.000000    4.010821 ^ input1/A (sky130_fd_sc_hd__clkbuf_1)
     2    0.007163    0.068670    0.074485    4.085306 ^ input1/X (sky130_fd_sc_hd__clkbuf_1)
                                                         net1 (net)
                      0.068676    0.000485    4.085790 ^ _53_/A (sky130_fd_sc_hd__nand2_1)
     3    0.009880    0.051617    0.056001    4.141791 v _53_/Y (sky130_fd_sc_hd__nand2_1)
                                                         _18_ (net)
                      0.051626    0.000572    4.142364 v _54_/A (sky130_fd_sc_hd__or3b_1)
     3    0.008140    0.063875    0.242838    4.385201 v _54_/X (sky130_fd_sc_hd__or3b_1)
                                                         _19_ (net)
                      0.063875    0.000294    4.385496 v _55_/A2 (sky130_fd_sc_hd__a211o_1)
     4    0.012543    0.063827    0.225785    4.611281 v _55_/X (sky130_fd_sc_hd__a211o_1)
                                                         _20_ (net)
                      0.063834    0.000695    4.611976 v _60_/A2 (sky130_fd_sc_hd__a311o_1)
     4    0.013335    0.073827    0.241223    4.853200 v _60_/X (sky130_fd_sc_hd__a311o_1)
                                                         _25_ (net)
                      0.073836    0.000843    4.854043 v _65_/B (sky130_fd_sc_hd__nand2_1)
     1    0.004943    0.050137    0.070195    4.924238 ^ _65_/Y (sky130_fd_sc_hd__nand2_1)
                                                         _29_ (net)
                      0.050138    0.000234    4.924472 ^ _66_/B (sky130_fd_sc_hd__xnor2_1)
     1    0.002235    0.026896    0.034137    4.958608 v _66_/Y (sky130_fd_sc_hd__xnor2_1)
                                                         adder.high.sum[1] (net)
                      0.026896    0.000163    4.958771 v _97_/D (sky130_fd_sc_hd__dfrtp_1)
                                              4.958771   data arrival time

                                 20.000000   20.000000   clock clk (rise edge)
                                  0.000000   20.000000   clock source latency
     1    0.009664    0.037313    0.024436   20.024437 ^ clk (in)
                                                         clk (net)
                      0.037322    0.000000   20.024437 ^ clkbuf_0_clk/A (sky130_fd_sc_hd__clkbuf_16)
     2    0.018916    0.030471    0.085322   20.109758 ^ clkbuf_0_clk/X (sky130_fd_sc_hd__clkbuf_16)
                                                         clknet_0_clk (net)
                      0.030485    0.000972   20.110729 ^ clkbuf_1_0__f_clk/A (sky130_fd_sc_hd__clkbuf_16)
     4    0.012781    0.026378    0.079275   20.190004 ^ clkbuf_1_0__f_clk/X (sky130_fd_sc_hd__clkbuf_16)
                                                         clknet_1_0__leaf_clk (net)
                      0.026380    0.000609   20.190615 ^ _97_/CLK (sky130_fd_sc_hd__dfrtp_1)
                                 -0.250000   19.940615   clock uncertainty
                                  0.000000   19.940615   clock reconvergence pessimism
                                 -0.071162   19.869452   library setup time
                                             19.869452   data required time
---------------------------------------------------------------------------------------------
                                             19.869452   data required time
                                             -4.958771   data arrival time
---------------------------------------------------------------------------------------------
                                             14.910681   slack (MET)


Startpoint: data_in[0] (input port clocked by clk)
Endpoint: _95_ (rising edge-triggered flip-flop clocked by clk)
Path Group: clk
Path Type: max

Fanout         Cap        Slew       Delay        Time   Description
---------------------------------------------------------------------------------------------
                                  0.000000    0.000000   clock clk (rise edge)
                                  0.000000    0.000000   clock network delay (propagated)
                                  4.000000    4.000000 ^ input external delay
     1    0.004141    0.018719    0.010821    4.010821 ^ data_in[0] (in)
                                                         data_in[0] (net)
                      0.018722    0.000000    4.010821 ^ input1/A (sky130_fd_sc_hd__clkbuf_1)
     2    0.007163    0.068670    0.074485    4.085306 ^ input1/X (sky130_fd_sc_hd__clkbuf_1)
                                                         net1 (net)
                      0.068676    0.000485    4.085790 ^ _53_/A (sky130_fd_sc_hd__nand2_1)
     3    0.009880    0.051617    0.056001    4.141791 v _53_/Y (sky130_fd_sc_hd__nand2_1)
                                                         _18_ (net)
                      0.051626    0.000572    4.142364 v _54_/A (sky130_fd_sc_hd__or3b_1)
     3    0.008140    0.063875    0.242838    4.385201 v _54_/X (sky130_fd_sc_hd__or3b_1)
                                                         _19_ (net)
                      0.063875    0.000294    4.385496 v _55_/A2 (sky130_fd_sc_hd__a211o_1)
     4    0.012543    0.063827    0.225785    4.611281 v _55_/X (sky130_fd_sc_hd__a211o_1)
                                                         _20_ (net)
                      0.063837    0.000794    4.612076 v _81_/B (sky130_fd_sc_hd__nand2_1)
     1    0.005386    0.051065    0.068169    4.680244 ^ _81_/Y (sky130_fd_sc_hd__nand2_1)
                                                         _40_ (net)
                      0.051068    0.000395    4.680639 ^ _82_/B (sky130_fd_sc_hd__xnor2_1)
     1    0.002655    0.028629    0.036167    4.716806 v _82_/Y (sky130_fd_sc_hd__xnor2_1)
                                                         adder.low.sum[3] (net)
                      0.028629    0.000179    4.716985 v _95_/D (sky130_fd_sc_hd__dfrtp_1)
                                              4.716985   data arrival time

                                 20.000000   20.000000   clock clk (rise edge)
                                  0.000000   20.000000   clock source latency
     1    0.009664    0.037313    0.024436   20.024437 ^ clk (in)
                                                         clk (net)
                      0.037322    0.000000   20.024437 ^ clkbuf_0_clk/A (sky130_fd_sc_hd__clkbuf_16)
     2    0.018916    0.030471    0.085322   20.109758 ^ clkbuf_0_clk/X (sky130_fd_sc_hd__clkbuf_16)
                                                         clknet_0_clk (net)
                      0.030485    0.000972   20.110729 ^ clkbuf_1_0__f_clk/A (sky130_fd_sc_hd__clkbuf_16)
     4    0.012781    0.026378    0.079275   20.190004 ^ clkbuf_1_0__f_clk/X (sky130_fd_sc_hd__clkbuf_16)
                                                         clknet_1_0__leaf_clk (net)
                      0.026380    0.000648   20.190653 ^ _95_/CLK (sky130_fd_sc_hd__dfrtp_1)
                                 -0.250000   19.940655   clock uncertainty
                                  0.000000   19.940655   clock reconvergence pessimism
                                 -0.071781   19.868874   library setup time
                                             19.868874   data required time
---------------------------------------------------------------------------------------------
                                             19.868874   data required time
                                             -4.716985   data arrival time
---------------------------------------------------------------------------------------------
                                             15.151887   slack (MET)


Startpoint: _94_ (rising edge-triggered flip-flop clocked by clk)
Endpoint: acc[2] (output port clocked by clk)
Path Group: clk
Path Type: max

Fanout         Cap        Slew       Delay        Time   Description
---------------------------------------------------------------------------------------------
                                  0.000000    0.000000   clock clk (rise edge)
                                  0.000000    0.000000   clock source latency
     1    0.009664    0.037313    0.024435    0.024435 ^ clk (in)
                                                         clk (net)
                      0.037322    0.000000    0.024435 ^ clkbuf_0_clk/A (sky130_fd_sc_hd__clkbuf_16)
     2    0.018916    0.030471    0.085323    0.109758 ^ clkbuf_0_clk/X (sky130_fd_sc_hd__clkbuf_16)
                                                         clknet_0_clk (net)
                      0.030485    0.000970    0.110729 ^ clkbuf_1_0__f_clk/A (sky130_fd_sc_hd__clkbuf_16)
     4    0.012781    0.026378    0.079276    0.190005 ^ clkbuf_1_0__f_clk/X (sky130_fd_sc_hd__clkbuf_16)
                                                         clknet_1_0__leaf_clk (net)
                      0.026381    0.000750    0.190755 ^ _94_/CLK (sky130_fd_sc_hd__dfrtp_1)
     4    0.013497    0.095957    0.246154    0.436909 ^ _94_/Q (sky130_fd_sc_hd__dfrtp_1)
                                                         net12 (net)
                      0.095977    0.001376    0.438285 ^ output12/A (sky130_fd_sc_hd__buf_2)
     1    0.034738    0.129901    0.154254    0.592539 ^ output12/X (sky130_fd_sc_hd__buf_2)
                                                         acc[2] (net)
                      0.129931    0.001616    0.594155 ^ acc[2] (out)
                                              0.594155   data arrival time

                                 20.000000   20.000000   clock clk (rise edge)
                                  0.000000   20.000000   clock network delay (propagated)
                                 -0.250000   19.750002   clock uncertainty
                                  0.000000   19.750002   clock reconvergence pessimism
                                 -4.000000   15.750001   output external delay
                                             15.750001   data required time
---------------------------------------------------------------------------------------------
                                             15.750001   data required time
                                             -0.594155   data arrival time
---------------------------------------------------------------------------------------------
                                             15.155845   slack (MET)


Startpoint: data_in[0] (input port clocked by clk)
Endpoint: _94_ (rising edge-triggered flip-flop clocked by clk)
Path Group: clk
Path Type: max

Fanout         Cap        Slew       Delay        Time   Description
---------------------------------------------------------------------------------------------
                                  0.000000    0.000000   clock clk (rise edge)
                                  0.000000    0.000000   clock network delay (propagated)
                                  4.000000    4.000000 ^ input external delay
     1    0.004141    0.018719    0.010821    4.010821 ^ data_in[0] (in)
                                                         data_in[0] (net)
                      0.018722    0.000000    4.010821 ^ input1/A (sky130_fd_sc_hd__clkbuf_1)
     2    0.007163    0.068670    0.074485    4.085306 ^ input1/X (sky130_fd_sc_hd__clkbuf_1)
                                                         net1 (net)
                      0.068676    0.000485    4.085790 ^ _53_/A (sky130_fd_sc_hd__nand2_1)
     3    0.009880    0.051617    0.056001    4.141791 v _53_/Y (sky130_fd_sc_hd__nand2_1)
                                                         _18_ (net)
                      0.051626    0.000572    4.142364 v _54_/A (sky130_fd_sc_hd__or3b_1)
     3    0.008140    0.063875    0.242838    4.385201 v _54_/X (sky130_fd_sc_hd__or3b_1)
                                                         _19_ (net)
                      0.063875    0.000294    4.385496 v _55_/A2 (sky130_fd_sc_hd__a211o_1)
     4    0.012543    0.063827    0.225785    4.611281 v _55_/X (sky130_fd_sc_hd__a211o_1)
                                                         _20_ (net)
                      0.063835    0.000728    4.612010 v _80_/A (sky130_fd_sc_hd__and2_1)
     1    0.003749    0.028382    0.099334    4.711343 v _80_/X (sky130_fd_sc_hd__and2_1)
                                                         adder.low.sum[2] (net)
                      0.028382    0.000228    4.711572 v _94_/D (sky130_fd_sc_hd__dfrtp_1)
                                              4.711572   data arrival time

                                 20.000000   20.000000   clock clk (rise edge)
                                  0.000000   20.000000   clock source latency
     1    0.009664    0.037313    0.024436   20.024437 ^ clk (in)
                                                         clk (net)
                      0.037322    0.000000   20.024437 ^ clkbuf_0_clk/A (sky130_fd_sc_hd__clkbuf_16)
     2    0.018916    0.030471    0.085322   20.109758 ^ clkbuf_0_clk/X (sky130_fd_sc_hd__clkbuf_16)
                                                         clknet_0_clk (net)
                      0.030485    0.000972   20.110729 ^ clkbuf_1_0__f_clk/A (sky130_fd_sc_hd__clkbuf_16)
     4    0.012781    0.026378    0.079275   20.190004 ^ clkbuf_1_0__f_clk/X (sky130_fd_sc_hd__clkbuf_16)
                                                         clknet_1_0__leaf_clk (net)
                      0.026381    0.000750   20.190754 ^ _94_/CLK (sky130_fd_sc_hd__dfrtp_1)
                                 -0.250000   19.940756   clock uncertainty
                                  0.000000   19.940756   clock reconvergence pessimism
                                 -0.071693   19.869062   library setup time
                                             19.869062   data required time
---------------------------------------------------------------------------------------------
                                             19.869062   data required time
                                             -4.711572   data arrival time
---------------------------------------------------------------------------------------------
                                             15.157490   slack (MET)


Startpoint: _96_ (rising edge-triggered flip-flop clocked by clk)
Endpoint: acc[4] (output port clocked by clk)
Path Group: clk
Path Type: max

Fanout         Cap        Slew       Delay        Time   Description
---------------------------------------------------------------------------------------------
                                  0.000000    0.000000   clock clk (rise edge)
                                  0.000000    0.000000   clock source latency
     1    0.009664    0.037313    0.024435    0.024435 ^ clk (in)
                                                         clk (net)
                      0.037322    0.000000    0.024435 ^ clkbuf_0_clk/A (sky130_fd_sc_hd__clkbuf_16)
     2    0.018916    0.030471    0.085323    0.109758 ^ clkbuf_0_clk/X (sky130_fd_sc_hd__clkbuf_16)
                                                         clknet_0_clk (net)
                      0.030485    0.000970    0.110729 ^ clkbuf_1_0__f_clk/A (sky130_fd_sc_hd__clkbuf_16)
     4    0.012781    0.026378    0.079276    0.190005 ^ clkbuf_1_0__f_clk/X (sky130_fd_sc_hd__clkbuf_16)
                                                         clknet_1_0__leaf_clk (net)
                      0.026381    0.000690    0.190695 ^ _96_/CLK (sky130_fd_sc_hd__dfrtp_1)
     3    0.010643    0.077958    0.233419    0.424114 ^ _96_/Q (sky130_fd_sc_hd__dfrtp_1)
                                                         net14 (net)
                      0.077967    0.000855    0.424970 ^ output14/A (sky130_fd_sc_hd__buf_2)
     1    0.034228    0.127728    0.148866    0.573836 ^ output14/X (sky130_fd_sc_hd__buf_2)
                                                         acc[4] (net)
                      0.127761    0.001704    0.575540 ^ acc[4] (out)
                                              0.575540   data arrival time

                                 20.000000   20.000000   clock clk (rise edge)
                                  0.000000   20.000000   clock network delay (propagated)
                                 -0.250000   19.750002   clock uncertainty
                                  0.000000   19.750002   clock reconvergence pessimism
                                 -4.000000   15.750001   output external delay
                                             15.750001   data required time
---------------------------------------------------------------------------------------------
                                             15.750001   data required time
                                             -0.575540   data arrival time
---------------------------------------------------------------------------------------------
                                             15.174461   slack (MET)


Startpoint: _93_ (rising edge-triggered flip-flop clocked by clk)
Endpoint: acc[1] (output port clocked by clk)
Path Group: clk
Path Type: max

Fanout         Cap        Slew       Delay        Time   Description
---------------------------------------------------------------------------------------------
                                  0.000000    0.000000   clock clk (rise edge)
                                  0.000000    0.000000   clock source latency
     1    0.009664    0.037313    0.024435    0.024435 ^ clk (in)
                                                         clk (net)
                      0.037322    0.000000    0.024435 ^ clkbuf_0_clk/A (sky130_fd_sc_hd__clkbuf_16)
     2    0.018916    0.030471    0.085323    0.109758 ^ clkbuf_0_clk/X (sky130_fd_sc_hd__clkbuf_16)
                                                         clknet_0_clk (net)
                      0.030485    0.000955    0.110713 ^ clkbuf_1_1__f_clk/A (sky130_fd_sc_hd__clkbuf_16)
     4    0.012429    0.026145    0.079051    0.189764 ^ clkbuf_1_1__f_clk/X (sky130_fd_sc_hd__clkbuf_16)
                                                         clknet_1_1__leaf_clk (net)
                      0.026148    0.000674    0.190438 ^ _93_/CLK (sky130_fd_sc_hd__dfrtp_1)
     3    0.010328    0.076245    0.231846    0.422284 ^ _93_/Q (sky130_fd_sc_hd__dfrtp_1)
                                                         net11 (net)
                      0.076249    0.000623    0.422906 ^ output11/A (sky130_fd_sc_hd__buf_2)
     1    0.034049    0.127099    0.148091    0.570997 ^ output11/X (sky130_fd_sc_hd__buf_2)
                                                         acc[1] (net)
                      0.127129    0.001615    0.572613 ^ acc[1] (out)
                                              0.572613   data arrival time

                                 20.000000   20.000000   clock clk (rise edge)
                                  0.000000   20.000000   clock network delay (propagated)
                                 -0.250000   19.750002   clock uncertainty
                                  0.000000   19.750002   clock reconvergence pessimism
                                 -4.000000   15.750001   output external delay
                                             15.750001   data required time
---------------------------------------------------------------------------------------------
                                             15.750001   data required time
                                             -0.572613   data arrival time
---------------------------------------------------------------------------------------------
                                             15.177388   slack (MET)


Startpoint: _98_ (rising edge-triggered flip-flop clocked by clk)
Endpoint: acc[6] (output port clocked by clk)
Path Group: clk
Path Type: max

Fanout         Cap        Slew       Delay        Time   Description
---------------------------------------------------------------------------------------------
                                  0.000000    0.000000   clock clk (rise edge)
                                  0.000000    0.000000   clock source latency
     1    0.009664    0.037313    0.024435    0.024435 ^ clk (in)
                                                         clk (net)
                      0.037322    0.000000    0.024435 ^ clkbuf_0_clk/A (sky130_fd_sc_hd__clkbuf_16)
     2    0.018916    0.030471    0.085323    0.109758 ^ clkbuf_0_clk/X (sky130_fd_sc_hd__clkbuf_16)
                                                         clknet_0_clk (net)
                      0.030485    0.000955    0.110713 ^ clkbuf_1_1__f_clk/A (sky130_fd_sc_hd__clkbuf_16)
     4    0.012429    0.026145    0.079051    0.189764 ^ clkbuf_1_1__f_clk/X (sky130_fd_sc_hd__clkbuf_16)
                                                         clknet_1_1__leaf_clk (net)
                      0.026147    0.000642    0.190406 ^ _98_/CLK (sky130_fd_sc_hd__dfrtp_1)
     3    0.010261    0.075893    0.231463    0.421869 ^ _98_/Q (sky130_fd_sc_hd__dfrtp_1)
                                                         net16 (net)
                      0.075897    0.000618    0.422487 ^ output16/A (sky130_fd_sc_hd__buf_2)
     1    0.034216    0.127691    0.148401    0.570888 ^ output16/X (sky130_fd_sc_hd__buf_2)
                                                         acc[6] (net)
                      0.127722    0.001647    0.572535 ^ acc[6] (out)
                                              0.572535   data arrival time

                                 20.000000   20.000000   clock clk (rise edge)
                                  0.000000   20.000000   clock network delay (propagated)
                                 -0.250000   19.750002   clock uncertainty
                                  0.000000   19.750002   clock reconvergence pessimism
                                 -4.000000   15.750001   output external delay
                                             15.750001   data required time
---------------------------------------------------------------------------------------------
                                             15.750001   data required time
                                             -0.572535   data arrival time
---------------------------------------------------------------------------------------------
                                             15.177465   slack (MET)


Startpoint: _92_ (rising edge-triggered flip-flop clocked by clk)
Endpoint: acc[0] (output port clocked by clk)
Path Group: clk
Path Type: max

Fanout         Cap        Slew       Delay        Time   Description
---------------------------------------------------------------------------------------------
                                  0.000000    0.000000   clock clk (rise edge)
                                  0.000000    0.000000   clock source latency
     1    0.009664    0.037313    0.024435    0.024435 ^ clk (in)
                                                         clk (net)
                      0.037322    0.000000    0.024435 ^ clkbuf_0_clk/A (sky130_fd_sc_hd__clkbuf_16)
     2    0.018916    0.030471    0.085323    0.109758 ^ clkbuf_0_clk/X (sky130_fd_sc_hd__clkbuf_16)
                                                         clknet_0_clk (net)
                      0.030485    0.000955    0.110713 ^ clkbuf_1_1__f_clk/A (sky130_fd_sc_hd__clkbuf_16)
     4    0.012429    0.026145    0.079051    0.189764 ^ clkbuf_1_1__f_clk/X (sky130_fd_sc_hd__clkbuf_16)
                                                         clknet_1_1__leaf_clk (net)
                      0.026147    0.000640    0.190404 ^ _92_/CLK (sky130_fd_sc_hd__dfrtp_1)
     3    0.009787    0.073280    0.229264    0.419668 ^ _92_/Q (sky130_fd_sc_hd__dfrtp_1)
                                                         net10 (net)
                      0.073284    0.000623    0.420292 ^ output10/A (sky130_fd_sc_hd__buf_2)
     1    0.035298    0.131936    0.150212    0.570504 ^ output10/X (sky130_fd_sc_hd__buf_2)
                                                         acc[0] (net)
                      0.131978    0.001937    0.572441 ^ acc[0] (out)
                                              0.572441   data arrival time

                                 20.000000   20.000000   clock clk (rise edge)
                                  0.000000   20.000000   clock network delay (propagated)
                                 -0.250000   19.750002   clock uncertainty
                                  0.000000   19.750002   clock reconvergence pessimism
                                 -4.000000   15.750001   output external delay
                                             15.750001   data required time
---------------------------------------------------------------------------------------------
                                             15.750001   data required time
                                             -0.572441   data arrival time
---------------------------------------------------------------------------------------------
                                             15.177561   slack (MET)


Startpoint: _97_ (rising edge-triggered flip-flop clocked by clk)
Endpoint: acc[5] (output port clocked by clk)
Path Group: clk
Path Type: max

Fanout         Cap        Slew       Delay        Time   Description
---------------------------------------------------------------------------------------------
                                  0.000000    0.000000   clock clk (rise edge)
                                  0.000000    0.000000   clock source latency
     1    0.009664    0.037313    0.024435    0.024435 ^ clk (in)
                                                         clk (net)
                      0.037322    0.000000    0.024435 ^ clkbuf_0_clk/A (sky130_fd_sc_hd__clkbuf_16)
     2    0.018916    0.030471    0.085323    0.109758 ^ clkbuf_0_clk/X (sky130_fd_sc_hd__clkbuf_16)
                                                         clknet_0_clk (net)
                      0.030485    0.000970    0.110729 ^ clkbuf_1_0__f_clk/A (sky130_fd_sc_hd__clkbuf_16)
     4    0.012781    0.026378    0.079276    0.190005 ^ clkbuf_1_0__f_clk/X (sky130_fd_sc_hd__clkbuf_16)
                                                         clknet_1_0__leaf_clk (net)
                      0.026380    0.000609    0.190615 ^ _97_/CLK (sky130_fd_sc_hd__dfrtp_1)
     3    0.009703    0.072765    0.229035    0.419649 ^ _97_/Q (sky130_fd_sc_hd__dfrtp_1)
                                                         net15 (net)
                      0.072767    0.000535    0.420185 ^ output15/A (sky130_fd_sc_hd__buf_2)
     1    0.034138    0.127416    0.147496    0.567681 ^ output15/X (sky130_fd_sc_hd__buf_2)
                                                         acc[5] (net)
                      0.127447    0.001641    0.569322 ^ acc[5] (out)
                                              0.569322   data arrival time

                                 20.000000   20.000000   clock clk (rise edge)
                                  0.000000   20.000000   clock network delay (propagated)
                                 -0.250000   19.750002   clock uncertainty
                                  0.000000   19.750002   clock reconvergence pessimism
                                 -4.000000   15.750001   output external delay
                                             15.750001   data required time
---------------------------------------------------------------------------------------------
                                             15.750001   data required time
                                             -0.569322   data arrival time
---------------------------------------------------------------------------------------------
                                             15.180678   slack (MET)


Startpoint: _95_ (rising edge-triggered flip-flop clocked by clk)
Endpoint: acc[3] (output port clocked by clk)
Path Group: clk
Path Type: max

Fanout         Cap        Slew       Delay        Time   Description
---------------------------------------------------------------------------------------------
                                  0.000000    0.000000   clock clk (rise edge)
                                  0.000000    0.000000   clock source latency
     1    0.009664    0.037313    0.024435    0.024435 ^ clk (in)
                                                         clk (net)
                      0.037322    0.000000    0.024435 ^ clkbuf_0_clk/A (sky130_fd_sc_hd__clkbuf_16)
     2    0.018916    0.030471    0.085323    0.109758 ^ clkbuf_0_clk/X (sky130_fd_sc_hd__clkbuf_16)
                                                         clknet_0_clk (net)
                      0.030485    0.000970    0.110729 ^ clkbuf_1_0__f_clk/A (sky130_fd_sc_hd__clkbuf_16)
     4    0.012781    0.026378    0.079276    0.190005 ^ clkbuf_1_0__f_clk/X (sky130_fd_sc_hd__clkbuf_16)
                                                         clknet_1_0__leaf_clk (net)
                      0.026380    0.000649    0.190654 ^ _95_/CLK (sky130_fd_sc_hd__dfrtp_1)
     3    0.009299    0.070291    0.227089    0.417743 ^ _95_/Q (sky130_fd_sc_hd__dfrtp_1)
                                                         net13 (net)
                      0.070294    0.000551    0.418294 ^ output13/A (sky130_fd_sc_hd__buf_2)
     1    0.034452    0.128903    0.147664    0.565958 ^ output13/X (sky130_fd_sc_hd__buf_2)
                                                         acc[3] (net)
                      0.128933    0.001614    0.567572 ^ acc[3] (out)
                                              0.567572   data arrival time

                                 20.000000   20.000000   clock clk (rise edge)
                                  0.000000   20.000000   clock network delay (propagated)
                                 -0.250000   19.750002   clock uncertainty
                                  0.000000   19.750002   clock reconvergence pessimism
                                 -4.000000   15.750001   output external delay
                                             15.750001   data required time
---------------------------------------------------------------------------------------------
                                             15.750001   data required time
                                             -0.567572   data arrival time
---------------------------------------------------------------------------------------------
                                             15.182428   slack (MET)


Startpoint: _99_ (rising edge-triggered flip-flop clocked by clk)
Endpoint: acc[7] (output port clocked by clk)
Path Group: clk
Path Type: max

Fanout         Cap        Slew       Delay        Time   Description
---------------------------------------------------------------------------------------------
                                  0.000000    0.000000   clock clk (rise edge)
                                  0.000000    0.000000   clock source latency
     1    0.009664    0.037313    0.024435    0.024435 ^ clk (in)
                                                         clk (net)
                      0.037322    0.000000    0.024435 ^ clkbuf_0_clk/A (sky130_fd_sc_hd__clkbuf_16)
     2    0.018916    0.030471    0.085323    0.109758 ^ clkbuf_0_clk/X (sky130_fd_sc_hd__clkbuf_16)
                                                         clknet_0_clk (net)
                      0.030485    0.000955    0.110713 ^ clkbuf_1_1__f_clk/A (sky130_fd_sc_hd__clkbuf_16)
     4    0.012429    0.026145    0.079051    0.189764 ^ clkbuf_1_1__f_clk/X (sky130_fd_sc_hd__clkbuf_16)
                                                         clknet_1_1__leaf_clk (net)
                      0.026148    0.000659    0.190423 ^ _99_/CLK (sky130_fd_sc_hd__dfrtp_1)
     2    0.008126    0.063096    0.221500    0.411923 ^ _99_/Q (sky130_fd_sc_hd__dfrtp_1)
                                                         net17 (net)
                      0.063096    0.000356    0.412278 ^ output17/A (sky130_fd_sc_hd__buf_2)
     1    0.034025    0.127385    0.144969    0.557248 ^ output17/X (sky130_fd_sc_hd__buf_2)
                                                         acc[7] (net)
                      0.127414    0.001593    0.558841 ^ acc[7] (out)
                                              0.558841   data arrival time

                                 20.000000   20.000000   clock clk (rise edge)
                                  0.000000   20.000000   clock network delay (propagated)
                                 -0.250000   19.750002   clock uncertainty
                                  0.000000   19.750002   clock reconvergence pessimism
                                 -4.000000   15.750001   output external delay
                                             15.750001   data required time
---------------------------------------------------------------------------------------------
                                             15.750001   data required time
                                             -0.558841   data arrival time
---------------------------------------------------------------------------------------------
                                             15.191161   slack (MET)


Startpoint: data_in[0] (input port clocked by clk)
Endpoint: _93_ (rising edge-triggered flip-flop clocked by clk)
Path Group: clk
Path Type: max

Fanout         Cap        Slew       Delay        Time   Description
---------------------------------------------------------------------------------------------
                                  0.000000    0.000000   clock clk (rise edge)
                                  0.000000    0.000000   clock network delay (propagated)
                                  4.000000    4.000000 ^ input external delay
     1    0.004141    0.018719    0.010821    4.010821 ^ data_in[0] (in)
                                                         data_in[0] (net)
                      0.018722    0.000000    4.010821 ^ input1/A (sky130_fd_sc_hd__clkbuf_1)
     2    0.007163    0.068670    0.074485    4.085306 ^ input1/X (sky130_fd_sc_hd__clkbuf_1)
                                                         net1 (net)
                      0.068676    0.000485    4.085790 ^ _53_/A (sky130_fd_sc_hd__nand2_1)
     3    0.009880    0.051617    0.056001    4.141791 v _53_/Y (sky130_fd_sc_hd__nand2_1)
                                                         _18_ (net)
                      0.051626    0.000572    4.142364 v _54_/A (sky130_fd_sc_hd__or3b_1)
     3    0.008140    0.063875    0.242838    4.385201 v _54_/X (sky130_fd_sc_hd__or3b_1)
                                                         _19_ (net)
                      0.063875    0.000235    4.385437 v _78_/A (sky130_fd_sc_hd__and2_1)
     1    0.002310    0.023860    0.093536    4.478972 v _78_/X (sky130_fd_sc_hd__and2_1)
                                                         adder.low.sum[1] (net)
                      0.023860    0.000166    4.479138 v _93_/D (sky130_fd_sc_hd__dfrtp_1)
                                              4.479138   data arrival time

                                 20.000000   20.000000   clock clk (rise edge)
                                  0.000000   20.000000   clock source latency
     1    0.009664    0.037313    0.024436   20.024437 ^ clk (in)
                                                         clk (net)
                      0.037322    0.000000   20.024437 ^ clkbuf_0_clk/A (sky130_fd_sc_hd__clkbuf_16)
     2    0.018916    0.030471    0.085322   20.109758 ^ clkbuf_0_clk/X (sky130_fd_sc_hd__clkbuf_16)
                                                         clknet_0_clk (net)
                      0.030485    0.000956   20.110714 ^ clkbuf_1_1__f_clk/A (sky130_fd_sc_hd__clkbuf_16)
     4    0.012429    0.026145    0.079051   20.189766 ^ clkbuf_1_1__f_clk/X (sky130_fd_sc_hd__clkbuf_16)
                                                         clknet_1_1__leaf_clk (net)
                      0.026148    0.000673   20.190439 ^ _93_/CLK (sky130_fd_sc_hd__dfrtp_1)
                                 -0.250000   19.940439   clock uncertainty
                                  0.000000   19.940439   clock reconvergence pessimism
                                 -0.070100   19.870338   library setup time
                                             19.870338   data required time
---------------------------------------------------------------------------------------------
                                             19.870338   data required time
                                             -4.479138   data arrival time
---------------------------------------------------------------------------------------------
                                             15.391202   slack (MET)


Startpoint: data_in[0] (input port clocked by clk)
Endpoint: _92_ (rising edge-triggered flip-flop clocked by clk)
Path Group: clk
Path Type: max

Fanout         Cap        Slew       Delay        Time   Description
---------------------------------------------------------------------------------------------
                                  0.000000    0.000000   clock clk (rise edge)
                                  0.000000    0.000000   clock network delay (propagated)
                                  4.000000    4.000000 v input external delay
     1    0.003955    0.006431    0.003356    4.003356 v data_in[0] (in)
                                                         data_in[0] (net)
                      0.006437    0.000000    4.003356 v input1/A (sky130_fd_sc_hd__clkbuf_1)
     2    0.006886    0.032963    0.060092    4.063448 v input1/X (sky130_fd_sc_hd__clkbuf_1)
                                                         net1 (net)
                      0.032969    0.000424    4.063872 v _83_/A (sky130_fd_sc_hd__or2_1)
     1    0.003310    0.034237    0.133613    4.197485 v _83_/X (sky130_fd_sc_hd__or2_1)
                                                         _41_ (net)
                      0.034246    0.000219    4.197704 v _84_/B (sky130_fd_sc_hd__and2_1)
     1    0.003087    0.026161    0.097140    4.294844 v _84_/X (sky130_fd_sc_hd__and2_1)
                                                         adder.low.p[0] (net)
                      0.026170    0.000199    4.295043 v _92_/D (sky130_fd_sc_hd__dfrtp_1)
                                              4.295043   data arrival time

                                 20.000000   20.000000   clock clk (rise edge)
                                  0.000000   20.000000   clock source latency
     1    0.009664    0.037313    0.024436   20.024437 ^ clk (in)
                                                         clk (net)
                      0.037322    0.000000   20.024437 ^ clkbuf_0_clk/A (sky130_fd_sc_hd__clkbuf_16)
     2    0.018916    0.030471    0.085322   20.109758 ^ clkbuf_0_clk/X (sky130_fd_sc_hd__clkbuf_16)
                                                         clknet_0_clk (net)
                      0.030485    0.000956   20.110714 ^ clkbuf_1_1__f_clk/A (sky130_fd_sc_hd__clkbuf_16)
     4    0.012429    0.026145    0.079051   20.189766 ^ clkbuf_1_1__f_clk/X (sky130_fd_sc_hd__clkbuf_16)
                                                         clknet_1_1__leaf_clk (net)
                      0.026147    0.000639   20.190405 ^ _92_/CLK (sky130_fd_sc_hd__dfrtp_1)
                                 -0.250000   19.940405   clock uncertainty
                                  0.000000   19.940405   clock reconvergence pessimism
                                 -0.070925   19.869480   library setup time
                                             19.869480   data required time
---------------------------------------------------------------------------------------------
                                             19.869480   data required time
                                             -4.295043   data arrival time
---------------------------------------------------------------------------------------------
                                             15.574438   slack (MET)


Startpoint: rst (input port clocked by clk)
Endpoint: _96_ (recovery check against rising-edge clock clk)
Path Group: asynchronous
Path Type: max

Fanout         Cap        Slew       Delay        Time   Description
---------------------------------------------------------------------------------------------
                                  0.000000    0.000000   clock clk (rise edge)
                                  0.000000    0.000000   clock network delay (propagated)
                                  4.000000    4.000000 v input external delay
     1    0.002932    0.004903    0.002437    4.002437 v rst (in)
                                                         rst (net)
                      0.004912    0.000000    4.002437 v input9/A (sky130_fd_sc_hd__clkbuf_4)
     8    0.047394    0.073414    0.124956    4.127393 v input9/X (sky130_fd_sc_hd__clkbuf_4)
                                                         net9 (net)
                      0.073629    0.003058    4.130451 v _88_/A (sky130_fd_sc_hd__inv_2)
     1    0.005761    0.032732    0.050219    4.180670 ^ _88_/Y (sky130_fd_sc_hd__inv_2)
                                                         _04_ (net)
                      0.032733    0.000329    4.180999 ^ _96_/RESET_B (sky130_fd_sc_hd__dfrtp_1)
                                              4.180999   data arrival time

                                 20.000000   20.000000   clock clk (rise edge)
                                  0.000000   20.000000   clock source latency
     1    0.009664    0.037313    0.024436   20.024437 ^ clk (in)
                                                         clk (net)
                      0.037322    0.000000   20.024437 ^ clkbuf_0_clk/A (sky130_fd_sc_hd__clkbuf_16)
     2    0.018916    0.030471    0.085322   20.109758 ^ clkbuf_0_clk/X (sky130_fd_sc_hd__clkbuf_16)
                                                         clknet_0_clk (net)
                      0.030485    0.000972   20.110729 ^ clkbuf_1_0__f_clk/A (sky130_fd_sc_hd__clkbuf_16)
     4    0.012781    0.026378    0.079275   20.190004 ^ clkbuf_1_0__f_clk/X (sky130_fd_sc_hd__clkbuf_16)
                                                         clknet_1_0__leaf_clk (net)
                      0.026381    0.000691   20.190697 ^ _96_/CLK (sky130_fd_sc_hd__dfrtp_1)
                                 -0.250000   19.940697   clock uncertainty
                                  0.000000   19.940697   clock reconvergence pessimism
                                  0.142654   20.083351   library recovery time
                                             20.083351   data required time
---------------------------------------------------------------------------------------------
                                             20.083351   data required time
                                             -4.180999   data arrival time
---------------------------------------------------------------------------------------------
                                             15.902352   slack (MET)


Startpoint: rst (input port clocked by clk)
Endpoint: _94_ (recovery check against rising-edge clock clk)
Path Group: asynchronous
Path Type: max

Fanout         Cap        Slew       Delay        Time   Description
---------------------------------------------------------------------------------------------
                                  0.000000    0.000000   clock clk (rise edge)
                                  0.000000    0.000000   clock network delay (propagated)
                                  4.000000    4.000000 v input external delay
     1    0.002932    0.004903    0.002437    4.002437 v rst (in)
                                                         rst (net)
                      0.004912    0.000000    4.002437 v input9/A (sky130_fd_sc_hd__clkbuf_4)
     8    0.047394    0.073414    0.124956    4.127393 v input9/X (sky130_fd_sc_hd__clkbuf_4)
                                                         net9 (net)
                      0.073707    0.003616    4.131009 v _86_/A (sky130_fd_sc_hd__inv_2)
     1    0.005520    0.032135    0.049624    4.180633 ^ _86_/Y (sky130_fd_sc_hd__inv_2)
                                                         _02_ (net)
                      0.032136    0.000303    4.180936 ^ _94_/RESET_B (sky130_fd_sc_hd__dfrtp_1)
                                              4.180936   data arrival time

                                 20.000000   20.000000   clock clk (rise edge)
                                  0.000000   20.000000   clock source latency
     1    0.009664    0.037313    0.024436   20.024437 ^ clk (in)
                                                         clk (net)
                      0.037322    0.000000   20.024437 ^ clkbuf_0_clk/A (sky130_fd_sc_hd__clkbuf_16)
     2    0.018916    0.030471    0.085322   20.109758 ^ clkbuf_0_clk/X (sky130_fd_sc_hd__clkbuf_16)
                                                         clknet_0_clk (net)
                      0.030485    0.000972   20.110729 ^ clkbuf_1_0__f_clk/A (sky130_fd_sc_hd__clkbuf_16)
     4    0.012781    0.026378    0.079275   20.190004 ^ clkbuf_1_0__f_clk/X (sky130_fd_sc_hd__clkbuf_16)
                                                         clknet_1_0__leaf_clk (net)
                      0.026381    0.000750   20.190754 ^ _94_/CLK (sky130_fd_sc_hd__dfrtp_1)
                                 -0.250000   19.940756   clock uncertainty
                                  0.000000   19.940756   clock reconvergence pessimism
                                  0.142766   20.083521   library recovery time
                                             20.083521   data required time
---------------------------------------------------------------------------------------------
                                             20.083521   data required time
                                             -4.180936   data arrival time
---------------------------------------------------------------------------------------------
                                             15.902585   slack (MET)


Startpoint: rst (input port clocked by clk)
Endpoint: _99_ (recovery check against rising-edge clock clk)
Path Group: asynchronous
Path Type: max

Fanout         Cap        Slew       Delay        Time   Description
---------------------------------------------------------------------------------------------
                                  0.000000    0.000000   clock clk (rise edge)
                                  0.000000    0.000000   clock network delay (propagated)
                                  4.000000    4.000000 v input external delay
     1    0.002932    0.004903    0.002437    4.002437 v rst (in)
                                                         rst (net)
                      0.004912    0.000000    4.002437 v input9/A (sky130_fd_sc_hd__clkbuf_4)
     8    0.047394    0.073414    0.124956    4.127393 v input9/X (sky130_fd_sc_hd__clkbuf_4)
                                                         net9 (net)
                      0.073617    0.002962    4.130355 v _91_/A (sky130_fd_sc_hd__inv_2)
     1    0.004764    0.030189    0.047596    4.177951 ^ _91_/Y (sky130_fd_sc_hd__inv_2)
                                                         _07_ (net)
                      0.030189    0.000252    4.178204 ^ _99_/RESET_B (sky130_fd_sc_hd__dfrtp_1)
                                              4.178204   data arrival time

                                 20.000000   20.000000   clock clk (rise edge)
                                  0.000000   20.000000   clock source latency
     1    0.009664    0.037313    0.024436   20.024437 ^ clk (in)
                                                         clk (net)
                      0.037322    0.000000   20.024437 ^ clkbuf_0_clk/A (sky130_fd_sc_hd__clkbuf_16)
     2    0.018916    0.030471    0.085322   20.109758 ^ clkbuf_0_clk/X (sky130_fd_sc_hd__clkbuf_16)
                                                         clknet_0_clk (net)
                      0.030485    0.000956   20.110714 ^ clkbuf_1_1__f_clk/A (sky130_fd_sc_hd__clkbuf_16)
     4    0.012429    0.026145    0.079051   20.189766 ^ clkbuf_1_1__f_clk/X (sky130_fd_sc_hd__clkbuf_16)
                                                         clknet_1_1__leaf_clk (net)
                      0.026148    0.000659   20.190424 ^ _99_/CLK (sky130_fd_sc_hd__dfrtp_1)
                                 -0.250000   19.940426   clock uncertainty
                                  0.000000   19.940426   clock reconvergence pessimism
                                  0.143096   20.083521   library recovery time
                                             20.083521   data required time
---------------------------------------------------------------------------------------------
                                             20.083521   data required time
                                             -4.178204   data arrival time
---------------------------------------------------------------------------------------------
                                             15.905318   slack (MET)


Startpoint: rst (input port clocked by clk)
Endpoint: _93_ (recovery check against rising-edge clock clk)
Path Group: asynchronous
Path Type: max

Fanout         Cap        Slew       Delay        Time   Description
---------------------------------------------------------------------------------------------
                                  0.000000    0.000000   clock clk (rise edge)
                                  0.000000    0.000000   clock network delay (propagated)
                                  4.000000    4.000000 v input external delay
     1    0.002932    0.004903    0.002437    4.002437 v rst (in)
                                                         rst (net)
                      0.004912    0.000000    4.002437 v input9/A (sky130_fd_sc_hd__clkbuf_4)
     8    0.047394    0.073414    0.124956    4.127393 v input9/X (sky130_fd_sc_hd__clkbuf_4)
                                                         net9 (net)
                      0.073552    0.002357    4.129750 v _85_/A (sky130_fd_sc_hd__inv_2)
     1    0.004419    0.029081    0.046343    4.176094 ^ _85_/Y (sky130_fd_sc_hd__inv_2)
                                                         _01_ (net)
                      0.029081    0.000115    4.176208 ^ _93_/RESET_B (sky130_fd_sc_hd__dfrtp_1)
                                              4.176208   data arrival time

                                 20.000000   20.000000   clock clk (rise edge)
                                  0.000000   20.000000   clock source latency
     1    0.009664    0.037313    0.024436   20.024437 ^ clk (in)
                                                         clk (net)
                      0.037322    0.000000   20.024437 ^ clkbuf_0_clk/A (sky130_fd_sc_hd__clkbuf_16)
     2    0.018916    0.030471    0.085322   20.109758 ^ clkbuf_0_clk/X (sky130_fd_sc_hd__clkbuf_16)
                                                         clknet_0_clk (net)
                      0.030485    0.000956   20.110714 ^ clkbuf_1_1__f_clk/A (sky130_fd_sc_hd__clkbuf_16)
     4    0.012429    0.026145    0.079051   20.189766 ^ clkbuf_1_1__f_clk/X (sky130_fd_sc_hd__clkbuf_16)
                                                         clknet_1_1__leaf_clk (net)
                      0.026148    0.000673   20.190439 ^ _93_/CLK (sky130_fd_sc_hd__dfrtp_1)
                                 -0.250000   19.940439   clock uncertainty
                                  0.000000   19.940439   clock reconvergence pessimism
                                  0.143303   20.083742   library recovery time
                                             20.083742   data required time
---------------------------------------------------------------------------------------------
                                             20.083742   data required time
                                             -4.176208   data arrival time
---------------------------------------------------------------------------------------------
                                             15.907534   slack (MET)


Startpoint: rst (input port clocked by clk)
Endpoint: _97_ (recovery check against rising-edge clock clk)
Path Group: asynchronous
Path Type: max

Fanout         Cap        Slew       Delay        Time   Description
---------------------------------------------------------------------------------------------
                                  0.000000    0.000000   clock clk (rise edge)
                                  0.000000    0.000000   clock network delay (propagated)
                                  4.000000    4.000000 v input external delay
     1    0.002932    0.004903    0.002437    4.002437 v rst (in)
                                                         rst (net)
                      0.004912    0.000000    4.002437 v input9/A (sky130_fd_sc_hd__clkbuf_4)
     8    0.047394    0.073414    0.124956    4.127393 v input9/X (sky130_fd_sc_hd__clkbuf_4)
                                                         net9 (net)
                      0.073696    0.003541    4.130934 v _89_/A (sky130_fd_sc_hd__inv_2)
     1    0.004046    0.028009    0.044932    4.175866 ^ _89_/Y (sky130_fd_sc_hd__inv_2)
                                                         _05_ (net)
                      0.028011    0.000214    4.176081 ^ _97_/RESET_B (sky130_fd_sc_hd__dfrtp_1)
                                              4.176081   data arrival time

                                 20.000000   20.000000   clock clk (rise edge)
                                  0.000000   20.000000   clock source latency
     1    0.009664    0.037313    0.024436   20.024437 ^ clk (in)
                                                         clk (net)
                      0.037322    0.000000   20.024437 ^ clkbuf_0_clk/A (sky130_fd_sc_hd__clkbuf_16)
     2    0.018916    0.030471    0.085322   20.109758 ^ clkbuf_0_clk/X (sky130_fd_sc_hd__clkbuf_16)
                                                         clknet_0_clk (net)
                      0.030485    0.000972   20.110729 ^ clkbuf_1_0__f_clk/A (sky130_fd_sc_hd__clkbuf_16)
     4    0.012781    0.026378    0.079275   20.190004 ^ clkbuf_1_0__f_clk/X (sky130_fd_sc_hd__clkbuf_16)
                                                         clknet_1_0__leaf_clk (net)
                      0.026380    0.000609   20.190615 ^ _97_/CLK (sky130_fd_sc_hd__dfrtp_1)
                                 -0.250000   19.940615   clock uncertainty
                                  0.000000   19.940615   clock reconvergence pessimism
                                  0.143538   20.084154   library recovery time
                                             20.084154   data required time
---------------------------------------------------------------------------------------------
                                             20.084154   data required time
                                             -4.176081   data arrival time
---------------------------------------------------------------------------------------------
                                             15.908073   slack (MET)


Startpoint: rst (input port clocked by clk)
Endpoint: _95_ (recovery check against rising-edge clock clk)
Path Group: asynchronous
Path Type: max

Fanout         Cap        Slew       Delay        Time   Description
---------------------------------------------------------------------------------------------
                                  0.000000    0.000000   clock clk (rise edge)
                                  0.000000    0.000000   clock network delay (propagated)
                                  4.000000    4.000000 v input external delay
     1    0.002932    0.004903    0.002437    4.002437 v rst (in)
                                                         rst (net)
                      0.004912    0.000000    4.002437 v input9/A (sky130_fd_sc_hd__clkbuf_4)
     8    0.047394    0.073414    0.124956    4.127393 v input9/X (sky130_fd_sc_hd__clkbuf_4)
                                                         net9 (net)
                      0.073716    0.003678    4.131071 v _87_/A (sky130_fd_sc_hd__inv_2)
     1    0.003983    0.027837    0.044698    4.175770 ^ _87_/Y (sky130_fd_sc_hd__inv_2)
                                                         _03_ (net)
                      0.027839    0.000213    4.175982 ^ _95_/RESET_B (sky130_fd_sc_hd__dfrtp_1)
                                              4.175982   data arrival time

                                 20.000000   20.000000   clock clk (rise edge)
                                  0.000000   20.000000   clock source latency
     1    0.009664    0.037313    0.024436   20.024437 ^ clk (in)
                                                         clk (net)
                      0.037322    0.000000   20.024437 ^ clkbuf_0_clk/A (sky130_fd_sc_hd__clkbuf_16)
     2    0.018916    0.030471    0.085322   20.109758 ^ clkbuf_0_clk/X (sky130_fd_sc_hd__clkbuf_16)
                                                         clknet_0_clk (net)
                      0.030485    0.000972   20.110729 ^ clkbuf_1_0__f_clk/A (sky130_fd_sc_hd__clkbuf_16)
     4    0.012781    0.026378    0.079275   20.190004 ^ clkbuf_1_0__f_clk/X (sky130_fd_sc_hd__clkbuf_16)
                                                         clknet_1_0__leaf_clk (net)
                      0.026380    0.000648   20.190653 ^ _95_/CLK (sky130_fd_sc_hd__dfrtp_1)
                                 -0.250000   19.940655   clock uncertainty
                                  0.000000   19.940655   clock reconvergence pessimism
                                  0.143571   20.084225   library recovery time
                                             20.084225   data required time
---------------------------------------------------------------------------------------------
                                             20.084225   data required time
                                             -4.175982   data arrival time
---------------------------------------------------------------------------------------------
                                             15.908242   slack (MET)


Startpoint: rst (input port clocked by clk)
Endpoint: _98_ (recovery check against rising-edge clock clk)
Path Group: asynchronous
Path Type: max

Fanout         Cap        Slew       Delay        Time   Description
---------------------------------------------------------------------------------------------
                                  0.000000    0.000000   clock clk (rise edge)
                                  0.000000    0.000000   clock network delay (propagated)
                                  4.000000    4.000000 v input external delay
     1    0.002932    0.004903    0.002437    4.002437 v rst (in)
                                                         rst (net)
                      0.004912    0.000000    4.002437 v input9/A (sky130_fd_sc_hd__clkbuf_4)
     8    0.047394    0.073414    0.124956    4.127393 v input9/X (sky130_fd_sc_hd__clkbuf_4)
                                                         net9 (net)
                      0.073647    0.003197    4.130590 v _90_/A (sky130_fd_sc_hd__inv_2)
     1    0.004003    0.027879    0.044754    4.175344 ^ _90_/Y (sky130_fd_sc_hd__inv_2)
                                                         _06_ (net)
                      0.027881    0.000213    4.175557 ^ _98_/RESET_B (sky130_fd_sc_hd__dfrtp_1)
                                              4.175557   data arrival time

                                 20.000000   20.000000   clock clk (rise edge)
                                  0.000000   20.000000   clock source latency
     1    0.009664    0.037313    0.024436   20.024437 ^ clk (in)
                                                         clk (net)
                      0.037322    0.000000   20.024437 ^ clkbuf_0_clk/A (sky130_fd_sc_hd__clkbuf_16)
     2    0.018916    0.030471    0.085322   20.109758 ^ clkbuf_0_clk/X (sky130_fd_sc_hd__clkbuf_16)
                                                         clknet_0_clk (net)
                      0.030485    0.000956   20.110714 ^ clkbuf_1_1__f_clk/A (sky130_fd_sc_hd__clkbuf_16)
     4    0.012429    0.026145    0.079051   20.189766 ^ clkbuf_1_1__f_clk/X (sky130_fd_sc_hd__clkbuf_16)
                                                         clknet_1_1__leaf_clk (net)
                      0.026147    0.000641   20.190407 ^ _98_/CLK (sky130_fd_sc_hd__dfrtp_1)
                                 -0.250000   19.940407   clock uncertainty
                                  0.000000   19.940407   clock reconvergence pessimism
                                  0.143528   20.083935   library recovery time
                                             20.083935   data required time
---------------------------------------------------------------------------------------------
                                             20.083935   data required time
                                             -4.175557   data arrival time
---------------------------------------------------------------------------------------------
                                             15.908378   slack (MET)


Startpoint: rst (input port clocked by clk)
Endpoint: _92_ (recovery check against rising-edge clock clk)
Path Group: asynchronous
Path Type: max

Fanout         Cap        Slew       Delay        Time   Description
---------------------------------------------------------------------------------------------
                                  0.000000    0.000000   clock clk (rise edge)
                                  0.000000    0.000000   clock network delay (propagated)
                                  4.000000    4.000000 v input external delay
     1    0.002932    0.004903    0.002437    4.002437 v rst (in)
                                                         rst (net)
                      0.004912    0.000000    4.002437 v input9/A (sky130_fd_sc_hd__clkbuf_4)
     8    0.047394    0.073414    0.124956    4.127393 v input9/X (sky130_fd_sc_hd__clkbuf_4)
                                                         net9 (net)
                      0.073479    0.001374    4.128767 v _42_/A (sky130_fd_sc_hd__inv_2)
     1    0.004040    0.027953    0.044846    4.173613 ^ _42_/Y (sky130_fd_sc_hd__inv_2)
                                                         _00_ (net)
                      0.027954    0.000217    4.173830 ^ _92_/RESET_B (sky130_fd_sc_hd__dfrtp_1)
                                              4.173830   data arrival time

                                 20.000000   20.000000   clock clk (rise edge)
                                  0.000000   20.000000   clock source latency
     1    0.009664    0.037313    0.024436   20.024437 ^ clk (in)
                                                         clk (net)
                      0.037322    0.000000   20.024437 ^ clkbuf_0_clk/A (sky130_fd_sc_hd__clkbuf_16)
     2    0.018916    0.030471    0.085322   20.109758 ^ clkbuf_0_clk/X (sky130_fd_sc_hd__clkbuf_16)
                                                         clknet_0_clk (net)
                      0.030485    0.000956   20.110714 ^ clkbuf_1_1__f_clk/A (sky130_fd_sc_hd__clkbuf_16)
     4    0.012429    0.026145    0.079051   20.189766 ^ clkbuf_1_1__f_clk/X (sky130_fd_sc_hd__clkbuf_16)
                                                         clknet_1_1__leaf_clk (net)
                      0.026147    0.000639   20.190405 ^ _92_/CLK (sky130_fd_sc_hd__dfrtp_1)
                                 -0.250000   19.940405   clock uncertainty
                                  0.000000   19.940405   clock reconvergence pessimism
                                  0.143514   20.083920   library recovery time
                                             20.083920   data required time
---------------------------------------------------------------------------------------------
                                             20.083920   data required time
                                             -4.173830   data arrival time
---------------------------------------------------------------------------------------------
                                             15.910089   slack (MET)



