
===========================================================================
report_checks -path_delay min (Hold)
============================================================================
======================= nom_tt_025C_1v80 Corner ===================================

Startpoint: _99_ (rising edge-triggered flip-flop clocked by clk)
Endpoint: _99_ (rising edge-triggered flip-flop clocked by clk)
Path Group: clk
Path Type: min

Fanout         Cap        Slew       Delay        Time   Description
---------------------------------------------------------------------------------------------
                                  0.000000    0.000000   clock clk (rise edge)
                                  0.000000    0.000000   clock source latency
     8    0.021002    0.100112    0.068662    0.068662 ^ clk (in)
                                                         clk (net)
                      0.100112    0.000000    0.068662 ^ _99_/CLK (sky130_fd_sc_hd__dfrtp_2)
     2    0.042719    0.209187    0.497773    0.566435 ^ _99_/Q (sky130_fd_sc_hd__dfrtp_2)
                                                         acc[7] (net)
                      0.209187    0.000005    0.566440 ^ _75_/B (sky130_fd_sc_hd__xnor2_2)
     1    0.009565    0.063207    0.155128    0.721568 ^ _75_/Y (sky130_fd_sc_hd__xnor2_2)
                                                         _37_ (net)
                      0.063207    0.000042    0.721610 ^ _76_/B (sky130_fd_sc_hd__xnor2_2)
     1    0.002000    0.025904    0.051229    0.772839 v _76_/Y (sky130_fd_sc_hd__xnor2_2)
                                                         adder.high.sum[3] (net)
                      0.025904    0.000000    0.772840 v _99_/D (sky130_fd_sc_hd__dfrtp_2)
                                              0.772840   data arrival time

                                  0.000000    0.000000   clock clk (rise edge)
                                  0.000000    0.000000   clock source latency
     8    0.021002    0.100112    0.068662    0.068662 ^ clk (in)
                                                         clk (net)
                      0.100112    0.000000    0.068662 ^ _99_/CLK (sky130_fd_sc_hd__dfrtp_2)
                                  0.250000    0.318662   clock uncertainty
                                  0.000000    0.318662   clock reconvergence pessimism
                                 -0.021773    0.296889   library hold time
                                              0.296889   data required time
---------------------------------------------------------------------------------------------
                                              0.296889   data required time
                                             -0.772840   data arrival time
---------------------------------------------------------------------------------------------
                                              0.475950   slack (MET)


Startpoint: _94_ (rising edge-triggered flip-flop clocked by clk)
Endpoint: _95_ (rising edge-triggered flip-flop clocked by clk)
Path Group: clk
Path Type: min

Fanout         Cap        Slew       Delay        Time   Description
---------------------------------------------------------------------------------------------
                                  0.000000    0.000000   clock clk (rise edge)
                                  0.000000    0.000000   clock source latency
     8    0.021002    0.100112    0.068665    0.068665 ^ clk (in)
                                                         clk (net)
                      0.100112    0.000000    0.068665 ^ _94_/CLK (sky130_fd_sc_hd__dfrtp_2)
     4    0.046759    0.227573    0.510519    0.579184 ^ _94_/Q (sky130_fd_sc_hd__dfrtp_2)
                                                         acc[2] (net)
                      0.227573    0.000172    0.579355 ^ _48_/B (sky130_fd_sc_hd__nand2_2)
     3    0.009608    0.048361    0.102182    0.681537 v _48_/Y (sky130_fd_sc_hd__nand2_2)
                                                         _13_ (net)
                      0.048361    0.000021    0.681558 v _81_/A (sky130_fd_sc_hd__nand2_2)
     1    0.008986    0.056693    0.070827    0.752385 ^ _81_/Y (sky130_fd_sc_hd__nand2_2)
                                                         _40_ (net)
                      0.056693    0.000022    0.752407 ^ _82_/B (sky130_fd_sc_hd__xnor2_2)
     1    0.002453    0.026728    0.051723    0.804130 v _82_/Y (sky130_fd_sc_hd__xnor2_2)
                                                         adder.low.sum[3] (net)
                      0.026728    0.000006    0.804136 v _95_/D (sky130_fd_sc_hd__dfrtp_2)
                                              0.804136   data arrival time

                                  0.000000    0.000000   clock clk (rise edge)
                                  0.000000    0.000000   clock source latency
     8    0.021002    0.100112    0.068576    0.068576 ^ clk (in)
                                                         clk (net)
                      0.100112    0.000000    0.068576 ^ _95_/CLK (sky130_fd_sc_hd__dfrtp_2)
                                  0.250000    0.318576   clock uncertainty
                                  0.000000    0.318576   clock reconvergence pessimism
                                 -0.022108    0.296468   library hold time
                                              0.296468   data required time
---------------------------------------------------------------------------------------------
                                              0.296468   data required time
                                             -0.804136   data arrival time
---------------------------------------------------------------------------------------------
                                              0.507668   slack (MET)


Startpoint: _92_ (rising edge-triggered flip-flop clocked by clk)
Endpoint: _92_ (rising edge-triggered flip-flop clocked by clk)
Path Group: clk
Path Type: min

Fanout         Cap        Slew       Delay        Time   Description
---------------------------------------------------------------------------------------------
                                  0.000000    0.000000   clock clk (rise edge)
                                  0.000000    0.000000   clock source latency
     8    0.021002    0.100112    0.068681    0.068681 ^ clk (in)
                                                         clk (net)
                      0.100112    0.000000    0.068681 ^ _92_/CLK (sky130_fd_sc_hd__dfrtp_2)
     3    0.040215    0.120794    0.503035    0.571716 v _92_/Q (sky130_fd_sc_hd__dfrtp_2)
                                                         acc[0] (net)
                      0.120794    0.000018    0.571734 v _53_/B (sky130_fd_sc_hd__nand2_2)
     3    0.008403    0.053490    0.110964    0.682698 ^ _53_/Y (sky130_fd_sc_hd__nand2_2)
                                                         _18_ (net)
                      0.053490    0.000004    0.682702 ^ _84_/A (sky130_fd_sc_hd__and2_2)
     1    0.002114    0.034442    0.122482    0.805184 ^ _84_/X (sky130_fd_sc_hd__and2_2)
                                                         adder.low.p[0] (net)
                      0.034442    0.000001    0.805185 ^ _92_/D (sky130_fd_sc_hd__dfrtp_2)
                                              0.805185   data arrival time

                                  0.000000    0.000000   clock clk (rise edge)
                                  0.000000    0.000000   clock source latency
     8    0.021002    0.100112    0.068681    0.068681 ^ clk (in)
                                                         clk (net)
                      0.100112    0.000000    0.068681 ^ _92_/CLK (sky130_fd_sc_hd__dfrtp_2)
                                  0.250000    0.318681   clock uncertainty
                                  0.000000    0.318681   clock reconvergence pessimism
                                 -0.024974    0.293706   library hold time
                                              0.293706   data required time
---------------------------------------------------------------------------------------------
                                              0.293706   data required time
                                             -0.805185   data arrival time
---------------------------------------------------------------------------------------------
                                              0.511478   slack (MET)


Startpoint: _96_ (rising edge-triggered flip-flop clocked by clk)
Endpoint: _97_ (rising edge-triggered flip-flop clocked by clk)
Path Group: clk
Path Type: min

Fanout         Cap        Slew       Delay        Time   Description
---------------------------------------------------------------------------------------------
                                  0.000000    0.000000   clock clk (rise edge)
                                  0.000000    0.000000   clock source latency
     8    0.021002    0.100112    0.068624    0.068624 ^ clk (in)
                                                         clk (net)
                      0.100112    0.000000    0.068624 ^ _96_/CLK (sky130_fd_sc_hd__dfrtp_2)
     3    0.041527    0.203822    0.493806    0.562430 ^ _96_/Q (sky130_fd_sc_hd__dfrtp_2)
                                                         acc[4] (net)
                      0.203822    0.000213    0.562642 ^ _43_/B (sky130_fd_sc_hd__nand2_2)
     4    0.014843    0.065613    0.117221    0.679864 v _43_/Y (sky130_fd_sc_hd__nand2_2)
                                                         _08_ (net)
                      0.065613    0.000044    0.679908 v _65_/A (sky130_fd_sc_hd__nand2_2)
     1    0.008677    0.058797    0.077226    0.757134 ^ _65_/Y (sky130_fd_sc_hd__nand2_2)
                                                         _29_ (net)
                      0.058797    0.000009    0.757143 ^ _66_/B (sky130_fd_sc_hd__xnor2_2)
     1    0.002308    0.026790    0.051578    0.808721 v _66_/Y (sky130_fd_sc_hd__xnor2_2)
                                                         adder.high.sum[1] (net)
                      0.026790    0.000004    0.808725 v _97_/D (sky130_fd_sc_hd__dfrtp_2)
                                              0.808725   data arrival time

                                  0.000000    0.000000   clock clk (rise edge)
                                  0.000000    0.000000   clock source latency
     8    0.021002    0.100112    0.068611    0.068611 ^ clk (in)
                                                         clk (net)
                      0.100112    0.000000    0.068611 ^ _97_/CLK (sky130_fd_sc_hd__dfrtp_2)
                                  0.250000    0.318611   clock uncertainty
                                  0.000000    0.318611   clock reconvergence pessimism
                                 -0.022133    0.296478   library hold time
                                              0.296478   data required time
---------------------------------------------------------------------------------------------
                                              0.296478   data required time
                                             -0.808725   data arrival time
---------------------------------------------------------------------------------------------
                                              0.512248   slack (MET)


Startpoint: _92_ (rising edge-triggered flip-flop clocked by clk)
Endpoint: _93_ (rising edge-triggered flip-flop clocked by clk)
Path Group: clk
Path Type: min

Fanout         Cap        Slew       Delay        Time   Description
---------------------------------------------------------------------------------------------
                                  0.000000    0.000000   clock clk (rise edge)
                                  0.000000    0.000000   clock source latency
     8    0.021002    0.100112    0.068681    0.068681 ^ clk (in)
                                                         clk (net)
                      0.100112    0.000000    0.068681 ^ _92_/CLK (sky130_fd_sc_hd__dfrtp_2)
     3    0.040796    0.200462    0.491622    0.560303 ^ _92_/Q (sky130_fd_sc_hd__dfrtp_2)
                                                         acc[0] (net)
                      0.200462    0.000020    0.560322 ^ _53_/B (sky130_fd_sc_hd__nand2_2)
     3    0.007913    0.040624    0.090350    0.650672 v _53_/Y (sky130_fd_sc_hd__nand2_2)
                                                         _18_ (net)
                      0.040624    0.000026    0.650698 v _77_/B1 (sky130_fd_sc_hd__o21ai_2)
     1    0.001696    0.032114    0.041702    0.692400 ^ _77_/Y (sky130_fd_sc_hd__o21ai_2)
                                                         _38_ (net)
                      0.032114    0.000001    0.692401 ^ _78_/B (sky130_fd_sc_hd__and2_2)
     1    0.002078    0.034255    0.119977    0.812378 ^ _78_/X (sky130_fd_sc_hd__and2_2)
                                                         adder.low.sum[1] (net)
                      0.034255    0.000000    0.812379 ^ _93_/D (sky130_fd_sc_hd__dfrtp_2)
                                              0.812379   data arrival time

                                  0.000000    0.000000   clock clk (rise edge)
                                  0.000000    0.000000   clock source latency
     8    0.021002    0.100112    0.068688    0.068688 ^ clk (in)
                                                         clk (net)
                      0.100112    0.000000    0.068688 ^ _93_/CLK (sky130_fd_sc_hd__dfrtp_2)
                                  0.250000    0.318688   clock uncertainty
                                  0.000000    0.318688   clock reconvergence pessimism
                                 -0.024936    0.293752   library hold time
                                              0.293752   data required time
---------------------------------------------------------------------------------------------
                                              0.293752   data required time
                                             -0.812379   data arrival time
---------------------------------------------------------------------------------------------
                                              0.518627   slack (MET)


Startpoint: _93_ (rising edge-triggered flip-flop clocked by clk)
Endpoint: _94_ (rising edge-triggered flip-flop clocked by clk)
Path Group: clk
Path Type: min

Fanout         Cap        Slew       Delay        Time   Description
---------------------------------------------------------------------------------------------
                                  0.000000    0.000000   clock clk (rise edge)
                                  0.000000    0.000000   clock source latency
     8    0.021002    0.100112    0.068688    0.068688 ^ clk (in)
                                                         clk (net)
                      0.100112    0.000000    0.068688 ^ _93_/CLK (sky130_fd_sc_hd__dfrtp_2)
     3    0.043819    0.214176    0.501299    0.569987 ^ _93_/Q (sky130_fd_sc_hd__dfrtp_2)
                                                         acc[1] (net)
                      0.214176    0.000007    0.569994 ^ _50_/B (sky130_fd_sc_hd__nand2_2)
     4    0.013474    0.060685    0.115022    0.685016 v _50_/Y (sky130_fd_sc_hd__nand2_2)
                                                         _15_ (net)
                      0.060685    0.000058    0.685074 v _79_/B1 (sky130_fd_sc_hd__o211ai_2)
     1    0.002041    0.050789    0.065901    0.750975 ^ _79_/Y (sky130_fd_sc_hd__o211ai_2)
                                                         _39_ (net)
                      0.050789    0.000006    0.750981 ^ _80_/B (sky130_fd_sc_hd__and2_2)
     1    0.002213    0.034881    0.126324    0.877305 ^ _80_/X (sky130_fd_sc_hd__and2_2)
                                                         adder.low.sum[2] (net)
                      0.034881    0.000002    0.877307 ^ _94_/D (sky130_fd_sc_hd__dfrtp_2)
                                              0.877307   data arrival time

                                  0.000000    0.000000   clock clk (rise edge)
                                  0.000000    0.000000   clock source latency
     8    0.021002    0.100112    0.068665    0.068665 ^ clk (in)
                                                         clk (net)
                      0.100112    0.000000    0.068665 ^ _94_/CLK (sky130_fd_sc_hd__dfrtp_2)
                                  0.250000    0.318665   clock uncertainty
                                  0.000000    0.318665   clock reconvergence pessimism
                                 -0.025065    0.293600   library hold time
                                              0.293600   data required time
---------------------------------------------------------------------------------------------
                                              0.293600   data required time
                                             -0.877307   data arrival time
---------------------------------------------------------------------------------------------
                                              0.583707   slack (MET)


Startpoint: _97_ (rising edge-triggered flip-flop clocked by clk)
Endpoint: _98_ (rising edge-triggered flip-flop clocked by clk)
Path Group: clk
Path Type: min

Fanout         Cap        Slew       Delay        Time   Description
---------------------------------------------------------------------------------------------
                                  0.000000    0.000000   clock clk (rise edge)
                                  0.000000    0.000000   clock source latency
     8    0.021002    0.100112    0.068611    0.068611 ^ clk (in)
                                                         clk (net)
                      0.100112    0.000000    0.068611 ^ _97_/CLK (sky130_fd_sc_hd__dfrtp_2)
     3    0.043612    0.127981    0.509158    0.577769 v _97_/Q (sky130_fd_sc_hd__dfrtp_2)
                                                         acc[5] (net)
                      0.127981    0.000073    0.577842 v _62_/B (sky130_fd_sc_hd__nor2_2)
     3    0.007158    0.106482    0.134507    0.712349 ^ _62_/Y (sky130_fd_sc_hd__nor2_2)
                                                         _26_ (net)
                      0.106482    0.000014    0.712363 ^ _70_/B1 (sky130_fd_sc_hd__a31o_2)
     1    0.009086    0.064596    0.136952    0.849314 ^ _70_/X (sky130_fd_sc_hd__a31o_2)
                                                         _33_ (net)
                      0.064596    0.000024    0.849339 ^ _71_/B (sky130_fd_sc_hd__xnor2_2)
     1    0.002027    0.026148    0.051586    0.900925 v _71_/Y (sky130_fd_sc_hd__xnor2_2)
                                                         adder.high.sum[2] (net)
                      0.026148    0.000000    0.900926 v _98_/D (sky130_fd_sc_hd__dfrtp_2)
                                              0.900926   data arrival time

                                  0.000000    0.000000   clock clk (rise edge)
                                  0.000000    0.000000   clock source latency
     8    0.021002    0.100112    0.068672    0.068672 ^ clk (in)
                                                         clk (net)
                      0.100112    0.000000    0.068672 ^ _98_/CLK (sky130_fd_sc_hd__dfrtp_2)
                                  0.250000    0.318672   clock uncertainty
                                  0.000000    0.318672   clock reconvergence pessimism
                                 -0.021872    0.296800   library hold time
                                              0.296800   data required time
---------------------------------------------------------------------------------------------
                                              0.296800   data required time
                                             -0.900926   data arrival time
---------------------------------------------------------------------------------------------
                                              0.604126   slack (MET)


Startpoint: _96_ (rising edge-triggered flip-flop clocked by clk)
Endpoint: _96_ (rising edge-triggered flip-flop clocked by clk)
Path Group: clk
Path Type: min

Fanout         Cap        Slew       Delay        Time   Description
---------------------------------------------------------------------------------------------
                                  0.000000    0.000000   clock clk (rise edge)
                                  0.000000    0.000000   clock source latency
     8    0.021002    0.100112    0.068624    0.068624 ^ clk (in)
                                                         clk (net)
                      0.100112    0.000000    0.068624 ^ _96_/CLK (sky130_fd_sc_hd__dfrtp_2)
     3    0.041527    0.203822    0.493806    0.562430 ^ _96_/Q (sky130_fd_sc_hd__dfrtp_2)
                                                         acc[4] (net)
                      0.203822    0.000203    0.562633 ^ _44_/B (sky130_fd_sc_hd__or2_2)
     1    0.004745    0.038848    0.152094    0.714727 ^ _44_/X (sky130_fd_sc_hd__or2_2)
                                                         _09_ (net)
                      0.038848    0.000003    0.714730 ^ _45_/B (sky130_fd_sc_hd__nand2_2)
     2    0.007009    0.036938    0.053497    0.768226 v _45_/Y (sky130_fd_sc_hd__nand2_2)
                                                         _10_ (net)
                      0.036938    0.000015    0.768241 v _59_/A (sky130_fd_sc_hd__nand2_2)
     1    0.001607    0.023142    0.039073    0.807314 ^ _59_/Y (sky130_fd_sc_hd__nand2_2)
                                                         _24_ (net)
                      0.023142    0.000001    0.807315 ^ _61_/A (sky130_fd_sc_hd__and2_2)
     1    0.002140    0.034507    0.111862    0.919177 ^ _61_/X (sky130_fd_sc_hd__and2_2)
                                                         adder.high.sum[0] (net)
                      0.034507    0.000002    0.919179 ^ _96_/D (sky130_fd_sc_hd__dfrtp_2)
                                              0.919179   data arrival time

                                  0.000000    0.000000   clock clk (rise edge)
                                  0.000000    0.000000   clock source latency
     8    0.021002    0.100112    0.068624    0.068624 ^ clk (in)
                                                         clk (net)
                      0.100112    0.000000    0.068624 ^ _96_/CLK (sky130_fd_sc_hd__dfrtp_2)
                                  0.250000    0.318624   clock uncertainty
                                  0.000000    0.318624   clock reconvergence pessimism
                                 -0.024988    0.293636   library hold time
                                              0.293636   data required time
---------------------------------------------------------------------------------------------
                                              0.293636   data required time
                                             -0.919179   data arrival time
---------------------------------------------------------------------------------------------
                                              0.625543   slack (MET)


Startpoint: rst (input port clocked by clk)
Endpoint: _92_ (removal check against rising-edge clock clk)
Path Group: asynchronous
Path Type: min

Fanout         Cap        Slew       Delay        Time   Description
---------------------------------------------------------------------------------------------
                                  0.000000    0.000000   clock clk (rise edge)
                                  0.000000    0.000000   clock network delay (propagated)
                                  4.000000    4.000000 v input external delay
     8    0.040530    0.090746    0.064745    4.064744 v rst (in)
                                                         rst (net)
                      0.090747    0.000000    4.064744 v _42_/A (sky130_fd_sc_hd__inv_2)
     1    0.003620    0.035516    0.059640    4.124384 ^ _42_/Y (sky130_fd_sc_hd__inv_2)
                                                         _00_ (net)
                      0.035516    0.000000    4.124384 ^ _92_/RESET_B (sky130_fd_sc_hd__dfrtp_2)
                                              4.124384   data arrival time

                                  0.000000    0.000000   clock clk (rise edge)
                                  0.000000    0.000000   clock source latency
     8    0.021002    0.100112    0.068681    0.068681 ^ clk (in)
                                                         clk (net)
                      0.100112    0.000000    0.068681 ^ _92_/CLK (sky130_fd_sc_hd__dfrtp_2)
                                  0.250000    0.318681   clock uncertainty
                                  0.000000    0.318681   clock reconvergence pessimism
                                  0.332826    0.651507   library removal time
                                              0.651507   data required time
---------------------------------------------------------------------------------------------
                                              0.651507   data required time
                                             -4.124384   data arrival time
---------------------------------------------------------------------------------------------
                                              3.472877   slack (MET)


Startpoint: rst (input port clocked by clk)
Endpoint: _93_ (removal check against rising-edge clock clk)
Path Group: asynchronous
Path Type: min

Fanout         Cap        Slew       Delay        Time   Description
---------------------------------------------------------------------------------------------
                                  0.000000    0.000000   clock clk (rise edge)
                                  0.000000    0.000000   clock network delay (propagated)
                                  4.000000    4.000000 v input external delay
     8    0.040530    0.090746    0.064686    4.064686 v rst (in)
                                                         rst (net)
                      0.090746    0.000000    4.064686 v _85_/A (sky130_fd_sc_hd__inv_2)
     1    0.003667    0.035686    0.059871    4.124557 ^ _85_/Y (sky130_fd_sc_hd__inv_2)
                                                         _01_ (net)
                      0.035686    0.000001    4.124558 ^ _93_/RESET_B (sky130_fd_sc_hd__dfrtp_2)
                                              4.124558   data arrival time

                                  0.000000    0.000000   clock clk (rise edge)
                                  0.000000    0.000000   clock source latency
     8    0.021002    0.100112    0.068688    0.068688 ^ clk (in)
                                                         clk (net)
                      0.100112    0.000000    0.068688 ^ _93_/CLK (sky130_fd_sc_hd__dfrtp_2)
                                  0.250000    0.318688   clock uncertainty
                                  0.000000    0.318688   clock reconvergence pessimism
                                  0.332873    0.651560   library removal time
                                              0.651560   data required time
---------------------------------------------------------------------------------------------
                                              0.651560   data required time
                                             -4.124558   data arrival time
---------------------------------------------------------------------------------------------
                                              3.472998   slack (MET)


Startpoint: rst (input port clocked by clk)
Endpoint: _96_ (removal check against rising-edge clock clk)
Path Group: asynchronous
Path Type: min

Fanout         Cap        Slew       Delay        Time   Description
---------------------------------------------------------------------------------------------
                                  0.000000    0.000000   clock clk (rise edge)
                                  0.000000    0.000000   clock network delay (propagated)
                                  4.000000    4.000000 v input external delay
     8    0.040530    0.090746    0.064837    4.064837 v rst (in)
                                                         rst (net)
                      0.090747    0.000000    4.064837 v _88_/A (sky130_fd_sc_hd__inv_2)
     1    0.003628    0.035544    0.059677    4.124514 ^ _88_/Y (sky130_fd_sc_hd__inv_2)
                                                         _04_ (net)
                      0.035544    0.000000    4.124514 ^ _96_/RESET_B (sky130_fd_sc_hd__dfrtp_2)
                                              4.124514   data arrival time

                                  0.000000    0.000000   clock clk (rise edge)
                                  0.000000    0.000000   clock source latency
     8    0.021002    0.100112    0.068624    0.068624 ^ clk (in)
                                                         clk (net)
                      0.100112    0.000000    0.068624 ^ _96_/CLK (sky130_fd_sc_hd__dfrtp_2)
                                  0.250000    0.318624   clock uncertainty
                                  0.000000    0.318624   clock reconvergence pessimism
                                  0.332834    0.651458   library removal time
                                              0.651458   data required time
---------------------------------------------------------------------------------------------
                                              0.651458   data required time
                                             -4.124514   data arrival time
---------------------------------------------------------------------------------------------
                                              3.473057   slack (MET)


Startpoint: rst (input port clocked by clk)
Endpoint: _94_ (removal check against rising-edge clock clk)
Path Group: asynchronous
Path Type: min

Fanout         Cap        Slew       Delay        Time   Description
---------------------------------------------------------------------------------------------
                                  0.000000    0.000000   clock clk (rise edge)
                                  0.000000    0.000000   clock network delay (propagated)
                                  4.000000    4.000000 v input external delay
     8    0.040530    0.090746    0.064797    4.064797 v rst (in)
                                                         rst (net)
                      0.090747    0.000000    4.064797 v _86_/A (sky130_fd_sc_hd__inv_2)
     1    0.003650    0.035624    0.059786    4.124583 ^ _86_/Y (sky130_fd_sc_hd__inv_2)
                                                         _02_ (net)
                      0.035624    0.000000    4.124584 ^ _94_/RESET_B (sky130_fd_sc_hd__dfrtp_2)
                                              4.124584   data arrival time

                                  0.000000    0.000000   clock clk (rise edge)
                                  0.000000    0.000000   clock source latency
     8    0.021002    0.100112    0.068665    0.068665 ^ clk (in)
                                                         clk (net)
                      0.100112    0.000000    0.068665 ^ _94_/CLK (sky130_fd_sc_hd__dfrtp_2)
                                  0.250000    0.318665   clock uncertainty
                                  0.000000    0.318665   clock reconvergence pessimism
                                  0.332856    0.651520   library removal time
                                              0.651520   data required time
---------------------------------------------------------------------------------------------
                                              0.651520   data required time
                                             -4.124584   data arrival time
---------------------------------------------------------------------------------------------
                                              3.473064   slack (MET)


Startpoint: rst (input port clocked by clk)
Endpoint: _99_ (removal check against rising-edge clock clk)
Path Group: asynchronous
Path Type: min

Fanout         Cap        Slew       Delay        Time   Description
---------------------------------------------------------------------------------------------
                                  0.000000    0.000000   clock clk (rise edge)
                                  0.000000    0.000000   clock network delay (propagated)
                                  4.000000    4.000000 v input external delay
     8    0.040530    0.090746    0.064784    4.064784 v rst (in)
                                                         rst (net)
                      0.090747    0.000000    4.064784 v _91_/A (sky130_fd_sc_hd__inv_2)
     1    0.003666    0.035684    0.059868    4.124652 ^ _91_/Y (sky130_fd_sc_hd__inv_2)
                                                         _07_ (net)
                      0.035684    0.000000    4.124653 ^ _99_/RESET_B (sky130_fd_sc_hd__dfrtp_2)
                                              4.124653   data arrival time

                                  0.000000    0.000000   clock clk (rise edge)
                                  0.000000    0.000000   clock source latency
     8    0.021002    0.100112    0.068662    0.068662 ^ clk (in)
                                                         clk (net)
                      0.100112    0.000000    0.068662 ^ _99_/CLK (sky130_fd_sc_hd__dfrtp_2)
                                  0.250000    0.318662   clock uncertainty
                                  0.000000    0.318662   clock reconvergence pessimism
                                  0.332872    0.651534   library removal time
                                              0.651534   data required time
---------------------------------------------------------------------------------------------
                                              0.651534   data required time
                                             -4.124653   data arrival time
---------------------------------------------------------------------------------------------
                                              3.473119   slack (MET)


Startpoint: rst (input port clocked by clk)
Endpoint: _97_ (removal check against rising-edge clock clk)
Path Group: asynchronous
Path Type: min

Fanout         Cap        Slew       Delay        Time   Description
---------------------------------------------------------------------------------------------
                                  0.000000    0.000000   clock clk (rise edge)
                                  0.000000    0.000000   clock network delay (propagated)
                                  4.000000    4.000000 v input external delay
     8    0.040530    0.090746    0.064853    4.064853 v rst (in)
                                                         rst (net)
                      0.090747    0.000000    4.064853 v _89_/A (sky130_fd_sc_hd__inv_2)
     1    0.003677    0.035720    0.059918    4.124771 ^ _89_/Y (sky130_fd_sc_hd__inv_2)
                                                         _05_ (net)
                      0.035720    0.000001    4.124772 ^ _97_/RESET_B (sky130_fd_sc_hd__dfrtp_2)
                                              4.124772   data arrival time

                                  0.000000    0.000000   clock clk (rise edge)
                                  0.000000    0.000000   clock source latency
     8    0.021002    0.100112    0.068611    0.068611 ^ clk (in)
                                                         clk (net)
                      0.100112    0.000000    0.068611 ^ _97_/CLK (sky130_fd_sc_hd__dfrtp_2)
                                  0.250000    0.318611   clock uncertainty
                                  0.000000    0.318611   clock reconvergence pessimism
                                  0.332882    0.651493   library removal time
                                              0.651493   data required time
---------------------------------------------------------------------------------------------
                                              0.651493   data required time
                                             -4.124772   data arrival time
---------------------------------------------------------------------------------------------
                                              3.473279   slack (MET)


Startpoint: rst (input port clocked by clk)
Endpoint: _95_ (removal check against rising-edge clock clk)
Path Group: asynchronous
Path Type: min

Fanout         Cap        Slew       Delay        Time   Description
---------------------------------------------------------------------------------------------
                                  0.000000    0.000000   clock clk (rise edge)
                                  0.000000    0.000000   clock network delay (propagated)
                                  4.000000    4.000000 v input external delay
     8    0.040530    0.090746    0.064719    4.064719 v rst (in)
                                                         rst (net)
                      0.090746    0.000000    4.064719 v _87_/A (sky130_fd_sc_hd__inv_2)
     1    0.003765    0.036037    0.060351    4.125070 ^ _87_/Y (sky130_fd_sc_hd__inv_2)
                                                         _03_ (net)
                      0.036037    0.000003    4.125073 ^ _95_/RESET_B (sky130_fd_sc_hd__dfrtp_2)
                                              4.125073   data arrival time

                                  0.000000    0.000000   clock clk (rise edge)
                                  0.000000    0.000000   clock source latency
     8    0.021002    0.100112    0.068576    0.068576 ^ clk (in)
                                                         clk (net)
                      0.100112    0.000000    0.068576 ^ _95_/CLK (sky130_fd_sc_hd__dfrtp_2)
                                  0.250000    0.318576   clock uncertainty
                                  0.000000    0.318576   clock reconvergence pessimism
                                  0.332968    0.651544   library removal time
                                              0.651544   data required time
---------------------------------------------------------------------------------------------
                                              0.651544   data required time
                                             -4.125073   data arrival time
---------------------------------------------------------------------------------------------
                                              3.473529   slack (MET)


Startpoint: rst (input port clocked by clk)
Endpoint: _98_ (removal check against rising-edge clock clk)
Path Group: asynchronous
Path Type: min

Fanout         Cap        Slew       Delay        Time   Description
---------------------------------------------------------------------------------------------
                                  0.000000    0.000000   clock clk (rise edge)
                                  0.000000    0.000000   clock network delay (propagated)
                                  4.000000    4.000000 v input external delay
     8    0.040530    0.090746    0.064788    4.064788 v rst (in)
                                                         rst (net)
                      0.090747    0.000000    4.064788 v _90_/A (sky130_fd_sc_hd__inv_2)
     1    0.003776    0.036079    0.060408    4.125196 ^ _90_/Y (sky130_fd_sc_hd__inv_2)
                                                         _06_ (net)
                      0.036079    0.000004    4.125199 ^ _98_/RESET_B (sky130_fd_sc_hd__dfrtp_2)
                                              4.125199   data arrival time

                                  0.000000    0.000000   clock clk (rise edge)
                                  0.000000    0.000000   clock source latency
     8    0.021002    0.100112    0.068672    0.068672 ^ clk (in)
                                                         clk (net)
                      0.100112    0.000000    0.068672 ^ _98_/CLK (sky130_fd_sc_hd__dfrtp_2)
                                  0.250000    0.318672   clock uncertainty
                                  0.000000    0.318672   clock reconvergence pessimism
                                  0.332980    0.651652   library removal time
                                              0.651652   data required time
---------------------------------------------------------------------------------------------
                                              0.651652   data required time
                                             -4.125199   data arrival time
---------------------------------------------------------------------------------------------
                                              3.473548   slack (MET)


Startpoint: _92_ (rising edge-triggered flip-flop clocked by clk)
Endpoint: acc[0] (output port clocked by clk)
Path Group: clk
Path Type: min

Fanout         Cap        Slew       Delay        Time   Description
---------------------------------------------------------------------------------------------
                                  0.000000    0.000000   clock clk (rise edge)
                                  0.000000    0.000000   clock source latency
     8    0.021002    0.100112    0.068681    0.068681 ^ clk (in)
                                                         clk (net)
                      0.100112    0.000000    0.068681 ^ _92_/CLK (sky130_fd_sc_hd__dfrtp_2)
     3    0.040796    0.200462    0.491622    0.560303 ^ _92_/Q (sky130_fd_sc_hd__dfrtp_2)
                                                         acc[0] (net)
                      0.200462    0.000084    0.560387 ^ acc[0] (out)
                                              0.560387   data arrival time

                                  0.000000    0.000000   clock clk (rise edge)
                                  0.000000    0.000000   clock network delay (propagated)
                                  0.250000    0.250000   clock uncertainty
                                  0.000000    0.250000   clock reconvergence pessimism
                                 -4.000000   -3.750000   output external delay
                                             -3.750000   data required time
---------------------------------------------------------------------------------------------
                                             -3.750000   data required time
                                             -0.560387   data arrival time
---------------------------------------------------------------------------------------------
                                              4.310387   slack (MET)


Startpoint: _96_ (rising edge-triggered flip-flop clocked by clk)
Endpoint: acc[4] (output port clocked by clk)
Path Group: clk
Path Type: min

Fanout         Cap        Slew       Delay        Time   Description
---------------------------------------------------------------------------------------------
                                  0.000000    0.000000   clock clk (rise edge)
                                  0.000000    0.000000   clock source latency
     8    0.021002    0.100112    0.068624    0.068624 ^ clk (in)
                                                         clk (net)
                      0.100112    0.000000    0.068624 ^ _96_/CLK (sky130_fd_sc_hd__dfrtp_2)
     3    0.041527    0.203822    0.493806    0.562430 ^ _96_/Q (sky130_fd_sc_hd__dfrtp_2)
                                                         acc[4] (net)
                      0.203822    0.000336    0.562766 ^ acc[4] (out)
                                              0.562766   data arrival time

                                  0.000000    0.000000   clock clk (rise edge)
                                  0.000000    0.000000   clock network delay (propagated)
                                  0.250000    0.250000   clock uncertainty
                                  0.000000    0.250000   clock reconvergence pessimism
                                 -4.000000   -3.750000   output external delay
                                             -3.750000   data required time
---------------------------------------------------------------------------------------------
                                             -3.750000   data required time
                                             -0.562766   data arrival time
---------------------------------------------------------------------------------------------
                                              4.312766   slack (MET)


Startpoint: _99_ (rising edge-triggered flip-flop clocked by clk)
Endpoint: acc[7] (output port clocked by clk)
Path Group: clk
Path Type: min

Fanout         Cap        Slew       Delay        Time   Description
---------------------------------------------------------------------------------------------
                                  0.000000    0.000000   clock clk (rise edge)
                                  0.000000    0.000000   clock source latency
     8    0.021002    0.100112    0.068662    0.068662 ^ clk (in)
                                                         clk (net)
                      0.100112    0.000000    0.068662 ^ _99_/CLK (sky130_fd_sc_hd__dfrtp_2)
     2    0.042719    0.209187    0.497773    0.566435 ^ _99_/Q (sky130_fd_sc_hd__dfrtp_2)
                                                         acc[7] (net)
                      0.209187    0.000132    0.566567 ^ acc[7] (out)
                                              0.566567   data arrival time

                                  0.000000    0.000000   clock clk (rise edge)
                                  0.000000    0.000000   clock network delay (propagated)
                                  0.250000    0.250000   clock uncertainty
                                  0.000000    0.250000   clock reconvergence pessimism
                                 -4.000000   -3.750000   output external delay
                                             -3.750000   data required time
---------------------------------------------------------------------------------------------
                                             -3.750000   data required time
                                             -0.566567   data arrival time
---------------------------------------------------------------------------------------------
                                              4.316567   slack (MET)


Startpoint: _93_ (rising edge-triggered flip-flop clocked by clk)
Endpoint: acc[1] (output port clocked by clk)
Path Group: clk
Path Type: min

Fanout         Cap        Slew       Delay        Time   Description
---------------------------------------------------------------------------------------------
                                  0.000000    0.000000   clock clk (rise edge)
                                  0.000000    0.000000   clock source latency
     8    0.021002    0.100112    0.068688    0.068688 ^ clk (in)
                                                         clk (net)
                      0.100112    0.000000    0.068688 ^ _93_/CLK (sky130_fd_sc_hd__dfrtp_2)
     3    0.043819    0.214176    0.501299    0.569987 ^ _93_/Q (sky130_fd_sc_hd__dfrtp_2)
                                                         acc[1] (net)
                      0.214176    0.000146    0.570132 ^ acc[1] (out)
                                              0.570132   data arrival time

                                  0.000000    0.000000   clock clk (rise edge)
                                  0.000000    0.000000   clock network delay (propagated)
                                  0.250000    0.250000   clock uncertainty
                                  0.000000    0.250000   clock reconvergence pessimism
                                 -4.000000   -3.750000   output external delay
                                             -3.750000   data required time
---------------------------------------------------------------------------------------------
                                             -3.750000   data required time
                                             -0.570132   data arrival time
---------------------------------------------------------------------------------------------
                                              4.320132   slack (MET)


Startpoint: _95_ (rising edge-triggered flip-flop clocked by clk)
Endpoint: acc[3] (output port clocked by clk)
Path Group: clk
Path Type: min

Fanout         Cap        Slew       Delay        Time   Description
---------------------------------------------------------------------------------------------
                                  0.000000    0.000000   clock clk (rise edge)
                                  0.000000    0.000000   clock source latency
     8    0.021002    0.100112    0.068576    0.068576 ^ clk (in)
                                                         clk (net)
                      0.100112    0.000000    0.068576 ^ _95_/CLK (sky130_fd_sc_hd__dfrtp_2)
     3    0.044064    0.215300    0.502040    0.570616 ^ _95_/Q (sky130_fd_sc_hd__dfrtp_2)
                                                         acc[3] (net)
                      0.215300    0.000226    0.570842 ^ acc[3] (out)
                                              0.570842   data arrival time

                                  0.000000    0.000000   clock clk (rise edge)
                                  0.000000    0.000000   clock network delay (propagated)
                                  0.250000    0.250000   clock uncertainty
                                  0.000000    0.250000   clock reconvergence pessimism
                                 -4.000000   -3.750000   output external delay
                                             -3.750000   data required time
---------------------------------------------------------------------------------------------
                                             -3.750000   data required time
                                             -0.570842   data arrival time
---------------------------------------------------------------------------------------------
                                              4.320842   slack (MET)


Startpoint: _98_ (rising edge-triggered flip-flop clocked by clk)
Endpoint: acc[6] (output port clocked by clk)
Path Group: clk
Path Type: min

Fanout         Cap        Slew       Delay        Time   Description
---------------------------------------------------------------------------------------------
                                  0.000000    0.000000   clock clk (rise edge)
                                  0.000000    0.000000   clock source latency
     8    0.021002    0.100112    0.068672    0.068672 ^ clk (in)
                                                         clk (net)
                      0.100112    0.000000    0.068672 ^ _98_/CLK (sky130_fd_sc_hd__dfrtp_2)
     3    0.044335    0.220437    0.503033    0.571705 ^ _98_/Q (sky130_fd_sc_hd__dfrtp_2)
                                                         acc[6] (net)
                      0.220437    0.000071    0.571777 ^ acc[6] (out)
                                              0.571777   data arrival time

                                  0.000000    0.000000   clock clk (rise edge)
                                  0.000000    0.000000   clock network delay (propagated)
                                  0.250000    0.250000   clock uncertainty
                                  0.000000    0.250000   clock reconvergence pessimism
                                 -4.000000   -3.750000   output external delay
                                             -3.750000   data required time
---------------------------------------------------------------------------------------------
                                             -3.750000   data required time
                                             -0.571777   data arrival time
---------------------------------------------------------------------------------------------
                                              4.321776   slack (MET)


Startpoint: _97_ (rising edge-triggered flip-flop clocked by clk)
Endpoint: acc[5] (output port clocked by clk)
Path Group: clk
Path Type: min

Fanout         Cap        Slew       Delay        Time   Description
---------------------------------------------------------------------------------------------
                                  0.000000    0.000000   clock clk (rise edge)
                                  0.000000    0.000000   clock source latency
     8    0.021002    0.100112    0.068611    0.068611 ^ clk (in)
                                                         clk (net)
                      0.100112    0.000000    0.068611 ^ _97_/CLK (sky130_fd_sc_hd__dfrtp_2)
     3    0.044622    0.217836    0.503817    0.572428 ^ _97_/Q (sky130_fd_sc_hd__dfrtp_2)
                                                         acc[5] (net)
                      0.217836    0.000240    0.572667 ^ acc[5] (out)
                                              0.572667   data arrival time

                                  0.000000    0.000000   clock clk (rise edge)
                                  0.000000    0.000000   clock network delay (propagated)
                                  0.250000    0.250000   clock uncertainty
                                  0.000000    0.250000   clock reconvergence pessimism
                                 -4.000000   -3.750000   output external delay
                                             -3.750000   data required time
---------------------------------------------------------------------------------------------
                                             -3.750000   data required time
                                             -0.572667   data arrival time
---------------------------------------------------------------------------------------------
                                              4.322667   slack (MET)


Startpoint: _94_ (rising edge-triggered flip-flop clocked by clk)
Endpoint: acc[2] (output port clocked by clk)
Path Group: clk
Path Type: min

Fanout         Cap        Slew       Delay        Time   Description
---------------------------------------------------------------------------------------------
                                  0.000000    0.000000   clock clk (rise edge)
                                  0.000000    0.000000   clock source latency
     8    0.021002    0.100112    0.068665    0.068665 ^ clk (in)
                                                         clk (net)
                      0.100112    0.000000    0.068665 ^ _94_/CLK (sky130_fd_sc_hd__dfrtp_2)
     4    0.046759    0.227573    0.510519    0.579184 ^ _94_/Q (sky130_fd_sc_hd__dfrtp_2)
                                                         acc[2] (net)
                      0.227573    0.000506    0.579690 ^ acc[2] (out)
                                              0.579690   data arrival time

                                  0.000000    0.000000   clock clk (rise edge)
                                  0.000000    0.000000   clock network delay (propagated)
                                  0.250000    0.250000   clock uncertainty
                                  0.000000    0.250000   clock reconvergence pessimism
                                 -4.000000   -3.750000   output external delay
                                             -3.750000   data required time
---------------------------------------------------------------------------------------------
                                             -3.750000   data required time
                                             -0.579690   data arrival time
---------------------------------------------------------------------------------------------
                                              4.329690   slack (MET)



