Reading OpenROAD database at '/home/minhnd/projects/CLA32_Floorplanning/runs/acc8_util80/15-odb-setpowerconnections/acc8.odb'…
Reading library file at '/home/minhnd/.volare/volare/sky130/versions/0fe599b2afb6708d281543108caf8310912f54af/sky130A/libs.ref/sky130_fd_sc_hd/lib/sky130_fd_sc_hd__tt_025C_1v80.lib'…
Reading design constraints file at '/nix/store/ss2cw3sxbrwwx9jl0rrppbw4kgcmgi2n-python3-3.11.9-env/lib/python3.11/site-packages/openlane/scripts/base.sdc'…
[INFO] Using clock clk…
[INFO] Setting output delay to: 4
[INFO] Setting input delay to: 4
[INFO] Setting load to: 0.033442
[INFO] Setting clock uncertainty to: 0.25
[INFO] Setting clock transition to: 0.1499999999999999944488848768742172978818416595458984375
[INFO] Setting timing derate to: 5%
Setting global connections for newly added cells…
[INFO] Setting global connections...
Updating metrics…
Cell type report:                       Count       Area
  Inverter                                  9      33.78
  Sequential cell                           8     210.20
  Multi-Input combinational cell           41     354.09
  Total                                    58     598.07
Writing OpenROAD database to '/home/minhnd/projects/CLA32_Floorplanning/runs/acc8_util80/17-openroad-cutrows/acc8.odb'…
Writing layout to '/home/minhnd/projects/CLA32_Floorplanning/runs/acc8_util80/17-openroad-cutrows/acc8.def'…
