Clock: clk
Sources: clk 
Generated: no
Virtual: yes
Propagated: no
Period: 20.000000

===========================================================================
report_clock_properties
============================================================================
Clock                   Period          Waveform
----------------------------------------------------
clk                  20.000000    0.000000 10.000000

===========================================================================
report_clock_latency
============================================================================
Clock clk
rise -> rise
    min     max
0.000000 0.000000 source latency
0.187389         network latency _98_/CLK
        0.187649 network latency _94_/CLK
---------------
0.187389 0.187649 latency
        0.000260 skew

fall -> fall
    min     max
0.000000 0.000000 source latency
0.189215         network latency _98_/CLK
        0.189440 network latency _94_/CLK
---------------
0.189215 0.189440 latency
        0.000225 skew



===========================================================================
report_clock_min_period
============================================================================
clk period_min = 1.58 fmax = 632.92
