
===========================================================================
report_checks -unconstrained
===========================================================================
======================= nom_tt_025C_1v80 Corner ===================================

Startpoint: rst (input port clocked by clk)
Endpoint: _463_ (recovery check against rising-edge clock clk)
Path Group: asynchronous
Path Type: max

Fanout         Cap        Slew       Delay        Time   Description
---------------------------------------------------------------------------------------------
                                  0.000000    0.000000   clock clk (rise edge)
                                  0.000000    0.000000   clock network delay (propagated)
                                  4.000000    4.000000 v input external delay
    32    0.165254    0.360338    0.268169    4.268169 v rst (in)
                                                         rst (net)
                      0.360370    0.000000    4.268169 v _222_/A (sky130_fd_sc_hd__inv_2)
     1    0.003720    0.079355    0.120753    4.388923 ^ _222_/Y (sky130_fd_sc_hd__inv_2)
                                                         _031_ (net)
                      0.079355    0.000002    4.388925 ^ _463_/RESET_B (sky130_fd_sc_hd__dfrtp_2)
                                              4.388925   data arrival time

                                 20.000000   20.000000   clock clk (rise edge)
                                  0.000000   20.000000   clock source latency
    32    0.087991    0.398371    0.275575   20.275576 ^ clk (in)
                                                         clk (net)
                      0.398376    0.000000   20.275576 ^ _463_/CLK (sky130_fd_sc_hd__dfrtp_2)
                                 -0.250000   20.025576   clock uncertainty
                                  0.000000   20.025576   clock reconvergence pessimism
                                  0.318014   20.343590   library recovery time
                                             20.343590   data required time
---------------------------------------------------------------------------------------------
                                             20.343590   data required time
                                             -4.388925   data arrival time
---------------------------------------------------------------------------------------------
                                             15.954665   slack (MET)


Startpoint: data_in[6] (input port clocked by clk)
Endpoint: _462_ (rising edge-triggered flip-flop clocked by clk)
Path Group: clk
Path Type: max

Fanout         Cap        Slew       Delay        Time   Description
---------------------------------------------------------------------------------------------
                                  0.000000    0.000000   clock clk (rise edge)
                                  0.000000    0.000000   clock network delay (propagated)
                                  4.000000    4.000000 v input external delay
     3    0.018074    0.041858    0.029087    4.029088 v data_in[6] (in)
                                                         data_in[6] (net)
                      0.041859    0.000000    4.029088 v _272_/A (sky130_fd_sc_hd__xnor2_2)
     3    0.007341    0.067903    0.139372    4.168459 v _272_/Y (sky130_fd_sc_hd__xnor2_2)
                                                         _080_ (net)
                      0.067903    0.000012    4.168471 v _276_/A (sky130_fd_sc_hd__or3_2)
     3    0.009593    0.098517    0.512711    4.681182 v _276_/X (sky130_fd_sc_hd__or3_2)
                                                         _084_ (net)
                      0.098517    0.000038    4.681221 v _287_/A1 (sky130_fd_sc_hd__o31a_2)
     3    0.011410    0.072569    0.390857    5.072077 v _287_/X (sky130_fd_sc_hd__o31a_2)
                                                         _095_ (net)
                      0.072569    0.000044    5.072122 v _289_/A2 (sky130_fd_sc_hd__a211oi_2)
     2    0.005545    0.186684    0.243199    5.315320 ^ _289_/Y (sky130_fd_sc_hd__a211oi_2)
                                                         _097_ (net)
                      0.186684    0.000028    5.315349 ^ _307_/A1 (sky130_fd_sc_hd__o211a_2)
     2    0.007033    0.063091    0.218590    5.533939 ^ _307_/X (sky130_fd_sc_hd__o211a_2)
                                                         _115_ (net)
                      0.063091    0.000032    5.533971 ^ _321_/A1 (sky130_fd_sc_hd__o211ai_2)
     2    0.008060    0.083226    0.106318    5.640289 v _321_/Y (sky130_fd_sc_hd__o211ai_2)
                                                         _129_ (net)
                      0.083226    0.000070    5.640358 v _341_/A1 (sky130_fd_sc_hd__a211o_2)
     3    0.009120    0.064353    0.327062    5.967421 v _341_/X (sky130_fd_sc_hd__a211o_2)
                                                         _149_ (net)
                      0.064353    0.000039    5.967460 v _347_/A1 (sky130_fd_sc_hd__a21o_2)
     4    0.014672    0.061405    0.226119    6.193579 v _347_/X (sky130_fd_sc_hd__a21o_2)
                                                         _155_ (net)
                      0.061405    0.000080    6.193659 v _349_/A3 (sky130_fd_sc_hd__a311o_2)
     3    0.012030    0.079081    0.424166    6.617825 v _349_/X (sky130_fd_sc_hd__a311o_2)
                                                         _157_ (net)
                      0.079081    0.000045    6.617870 v _359_/A2 (sky130_fd_sc_hd__a31o_2)
     1    0.008635    0.050969    0.259652    6.877522 v _359_/X (sky130_fd_sc_hd__a31o_2)
                                                         _165_ (net)
                      0.050969    0.000029    6.877551 v _360_/B (sky130_fd_sc_hd__xnor2_2)
     1    0.002222    0.040697    0.120041    6.997592 v _360_/Y (sky130_fd_sc_hd__xnor2_2)
                                                         adder.cla_blocks[7].block.sum[2] (net)
                      0.040697    0.000004    6.997596 v _462_/D (sky130_fd_sc_hd__dfrtp_2)
                                              6.997596   data arrival time

                                 20.000000   20.000000   clock clk (rise edge)
                                  0.000000   20.000000   clock source latency
    32    0.087991    0.398371    0.275609   20.275610 ^ clk (in)
                                                         clk (net)
                      0.398376    0.000000   20.275610 ^ _462_/CLK (sky130_fd_sc_hd__dfrtp_2)
                                 -0.250000   20.025610   clock uncertainty
                                  0.000000   20.025610   clock reconvergence pessimism
                                 -0.031905   19.993706   library setup time
                                             19.993706   data required time
---------------------------------------------------------------------------------------------
                                             19.993706   data required time
                                             -6.997596   data arrival time
---------------------------------------------------------------------------------------------
                                             12.996109   slack (MET)




===========================================================================
report_checks --slack_max -0.01
============================================================================
======================= nom_tt_025C_1v80 Corner ===================================

No paths found.


===========================================================================
 report_check_types -max_slew -max_cap -max_fanout -violators
============================================================================
======================= nom_tt_025C_1v80 Corner ===================================

max slew

Pin                                        Limit        Slew       Slack
------------------------------------------------------------------------
_218_/A                                 0.750000    0.792751   -0.042751 (VIOLATED)
_221_/A                                 0.750000    0.792751   -0.042751 (VIOLATED)
_222_/A                                 0.750000    0.792750   -0.042750 (VIOLATED)
_223_/A                                 0.750000    0.792749   -0.042749 (VIOLATED)
_220_/A                                 0.750000    0.792749   -0.042749 (VIOLATED)
_219_/A                                 0.750000    0.792748   -0.042748 (VIOLATED)
_425_/A                                 0.750000    0.792747   -0.042747 (VIOLATED)
_431_/A                                 0.750000    0.792745   -0.042745 (VIOLATED)
_217_/A                                 0.750000    0.792743   -0.042743 (VIOLATED)
_214_/A                                 0.750000    0.792743   -0.042743 (VIOLATED)
_424_/A                                 0.750000    0.792742   -0.042742 (VIOLATED)
_426_/A                                 0.750000    0.792742   -0.042742 (VIOLATED)
_216_/A                                 0.750000    0.792742   -0.042742 (VIOLATED)
_427_/A                                 0.750000    0.792742   -0.042742 (VIOLATED)
_215_/A                                 0.750000    0.792742   -0.042742 (VIOLATED)
_428_/A                                 0.750000    0.792741   -0.042742 (VIOLATED)
_200_/A                                 0.750000    0.792741   -0.042741 (VIOLATED)
_213_/A                                 0.750000    0.792741   -0.042741 (VIOLATED)
_211_/A                                 0.750000    0.792741   -0.042741 (VIOLATED)
_212_/A                                 0.750000    0.792741   -0.042741 (VIOLATED)
_430_/A                                 0.750000    0.792741   -0.042741 (VIOLATED)
_210_/A                                 0.750000    0.792740   -0.042740 (VIOLATED)
_429_/A                                 0.750000    0.792739   -0.042739 (VIOLATED)
_209_/A                                 0.750000    0.792739   -0.042739 (VIOLATED)
_207_/A                                 0.750000    0.792737   -0.042737 (VIOLATED)
_203_/A                                 0.750000    0.792737   -0.042737 (VIOLATED)
_202_/A                                 0.750000    0.792737   -0.042737 (VIOLATED)
_201_/A                                 0.750000    0.792737   -0.042737 (VIOLATED)
_208_/A                                 0.750000    0.792736   -0.042736 (VIOLATED)
_204_/A                                 0.750000    0.792736   -0.042736 (VIOLATED)
_206_/A                                 0.750000    0.792735   -0.042735 (VIOLATED)
_205_/A                                 0.750000    0.792734   -0.042734 (VIOLATED)
rst                                     0.750000    0.792733   -0.042733 (VIOLATED)

max fanout

Pin                                   Limit Fanout  Slack
---------------------------------------------------------
clk                                      10     32    -22 (VIOLATED)
rst                                      10     32    -22 (VIOLATED)



===========================================================================
report_parasitic_annotation -report_unannotated
============================================================================
Found 0 unannotated drivers.
Found 0 partially unannotated drivers.

===========================================================================
max slew violation count 33
Writing metric design__max_slew_violation__count__corner:nom_tt_025C_1v80: 33
max fanout violation count 2
Writing metric design__max_fanout_violation__count__corner:nom_tt_025C_1v80: 2
max cap violation count 0
Writing metric design__max_cap_violation__count__corner:nom_tt_025C_1v80: 0
============================================================================

===========================================================================
check_setup -verbose -unconstrained_endpoints -multiple_clock -no_clock -no_input_delay -loops -generated_clocks
===========================================================================
