Clock: clk
Sources: clk 
Generated: no
Virtual: yes
Propagated: no
Period: 20.000000

===========================================================================
report_clock_properties
============================================================================
Clock                   Period          Waveform
----------------------------------------------------
clk                  20.000000    0.000000 10.000000

===========================================================================
report_clock_latency
============================================================================
Clock clk
rise -> rise
    min     max
0.000000 0.000000 source latency
0.274519         network latency _446_/CLK
        0.275616 network latency _459_/CLK
---------------
0.274519 0.275616 latency
        0.001096 skew

fall -> fall
    min     max
0.000000 0.000000 source latency
0.133409         network latency _446_/CLK
        0.134443 network latency _459_/CLK
---------------
0.133409 0.134443 latency
        0.001034 skew



===========================================================================
report_clock_min_period
============================================================================
clk period_min = 3.91 fmax = 255.89
