Reading OpenROAD database at '/home/minhnd/projects/CLA32_Floorplanning/runs/acc32_util60/24-openroad-ioplacement/acc32.odb'…
Reading library file at '/home/minhnd/.volare/volare/sky130/versions/0fe599b2afb6708d281543108caf8310912f54af/sky130A/libs.ref/sky130_fd_sc_hd/lib/sky130_fd_sc_hd__tt_025C_1v80.lib'…
Reading design constraints file at '/nix/store/ss2cw3sxbrwwx9jl0rrppbw4kgcmgi2n-python3-3.11.9-env/lib/python3.11/site-packages/openlane/scripts/base.sdc'…
[INFO] Using clock clk…
[INFO] Setting output delay to: 4
[INFO] Setting input delay to: 4
[INFO] Setting load to: 0.033442
[INFO] Setting clock uncertainty to: 0.25
[INFO] Setting clock transition to: 0.1499999999999999944488848768742172978818416595458984375
[INFO] Setting timing derate to: 5%
[INFO] Setting RC values…
[INFO] Setting signal min routing layer to: met1 and clock min routing layer to met1. 
[INFO] Setting signal max routing layer to: met5 and clock max routing layer to met5. 
+ global_placement -density 0.7426940000000001 -timing_driven -routability_driven -pad_right 0 -pad_left 0 -init_wirelength_coef 0.25
[INFO GPL-0002] DBU: 1000
[INFO GPL-0003] SiteSize: (  0.460  2.720 ) um
[INFO GPL-0004] CoreBBox: (  5.520 10.880 ) ( 72.680 76.160 ) um
[INFO GPL-0006] NumInstances:               377
[INFO GPL-0007] NumPlaceInstances:          264
[INFO GPL-0008] NumFixedInstances:          113
[INFO GPL-0009] NumDummyInstances:            0
[INFO GPL-0010] NumNets:                    298
[INFO GPL-0011] NumPins:                    941
[INFO GPL-0012] DieBBox:  (  0.000  0.000 ) ( 78.570 89.290 ) um
[INFO GPL-0013] CoreBBox: (  5.520 10.880 ) ( 72.680 76.160 ) um
[INFO GPL-0016] CoreArea:              4384.205 um^2
[INFO GPL-0017] NonPlaceInstsArea:      261.501 um^2
[INFO GPL-0018] PlaceInstsArea:        2736.374 um^2
[INFO GPL-0019] Util:                    66.373 %
[INFO GPL-0020] StdInstsArea:          2736.374 um^2
[INFO GPL-0021] MacroInstsArea:           0.000 um^2
[InitialPlace]  Iter: 1 CG residual: 0.00000011 HPWL: 5653265
[InitialPlace]  Iter: 2 CG residual: 0.00000012 HPWL: 5436802
[InitialPlace]  Iter: 3 CG residual: 0.00000010 HPWL: 4962626
[InitialPlace]  Iter: 4 CG residual: 0.00000010 HPWL: 4725511
[InitialPlace]  Iter: 5 CG residual: 0.00000009 HPWL: 4608374
[INFO GPL-0031] FillerInit:NumGCells:       297
[INFO GPL-0032] FillerInit:NumGNets:        298
[INFO GPL-0033] FillerInit:NumGPins:        941
[INFO GPL-0023] TargetDensity:            0.743
[INFO GPL-0024] AvrgPlaceInstArea:       10.365 um^2
[INFO GPL-0025] IdealBinArea:            13.956 um^2
[INFO GPL-0026] IdealBinCnt:                314
[INFO GPL-0027] TotalBinArea:          4384.205 um^2
[INFO GPL-0028] BinCnt:        16     16
[INFO GPL-0029] BinSize: (  4.198  4.080 )
[INFO GPL-0030] NumBins: 256
[NesterovSolve] Iter:    1 overflow: 0.583 HPWL: 2693472
[INFO GPL-0100] Timing-driven: executing resizer for reweighting nets.
[INFO GPL-0101] Timing-driven: worst slack 1.31e-08
[INFO GPL-0103] Timing-driven: weighted 29 nets.
[NesterovSolve] Snapshot saved at iter = 0
[NesterovSolve] Iter:   10 overflow: 0.504 HPWL: 2782666
[NesterovSolve] Iter:   20 overflow: 0.501 HPWL: 2784598
[NesterovSolve] Iter:   30 overflow: 0.502 HPWL: 2780739
[NesterovSolve] Iter:   40 overflow: 0.502 HPWL: 2781106
[NesterovSolve] Iter:   50 overflow: 0.502 HPWL: 2781513
[NesterovSolve] Iter:   60 overflow: 0.502 HPWL: 2781437
[NesterovSolve] Iter:   70 overflow: 0.502 HPWL: 2781421
[NesterovSolve] Iter:   80 overflow: 0.501 HPWL: 2781726
[NesterovSolve] Iter:   90 overflow: 0.501 HPWL: 2782119
[NesterovSolve] Iter:  100 overflow: 0.500 HPWL: 2782777
[NesterovSolve] Iter:  110 overflow: 0.499 HPWL: 2784181
[NesterovSolve] Iter:  120 overflow: 0.498 HPWL: 2786417
[NesterovSolve] Iter:  130 overflow: 0.495 HPWL: 2789322
[NesterovSolve] Iter:  140 overflow: 0.492 HPWL: 2792869
[NesterovSolve] Iter:  150 overflow: 0.486 HPWL: 2797343
[INFO GPL-0100] Timing-driven: executing resizer for reweighting nets.
[INFO GPL-0101] Timing-driven: worst slack 1.31e-08
[INFO GPL-0103] Timing-driven: weighted 29 nets.
[NesterovSolve] Iter:  160 overflow: 0.477 HPWL: 2803976
[NesterovSolve] Iter:  170 overflow: 0.464 HPWL: 2810794
[NesterovSolve] Iter:  180 overflow: 0.446 HPWL: 2820430
[NesterovSolve] Iter:  190 overflow: 0.423 HPWL: 2832213
[NesterovSolve] Iter:  200 overflow: 0.399 HPWL: 2856548
[NesterovSolve] Iter:  210 overflow: 0.368 HPWL: 2875518
[NesterovSolve] Iter:  220 overflow: 0.333 HPWL: 2901334
[NesterovSolve] Iter:  230 overflow: 0.305 HPWL: 2915979
[INFO GPL-0075] Routability numCall: 1 inflationIterCnt: 1 bloatIterCnt: 0
[INFO GPL-0036] TileBBox: (    0    0 ) ( 6900 6900 ) DBU
[INFO GPL-0038] TileCnt:      11   12
[INFO GPL-0040] NumTiles: 132
[INFO GPL-0081] TotalRouteOverflow: 0
[INFO GPL-0082] OverflowTileCnt: 0
[INFO GPL-0083] 0.5%RC: 0.7045320272445679
[INFO GPL-0084] 1.0%RC: 0.6996903419494629
[INFO GPL-0085] 2.0%RC: 0.6952089269955953
[INFO GPL-0086] 5.0%RC: 0.6839800987924848
[INFO GPL-0087] FinalRC: 0.7021112
[INFO GPL-0077] FinalRC lower than targetRC(1.01), routability not needed.
[INFO GPL-0100] Timing-driven: executing resizer for reweighting nets.
[INFO GPL-0101] Timing-driven: worst slack 1.31e-08
[INFO GPL-0103] Timing-driven: weighted 29 nets.
[NesterovSolve] Iter:  240 overflow: 0.274 HPWL: 2922276
[NesterovSolve] Iter:  250 overflow: 0.245 HPWL: 2938953
[NesterovSolve] Iter:  260 overflow: 0.217 HPWL: 2956955
[INFO GPL-0100] Timing-driven: executing resizer for reweighting nets.
[INFO GPL-0101] Timing-driven: worst slack 1.33e-08
[INFO GPL-0103] Timing-driven: weighted 29 nets.
[NesterovSolve] Iter:  270 overflow: 0.191 HPWL: 2984073
[NesterovSolve] Iter:  280 overflow: 0.165 HPWL: 3005986
[NesterovSolve] Iter:  290 overflow: 0.145 HPWL: 3027221
[INFO GPL-0100] Timing-driven: executing resizer for reweighting nets.
[INFO GPL-0101] Timing-driven: worst slack 1.32e-08
[INFO GPL-0103] Timing-driven: weighted 29 nets.
[NesterovSolve] Iter:  300 overflow: 0.124 HPWL: 3049309
[NesterovSolve] Iter:  310 overflow: 0.103 HPWL: 3066271
[NesterovSolve] Finished with Overflow: 0.099979
[INFO] Setting RC values…
Setting global connections for newly added cells…
[INFO] Setting global connections...
Updating metrics…
Cell type report:                       Count       Area
  Fill cell                                48     180.17
  Tap cell                                 65      81.33
  Inverter                                 35     131.38
  Sequential cell                          32     840.81
  Multi-Input combinational cell          197    1764.19
  Total                                   377    2997.88
Writing OpenROAD database to '/home/minhnd/projects/CLA32_Floorplanning/runs/acc32_util60/27-openroad-globalplacement/acc32.odb'…
Writing netlist to '/home/minhnd/projects/CLA32_Floorplanning/runs/acc32_util60/27-openroad-globalplacement/acc32.nl.v'…
Writing powered netlist to '/home/minhnd/projects/CLA32_Floorplanning/runs/acc32_util60/27-openroad-globalplacement/acc32.pnl.v'…
Writing layout to '/home/minhnd/projects/CLA32_Floorplanning/runs/acc32_util60/27-openroad-globalplacement/acc32.def'…
Writing timing constraints to '/home/minhnd/projects/CLA32_Floorplanning/runs/acc32_util60/27-openroad-globalplacement/acc32.sdc'…
