Clock: clk
Sources: clk 
Generated: no
Virtual: yes
Propagated: no
Period: 20.000000

===========================================================================
report_clock_properties
============================================================================
Clock                   Period          Waveform
----------------------------------------------------
clk                  20.000000    0.000000 10.000000

===========================================================================
report_clock_latency
============================================================================
Clock clk
rise -> rise
    min     max
0.000000 0.000000 source latency
0.607119         network latency _452_/CLK
        0.612144 network latency _458_/CLK
---------------
0.607119 0.612144 latency
        0.005025 skew

fall -> fall
    min     max
0.000000 0.000000 source latency
0.593274         network latency _452_/CLK
        0.597595 network latency _458_/CLK
---------------
0.593274 0.597595 latency
        0.004321 skew



===========================================================================
report_clock_min_period
============================================================================
clk period_min = 7.35 fmax = 136.08
