Clock: clk
Sources: clk 
Generated: no
Virtual: yes
Propagated: no
Period: 20.000000

===========================================================================
report_clock_properties
============================================================================
Clock                   Period          Waveform
----------------------------------------------------
clk                  20.000000    0.000000 10.000000

===========================================================================
report_clock_latency
============================================================================
Clock clk
rise -> rise
    min     max
0.000000 0.000000 source latency
0.237960         network latency _461_/CLK
        0.240659 network latency _446_/CLK
---------------
0.237960 0.240659 latency
        0.002699 skew

fall -> fall
    min     max
0.000000 0.000000 source latency
0.223249         network latency _461_/CLK
        0.225629 network latency _446_/CLK
---------------
0.223249 0.225629 latency
        0.002380 skew



===========================================================================
report_clock_min_period
============================================================================
clk period_min = 2.41 fmax = 414.77
