Clock: clk
Sources: clk 
Generated: no
Virtual: yes
Propagated: no
Period: 20.000000

===========================================================================
report_clock_properties
============================================================================
Clock                   Period          Waveform
----------------------------------------------------
clk                  20.000000    0.000000 10.000000

===========================================================================
report_clock_latency
============================================================================
Clock clk
rise -> rise
    min     max
0.000000 0.000000 source latency
0.483336         network latency _92_/CLK
        0.483946 network latency _94_/CLK
---------------
0.483336 0.483946 latency
        0.000610 skew

fall -> fall
    min     max
0.000000 0.000000 source latency
0.508578         network latency _92_/CLK
        0.509107 network latency _94_/CLK
---------------
0.508578 0.509107 latency
        0.000529 skew



===========================================================================
report_clock_min_period
============================================================================
clk period_min = 4.58 fmax = 218.56
