
===========================================================================
report_checks -path_delay max (Setup)
============================================================================
======================= max_ss_100C_1v60 Corner ===================================

Startpoint: data_in[0] (input port clocked by clk)
Endpoint: _98_ (rising edge-triggered flip-flop clocked by clk)
Path Group: clk
Path Type: max

Fanout         Cap        Slew       Delay        Time   Description
---------------------------------------------------------------------------------------------
                                  0.000000    0.000000   clock clk (rise edge)
                                  0.000000    0.000000   clock network delay (propagated)
                                  4.000000    4.000000 ^ input external delay
     1    0.004010    0.040391    0.022241    4.022241 ^ data_in[0] (in)
                                                         data_in[0] (net)
                      0.040405    0.000000    4.022241 ^ input1/A (sky130_fd_sc_hd__clkbuf_1)
     2    0.006959    0.146133    0.191348    4.213589 ^ input1/X (sky130_fd_sc_hd__clkbuf_1)
                                                         net1 (net)
                      0.146133    0.000473    4.214063 ^ _53_/A (sky130_fd_sc_hd__nand2_1)
     3    0.009531    0.174140    0.207526    4.421589 v _53_/Y (sky130_fd_sc_hd__nand2_1)
                                                         _18_ (net)
                      0.174140    0.000548    4.422137 v _54_/A (sky130_fd_sc_hd__or3b_1)
     3    0.008037    0.191287    0.969441    5.391578 v _54_/X (sky130_fd_sc_hd__or3b_1)
                                                         _19_ (net)
                      0.191287    0.000294    5.391871 v _55_/A2 (sky130_fd_sc_hd__a211o_1)
     4    0.012459    0.172819    0.684821    6.076693 v _55_/X (sky130_fd_sc_hd__a211o_1)
                                                         _20_ (net)
                      0.172820    0.000694    6.077386 v _60_/A2 (sky130_fd_sc_hd__a311o_1)
     4    0.013248    0.184933    0.735171    6.812557 v _60_/X (sky130_fd_sc_hd__a311o_1)
                                                         _25_ (net)
                      0.184934    0.000889    6.813446 v _70_/A2 (sky130_fd_sc_hd__a31o_1)
     1    0.005631    0.089811    0.443593    7.257039 v _70_/X (sky130_fd_sc_hd__a31o_1)
                                                         _33_ (net)
                      0.089811    0.000267    7.257306 v _71_/B (sky130_fd_sc_hd__xnor2_1)
     1    0.002429    0.085789    0.206442    7.463748 v _71_/Y (sky130_fd_sc_hd__xnor2_1)
                                                         adder.high.sum[2] (net)
                      0.085789    0.000167    7.463915 v _98_/D (sky130_fd_sc_hd__dfrtp_1)
                                              7.463915   data arrival time

                                 20.000000   20.000000   clock clk (rise edge)
                                  0.000000   20.000000   clock source latency
     1    0.009595    0.078389    0.050544   20.050545 ^ clk (in)
                                                         clk (net)
                      0.078393    0.000000   20.050545 ^ clkbuf_0_clk/A (sky130_fd_sc_hd__clkbuf_16)
     2    0.018778    0.065917    0.223398   20.273943 ^ clkbuf_0_clk/X (sky130_fd_sc_hd__clkbuf_16)
                                                         clknet_0_clk (net)
                      0.065930    0.000949   20.274891 ^ clkbuf_1_1__f_clk/A (sky130_fd_sc_hd__clkbuf_16)
     4    0.011689    0.057075    0.207846   20.482738 ^ clkbuf_1_1__f_clk/X (sky130_fd_sc_hd__clkbuf_16)
                                                         clknet_1_1__leaf_clk (net)
                      0.057076    0.000602   20.483339 ^ _98_/CLK (sky130_fd_sc_hd__dfrtp_1)
                                 -0.250000   20.233341   clock uncertainty
                                  0.000000   20.233341   clock reconvergence pessimism
                                 -0.286595   19.946745   library setup time
                                             19.946745   data required time
---------------------------------------------------------------------------------------------
                                             19.946745   data required time
                                             -7.463915   data arrival time
---------------------------------------------------------------------------------------------
                                             12.482830   slack (MET)


Startpoint: data_in[0] (input port clocked by clk)
Endpoint: _99_ (rising edge-triggered flip-flop clocked by clk)
Path Group: clk
Path Type: max

Fanout         Cap        Slew       Delay        Time   Description
---------------------------------------------------------------------------------------------
                                  0.000000    0.000000   clock clk (rise edge)
                                  0.000000    0.000000   clock network delay (propagated)
                                  4.000000    4.000000 ^ input external delay
     1    0.004010    0.040391    0.022241    4.022241 ^ data_in[0] (in)
                                                         data_in[0] (net)
                      0.040405    0.000000    4.022241 ^ input1/A (sky130_fd_sc_hd__clkbuf_1)
     2    0.006959    0.146133    0.191348    4.213589 ^ input1/X (sky130_fd_sc_hd__clkbuf_1)
                                                         net1 (net)
                      0.146133    0.000473    4.214063 ^ _53_/A (sky130_fd_sc_hd__nand2_1)
     3    0.009531    0.174140    0.207526    4.421589 v _53_/Y (sky130_fd_sc_hd__nand2_1)
                                                         _18_ (net)
                      0.174140    0.000548    4.422137 v _54_/A (sky130_fd_sc_hd__or3b_1)
     3    0.008037    0.191287    0.969441    5.391578 v _54_/X (sky130_fd_sc_hd__or3b_1)
                                                         _19_ (net)
                      0.191287    0.000294    5.391871 v _55_/A2 (sky130_fd_sc_hd__a211o_1)
     4    0.012459    0.172819    0.684821    6.076693 v _55_/X (sky130_fd_sc_hd__a211o_1)
                                                         _20_ (net)
                      0.172820    0.000694    6.077386 v _60_/A2 (sky130_fd_sc_hd__a311o_1)
     4    0.013248    0.184933    0.735171    6.812557 v _60_/X (sky130_fd_sc_hd__a311o_1)
                                                         _25_ (net)
                      0.184933    0.000703    6.813260 v _74_/A1 (sky130_fd_sc_hd__a21oi_1)
     1    0.005017    0.232300    0.302145    7.115405 ^ _74_/Y (sky130_fd_sc_hd__a21oi_1)
                                                         _36_ (net)
                      0.232300    0.000382    7.115787 ^ _76_/A (sky130_fd_sc_hd__xnor2_1)
     1    0.002207    0.084584    0.188270    7.304056 v _76_/Y (sky130_fd_sc_hd__xnor2_1)
                                                         adder.high.sum[3] (net)
                      0.084584    0.000158    7.304214 v _99_/D (sky130_fd_sc_hd__dfrtp_1)
                                              7.304214   data arrival time

                                 20.000000   20.000000   clock clk (rise edge)
                                  0.000000   20.000000   clock source latency
     1    0.009595    0.078389    0.050544   20.050545 ^ clk (in)
                                                         clk (net)
                      0.078393    0.000000   20.050545 ^ clkbuf_0_clk/A (sky130_fd_sc_hd__clkbuf_16)
     2    0.018778    0.065917    0.223398   20.273943 ^ clkbuf_0_clk/X (sky130_fd_sc_hd__clkbuf_16)
                                                         clknet_0_clk (net)
                      0.065930    0.000949   20.274891 ^ clkbuf_1_1__f_clk/A (sky130_fd_sc_hd__clkbuf_16)
     4    0.011689    0.057075    0.207846   20.482738 ^ clkbuf_1_1__f_clk/X (sky130_fd_sc_hd__clkbuf_16)
                                                         clknet_1_1__leaf_clk (net)
                      0.057076    0.000618   20.483356 ^ _99_/CLK (sky130_fd_sc_hd__dfrtp_1)
                                 -0.250000   20.233356   clock uncertainty
                                  0.000000   20.233356   clock reconvergence pessimism
                                 -0.286093   19.947264   library setup time
                                             19.947264   data required time
---------------------------------------------------------------------------------------------
                                             19.947264   data required time
                                             -7.304214   data arrival time
---------------------------------------------------------------------------------------------
                                             12.643049   slack (MET)


Startpoint: data_in[0] (input port clocked by clk)
Endpoint: _96_ (rising edge-triggered flip-flop clocked by clk)
Path Group: clk
Path Type: max

Fanout         Cap        Slew       Delay        Time   Description
---------------------------------------------------------------------------------------------
                                  0.000000    0.000000   clock clk (rise edge)
                                  0.000000    0.000000   clock network delay (propagated)
                                  4.000000    4.000000 ^ input external delay
     1    0.004010    0.040391    0.022241    4.022241 ^ data_in[0] (in)
                                                         data_in[0] (net)
                      0.040405    0.000000    4.022241 ^ input1/A (sky130_fd_sc_hd__clkbuf_1)
     2    0.006959    0.146133    0.191348    4.213589 ^ input1/X (sky130_fd_sc_hd__clkbuf_1)
                                                         net1 (net)
                      0.146133    0.000473    4.214063 ^ _53_/A (sky130_fd_sc_hd__nand2_1)
     3    0.009531    0.174140    0.207526    4.421589 v _53_/Y (sky130_fd_sc_hd__nand2_1)
                                                         _18_ (net)
                      0.174140    0.000548    4.422137 v _54_/A (sky130_fd_sc_hd__or3b_1)
     3    0.008037    0.191287    0.969441    5.391578 v _54_/X (sky130_fd_sc_hd__or3b_1)
                                                         _19_ (net)
                      0.191287    0.000294    5.391871 v _55_/A2 (sky130_fd_sc_hd__a211o_1)
     4    0.012459    0.172819    0.684821    6.076693 v _55_/X (sky130_fd_sc_hd__a211o_1)
                                                         _20_ (net)
                      0.172820    0.000694    6.077386 v _60_/A2 (sky130_fd_sc_hd__a311o_1)
     4    0.013248    0.184933    0.735171    6.812557 v _60_/X (sky130_fd_sc_hd__a311o_1)
                                                         _25_ (net)
                      0.184933    0.000663    6.813220 v _61_/B (sky130_fd_sc_hd__and2_1)
     1    0.002979    0.069674    0.371235    7.184455 v _61_/X (sky130_fd_sc_hd__and2_1)
                                                         adder.high.sum[0] (net)
                      0.069674    0.000184    7.184639 v _96_/D (sky130_fd_sc_hd__dfrtp_1)
                                              7.184639   data arrival time

                                 20.000000   20.000000   clock clk (rise edge)
                                  0.000000   20.000000   clock source latency
     1    0.009595    0.078389    0.050544   20.050545 ^ clk (in)
                                                         clk (net)
                      0.078393    0.000000   20.050545 ^ clkbuf_0_clk/A (sky130_fd_sc_hd__clkbuf_16)
     2    0.018778    0.065917    0.223398   20.273943 ^ clkbuf_0_clk/X (sky130_fd_sc_hd__clkbuf_16)
                                                         clknet_0_clk (net)
                      0.065930    0.000963   20.274906 ^ clkbuf_1_0__f_clk/A (sky130_fd_sc_hd__clkbuf_16)
     4    0.012041    0.057519    0.208335   20.483240 ^ clkbuf_1_0__f_clk/X (sky130_fd_sc_hd__clkbuf_16)
                                                         clknet_1_0__leaf_clk (net)
                      0.057519    0.000648   20.483889 ^ _96_/CLK (sky130_fd_sc_hd__dfrtp_1)
                                 -0.250000   20.233891   clock uncertainty
                                  0.000000   20.233891   clock reconvergence pessimism
                                 -0.279754   19.954134   library setup time
                                             19.954134   data required time
---------------------------------------------------------------------------------------------
                                             19.954134   data required time
                                             -7.184639   data arrival time
---------------------------------------------------------------------------------------------
                                             12.769496   slack (MET)


Startpoint: data_in[0] (input port clocked by clk)
Endpoint: _97_ (rising edge-triggered flip-flop clocked by clk)
Path Group: clk
Path Type: max

Fanout         Cap        Slew       Delay        Time   Description
---------------------------------------------------------------------------------------------
                                  0.000000    0.000000   clock clk (rise edge)
                                  0.000000    0.000000   clock network delay (propagated)
                                  4.000000    4.000000 ^ input external delay
     1    0.004010    0.040391    0.022241    4.022241 ^ data_in[0] (in)
                                                         data_in[0] (net)
                      0.040405    0.000000    4.022241 ^ input1/A (sky130_fd_sc_hd__clkbuf_1)
     2    0.006959    0.146133    0.191348    4.213589 ^ input1/X (sky130_fd_sc_hd__clkbuf_1)
                                                         net1 (net)
                      0.146133    0.000473    4.214063 ^ _53_/A (sky130_fd_sc_hd__nand2_1)
     3    0.009531    0.174140    0.207526    4.421589 v _53_/Y (sky130_fd_sc_hd__nand2_1)
                                                         _18_ (net)
                      0.174140    0.000548    4.422137 v _54_/A (sky130_fd_sc_hd__or3b_1)
     3    0.008037    0.191287    0.969441    5.391578 v _54_/X (sky130_fd_sc_hd__or3b_1)
                                                         _19_ (net)
                      0.191287    0.000294    5.391871 v _55_/A2 (sky130_fd_sc_hd__a211o_1)
     4    0.012459    0.172819    0.684821    6.076693 v _55_/X (sky130_fd_sc_hd__a211o_1)
                                                         _20_ (net)
                      0.172820    0.000694    6.077386 v _60_/A2 (sky130_fd_sc_hd__a311o_1)
     4    0.013248    0.184933    0.735171    6.812557 v _60_/X (sky130_fd_sc_hd__a311o_1)
                                                         _25_ (net)
                      0.184934    0.000834    6.813390 v _65_/B (sky130_fd_sc_hd__nand2_1)
     1    0.004796    0.104747    0.174550    6.987940 ^ _65_/Y (sky130_fd_sc_hd__nand2_1)
                                                         _29_ (net)
                      0.104747    0.000226    6.988167 ^ _66_/B (sky130_fd_sc_hd__xnor2_1)
     1    0.002014    0.080016    0.119881    7.108047 v _66_/Y (sky130_fd_sc_hd__xnor2_1)
                                                         adder.high.sum[1] (net)
                      0.080016    0.000146    7.108194 v _97_/D (sky130_fd_sc_hd__dfrtp_1)
                                              7.108194   data arrival time

                                 20.000000   20.000000   clock clk (rise edge)
                                  0.000000   20.000000   clock source latency
     1    0.009595    0.078389    0.050544   20.050545 ^ clk (in)
                                                         clk (net)
                      0.078393    0.000000   20.050545 ^ clkbuf_0_clk/A (sky130_fd_sc_hd__clkbuf_16)
     2    0.018778    0.065917    0.223398   20.273943 ^ clkbuf_0_clk/X (sky130_fd_sc_hd__clkbuf_16)
                                                         clknet_0_clk (net)
                      0.065930    0.000963   20.274906 ^ clkbuf_1_0__f_clk/A (sky130_fd_sc_hd__clkbuf_16)
     4    0.012041    0.057519    0.208335   20.483240 ^ clkbuf_1_0__f_clk/X (sky130_fd_sc_hd__clkbuf_16)
                                                         clknet_1_0__leaf_clk (net)
                      0.057519    0.000574   20.483814 ^ _97_/CLK (sky130_fd_sc_hd__dfrtp_1)
                                 -0.250000   20.233816   clock uncertainty
                                  0.000000   20.233816   clock reconvergence pessimism
                                 -0.284069   19.949747   library setup time
                                             19.949747   data required time
---------------------------------------------------------------------------------------------
                                             19.949747   data required time
                                             -7.108194   data arrival time
---------------------------------------------------------------------------------------------
                                             12.841554   slack (MET)


Startpoint: data_in[0] (input port clocked by clk)
Endpoint: _94_ (rising edge-triggered flip-flop clocked by clk)
Path Group: clk
Path Type: max

Fanout         Cap        Slew       Delay        Time   Description
---------------------------------------------------------------------------------------------
                                  0.000000    0.000000   clock clk (rise edge)
                                  0.000000    0.000000   clock network delay (propagated)
                                  4.000000    4.000000 ^ input external delay
     1    0.004010    0.040391    0.022241    4.022241 ^ data_in[0] (in)
                                                         data_in[0] (net)
                      0.040405    0.000000    4.022241 ^ input1/A (sky130_fd_sc_hd__clkbuf_1)
     2    0.006959    0.146133    0.191348    4.213589 ^ input1/X (sky130_fd_sc_hd__clkbuf_1)
                                                         net1 (net)
                      0.146133    0.000473    4.214063 ^ _53_/A (sky130_fd_sc_hd__nand2_1)
     3    0.009531    0.174140    0.207526    4.421589 v _53_/Y (sky130_fd_sc_hd__nand2_1)
                                                         _18_ (net)
                      0.174140    0.000548    4.422137 v _54_/A (sky130_fd_sc_hd__or3b_1)
     3    0.008037    0.191287    0.969441    5.391578 v _54_/X (sky130_fd_sc_hd__or3b_1)
                                                         _19_ (net)
                      0.191287    0.000294    5.391871 v _55_/A2 (sky130_fd_sc_hd__a211o_1)
     4    0.012459    0.172819    0.684821    6.076693 v _55_/X (sky130_fd_sc_hd__a211o_1)
                                                         _20_ (net)
                      0.172820    0.000715    6.077408 v _80_/A (sky130_fd_sc_hd__and2_1)
     1    0.003528    0.074041    0.330976    6.408384 v _80_/X (sky130_fd_sc_hd__and2_1)
                                                         adder.low.sum[2] (net)
                      0.074041    0.000210    6.408594 v _94_/D (sky130_fd_sc_hd__dfrtp_1)
                                              6.408594   data arrival time

                                 20.000000   20.000000   clock clk (rise edge)
                                  0.000000   20.000000   clock source latency
     1    0.009595    0.078389    0.050544   20.050545 ^ clk (in)
                                                         clk (net)
                      0.078393    0.000000   20.050545 ^ clkbuf_0_clk/A (sky130_fd_sc_hd__clkbuf_16)
     2    0.018778    0.065917    0.223398   20.273943 ^ clkbuf_0_clk/X (sky130_fd_sc_hd__clkbuf_16)
                                                         clknet_0_clk (net)
                      0.065930    0.000963   20.274906 ^ clkbuf_1_0__f_clk/A (sky130_fd_sc_hd__clkbuf_16)
     4    0.012041    0.057519    0.208335   20.483240 ^ clkbuf_1_0__f_clk/X (sky130_fd_sc_hd__clkbuf_16)
                                                         clknet_1_0__leaf_clk (net)
                      0.057519    0.000705   20.483946 ^ _94_/CLK (sky130_fd_sc_hd__dfrtp_1)
                                 -0.250000   20.233946   clock uncertainty
                                  0.000000   20.233946   clock reconvergence pessimism
                                 -0.281576   19.952372   library setup time
                                             19.952372   data required time
---------------------------------------------------------------------------------------------
                                             19.952372   data required time
                                             -6.408594   data arrival time
---------------------------------------------------------------------------------------------
                                             13.543777   slack (MET)


Startpoint: data_in[0] (input port clocked by clk)
Endpoint: _95_ (rising edge-triggered flip-flop clocked by clk)
Path Group: clk
Path Type: max

Fanout         Cap        Slew       Delay        Time   Description
---------------------------------------------------------------------------------------------
                                  0.000000    0.000000   clock clk (rise edge)
                                  0.000000    0.000000   clock network delay (propagated)
                                  4.000000    4.000000 ^ input external delay
     1    0.004010    0.040391    0.022241    4.022241 ^ data_in[0] (in)
                                                         data_in[0] (net)
                      0.040405    0.000000    4.022241 ^ input1/A (sky130_fd_sc_hd__clkbuf_1)
     2    0.006959    0.146133    0.191348    4.213589 ^ input1/X (sky130_fd_sc_hd__clkbuf_1)
                                                         net1 (net)
                      0.146133    0.000473    4.214063 ^ _53_/A (sky130_fd_sc_hd__nand2_1)
     3    0.009531    0.174140    0.207526    4.421589 v _53_/Y (sky130_fd_sc_hd__nand2_1)
                                                         _18_ (net)
                      0.174140    0.000548    4.422137 v _54_/A (sky130_fd_sc_hd__or3b_1)
     3    0.008037    0.191287    0.969441    5.391578 v _54_/X (sky130_fd_sc_hd__or3b_1)
                                                         _19_ (net)
                      0.191287    0.000294    5.391871 v _55_/A2 (sky130_fd_sc_hd__a211o_1)
     4    0.012459    0.172819    0.684821    6.076693 v _55_/X (sky130_fd_sc_hd__a211o_1)
                                                         _20_ (net)
                      0.172821    0.000788    6.077480 v _81_/B (sky130_fd_sc_hd__nand2_1)
     1    0.005239    0.108246    0.173137    6.250618 ^ _81_/Y (sky130_fd_sc_hd__nand2_1)
                                                         _40_ (net)
                      0.108246    0.000383    6.251001 ^ _82_/B (sky130_fd_sc_hd__xnor2_1)
     1    0.002434    0.085916    0.126422    6.377423 v _82_/Y (sky130_fd_sc_hd__xnor2_1)
                                                         adder.low.sum[3] (net)
                      0.085916    0.000162    6.377585 v _95_/D (sky130_fd_sc_hd__dfrtp_1)
                                              6.377585   data arrival time

                                 20.000000   20.000000   clock clk (rise edge)
                                  0.000000   20.000000   clock source latency
     1    0.009595    0.078389    0.050544   20.050545 ^ clk (in)
                                                         clk (net)
                      0.078393    0.000000   20.050545 ^ clkbuf_0_clk/A (sky130_fd_sc_hd__clkbuf_16)
     2    0.018778    0.065917    0.223398   20.273943 ^ clkbuf_0_clk/X (sky130_fd_sc_hd__clkbuf_16)
                                                         clknet_0_clk (net)
                      0.065930    0.000963   20.274906 ^ clkbuf_1_0__f_clk/A (sky130_fd_sc_hd__clkbuf_16)
     4    0.012041    0.057519    0.208335   20.483240 ^ clkbuf_1_0__f_clk/X (sky130_fd_sc_hd__clkbuf_16)
                                                         clknet_1_0__leaf_clk (net)
                      0.057519    0.000609   20.483850 ^ _95_/CLK (sky130_fd_sc_hd__dfrtp_1)
                                 -0.250000   20.233850   clock uncertainty
                                  0.000000   20.233850   clock reconvergence pessimism
                                 -0.286530   19.947321   library setup time
                                             19.947321   data required time
---------------------------------------------------------------------------------------------
                                             19.947321   data required time
                                             -6.377585   data arrival time
---------------------------------------------------------------------------------------------
                                             13.569736   slack (MET)


Startpoint: _94_ (rising edge-triggered flip-flop clocked by clk)
Endpoint: acc[2] (output port clocked by clk)
Path Group: clk
Path Type: max

Fanout         Cap        Slew       Delay        Time   Description
---------------------------------------------------------------------------------------------
                                  0.000000    0.000000   clock clk (rise edge)
                                  0.000000    0.000000   clock source latency
     1    0.009595    0.078389    0.050545    0.050545 ^ clk (in)
                                                         clk (net)
                      0.078393    0.000000    0.050545 ^ clkbuf_0_clk/A (sky130_fd_sc_hd__clkbuf_16)
     2    0.018778    0.065917    0.223397    0.273942 ^ clkbuf_0_clk/X (sky130_fd_sc_hd__clkbuf_16)
                                                         clknet_0_clk (net)
                      0.065930    0.000964    0.274906 ^ clkbuf_1_0__f_clk/A (sky130_fd_sc_hd__clkbuf_16)
     4    0.012041    0.057519    0.208334    0.483240 ^ clkbuf_1_0__f_clk/X (sky130_fd_sc_hd__clkbuf_16)
                                                         clknet_1_0__leaf_clk (net)
                      0.057519    0.000706    0.483946 ^ _94_/CLK (sky130_fd_sc_hd__dfrtp_1)
     4    0.012490    0.161882    0.819560    1.303506 v _94_/Q (sky130_fd_sc_hd__dfrtp_1)
                                                         net12 (net)
                      0.161891    0.001254    1.304761 v output12/A (sky130_fd_sc_hd__buf_2)
     1    0.034738    0.168105    0.389500    1.694260 v output12/X (sky130_fd_sc_hd__buf_2)
                                                         acc[2] (net)
                      0.168119    0.001617    1.695877 v acc[2] (out)
                                              1.695877   data arrival time

                                 20.000000   20.000000   clock clk (rise edge)
                                  0.000000   20.000000   clock network delay (propagated)
                                 -0.250000   19.750002   clock uncertainty
                                  0.000000   19.750002   clock reconvergence pessimism
                                 -4.000000   15.750001   output external delay
                                             15.750001   data required time
---------------------------------------------------------------------------------------------
                                             15.750001   data required time
                                             -1.695877   data arrival time
---------------------------------------------------------------------------------------------
                                             14.054124   slack (MET)


Startpoint: _96_ (rising edge-triggered flip-flop clocked by clk)
Endpoint: acc[4] (output port clocked by clk)
Path Group: clk
Path Type: max

Fanout         Cap        Slew       Delay        Time   Description
---------------------------------------------------------------------------------------------
                                  0.000000    0.000000   clock clk (rise edge)
                                  0.000000    0.000000   clock source latency
     1    0.009595    0.078389    0.050545    0.050545 ^ clk (in)
                                                         clk (net)
                      0.078393    0.000000    0.050545 ^ clkbuf_0_clk/A (sky130_fd_sc_hd__clkbuf_16)
     2    0.018778    0.065917    0.223397    0.273942 ^ clkbuf_0_clk/X (sky130_fd_sc_hd__clkbuf_16)
                                                         clknet_0_clk (net)
                      0.065930    0.000964    0.274906 ^ clkbuf_1_0__f_clk/A (sky130_fd_sc_hd__clkbuf_16)
     4    0.012041    0.057519    0.208334    0.483240 ^ clkbuf_1_0__f_clk/X (sky130_fd_sc_hd__clkbuf_16)
                                                         clknet_1_0__leaf_clk (net)
                      0.057519    0.000649    0.483889 ^ _96_/CLK (sky130_fd_sc_hd__dfrtp_1)
     3    0.009892    0.137562    0.795951    1.279840 v _96_/Q (sky130_fd_sc_hd__dfrtp_1)
                                                         net14 (net)
                      0.137564    0.000783    1.280623 v output14/A (sky130_fd_sc_hd__buf_2)
     1    0.034228    0.166076    0.376080    1.656703 v output14/X (sky130_fd_sc_hd__buf_2)
                                                         acc[4] (net)
                      0.166092    0.001705    1.658407 v acc[4] (out)
                                              1.658407   data arrival time

                                 20.000000   20.000000   clock clk (rise edge)
                                  0.000000   20.000000   clock network delay (propagated)
                                 -0.250000   19.750002   clock uncertainty
                                  0.000000   19.750002   clock reconvergence pessimism
                                 -4.000000   15.750001   output external delay
                                             15.750001   data required time
---------------------------------------------------------------------------------------------
                                             15.750001   data required time
                                             -1.658407   data arrival time
---------------------------------------------------------------------------------------------
                                             14.091594   slack (MET)


Startpoint: _93_ (rising edge-triggered flip-flop clocked by clk)
Endpoint: acc[1] (output port clocked by clk)
Path Group: clk
Path Type: max

Fanout         Cap        Slew       Delay        Time   Description
---------------------------------------------------------------------------------------------
                                  0.000000    0.000000   clock clk (rise edge)
                                  0.000000    0.000000   clock source latency
     1    0.009595    0.078389    0.050545    0.050545 ^ clk (in)
                                                         clk (net)
                      0.078393    0.000000    0.050545 ^ clkbuf_0_clk/A (sky130_fd_sc_hd__clkbuf_16)
     2    0.018778    0.065917    0.223397    0.273942 ^ clkbuf_0_clk/X (sky130_fd_sc_hd__clkbuf_16)
                                                         clknet_0_clk (net)
                      0.065930    0.000949    0.274891 ^ clkbuf_1_1__f_clk/A (sky130_fd_sc_hd__clkbuf_16)
     4    0.011689    0.057075    0.207847    0.482738 ^ clkbuf_1_1__f_clk/X (sky130_fd_sc_hd__clkbuf_16)
                                                         clknet_1_1__leaf_clk (net)
                      0.057076    0.000631    0.483369 ^ _93_/CLK (sky130_fd_sc_hd__dfrtp_1)
     3    0.009601    0.134915    0.793084    1.276453 v _93_/Q (sky130_fd_sc_hd__dfrtp_1)
                                                         net11 (net)
                      0.134916    0.000574    1.277027 v output11/A (sky130_fd_sc_hd__buf_2)
     1    0.034049    0.165338    0.374290    1.651317 v output11/X (sky130_fd_sc_hd__buf_2)
                                                         acc[1] (net)
                      0.165352    0.001616    1.652933 v acc[1] (out)
                                              1.652933   data arrival time

                                 20.000000   20.000000   clock clk (rise edge)
                                  0.000000   20.000000   clock network delay (propagated)
                                 -0.250000   19.750002   clock uncertainty
                                  0.000000   19.750002   clock reconvergence pessimism
                                 -4.000000   15.750001   output external delay
                                             15.750001   data required time
---------------------------------------------------------------------------------------------
                                             15.750001   data required time
                                             -1.652933   data arrival time
---------------------------------------------------------------------------------------------
                                             14.097068   slack (MET)


Startpoint: _98_ (rising edge-triggered flip-flop clocked by clk)
Endpoint: acc[6] (output port clocked by clk)
Path Group: clk
Path Type: max

Fanout         Cap        Slew       Delay        Time   Description
---------------------------------------------------------------------------------------------
                                  0.000000    0.000000   clock clk (rise edge)
                                  0.000000    0.000000   clock source latency
     1    0.009595    0.078389    0.050545    0.050545 ^ clk (in)
                                                         clk (net)
                      0.078393    0.000000    0.050545 ^ clkbuf_0_clk/A (sky130_fd_sc_hd__clkbuf_16)
     2    0.018778    0.065917    0.223397    0.273942 ^ clkbuf_0_clk/X (sky130_fd_sc_hd__clkbuf_16)
                                                         clknet_0_clk (net)
                      0.065930    0.000949    0.274891 ^ clkbuf_1_1__f_clk/A (sky130_fd_sc_hd__clkbuf_16)
     4    0.011689    0.057075    0.207847    0.482738 ^ clkbuf_1_1__f_clk/X (sky130_fd_sc_hd__clkbuf_16)
                                                         clknet_1_1__leaf_clk (net)
                      0.057076    0.000601    0.483339 ^ _98_/CLK (sky130_fd_sc_hd__dfrtp_1)
     3    0.009534    0.134340    0.792405    1.275745 v _98_/Q (sky130_fd_sc_hd__dfrtp_1)
                                                         net16 (net)
                      0.134340    0.000571    1.276316 v output16/A (sky130_fd_sc_hd__buf_2)
     1    0.034216    0.166011    0.374526    1.650842 v output16/X (sky130_fd_sc_hd__buf_2)
                                                         acc[6] (net)
                      0.166025    0.001648    1.652490 v acc[6] (out)
                                              1.652490   data arrival time

                                 20.000000   20.000000   clock clk (rise edge)
                                  0.000000   20.000000   clock network delay (propagated)
                                 -0.250000   19.750002   clock uncertainty
                                  0.000000   19.750002   clock reconvergence pessimism
                                 -4.000000   15.750001   output external delay
                                             15.750001   data required time
---------------------------------------------------------------------------------------------
                                             15.750001   data required time
                                             -1.652490   data arrival time
---------------------------------------------------------------------------------------------
                                             14.097511   slack (MET)


Startpoint: _92_ (rising edge-triggered flip-flop clocked by clk)
Endpoint: acc[0] (output port clocked by clk)
Path Group: clk
Path Type: max

Fanout         Cap        Slew       Delay        Time   Description
---------------------------------------------------------------------------------------------
                                  0.000000    0.000000   clock clk (rise edge)
                                  0.000000    0.000000   clock source latency
     1    0.009595    0.078389    0.050545    0.050545 ^ clk (in)
                                                         clk (net)
                      0.078393    0.000000    0.050545 ^ clkbuf_0_clk/A (sky130_fd_sc_hd__clkbuf_16)
     2    0.018778    0.065917    0.223397    0.273942 ^ clkbuf_0_clk/X (sky130_fd_sc_hd__clkbuf_16)
                                                         clknet_0_clk (net)
                      0.065930    0.000949    0.274891 ^ clkbuf_1_1__f_clk/A (sky130_fd_sc_hd__clkbuf_16)
     4    0.011689    0.057075    0.207847    0.482738 ^ clkbuf_1_1__f_clk/X (sky130_fd_sc_hd__clkbuf_16)
                                                         clknet_1_1__leaf_clk (net)
                      0.057076    0.000598    0.483336 ^ _92_/CLK (sky130_fd_sc_hd__dfrtp_1)
     3    0.009036    0.129778    0.787917    1.271253 v _92_/Q (sky130_fd_sc_hd__dfrtp_1)
                                                         net10 (net)
                      0.129778    0.000569    1.271822 v output10/A (sky130_fd_sc_hd__buf_2)
     1    0.035298    0.170368    0.375591    1.647414 v output10/X (sky130_fd_sc_hd__buf_2)
                                                         acc[0] (net)
                      0.170389    0.001938    1.649351 v acc[0] (out)
                                              1.649351   data arrival time

                                 20.000000   20.000000   clock clk (rise edge)
                                  0.000000   20.000000   clock network delay (propagated)
                                 -0.250000   19.750002   clock uncertainty
                                  0.000000   19.750002   clock reconvergence pessimism
                                 -4.000000   15.750001   output external delay
                                             15.750001   data required time
---------------------------------------------------------------------------------------------
                                             15.750001   data required time
                                             -1.649351   data arrival time
---------------------------------------------------------------------------------------------
                                             14.100650   slack (MET)


Startpoint: _97_ (rising edge-triggered flip-flop clocked by clk)
Endpoint: acc[5] (output port clocked by clk)
Path Group: clk
Path Type: max

Fanout         Cap        Slew       Delay        Time   Description
---------------------------------------------------------------------------------------------
                                  0.000000    0.000000   clock clk (rise edge)
                                  0.000000    0.000000   clock source latency
     1    0.009595    0.078389    0.050545    0.050545 ^ clk (in)
                                                         clk (net)
                      0.078393    0.000000    0.050545 ^ clkbuf_0_clk/A (sky130_fd_sc_hd__clkbuf_16)
     2    0.018778    0.065917    0.223397    0.273942 ^ clkbuf_0_clk/X (sky130_fd_sc_hd__clkbuf_16)
                                                         clknet_0_clk (net)
                      0.065930    0.000964    0.274906 ^ clkbuf_1_0__f_clk/A (sky130_fd_sc_hd__clkbuf_16)
     4    0.012041    0.057519    0.208334    0.483240 ^ clkbuf_1_0__f_clk/X (sky130_fd_sc_hd__clkbuf_16)
                                                         clknet_1_0__leaf_clk (net)
                      0.057519    0.000573    0.483813 ^ _97_/CLK (sky130_fd_sc_hd__dfrtp_1)
     3    0.008976    0.129179    0.787668    1.271481 v _97_/Q (sky130_fd_sc_hd__dfrtp_1)
                                                         net15 (net)
                      0.129179    0.000492    1.271973 v output15/A (sky130_fd_sc_hd__buf_2)
     1    0.034138    0.165692    0.371794    1.643767 v output15/X (sky130_fd_sc_hd__buf_2)
                                                         acc[5] (net)
                      0.165707    0.001642    1.645408 v acc[5] (out)
                                              1.645408   data arrival time

                                 20.000000   20.000000   clock clk (rise edge)
                                  0.000000   20.000000   clock network delay (propagated)
                                 -0.250000   19.750002   clock uncertainty
                                  0.000000   19.750002   clock reconvergence pessimism
                                 -4.000000   15.750001   output external delay
                                             15.750001   data required time
---------------------------------------------------------------------------------------------
                                             15.750001   data required time
                                             -1.645408   data arrival time
---------------------------------------------------------------------------------------------
                                             14.104592   slack (MET)


Startpoint: _95_ (rising edge-triggered flip-flop clocked by clk)
Endpoint: acc[3] (output port clocked by clk)
Path Group: clk
Path Type: max

Fanout         Cap        Slew       Delay        Time   Description
---------------------------------------------------------------------------------------------
                                  0.000000    0.000000   clock clk (rise edge)
                                  0.000000    0.000000   clock source latency
     1    0.009595    0.078389    0.050545    0.050545 ^ clk (in)
                                                         clk (net)
                      0.078393    0.000000    0.050545 ^ clkbuf_0_clk/A (sky130_fd_sc_hd__clkbuf_16)
     2    0.018778    0.065917    0.223397    0.273942 ^ clkbuf_0_clk/X (sky130_fd_sc_hd__clkbuf_16)
                                                         clknet_0_clk (net)
                      0.065930    0.000964    0.274906 ^ clkbuf_1_0__f_clk/A (sky130_fd_sc_hd__clkbuf_16)
     4    0.012041    0.057519    0.208334    0.483240 ^ clkbuf_1_0__f_clk/X (sky130_fd_sc_hd__clkbuf_16)
                                                         clknet_1_0__leaf_clk (net)
                      0.057519    0.000610    0.483850 ^ _95_/CLK (sky130_fd_sc_hd__dfrtp_1)
     3    0.008572    0.125403    0.783950    1.267800 v _95_/Q (sky130_fd_sc_hd__dfrtp_1)
                                                         net13 (net)
                      0.125561    0.000506    1.268306 v output13/A (sky130_fd_sc_hd__buf_2)
     1    0.034452    0.166922    0.371075    1.639381 v output13/X (sky130_fd_sc_hd__buf_2)
                                                         acc[3] (net)
                      0.166936    0.001614    1.640996 v acc[3] (out)
                                              1.640996   data arrival time

                                 20.000000   20.000000   clock clk (rise edge)
                                  0.000000   20.000000   clock network delay (propagated)
                                 -0.250000   19.750002   clock uncertainty
                                  0.000000   19.750002   clock reconvergence pessimism
                                 -4.000000   15.750001   output external delay
                                             15.750001   data required time
---------------------------------------------------------------------------------------------
                                             15.750001   data required time
                                             -1.640996   data arrival time
---------------------------------------------------------------------------------------------
                                             14.109005   slack (MET)


Startpoint: _99_ (rising edge-triggered flip-flop clocked by clk)
Endpoint: acc[7] (output port clocked by clk)
Path Group: clk
Path Type: max

Fanout         Cap        Slew       Delay        Time   Description
---------------------------------------------------------------------------------------------
                                  0.000000    0.000000   clock clk (rise edge)
                                  0.000000    0.000000   clock source latency
     1    0.009595    0.078389    0.050545    0.050545 ^ clk (in)
                                                         clk (net)
                      0.078393    0.000000    0.050545 ^ clkbuf_0_clk/A (sky130_fd_sc_hd__clkbuf_16)
     2    0.018778    0.065917    0.223397    0.273942 ^ clkbuf_0_clk/X (sky130_fd_sc_hd__clkbuf_16)
                                                         clknet_0_clk (net)
                      0.065930    0.000949    0.274891 ^ clkbuf_1_1__f_clk/A (sky130_fd_sc_hd__clkbuf_16)
     4    0.011689    0.057075    0.207847    0.482738 ^ clkbuf_1_1__f_clk/X (sky130_fd_sc_hd__clkbuf_16)
                                                         clknet_1_1__leaf_clk (net)
                      0.057076    0.000617    0.483355 ^ _99_/CLK (sky130_fd_sc_hd__dfrtp_1)
     2    0.007626    0.117046    0.775147    1.258503 v _99_/Q (sky130_fd_sc_hd__dfrtp_1)
                                                         net17 (net)
                      0.117046    0.000328    1.258831 v output17/A (sky130_fd_sc_hd__buf_2)
     1    0.034025    0.165216    0.365612    1.624443 v output17/X (sky130_fd_sc_hd__buf_2)
                                                         acc[7] (net)
                      0.165230    0.001594    1.626036 v acc[7] (out)
                                              1.626036   data arrival time

                                 20.000000   20.000000   clock clk (rise edge)
                                  0.000000   20.000000   clock network delay (propagated)
                                 -0.250000   19.750002   clock uncertainty
                                  0.000000   19.750002   clock reconvergence pessimism
                                 -4.000000   15.750001   output external delay
                                             15.750001   data required time
---------------------------------------------------------------------------------------------
                                             15.750001   data required time
                                             -1.626036   data arrival time
---------------------------------------------------------------------------------------------
                                             14.123964   slack (MET)


Startpoint: data_in[0] (input port clocked by clk)
Endpoint: _93_ (rising edge-triggered flip-flop clocked by clk)
Path Group: clk
Path Type: max

Fanout         Cap        Slew       Delay        Time   Description
---------------------------------------------------------------------------------------------
                                  0.000000    0.000000   clock clk (rise edge)
                                  0.000000    0.000000   clock network delay (propagated)
                                  4.000000    4.000000 ^ input external delay
     1    0.004010    0.040391    0.022241    4.022241 ^ data_in[0] (in)
                                                         data_in[0] (net)
                      0.040405    0.000000    4.022241 ^ input1/A (sky130_fd_sc_hd__clkbuf_1)
     2    0.006959    0.146133    0.191348    4.213589 ^ input1/X (sky130_fd_sc_hd__clkbuf_1)
                                                         net1 (net)
                      0.146133    0.000473    4.214063 ^ _53_/A (sky130_fd_sc_hd__nand2_1)
     3    0.009531    0.174140    0.207526    4.421589 v _53_/Y (sky130_fd_sc_hd__nand2_1)
                                                         _18_ (net)
                      0.174140    0.000548    4.422137 v _54_/A (sky130_fd_sc_hd__or3b_1)
     3    0.008037    0.191287    0.969441    5.391578 v _54_/X (sky130_fd_sc_hd__or3b_1)
                                                         _19_ (net)
                      0.191287    0.000229    5.391807 v _78_/A (sky130_fd_sc_hd__and2_1)
     1    0.002089    0.062514    0.324899    5.716706 v _78_/X (sky130_fd_sc_hd__and2_1)
                                                         adder.low.sum[1] (net)
                      0.062514    0.000148    5.716854 v _93_/D (sky130_fd_sc_hd__dfrtp_1)
                                              5.716854   data arrival time

                                 20.000000   20.000000   clock clk (rise edge)
                                  0.000000   20.000000   clock source latency
     1    0.009595    0.078389    0.050544   20.050545 ^ clk (in)
                                                         clk (net)
                      0.078393    0.000000   20.050545 ^ clkbuf_0_clk/A (sky130_fd_sc_hd__clkbuf_16)
     2    0.018778    0.065917    0.223398   20.273943 ^ clkbuf_0_clk/X (sky130_fd_sc_hd__clkbuf_16)
                                                         clknet_0_clk (net)
                      0.065930    0.000949   20.274891 ^ clkbuf_1_1__f_clk/A (sky130_fd_sc_hd__clkbuf_16)
     4    0.011689    0.057075    0.207846   20.482738 ^ clkbuf_1_1__f_clk/X (sky130_fd_sc_hd__clkbuf_16)
                                                         clknet_1_1__leaf_clk (net)
                      0.057076    0.000631   20.483368 ^ _93_/CLK (sky130_fd_sc_hd__dfrtp_1)
                                 -0.250000   20.233370   clock uncertainty
                                  0.000000   20.233370   clock reconvergence pessimism
                                 -0.276886   19.956484   library setup time
                                             19.956484   data required time
---------------------------------------------------------------------------------------------
                                             19.956484   data required time
                                             -5.716854   data arrival time
---------------------------------------------------------------------------------------------
                                             14.239629   slack (MET)


Startpoint: data_in[0] (input port clocked by clk)
Endpoint: _92_ (rising edge-triggered flip-flop clocked by clk)
Path Group: clk
Path Type: max

Fanout         Cap        Slew       Delay        Time   Description
---------------------------------------------------------------------------------------------
                                  0.000000    0.000000   clock clk (rise edge)
                                  0.000000    0.000000   clock network delay (propagated)
                                  4.000000    4.000000 v input external delay
     1    0.003881    0.022670    0.012698    4.012698 v data_in[0] (in)
                                                         data_in[0] (net)
                      0.022680    0.000000    4.012698 v input1/A (sky130_fd_sc_hd__clkbuf_1)
     2    0.006752    0.090721    0.173051    4.185749 v input1/X (sky130_fd_sc_hd__clkbuf_1)
                                                         net1 (net)
                      0.090722    0.000412    4.186161 v _83_/A (sky130_fd_sc_hd__or2_1)
     1    0.003163    0.099419    0.506143    4.692304 v _83_/X (sky130_fd_sc_hd__or2_1)
                                                         _41_ (net)
                      0.099419    0.000206    4.692510 v _84_/B (sky130_fd_sc_hd__and2_1)
     1    0.002866    0.068503    0.327617    5.020126 v _84_/X (sky130_fd_sc_hd__and2_1)
                                                         adder.low.p[0] (net)
                      0.068503    0.000181    5.020307 v _92_/D (sky130_fd_sc_hd__dfrtp_1)
                                              5.020307   data arrival time

                                 20.000000   20.000000   clock clk (rise edge)
                                  0.000000   20.000000   clock source latency
     1    0.009595    0.078389    0.050544   20.050545 ^ clk (in)
                                                         clk (net)
                      0.078393    0.000000   20.050545 ^ clkbuf_0_clk/A (sky130_fd_sc_hd__clkbuf_16)
     2    0.018778    0.065917    0.223398   20.273943 ^ clkbuf_0_clk/X (sky130_fd_sc_hd__clkbuf_16)
                                                         clknet_0_clk (net)
                      0.065930    0.000949   20.274891 ^ clkbuf_1_1__f_clk/A (sky130_fd_sc_hd__clkbuf_16)
     4    0.011689    0.057075    0.207846   20.482738 ^ clkbuf_1_1__f_clk/X (sky130_fd_sc_hd__clkbuf_16)
                                                         clknet_1_1__leaf_clk (net)
                      0.057076    0.000599   20.483337 ^ _92_/CLK (sky130_fd_sc_hd__dfrtp_1)
                                 -0.250000   20.233337   clock uncertainty
                                  0.000000   20.233337   clock reconvergence pessimism
                                 -0.279384   19.953953   library setup time
                                             19.953953   data required time
---------------------------------------------------------------------------------------------
                                             19.953953   data required time
                                             -5.020307   data arrival time
---------------------------------------------------------------------------------------------
                                             14.933647   slack (MET)


Startpoint: rst (input port clocked by clk)
Endpoint: _96_ (recovery check against rising-edge clock clk)
Path Group: asynchronous
Path Type: max

Fanout         Cap        Slew       Delay        Time   Description
---------------------------------------------------------------------------------------------
                                  0.000000    0.000000   clock clk (rise edge)
                                  0.000000    0.000000   clock network delay (propagated)
                                  4.000000    4.000000 v input external delay
     1    0.002926    0.018938    0.009678    4.009678 v rst (in)
                                                         rst (net)
                      0.018938    0.000000    4.009678 v input9/A (sky130_fd_sc_hd__clkbuf_4)
     8    0.047514    0.180457    0.333014    4.342692 v input9/X (sky130_fd_sc_hd__clkbuf_4)
                                                         net9 (net)
                      0.180515    0.003076    4.345768 v _88_/A (sky130_fd_sc_hd__inv_2)
     1    0.005405    0.072258    0.126383    4.472151 ^ _88_/Y (sky130_fd_sc_hd__inv_2)
                                                         _04_ (net)
                      0.072259    0.000306    4.472457 ^ _96_/RESET_B (sky130_fd_sc_hd__dfrtp_1)
                                              4.472457   data arrival time

                                 20.000000   20.000000   clock clk (rise edge)
                                  0.000000   20.000000   clock source latency
     1    0.009595    0.078389    0.050544   20.050545 ^ clk (in)
                                                         clk (net)
                      0.078393    0.000000   20.050545 ^ clkbuf_0_clk/A (sky130_fd_sc_hd__clkbuf_16)
     2    0.018778    0.065917    0.223398   20.273943 ^ clkbuf_0_clk/X (sky130_fd_sc_hd__clkbuf_16)
                                                         clknet_0_clk (net)
                      0.065930    0.000963   20.274906 ^ clkbuf_1_0__f_clk/A (sky130_fd_sc_hd__clkbuf_16)
     4    0.012041    0.057519    0.208335   20.483240 ^ clkbuf_1_0__f_clk/X (sky130_fd_sc_hd__clkbuf_16)
                                                         clknet_1_0__leaf_clk (net)
                      0.057519    0.000648   20.483889 ^ _96_/CLK (sky130_fd_sc_hd__dfrtp_1)
                                 -0.250000   20.233891   clock uncertainty
                                  0.000000   20.233891   clock reconvergence pessimism
                                  0.457588   20.691477   library recovery time
                                             20.691477   data required time
---------------------------------------------------------------------------------------------
                                             20.691477   data required time
                                             -4.472457   data arrival time
---------------------------------------------------------------------------------------------
                                             16.219019   slack (MET)


Startpoint: rst (input port clocked by clk)
Endpoint: _94_ (recovery check against rising-edge clock clk)
Path Group: asynchronous
Path Type: max

Fanout         Cap        Slew       Delay        Time   Description
---------------------------------------------------------------------------------------------
                                  0.000000    0.000000   clock clk (rise edge)
                                  0.000000    0.000000   clock network delay (propagated)
                                  4.000000    4.000000 v input external delay
     1    0.002926    0.018938    0.009678    4.009678 v rst (in)
                                                         rst (net)
                      0.018938    0.000000    4.009678 v input9/A (sky130_fd_sc_hd__clkbuf_4)
     8    0.047514    0.180457    0.333014    4.342692 v input9/X (sky130_fd_sc_hd__clkbuf_4)
                                                         net9 (net)
                      0.180542    0.003641    4.346333 v _86_/A (sky130_fd_sc_hd__inv_2)
     1    0.005164    0.070560    0.124424    4.470757 ^ _86_/Y (sky130_fd_sc_hd__inv_2)
                                                         _02_ (net)
                      0.070560    0.000281    4.471038 ^ _94_/RESET_B (sky130_fd_sc_hd__dfrtp_1)
                                              4.471038   data arrival time

                                 20.000000   20.000000   clock clk (rise edge)
                                  0.000000   20.000000   clock source latency
     1    0.009595    0.078389    0.050544   20.050545 ^ clk (in)
                                                         clk (net)
                      0.078393    0.000000   20.050545 ^ clkbuf_0_clk/A (sky130_fd_sc_hd__clkbuf_16)
     2    0.018778    0.065917    0.223398   20.273943 ^ clkbuf_0_clk/X (sky130_fd_sc_hd__clkbuf_16)
                                                         clknet_0_clk (net)
                      0.065930    0.000963   20.274906 ^ clkbuf_1_0__f_clk/A (sky130_fd_sc_hd__clkbuf_16)
     4    0.012041    0.057519    0.208335   20.483240 ^ clkbuf_1_0__f_clk/X (sky130_fd_sc_hd__clkbuf_16)
                                                         clknet_1_0__leaf_clk (net)
                      0.057519    0.000705   20.483946 ^ _94_/CLK (sky130_fd_sc_hd__dfrtp_1)
                                 -0.250000   20.233946   clock uncertainty
                                  0.000000   20.233946   clock reconvergence pessimism
                                  0.458218   20.692165   library recovery time
                                             20.692165   data required time
---------------------------------------------------------------------------------------------
                                             20.692165   data required time
                                             -4.471038   data arrival time
---------------------------------------------------------------------------------------------
                                             16.221127   slack (MET)


Startpoint: rst (input port clocked by clk)
Endpoint: _99_ (recovery check against rising-edge clock clk)
Path Group: asynchronous
Path Type: max

Fanout         Cap        Slew       Delay        Time   Description
---------------------------------------------------------------------------------------------
                                  0.000000    0.000000   clock clk (rise edge)
                                  0.000000    0.000000   clock network delay (propagated)
                                  4.000000    4.000000 v input external delay
     1    0.002926    0.018938    0.009678    4.009678 v rst (in)
                                                         rst (net)
                      0.018938    0.000000    4.009678 v input9/A (sky130_fd_sc_hd__clkbuf_4)
     8    0.047514    0.180457    0.333014    4.342692 v input9/X (sky130_fd_sc_hd__clkbuf_4)
                                                         net9 (net)
                      0.180511    0.002980    4.345672 v _91_/A (sky130_fd_sc_hd__inv_2)
     1    0.004408    0.066056    0.118213    4.463885 ^ _91_/Y (sky130_fd_sc_hd__inv_2)
                                                         _07_ (net)
                      0.066056    0.000231    4.464117 ^ _99_/RESET_B (sky130_fd_sc_hd__dfrtp_1)
                                              4.464117   data arrival time

                                 20.000000   20.000000   clock clk (rise edge)
                                  0.000000   20.000000   clock source latency
     1    0.009595    0.078389    0.050544   20.050545 ^ clk (in)
                                                         clk (net)
                      0.078393    0.000000   20.050545 ^ clkbuf_0_clk/A (sky130_fd_sc_hd__clkbuf_16)
     2    0.018778    0.065917    0.223398   20.273943 ^ clkbuf_0_clk/X (sky130_fd_sc_hd__clkbuf_16)
                                                         clknet_0_clk (net)
                      0.065930    0.000949   20.274891 ^ clkbuf_1_1__f_clk/A (sky130_fd_sc_hd__clkbuf_16)
     4    0.011689    0.057075    0.207846   20.482738 ^ clkbuf_1_1__f_clk/X (sky130_fd_sc_hd__clkbuf_16)
                                                         clknet_1_1__leaf_clk (net)
                      0.057076    0.000618   20.483356 ^ _99_/CLK (sky130_fd_sc_hd__dfrtp_1)
                                 -0.250000   20.233356   clock uncertainty
                                  0.000000   20.233356   clock reconvergence pessimism
                                  0.459740   20.693098   library recovery time
                                             20.693098   data required time
---------------------------------------------------------------------------------------------
                                             20.693098   data required time
                                             -4.464117   data arrival time
---------------------------------------------------------------------------------------------
                                             16.228981   slack (MET)


Startpoint: rst (input port clocked by clk)
Endpoint: _93_ (recovery check against rising-edge clock clk)
Path Group: asynchronous
Path Type: max

Fanout         Cap        Slew       Delay        Time   Description
---------------------------------------------------------------------------------------------
                                  0.000000    0.000000   clock clk (rise edge)
                                  0.000000    0.000000   clock network delay (propagated)
                                  4.000000    4.000000 v input external delay
     1    0.002926    0.018938    0.009678    4.009678 v rst (in)
                                                         rst (net)
                      0.018938    0.000000    4.009678 v input9/A (sky130_fd_sc_hd__clkbuf_4)
     8    0.047514    0.180457    0.333014    4.342692 v input9/X (sky130_fd_sc_hd__clkbuf_4)
                                                         net9 (net)
                      0.180488    0.002370    4.345062 v _85_/A (sky130_fd_sc_hd__inv_2)
     1    0.004063    0.063902    0.115434    4.460495 ^ _85_/Y (sky130_fd_sc_hd__inv_2)
                                                         _01_ (net)
                      0.063902    0.000104    4.460600 ^ _93_/RESET_B (sky130_fd_sc_hd__dfrtp_1)
                                              4.460600   data arrival time

                                 20.000000   20.000000   clock clk (rise edge)
                                  0.000000   20.000000   clock source latency
     1    0.009595    0.078389    0.050544   20.050545 ^ clk (in)
                                                         clk (net)
                      0.078393    0.000000   20.050545 ^ clkbuf_0_clk/A (sky130_fd_sc_hd__clkbuf_16)
     2    0.018778    0.065917    0.223398   20.273943 ^ clkbuf_0_clk/X (sky130_fd_sc_hd__clkbuf_16)
                                                         clknet_0_clk (net)
                      0.065930    0.000949   20.274891 ^ clkbuf_1_1__f_clk/A (sky130_fd_sc_hd__clkbuf_16)
     4    0.011689    0.057075    0.207846   20.482738 ^ clkbuf_1_1__f_clk/X (sky130_fd_sc_hd__clkbuf_16)
                                                         clknet_1_1__leaf_clk (net)
                      0.057076    0.000631   20.483368 ^ _93_/CLK (sky130_fd_sc_hd__dfrtp_1)
                                 -0.250000   20.233370   clock uncertainty
                                  0.000000   20.233370   clock reconvergence pessimism
                                  0.460539   20.693907   library recovery time
                                             20.693907   data required time
---------------------------------------------------------------------------------------------
                                             20.693907   data required time
                                             -4.460600   data arrival time
---------------------------------------------------------------------------------------------
                                             16.233309   slack (MET)


Startpoint: rst (input port clocked by clk)
Endpoint: _97_ (recovery check against rising-edge clock clk)
Path Group: asynchronous
Path Type: max

Fanout         Cap        Slew       Delay        Time   Description
---------------------------------------------------------------------------------------------
                                  0.000000    0.000000   clock clk (rise edge)
                                  0.000000    0.000000   clock network delay (propagated)
                                  4.000000    4.000000 v input external delay
     1    0.002926    0.018938    0.009678    4.009678 v rst (in)
                                                         rst (net)
                      0.018938    0.000000    4.009678 v input9/A (sky130_fd_sc_hd__clkbuf_4)
     8    0.047514    0.180457    0.333014    4.342692 v input9/X (sky130_fd_sc_hd__clkbuf_4)
                                                         net9 (net)
                      0.180538    0.003565    4.346257 v _89_/A (sky130_fd_sc_hd__inv_2)
     1    0.003690    0.061728    0.112350    4.458607 ^ _89_/Y (sky130_fd_sc_hd__inv_2)
                                                         _05_ (net)
                      0.061728    0.000195    4.458802 ^ _97_/RESET_B (sky130_fd_sc_hd__dfrtp_1)
                                              4.458802   data arrival time

                                 20.000000   20.000000   clock clk (rise edge)
                                  0.000000   20.000000   clock source latency
     1    0.009595    0.078389    0.050544   20.050545 ^ clk (in)
                                                         clk (net)
                      0.078393    0.000000   20.050545 ^ clkbuf_0_clk/A (sky130_fd_sc_hd__clkbuf_16)
     2    0.018778    0.065917    0.223398   20.273943 ^ clkbuf_0_clk/X (sky130_fd_sc_hd__clkbuf_16)
                                                         clknet_0_clk (net)
                      0.065930    0.000963   20.274906 ^ clkbuf_1_0__f_clk/A (sky130_fd_sc_hd__clkbuf_16)
     4    0.012041    0.057519    0.208335   20.483240 ^ clkbuf_1_0__f_clk/X (sky130_fd_sc_hd__clkbuf_16)
                                                         clknet_1_0__leaf_clk (net)
                      0.057519    0.000574   20.483814 ^ _97_/CLK (sky130_fd_sc_hd__dfrtp_1)
                                 -0.250000   20.233816   clock uncertainty
                                  0.000000   20.233816   clock reconvergence pessimism
                                  0.461493   20.695307   library recovery time
                                             20.695307   data required time
---------------------------------------------------------------------------------------------
                                             20.695307   data required time
                                             -4.458802   data arrival time
---------------------------------------------------------------------------------------------
                                             16.236506   slack (MET)


Startpoint: rst (input port clocked by clk)
Endpoint: _98_ (recovery check against rising-edge clock clk)
Path Group: asynchronous
Path Type: max

Fanout         Cap        Slew       Delay        Time   Description
---------------------------------------------------------------------------------------------
                                  0.000000    0.000000   clock clk (rise edge)
                                  0.000000    0.000000   clock network delay (propagated)
                                  4.000000    4.000000 v input external delay
     1    0.002926    0.018938    0.009678    4.009678 v rst (in)
                                                         rst (net)
                      0.018938    0.000000    4.009678 v input9/A (sky130_fd_sc_hd__clkbuf_4)
     8    0.047514    0.180457    0.333014    4.342692 v input9/X (sky130_fd_sc_hd__clkbuf_4)
                                                         net9 (net)
                      0.180521    0.003217    4.345909 v _90_/A (sky130_fd_sc_hd__inv_2)
     1    0.003647    0.061478    0.111987    4.457896 ^ _90_/Y (sky130_fd_sc_hd__inv_2)
                                                         _06_ (net)
                      0.061478    0.000193    4.458089 ^ _98_/RESET_B (sky130_fd_sc_hd__dfrtp_1)
                                              4.458089   data arrival time

                                 20.000000   20.000000   clock clk (rise edge)
                                  0.000000   20.000000   clock source latency
     1    0.009595    0.078389    0.050544   20.050545 ^ clk (in)
                                                         clk (net)
                      0.078393    0.000000   20.050545 ^ clkbuf_0_clk/A (sky130_fd_sc_hd__clkbuf_16)
     2    0.018778    0.065917    0.223398   20.273943 ^ clkbuf_0_clk/X (sky130_fd_sc_hd__clkbuf_16)
                                                         clknet_0_clk (net)
                      0.065930    0.000949   20.274891 ^ clkbuf_1_1__f_clk/A (sky130_fd_sc_hd__clkbuf_16)
     4    0.011689    0.057075    0.207846   20.482738 ^ clkbuf_1_1__f_clk/X (sky130_fd_sc_hd__clkbuf_16)
                                                         clknet_1_1__leaf_clk (net)
                      0.057076    0.000602   20.483339 ^ _98_/CLK (sky130_fd_sc_hd__dfrtp_1)
                                 -0.250000   20.233341   clock uncertainty
                                  0.000000   20.233341   clock reconvergence pessimism
                                  0.461438   20.694778   library recovery time
                                             20.694778   data required time
---------------------------------------------------------------------------------------------
                                             20.694778   data required time
                                             -4.458089   data arrival time
---------------------------------------------------------------------------------------------
                                             16.236689   slack (MET)


Startpoint: rst (input port clocked by clk)
Endpoint: _95_ (recovery check against rising-edge clock clk)
Path Group: asynchronous
Path Type: max

Fanout         Cap        Slew       Delay        Time   Description
---------------------------------------------------------------------------------------------
                                  0.000000    0.000000   clock clk (rise edge)
                                  0.000000    0.000000   clock network delay (propagated)
                                  4.000000    4.000000 v input external delay
     1    0.002926    0.018938    0.009678    4.009678 v rst (in)
                                                         rst (net)
                      0.018938    0.000000    4.009678 v input9/A (sky130_fd_sc_hd__clkbuf_4)
     8    0.047514    0.180457    0.333014    4.342692 v input9/X (sky130_fd_sc_hd__clkbuf_4)
                                                         net9 (net)
                      0.180546    0.003704    4.346396 v _87_/A (sky130_fd_sc_hd__inv_2)
     1    0.003627    0.061371    0.111833    4.458229 ^ _87_/Y (sky130_fd_sc_hd__inv_2)
                                                         _03_ (net)
                      0.061371    0.000193    4.458422 ^ _95_/RESET_B (sky130_fd_sc_hd__dfrtp_1)
                                              4.458422   data arrival time

                                 20.000000   20.000000   clock clk (rise edge)
                                  0.000000   20.000000   clock source latency
     1    0.009595    0.078389    0.050544   20.050545 ^ clk (in)
                                                         clk (net)
                      0.078393    0.000000   20.050545 ^ clkbuf_0_clk/A (sky130_fd_sc_hd__clkbuf_16)
     2    0.018778    0.065917    0.223398   20.273943 ^ clkbuf_0_clk/X (sky130_fd_sc_hd__clkbuf_16)
                                                         clknet_0_clk (net)
                      0.065930    0.000963   20.274906 ^ clkbuf_1_0__f_clk/A (sky130_fd_sc_hd__clkbuf_16)
     4    0.012041    0.057519    0.208335   20.483240 ^ clkbuf_1_0__f_clk/X (sky130_fd_sc_hd__clkbuf_16)
                                                         clknet_1_0__leaf_clk (net)
                      0.057519    0.000609   20.483850 ^ _95_/CLK (sky130_fd_sc_hd__dfrtp_1)
                                 -0.250000   20.233850   clock uncertainty
                                  0.000000   20.233850   clock reconvergence pessimism
                                  0.461625   20.695477   library recovery time
                                             20.695477   data required time
---------------------------------------------------------------------------------------------
                                             20.695477   data required time
                                             -4.458422   data arrival time
---------------------------------------------------------------------------------------------
                                             16.237055   slack (MET)


Startpoint: rst (input port clocked by clk)
Endpoint: _92_ (recovery check against rising-edge clock clk)
Path Group: asynchronous
Path Type: max

Fanout         Cap        Slew       Delay        Time   Description
---------------------------------------------------------------------------------------------
                                  0.000000    0.000000   clock clk (rise edge)
                                  0.000000    0.000000   clock network delay (propagated)
                                  4.000000    4.000000 v input external delay
     1    0.002926    0.018938    0.009678    4.009678 v rst (in)
                                                         rst (net)
                      0.018938    0.000000    4.009678 v input9/A (sky130_fd_sc_hd__clkbuf_4)
     8    0.047514    0.180457    0.333014    4.342692 v input9/X (sky130_fd_sc_hd__clkbuf_4)
                                                         net9 (net)
                      0.180464    0.001379    4.344071 v _42_/A (sky130_fd_sc_hd__inv_2)
     1    0.003684    0.061680    0.112272    4.456344 ^ _42_/Y (sky130_fd_sc_hd__inv_2)
                                                         _00_ (net)
                      0.061680    0.000197    4.456541 ^ _92_/RESET_B (sky130_fd_sc_hd__dfrtp_1)
                                              4.456541   data arrival time

                                 20.000000   20.000000   clock clk (rise edge)
                                  0.000000   20.000000   clock source latency
     1    0.009595    0.078389    0.050544   20.050545 ^ clk (in)
                                                         clk (net)
                      0.078393    0.000000   20.050545 ^ clkbuf_0_clk/A (sky130_fd_sc_hd__clkbuf_16)
     2    0.018778    0.065917    0.223398   20.273943 ^ clkbuf_0_clk/X (sky130_fd_sc_hd__clkbuf_16)
                                                         clknet_0_clk (net)
                      0.065930    0.000949   20.274891 ^ clkbuf_1_1__f_clk/A (sky130_fd_sc_hd__clkbuf_16)
     4    0.011689    0.057075    0.207846   20.482738 ^ clkbuf_1_1__f_clk/X (sky130_fd_sc_hd__clkbuf_16)
                                                         clknet_1_1__leaf_clk (net)
                      0.057076    0.000599   20.483337 ^ _92_/CLK (sky130_fd_sc_hd__dfrtp_1)
                                 -0.250000   20.233337   clock uncertainty
                                  0.000000   20.233337   clock reconvergence pessimism
                                  0.461363   20.694700   library recovery time
                                             20.694700   data required time
---------------------------------------------------------------------------------------------
                                             20.694700   data required time
                                             -4.456541   data arrival time
---------------------------------------------------------------------------------------------
                                             16.238157   slack (MET)



