109. Printing statistics.

=== cla8 ===

   Number of wires:                 44
   Number of wire bits:             65
   Number of public wires:           5
   Number of public wire bits:      26
   Number of ports:                  5
   Number of port bits:             26
   Number of memories:               0
   Number of memory bits:            0
   Number of processes:              0
   Number of cells:                 48
     sky130_fd_sc_hd__a211o_2        1
     sky130_fd_sc_hd__a21bo_2        2
     sky130_fd_sc_hd__a21oi_2        2
     sky130_fd_sc_hd__and2_2         4
     sky130_fd_sc_hd__nand2_2       12
     sky130_fd_sc_hd__nand2b_2       1
     sky130_fd_sc_hd__nor2_2         7
     sky130_fd_sc_hd__o211a_2        1
     sky130_fd_sc_hd__o21ba_2        1
     sky130_fd_sc_hd__o221a_2        1
     sky130_fd_sc_hd__o31ai_2        2
     sky130_fd_sc_hd__or2_2          6
     sky130_fd_sc_hd__xnor2_2        7
     sky130_fd_sc_hd__xor2_2         1

   Chip area for module '\cla8': 429.161600
     of which used for sequential elements: 0.000000 (0.00%)

