
===========================================================================
report_checks -unconstrained
===========================================================================
======================= max_tt_025C_1v80 Corner ===================================

Startpoint: b[3] (input port clocked by __VIRTUAL_CLK__)
Endpoint: cout (output port clocked by __VIRTUAL_CLK__)
Path Group: __VIRTUAL_CLK__
Path Type: max

Fanout         Cap        Slew       Delay        Time   Description
---------------------------------------------------------------------------------------------
                      0.000000    0.000000    0.000000   clock __VIRTUAL_CLK__ (rise edge)
                                  0.000000    0.000000   clock network delay (ideal)
                                  4.000000    4.000000 v input external delay
     1    0.003276    0.009722    0.005284    4.005284 v b[3] (in)
                                                         b[3] (net)
                      0.009729    0.000000    4.005284 v input12/A (sky130_fd_sc_hd__clkbuf_1)
     3    0.007646    0.051880    0.095021    4.100306 v input12/X (sky130_fd_sc_hd__clkbuf_1)
                                                         net12 (net)
                      0.051882    0.000393    4.100698 v _40_/A (sky130_fd_sc_hd__or2_1)
     2    0.007805    0.071853    0.252435    4.353133 v _40_/X (sky130_fd_sc_hd__or2_1)
                                                         _01_ (net)
                      0.071855    0.000492    4.353625 v _70_/A1 (sky130_fd_sc_hd__a211o_1)
     1    0.002654    0.046190    0.257266    4.610891 v _70_/X (sky130_fd_sc_hd__a211o_1)
                                                         _27_ (net)
                      0.046190    0.000185    4.611076 v _71_/B1 (sky130_fd_sc_hd__a21oi_1)
     2    0.008824    0.215910    0.196114    4.807190 ^ _71_/Y (sky130_fd_sc_hd__a21oi_1)
                                                         _28_ (net)
                      0.215913    0.000627    4.807817 ^ _74_/A2 (sky130_fd_sc_hd__o31ai_2)
     3    0.012981    0.083622    0.127423    4.935240 v _74_/Y (sky130_fd_sc_hd__o31ai_2)
                                                         _31_ (net)
                      0.083628    0.000784    4.936024 v _81_/A2 (sky130_fd_sc_hd__a21bo_1)
     2    0.007851    0.056769    0.223593    5.159616 v _81_/X (sky130_fd_sc_hd__a21bo_1)
                                                         _37_ (net)
                      0.056769    0.000254    5.159870 v _86_/B1 (sky130_fd_sc_hd__o221a_1)
     1    0.001880    0.039916    0.214874    5.374744 v _86_/X (sky130_fd_sc_hd__o221a_1)
                                                         net18 (net)
                      0.039916    0.000135    5.374879 v output18/A (sky130_fd_sc_hd__buf_2)
     1    0.034432    0.090354    0.177341    5.552220 v output18/X (sky130_fd_sc_hd__buf_2)
                                                         cout (net)
                      0.090394    0.001761    5.553981 v cout (out)
                                              5.553981   data arrival time

                      0.000000   20.000000   20.000000   clock __VIRTUAL_CLK__ (rise edge)
                                  0.000000   20.000000   clock network delay (ideal)
                                 -0.250000   19.750002   clock uncertainty
                                  0.000000   19.750002   clock reconvergence pessimism
                                 -4.000000   15.750001   output external delay
                                             15.750001   data required time
---------------------------------------------------------------------------------------------
                                             15.750001   data required time
                                             -5.553981   data arrival time
---------------------------------------------------------------------------------------------
                                             10.196020   slack (MET)




===========================================================================
report_checks --slack_max -0.01
============================================================================
======================= max_tt_025C_1v80 Corner ===================================

No paths found.


===========================================================================
 report_check_types -max_slew -max_cap -max_fanout -violators
============================================================================
======================= max_tt_025C_1v80 Corner ===================================



===========================================================================
report_parasitic_annotation -report_unannotated
============================================================================
Found 0 unannotated drivers.
Found 0 partially unannotated drivers.

===========================================================================
max slew violation count 0
max fanout violation count 0
max cap violation count 0
============================================================================

===========================================================================
check_setup -verbose -unconstrained_endpoints -multiple_clock -no_clock -no_input_delay -loops -generated_clocks
===========================================================================
