Clock: clk
Sources: clk 
Generated: no
Virtual: yes
Propagated: no
Period: 20.000000

===========================================================================
report_clock_properties
============================================================================
Clock                   Period          Waveform
----------------------------------------------------
clk                  20.000000    0.000000 10.000000

===========================================================================
report_clock_latency
============================================================================
Clock clk
rise -> rise
    min     max
0.000000 0.000000 source latency
0.272523         network latency _98_/CLK
        0.272872 network latency _94_/CLK
---------------
0.272523 0.272872 latency
        0.000349 skew

fall -> fall
    min     max
0.000000 0.000000 source latency
0.280974         network latency _98_/CLK
        0.281270 network latency _94_/CLK
---------------
0.280974 0.281270 latency
        0.000296 skew



===========================================================================
report_clock_min_period
============================================================================
clk period_min = 2.36 fmax = 422.86
