Clock: clk
Sources: clk 
Generated: no
Virtual: yes
Propagated: no
Period: 50.000000

===========================================================================
report_clock_properties
============================================================================
Clock                   Period          Waveform
----------------------------------------------------
clk                  50.000000    0.000000 25.000000

===========================================================================
report_clock_latency
============================================================================
Clock clk
rise -> rise
    min     max
0.000000 0.000000 source latency
0.477521         network latency _609_/CLK
        0.488190 network latency _599_/CLK
---------------
0.477521 0.488190 latency
        0.010668 skew

fall -> fall
    min     max
0.000000 0.000000 source latency
0.414648         network latency _609_/CLK
        0.423558 network latency _599_/CLK
---------------
0.414648 0.423558 latency
        0.008910 skew



===========================================================================
report_clock_min_period
============================================================================
clk period_min = 19.41 fmax = 51.52
