Clock: clk
Sources: clk 
Generated: no
Virtual: yes
Propagated: no
Period: 50.000000

===========================================================================
report_clock_properties
============================================================================
Clock                   Period          Waveform
----------------------------------------------------
clk                  50.000000    0.000000 25.000000

===========================================================================
report_clock_latency
============================================================================
Clock clk
rise -> rise
    min     max
0.000000 0.000000 source latency
0.954622         network latency _646_/CLK
        0.970480 network latency _599_/CLK
---------------
0.954622 0.970480 latency
        0.015858 skew

fall -> fall
    min     max
0.000000 0.000000 source latency
0.831298         network latency _646_/CLK
        0.845484 network latency _599_/CLK
---------------
0.831298 0.845484 latency
        0.014186 skew



===========================================================================
report_clock_min_period
============================================================================
clk period_min = 43.42 fmax = 23.03
