Reading timing models for corner min_ss_100C_1v60…
Reading cell library for the 'min_ss_100C_1v60' corner at '/home/minhnd/.volare/volare/sky130/versions/0fe599b2afb6708d281543108caf8310912f54af/sky130A/libs.ref/sky130_fd_sc_hd/lib/sky130_fd_sc_hd__ss_100C_1v60.lib'…
Reading top-level netlist at '/home/minhnd/projects/cla8-practice/runs/util40/51-openroad-fillinsertion/cla8.nl.v'…
Linking design 'cla8' from netlist…
Warning: /home/minhnd/projects/cla8-practice/runs/util40/51-openroad-fillinsertion/cla8.nl.v line 262, module sky130_fd_sc_hd__tapvpwrvgnd_1 not found. Creating black box for TAP_TAPCELL_ROW_0_24.
Warning: /home/minhnd/projects/cla8-practice/runs/util40/51-openroad-fillinsertion/cla8.nl.v line 328, module sky130_ef_sc_hd__decap_12 not found. Creating black box for FILLER_0_3.
Warning: /home/minhnd/projects/cla8-practice/runs/util40/51-openroad-fillinsertion/cla8.nl.v line 330, module sky130_fd_sc_hd__fill_1 not found. Creating black box for FILLER_0_23.
Warning: /home/minhnd/projects/cla8-practice/runs/util40/51-openroad-fillinsertion/cla8.nl.v line 331, module sky130_fd_sc_hd__fill_2 not found. Creating black box for FILLER_0_29.
Reading design constraints file at '/nix/store/ss2cw3sxbrwwx9jl0rrppbw4kgcmgi2n-python3-3.11.9-env/lib/python3.11/site-packages/openlane/scripts/base.sdc'…
Warning: base.sdc line 15, port '__VIRTUAL_CLK__' not found.
[INFO] Using clock __VIRTUAL_CLK__…
[INFO] Setting output delay to: 4
[INFO] Setting input delay to: 4
Warning: base.sdc line 32, port '__VIRTUAL_CLK__' not found.
[INFO] Setting load to: 0.033442
[INFO] Setting clock uncertainty to: 0.25
[INFO] Setting clock transition to: 0.1499999999999999944488848768742172978818416595458984375
Warning: base.sdc line 69, transition time can not be specified for virtual clocks.
[INFO] Setting timing derate to: 5%
Warning: base.sdc line 79, virtual clock __VIRTUAL_CLK__ can not be propagated.
Reading top-level design parasitics for the 'min_ss_100C_1v60' corner at '/home/minhnd/projects/cla8-practice/runs/util40/53-openroad-rcx/min/cla8.min.spef'…
%OL_CREATE_REPORT min.rpt

===========================================================================
report_checks -path_delay min (Hold)
============================================================================
======================= min_ss_100C_1v60 Corner ===================================

Startpoint: cin (input port clocked by __VIRTUAL_CLK__)
Endpoint: sum[0] (output port clocked by __VIRTUAL_CLK__)
Path Group: __VIRTUAL_CLK__
Path Type: min

Fanout         Cap        Slew       Delay        Time   Description
---------------------------------------------------------------------------------------------
                      0.000000    0.000000    0.000000   clock __VIRTUAL_CLK__ (rise edge)
                                  0.000000    0.000000   clock network delay (ideal)
                                  4.000000    4.000000 ^ input external delay
     1    0.002695    0.031566    0.015218    4.015218 ^ cin (in)
                                                         cin (net)
                      0.031566    0.000000    4.015218 ^ input17/A (sky130_fd_sc_hd__buf_1)
     2    0.008157    0.167688    0.203173    4.218391 ^ input17/X (sky130_fd_sc_hd__buf_1)
                                                         net17 (net)
                      0.167688    0.000095    4.218487 ^ _58_/A (sky130_fd_sc_hd__xnor2_1)
     1    0.003017    0.075045    0.174655    4.393142 v _58_/Y (sky130_fd_sc_hd__xnor2_1)
                                                         net19 (net)
                      0.075045    0.000040    4.393181 v output19/A (sky130_fd_sc_hd__buf_2)
     1    0.033948    0.164474    0.346194    4.739375 v output19/X (sky130_fd_sc_hd__buf_2)
                                                         sum[0] (net)
                      0.164474    0.000181    4.739556 v sum[0] (out)
                                              4.739556   data arrival time

                      0.000000    0.000000    0.000000   clock __VIRTUAL_CLK__ (rise edge)
                                  0.000000    0.000000   clock network delay (ideal)
                                  0.250000    0.250000   clock uncertainty
                                  0.000000    0.250000   clock reconvergence pessimism
                                 -4.000000   -3.750000   output external delay
                                             -3.750000   data required time
---------------------------------------------------------------------------------------------
                                             -3.750000   data required time
                                             -4.739556   data arrival time
---------------------------------------------------------------------------------------------
                                              8.489556   slack (MET)


Startpoint: b[5] (input port clocked by __VIRTUAL_CLK__)
Endpoint: sum[5] (output port clocked by __VIRTUAL_CLK__)
Path Group: __VIRTUAL_CLK__
Path Type: min

Fanout         Cap        Slew       Delay        Time   Description
---------------------------------------------------------------------------------------------
                      0.000000    0.000000    0.000000   clock __VIRTUAL_CLK__ (rise edge)
                                  0.000000    0.000000   clock network delay (ideal)
                                  4.000000    4.000000 ^ input external delay
     1    0.002912    0.032994    0.016365    4.016365 ^ b[5] (in)
                                                         b[5] (net)
                      0.032994    0.000000    4.016365 ^ input14/A (sky130_fd_sc_hd__clkbuf_1)
     2    0.005378    0.117676    0.167739    4.184103 ^ input14/X (sky130_fd_sc_hd__clkbuf_1)
                                                         net14 (net)
                      0.117676    0.000056    4.184160 ^ _75_/A (sky130_fd_sc_hd__nand2_1)
     3    0.007372    0.138696    0.170051    4.354210 v _75_/Y (sky130_fd_sc_hd__nand2_1)
                                                         _32_ (net)
                      0.138696    0.000069    4.354280 v _80_/B (sky130_fd_sc_hd__nand2_1)
     1    0.004960    0.095167    0.154238    4.508517 ^ _80_/Y (sky130_fd_sc_hd__nand2_1)
                                                         _36_ (net)
                      0.095167    0.000048    4.508564 ^ _83_/B (sky130_fd_sc_hd__xnor2_1)
     1    0.002484    0.067655    0.122246    4.630811 v _83_/Y (sky130_fd_sc_hd__xnor2_1)
                                                         net24 (net)
                      0.067655    0.000027    4.630837 v output24/A (sky130_fd_sc_hd__buf_2)
     1    0.034320    0.166035    0.343876    4.974714 v output24/X (sky130_fd_sc_hd__buf_2)
                                                         sum[5] (net)
                      0.166035    0.000357    4.975070 v sum[5] (out)
                                              4.975070   data arrival time

                      0.000000    0.000000    0.000000   clock __VIRTUAL_CLK__ (rise edge)
                                  0.000000    0.000000   clock network delay (ideal)
                                  0.250000    0.250000   clock uncertainty
                                  0.000000    0.250000   clock reconvergence pessimism
                                 -4.000000   -3.750000   output external delay
                                             -3.750000   data required time
---------------------------------------------------------------------------------------------
                                             -3.750000   data required time
                                             -4.975070   data arrival time
---------------------------------------------------------------------------------------------
                                              8.725071   slack (MET)


Startpoint: a[3] (input port clocked by __VIRTUAL_CLK__)
Endpoint: sum[3] (output port clocked by __VIRTUAL_CLK__)
Path Group: __VIRTUAL_CLK__
Path Type: min

Fanout         Cap        Slew       Delay        Time   Description
---------------------------------------------------------------------------------------------
                      0.000000    0.000000    0.000000   clock __VIRTUAL_CLK__ (rise edge)
                                  0.000000    0.000000   clock network delay (ideal)
                                  4.000000    4.000000 v input external delay
     1    0.002564    0.017566    0.008471    4.008471 v a[3] (in)
                                                         a[3] (net)
                      0.017566    0.000000    4.008471 v input4/A (sky130_fd_sc_hd__clkbuf_1)
     3    0.005735    0.082681    0.162730    4.171201 v input4/X (sky130_fd_sc_hd__clkbuf_1)
                                                         net4 (net)
                      0.082681    0.000020    4.171221 v _39_/B (sky130_fd_sc_hd__nor2_1)
     1    0.002646    0.128273    0.142109    4.313331 ^ _39_/Y (sky130_fd_sc_hd__nor2_1)
                                                         _00_ (net)
                      0.128273    0.000011    4.313342 ^ _42_/A (sky130_fd_sc_hd__nor2_1)
     1    0.004556    0.064081    0.115659    4.429000 v _42_/Y (sky130_fd_sc_hd__nor2_1)
                                                         _03_ (net)
                      0.064081    0.000022    4.429023 v _55_/A (sky130_fd_sc_hd__xnor2_1)
     1    0.002585    0.069229    0.205781    4.634803 v _55_/Y (sky130_fd_sc_hd__xnor2_1)
                                                         net22 (net)
                      0.069229    0.000028    4.634832 v output22/A (sky130_fd_sc_hd__buf_2)
     1    0.034319    0.166023    0.344594    4.979425 v output22/X (sky130_fd_sc_hd__buf_2)
                                                         sum[3] (net)
                      0.166023    0.000357    4.979782 v sum[3] (out)
                                              4.979782   data arrival time

                      0.000000    0.000000    0.000000   clock __VIRTUAL_CLK__ (rise edge)
                                  0.000000    0.000000   clock network delay (ideal)
                                  0.250000    0.250000   clock uncertainty
                                  0.000000    0.250000   clock reconvergence pessimism
                                 -4.000000   -3.750000   output external delay
                                             -3.750000   data required time
---------------------------------------------------------------------------------------------
                                             -3.750000   data required time
                                             -4.979782   data arrival time
---------------------------------------------------------------------------------------------
                                              8.729781   slack (MET)


Startpoint: b[7] (input port clocked by __VIRTUAL_CLK__)
Endpoint: sum[7] (output port clocked by __VIRTUAL_CLK__)
Path Group: __VIRTUAL_CLK__
Path Type: min

Fanout         Cap        Slew       Delay        Time   Description
---------------------------------------------------------------------------------------------
                      0.000000    0.000000    0.000000   clock __VIRTUAL_CLK__ (rise edge)
                                  0.000000    0.000000   clock network delay (ideal)
                                  4.000000    4.000000 ^ input external delay
     1    0.002751    0.031933    0.015512    4.015512 ^ b[7] (in)
                                                         b[7] (net)
                      0.031933    0.000000    4.015512 ^ input16/A (sky130_fd_sc_hd__clkbuf_1)
     3    0.006607    0.143752    0.183196    4.198708 ^ input16/X (sky130_fd_sc_hd__clkbuf_1)
                                                         net16 (net)
                      0.143752    0.000029    4.198738 ^ _60_/A (sky130_fd_sc_hd__nand2_1)
     2    0.007109    0.135455    0.177831    4.376568 v _60_/Y (sky130_fd_sc_hd__nand2_1)
                                                         _17_ (net)
                      0.135455    0.000114    4.376682 v _62_/A (sky130_fd_sc_hd__nand2_1)
     1    0.005196    0.098213    0.143876    4.520558 ^ _62_/Y (sky130_fd_sc_hd__nand2_1)
                                                         _19_ (net)
                      0.098213    0.000055    4.520613 ^ _78_/A (sky130_fd_sc_hd__xnor2_1)
     1    0.002038    0.063825    0.135572    4.656185 v _78_/Y (sky130_fd_sc_hd__xnor2_1)
                                                         net26 (net)
                      0.063825    0.000012    4.656197 v output26/A (sky130_fd_sc_hd__buf_2)
     1    0.033933    0.164471    0.341005    4.997202 v output26/X (sky130_fd_sc_hd__buf_2)
                                                         sum[7] (net)
                      0.164471    0.000181    4.997383 v sum[7] (out)
                                              4.997383   data arrival time

                      0.000000    0.000000    0.000000   clock __VIRTUAL_CLK__ (rise edge)
                                  0.000000    0.000000   clock network delay (ideal)
                                  0.250000    0.250000   clock uncertainty
                                  0.000000    0.250000   clock reconvergence pessimism
                                 -4.000000   -3.750000   output external delay
                                             -3.750000   data required time
---------------------------------------------------------------------------------------------
                                             -3.750000   data required time
                                             -4.997383   data arrival time
---------------------------------------------------------------------------------------------
                                              8.747382   slack (MET)


Startpoint: a[4] (input port clocked by __VIRTUAL_CLK__)
Endpoint: sum[4] (output port clocked by __VIRTUAL_CLK__)
Path Group: __VIRTUAL_CLK__
Path Type: min

Fanout         Cap        Slew       Delay        Time   Description
---------------------------------------------------------------------------------------------
                      0.000000    0.000000    0.000000   clock __VIRTUAL_CLK__ (rise edge)
                                  0.000000    0.000000   clock network delay (ideal)
                                  4.000000    4.000000 ^ input external delay
     1    0.002656    0.031302    0.015008    4.015008 ^ a[4] (in)
                                                         a[4] (net)
                      0.031302    0.000000    4.015008 ^ input5/A (sky130_fd_sc_hd__clkbuf_1)
     2    0.004822    0.107730    0.159782    4.174791 ^ input5/X (sky130_fd_sc_hd__clkbuf_1)
                                                         net5 (net)
                      0.107730    0.000039    4.174829 ^ _67_/B (sky130_fd_sc_hd__nand2_1)
     2    0.008199    0.151368    0.183869    4.358699 v _67_/Y (sky130_fd_sc_hd__nand2_1)
                                                         _24_ (net)
                      0.151368    0.000068    4.358767 v _69_/A (sky130_fd_sc_hd__nand2_1)
     2    0.010105    0.167401    0.200927    4.559695 ^ _69_/Y (sky130_fd_sc_hd__nand2_1)
                                                         _26_ (net)
                      0.167401    0.000051    4.559745 ^ _84_/A (sky130_fd_sc_hd__xnor2_1)
     1    0.002294    0.068335    0.165298    4.725044 v _84_/Y (sky130_fd_sc_hd__xnor2_1)
                                                         net23 (net)
                      0.068335    0.000024    4.725068 v output23/A (sky130_fd_sc_hd__buf_2)
     1    0.034099    0.165125    0.343561    5.068629 v output23/X (sky130_fd_sc_hd__buf_2)
                                                         sum[4] (net)
                      0.165125    0.000242    5.068871 v sum[4] (out)
                                              5.068871   data arrival time

                      0.000000    0.000000    0.000000   clock __VIRTUAL_CLK__ (rise edge)
                                  0.000000    0.000000   clock network delay (ideal)
                                  0.250000    0.250000   clock uncertainty
                                  0.000000    0.250000   clock reconvergence pessimism
                                 -4.000000   -3.750000   output external delay
                                             -3.750000   data required time
---------------------------------------------------------------------------------------------
                                             -3.750000   data required time
                                             -5.068871   data arrival time
---------------------------------------------------------------------------------------------
                                              8.818871   slack (MET)


Startpoint: cin (input port clocked by __VIRTUAL_CLK__)
Endpoint: sum[1] (output port clocked by __VIRTUAL_CLK__)
Path Group: __VIRTUAL_CLK__
Path Type: min

Fanout         Cap        Slew       Delay        Time   Description
---------------------------------------------------------------------------------------------
                      0.000000    0.000000    0.000000   clock __VIRTUAL_CLK__ (rise edge)
                                  0.000000    0.000000   clock network delay (ideal)
                                  4.000000    4.000000 ^ input external delay
     1    0.002695    0.031566    0.015218    4.015218 ^ cin (in)
                                                         cin (net)
                      0.031566    0.000000    4.015218 ^ input17/A (sky130_fd_sc_hd__buf_1)
     2    0.008157    0.167688    0.203173    4.218391 ^ input17/X (sky130_fd_sc_hd__buf_1)
                                                         net17 (net)
                      0.167688    0.000075    4.218466 ^ _50_/A1 (sky130_fd_sc_hd__a21bo_1)
     3    0.012228    0.173564    0.327779    4.546245 ^ _50_/X (sky130_fd_sc_hd__a21bo_1)
                                                         _11_ (net)
                      0.173564    0.000191    4.546436 ^ _57_/A (sky130_fd_sc_hd__xor2_1)
     1    0.003706    0.074908    0.176824    4.723260 v _57_/X (sky130_fd_sc_hd__xor2_1)
                                                         net20 (net)
                      0.074908    0.000053    4.723312 v output20/A (sky130_fd_sc_hd__buf_2)
     1    0.033870    0.164160    0.345893    5.069205 v output20/X (sky130_fd_sc_hd__buf_2)
                                                         sum[1] (net)
                      0.164160    0.000163    5.069369 v sum[1] (out)
                                              5.069369   data arrival time

                      0.000000    0.000000    0.000000   clock __VIRTUAL_CLK__ (rise edge)
                                  0.000000    0.000000   clock network delay (ideal)
                                  0.250000    0.250000   clock uncertainty
                                  0.000000    0.250000   clock reconvergence pessimism
                                 -4.000000   -3.750000   output external delay
                                             -3.750000   data required time
---------------------------------------------------------------------------------------------
                                             -3.750000   data required time
                                             -5.069369   data arrival time
---------------------------------------------------------------------------------------------
                                              8.819368   slack (MET)


Startpoint: b[6] (input port clocked by __VIRTUAL_CLK__)
Endpoint: sum[6] (output port clocked by __VIRTUAL_CLK__)
Path Group: __VIRTUAL_CLK__
Path Type: min

Fanout         Cap        Slew       Delay        Time   Description
---------------------------------------------------------------------------------------------
                      0.000000    0.000000    0.000000   clock __VIRTUAL_CLK__ (rise edge)
                                  0.000000    0.000000   clock network delay (ideal)
                                  4.000000    4.000000 ^ input external delay
     1    0.002901    0.032925    0.016310    4.016310 ^ b[6] (in)
                                                         b[6] (net)
                      0.032925    0.000000    4.016310 ^ input15/A (sky130_fd_sc_hd__clkbuf_1)
     2    0.005341    0.117010    0.167229    4.183539 ^ input15/X (sky130_fd_sc_hd__clkbuf_1)
                                                         net15 (net)
                      0.117010    0.000060    4.183599 ^ _64_/A (sky130_fd_sc_hd__nand2_1)
     4    0.011303    0.199635    0.216936    4.400535 v _64_/Y (sky130_fd_sc_hd__nand2_1)
                                                         _21_ (net)
                      0.199635    0.000105    4.400640 v _79_/B (sky130_fd_sc_hd__nand2_1)
     1    0.005523    0.104054    0.188871    4.589511 ^ _79_/Y (sky130_fd_sc_hd__nand2_1)
                                                         _35_ (net)
                      0.104054    0.000066    4.589577 ^ _82_/A (sky130_fd_sc_hd__xnor2_1)
     1    0.003178    0.078725    0.152157    4.741734 v _82_/Y (sky130_fd_sc_hd__xnor2_1)
                                                         net25 (net)
                      0.078725    0.000044    4.741778 v output25/A (sky130_fd_sc_hd__buf_2)
     1    0.034139    0.165216    0.348483    5.090261 v output25/X (sky130_fd_sc_hd__buf_2)
                                                         sum[6] (net)
                      0.165216    0.000194    5.090456 v sum[6] (out)
                                              5.090456   data arrival time

                      0.000000    0.000000    0.000000   clock __VIRTUAL_CLK__ (rise edge)
                                  0.000000    0.000000   clock network delay (ideal)
                                  0.250000    0.250000   clock uncertainty
                                  0.000000    0.250000   clock reconvergence pessimism
                                 -4.000000   -3.750000   output external delay
                                             -3.750000   data required time
---------------------------------------------------------------------------------------------
                                             -3.750000   data required time
                                             -5.090456   data arrival time
---------------------------------------------------------------------------------------------
                                              8.840456   slack (MET)


Startpoint: a[2] (input port clocked by __VIRTUAL_CLK__)
Endpoint: sum[2] (output port clocked by __VIRTUAL_CLK__)
Path Group: __VIRTUAL_CLK__
Path Type: min

Fanout         Cap        Slew       Delay        Time   Description
---------------------------------------------------------------------------------------------
                      0.000000    0.000000    0.000000   clock __VIRTUAL_CLK__ (rise edge)
                                  0.000000    0.000000   clock network delay (ideal)
                                  4.000000    4.000000 ^ input external delay
     1    0.002627    0.031115    0.014856    4.014856 ^ a[2] (in)
                                                         a[2] (net)
                      0.031115    0.000000    4.014856 ^ input3/A (sky130_fd_sc_hd__buf_1)
     3    0.010337    0.207094    0.231172    4.246027 ^ input3/X (sky130_fd_sc_hd__buf_1)
                                                         net3 (net)
                      0.207094    0.000093    4.246121 ^ _44_/B (sky130_fd_sc_hd__nor2_1)
     2    0.006900    0.084963    0.156502    4.402623 v _44_/Y (sky130_fd_sc_hd__nor2_1)
                                                         _05_ (net)
                      0.084963    0.000100    4.402724 v _45_/B (sky130_fd_sc_hd__nor2_1)
     1    0.004938    0.191917    0.191398    4.594121 ^ _45_/Y (sky130_fd_sc_hd__nor2_1)
                                                         _06_ (net)
                      0.191917    0.000045    4.594167 ^ _56_/A (sky130_fd_sc_hd__xnor2_1)
     1    0.002475    0.070682    0.177017    4.771183 v _56_/Y (sky130_fd_sc_hd__xnor2_1)
                                                         net21 (net)
                      0.070682    0.000027    4.771210 v output21/A (sky130_fd_sc_hd__buf_2)
     1    0.034254    0.165775    0.345023    5.116233 v output21/X (sky130_fd_sc_hd__buf_2)
                                                         sum[2] (net)
                      0.165775    0.000401    5.116634 v sum[2] (out)
                                              5.116634   data arrival time

                      0.000000    0.000000    0.000000   clock __VIRTUAL_CLK__ (rise edge)
                                  0.000000    0.000000   clock network delay (ideal)
                                  0.250000    0.250000   clock uncertainty
                                  0.000000    0.250000   clock reconvergence pessimism
                                 -4.000000   -3.750000   output external delay
                                             -3.750000   data required time
---------------------------------------------------------------------------------------------
                                             -3.750000   data required time
                                             -5.116634   data arrival time
---------------------------------------------------------------------------------------------
                                              8.866634   slack (MET)


Startpoint: a[7] (input port clocked by __VIRTUAL_CLK__)
Endpoint: cout (output port clocked by __VIRTUAL_CLK__)
Path Group: __VIRTUAL_CLK__
Path Type: min

Fanout         Cap        Slew       Delay        Time   Description
---------------------------------------------------------------------------------------------
                      0.000000    0.000000    0.000000   clock __VIRTUAL_CLK__ (rise edge)
                                  0.000000    0.000000   clock network delay (ideal)
                                  4.000000    4.000000 ^ input external delay
     1    0.002684    0.031494    0.015159    4.015159 ^ a[7] (in)
                                                         a[7] (net)
                      0.031494    0.000000    4.015159 ^ input8/A (sky130_fd_sc_hd__clkbuf_1)
     3    0.006611    0.143839    0.183058    4.198217 ^ input8/X (sky130_fd_sc_hd__clkbuf_1)
                                                         net8 (net)
                      0.143839    0.000037    4.198254 ^ _61_/B (sky130_fd_sc_hd__or2_1)
     2    0.006736    0.118124    0.233347    4.431601 ^ _61_/X (sky130_fd_sc_hd__or2_1)
                                                         _18_ (net)
                      0.118124    0.000052    4.431653 ^ _86_/C1 (sky130_fd_sc_hd__o221a_1)
     1    0.002378    0.088098    0.352233    4.783886 ^ _86_/X (sky130_fd_sc_hd__o221a_1)
                                                         net18 (net)
                      0.088098    0.000024    4.783911 ^ output18/A (sky130_fd_sc_hd__buf_2)
     1    0.033994    0.270038    0.350766    5.134677 ^ output18/X (sky130_fd_sc_hd__buf_2)
                                                         cout (net)
                      0.270038    0.000198    5.134875 ^ cout (out)
                                              5.134875   data arrival time

                      0.000000    0.000000    0.000000   clock __VIRTUAL_CLK__ (rise edge)
                                  0.000000    0.000000   clock network delay (ideal)
                                  0.250000    0.250000   clock uncertainty
                                  0.000000    0.250000   clock reconvergence pessimism
                                 -4.000000   -3.750000   output external delay
                                             -3.750000   data required time
---------------------------------------------------------------------------------------------
                                             -3.750000   data required time
                                             -5.134875   data arrival time
---------------------------------------------------------------------------------------------
                                              8.884875   slack (MET)



%OL_END_REPORT
%OL_CREATE_REPORT max.rpt

===========================================================================
report_checks -path_delay max (Setup)
============================================================================
======================= min_ss_100C_1v60 Corner ===================================

Startpoint: b[3] (input port clocked by __VIRTUAL_CLK__)
Endpoint: cout (output port clocked by __VIRTUAL_CLK__)
Path Group: __VIRTUAL_CLK__
Path Type: max

Fanout         Cap        Slew       Delay        Time   Description
---------------------------------------------------------------------------------------------
                      0.000000    0.000000    0.000000   clock __VIRTUAL_CLK__ (rise edge)
                                  0.000000    0.000000   clock network delay (ideal)
                                  4.000000    4.000000 v input external delay
     1    0.002642    0.017862    0.008719    4.008719 v b[3] (in)
                                                         b[3] (net)
                      0.017862    0.000000    4.008719 v input12/A (sky130_fd_sc_hd__clkbuf_1)
     3    0.006212    0.085059    0.166769    4.175488 v input12/X (sky130_fd_sc_hd__clkbuf_1)
                                                         net12 (net)
                      0.085059    0.000045    4.175532 v _40_/A (sky130_fd_sc_hd__or2_1)
     2    0.008225    0.143280    0.560865    4.736397 v _40_/X (sky130_fd_sc_hd__or2_1)
                                                         _01_ (net)
                      0.143280    0.000105    4.736502 v _70_/A1 (sky130_fd_sc_hd__a211o_1)
     1    0.002441    0.084098    0.505930    5.242432 v _70_/X (sky130_fd_sc_hd__a211o_1)
                                                         _27_ (net)
                      0.084098    0.000020    5.242452 v _71_/B1 (sky130_fd_sc_hd__a21oi_1)
     2    0.008571    0.352164    0.324954    5.567405 ^ _71_/Y (sky130_fd_sc_hd__a21oi_1)
                                                         _28_ (net)
                      0.352164    0.000111    5.567516 ^ _74_/A2 (sky130_fd_sc_hd__o31ai_2)
     3    0.011072    0.152264    0.268666    5.836183 v _74_/Y (sky130_fd_sc_hd__o31ai_2)
                                                         _31_ (net)
                      0.152264    0.000155    5.836338 v _81_/A2 (sky130_fd_sc_hd__a21bo_1)
     2    0.008253    0.105117    0.417379    6.253716 v _81_/X (sky130_fd_sc_hd__a21bo_1)
                                                         _37_ (net)
                      0.105117    0.000052    6.253769 v _86_/B1 (sky130_fd_sc_hd__o221a_1)
     1    0.002250    0.085447    0.428042    6.681811 v _86_/X (sky130_fd_sc_hd__o221a_1)
                                                         net18 (net)
                      0.085447    0.000023    6.681833 v output18/A (sky130_fd_sc_hd__buf_2)
     1    0.033994    0.164647    0.351241    7.033074 v output18/X (sky130_fd_sc_hd__buf_2)
                                                         cout (net)
                      0.164647    0.000198    7.033272 v cout (out)
                                              7.033272   data arrival time

                      0.000000   20.000000   20.000000   clock __VIRTUAL_CLK__ (rise edge)
                                  0.000000   20.000000   clock network delay (ideal)
                                 -0.250000   19.750002   clock uncertainty
                                  0.000000   19.750002   clock reconvergence pessimism
                                 -4.000000   15.750001   output external delay
                                             15.750001   data required time
---------------------------------------------------------------------------------------------
                                             15.750001   data required time
                                             -7.033272   data arrival time
---------------------------------------------------------------------------------------------
                                              8.716729   slack (MET)


Startpoint: b[3] (input port clocked by __VIRTUAL_CLK__)
Endpoint: sum[6] (output port clocked by __VIRTUAL_CLK__)
Path Group: __VIRTUAL_CLK__
Path Type: max

Fanout         Cap        Slew       Delay        Time   Description
---------------------------------------------------------------------------------------------
                      0.000000    0.000000    0.000000   clock __VIRTUAL_CLK__ (rise edge)
                                  0.000000    0.000000   clock network delay (ideal)
                                  4.000000    4.000000 v input external delay
     1    0.002642    0.017862    0.008719    4.008719 v b[3] (in)
                                                         b[3] (net)
                      0.017862    0.000000    4.008719 v input12/A (sky130_fd_sc_hd__clkbuf_1)
     3    0.006212    0.085059    0.166769    4.175488 v input12/X (sky130_fd_sc_hd__clkbuf_1)
                                                         net12 (net)
                      0.085059    0.000045    4.175532 v _40_/A (sky130_fd_sc_hd__or2_1)
     2    0.008225    0.143280    0.560865    4.736397 v _40_/X (sky130_fd_sc_hd__or2_1)
                                                         _01_ (net)
                      0.143280    0.000105    4.736502 v _70_/A1 (sky130_fd_sc_hd__a211o_1)
     1    0.002441    0.084098    0.505930    5.242432 v _70_/X (sky130_fd_sc_hd__a211o_1)
                                                         _27_ (net)
                      0.084098    0.000020    5.242452 v _71_/B1 (sky130_fd_sc_hd__a21oi_1)
     2    0.008571    0.352164    0.324954    5.567405 ^ _71_/Y (sky130_fd_sc_hd__a21oi_1)
                                                         _28_ (net)
                      0.352164    0.000111    5.567516 ^ _74_/A2 (sky130_fd_sc_hd__o31ai_2)
     3    0.011072    0.152264    0.268666    5.836183 v _74_/Y (sky130_fd_sc_hd__o31ai_2)
                                                         _31_ (net)
                      0.152264    0.000155    5.836338 v _81_/A2 (sky130_fd_sc_hd__a21bo_1)
     2    0.008253    0.105117    0.417379    6.253716 v _81_/X (sky130_fd_sc_hd__a21bo_1)
                                                         _37_ (net)
                      0.105117    0.000068    6.253784 v _82_/B (sky130_fd_sc_hd__xnor2_1)
     1    0.003306    0.209680    0.238609    6.492393 ^ _82_/Y (sky130_fd_sc_hd__xnor2_1)
                                                         net25 (net)
                      0.209680    0.000046    6.492440 ^ output25/A (sky130_fd_sc_hd__buf_2)
     1    0.034139    0.271342    0.408569    6.901009 ^ output25/X (sky130_fd_sc_hd__buf_2)
                                                         sum[6] (net)
                      0.271342    0.000194    6.901203 ^ sum[6] (out)
                                              6.901203   data arrival time

                      0.000000   20.000000   20.000000   clock __VIRTUAL_CLK__ (rise edge)
                                  0.000000   20.000000   clock network delay (ideal)
                                 -0.250000   19.750002   clock uncertainty
                                  0.000000   19.750002   clock reconvergence pessimism
                                 -4.000000   15.750001   output external delay
                                             15.750001   data required time
---------------------------------------------------------------------------------------------
                                             15.750001   data required time
                                             -6.901203   data arrival time
---------------------------------------------------------------------------------------------
                                              8.848799   slack (MET)


Startpoint: b[3] (input port clocked by __VIRTUAL_CLK__)
Endpoint: sum[7] (output port clocked by __VIRTUAL_CLK__)
Path Group: __VIRTUAL_CLK__
Path Type: max

Fanout         Cap        Slew       Delay        Time   Description
---------------------------------------------------------------------------------------------
                      0.000000    0.000000    0.000000   clock __VIRTUAL_CLK__ (rise edge)
                                  0.000000    0.000000   clock network delay (ideal)
                                  4.000000    4.000000 v input external delay
     1    0.002642    0.017862    0.008719    4.008719 v b[3] (in)
                                                         b[3] (net)
                      0.017862    0.000000    4.008719 v input12/A (sky130_fd_sc_hd__clkbuf_1)
     3    0.006212    0.085059    0.166769    4.175488 v input12/X (sky130_fd_sc_hd__clkbuf_1)
                                                         net12 (net)
                      0.085059    0.000045    4.175532 v _40_/A (sky130_fd_sc_hd__or2_1)
     2    0.008225    0.143280    0.560865    4.736397 v _40_/X (sky130_fd_sc_hd__or2_1)
                                                         _01_ (net)
                      0.143280    0.000105    4.736502 v _70_/A1 (sky130_fd_sc_hd__a211o_1)
     1    0.002441    0.084098    0.505930    5.242432 v _70_/X (sky130_fd_sc_hd__a211o_1)
                                                         _27_ (net)
                      0.084098    0.000020    5.242452 v _71_/B1 (sky130_fd_sc_hd__a21oi_1)
     2    0.008571    0.352164    0.324954    5.567405 ^ _71_/Y (sky130_fd_sc_hd__a21oi_1)
                                                         _28_ (net)
                      0.352164    0.000111    5.567516 ^ _74_/A2 (sky130_fd_sc_hd__o31ai_2)
     3    0.011072    0.152264    0.268666    5.836183 v _74_/Y (sky130_fd_sc_hd__o31ai_2)
                                                         _31_ (net)
                      0.152264    0.000165    5.836348 v _77_/A1 (sky130_fd_sc_hd__o211a_1)
     1    0.005750    0.097396    0.466789    6.303137 v _77_/X (sky130_fd_sc_hd__o211a_1)
                                                         _34_ (net)
                      0.097396    0.000098    6.303235 v _78_/B (sky130_fd_sc_hd__xnor2_1)
     1    0.002166    0.171664    0.205935    6.509170 ^ _78_/Y (sky130_fd_sc_hd__xnor2_1)
                                                         net26 (net)
                      0.171664    0.000012    6.509182 ^ output26/A (sky130_fd_sc_hd__buf_2)
     1    0.033933    0.269741    0.389653    6.898835 ^ output26/X (sky130_fd_sc_hd__buf_2)
                                                         sum[7] (net)
                      0.269741    0.000181    6.899016 ^ sum[7] (out)
                                              6.899016   data arrival time

                      0.000000   20.000000   20.000000   clock __VIRTUAL_CLK__ (rise edge)
                                  0.000000   20.000000   clock network delay (ideal)
                                 -0.250000   19.750002   clock uncertainty
                                  0.000000   19.750002   clock reconvergence pessimism
                                 -4.000000   15.750001   output external delay
                                             15.750001   data required time
---------------------------------------------------------------------------------------------
                                             15.750001   data required time
                                             -6.899016   data arrival time
---------------------------------------------------------------------------------------------
                                              8.850985   slack (MET)


Startpoint: b[3] (input port clocked by __VIRTUAL_CLK__)
Endpoint: sum[5] (output port clocked by __VIRTUAL_CLK__)
Path Group: __VIRTUAL_CLK__
Path Type: max

Fanout         Cap        Slew       Delay        Time   Description
---------------------------------------------------------------------------------------------
                      0.000000    0.000000    0.000000   clock __VIRTUAL_CLK__ (rise edge)
                                  0.000000    0.000000   clock network delay (ideal)
                                  4.000000    4.000000 v input external delay
     1    0.002642    0.017862    0.008719    4.008719 v b[3] (in)
                                                         b[3] (net)
                      0.017862    0.000000    4.008719 v input12/A (sky130_fd_sc_hd__clkbuf_1)
     3    0.006212    0.085059    0.166769    4.175488 v input12/X (sky130_fd_sc_hd__clkbuf_1)
                                                         net12 (net)
                      0.085059    0.000045    4.175532 v _40_/A (sky130_fd_sc_hd__or2_1)
     2    0.008225    0.143280    0.560865    4.736397 v _40_/X (sky130_fd_sc_hd__or2_1)
                                                         _01_ (net)
                      0.143280    0.000105    4.736502 v _70_/A1 (sky130_fd_sc_hd__a211o_1)
     1    0.002441    0.084098    0.505930    5.242432 v _70_/X (sky130_fd_sc_hd__a211o_1)
                                                         _27_ (net)
                      0.084098    0.000020    5.242452 v _71_/B1 (sky130_fd_sc_hd__a21oi_1)
     2    0.008571    0.352164    0.324954    5.567405 ^ _71_/Y (sky130_fd_sc_hd__a21oi_1)
                                                         _28_ (net)
                      0.352164    0.000111    5.567516 ^ _74_/A2 (sky130_fd_sc_hd__o31ai_2)
     3    0.011072    0.152264    0.268666    5.836183 v _74_/Y (sky130_fd_sc_hd__o31ai_2)
                                                         _31_ (net)
                      0.152264    0.000135    5.836318 v _83_/A (sky130_fd_sc_hd__xnor2_1)
     1    0.002612    0.186564    0.270898    6.107216 ^ _83_/Y (sky130_fd_sc_hd__xnor2_1)
                                                         net24 (net)
                      0.186564    0.000028    6.107244 ^ output24/A (sky130_fd_sc_hd__buf_2)
     1    0.034320    0.272679    0.398573    6.505818 ^ output24/X (sky130_fd_sc_hd__buf_2)
                                                         sum[5] (net)
                      0.272679    0.000357    6.506175 ^ sum[5] (out)
                                              6.506175   data arrival time

                      0.000000   20.000000   20.000000   clock __VIRTUAL_CLK__ (rise edge)
                                  0.000000   20.000000   clock network delay (ideal)
                                 -0.250000   19.750002   clock uncertainty
                                  0.000000   19.750002   clock reconvergence pessimism
                                 -4.000000   15.750001   output external delay
                                             15.750001   data required time
---------------------------------------------------------------------------------------------
                                             15.750001   data required time
                                             -6.506175   data arrival time
---------------------------------------------------------------------------------------------
                                              9.243827   slack (MET)


Startpoint: b[0] (input port clocked by __VIRTUAL_CLK__)
Endpoint: sum[3] (output port clocked by __VIRTUAL_CLK__)
Path Group: __VIRTUAL_CLK__
Path Type: max

Fanout         Cap        Slew       Delay        Time   Description
---------------------------------------------------------------------------------------------
                      0.000000    0.000000    0.000000   clock __VIRTUAL_CLK__ (rise edge)
                                  0.000000    0.000000   clock network delay (ideal)
                                  4.000000    4.000000 v input external delay
     1    0.002362    0.016804    0.007834    4.007834 v b[0] (in)
                                                         b[0] (net)
                      0.016804    0.000000    4.007834 v input9/A (sky130_fd_sc_hd__clkbuf_1)
     2    0.004188    0.066617    0.149620    4.157454 v input9/X (sky130_fd_sc_hd__clkbuf_1)
                                                         net9 (net)
                      0.066617    0.000020    4.157474 v _48_/A (sky130_fd_sc_hd__or2_1)
     2    0.005472    0.120694    0.525713    4.683187 v _48_/X (sky130_fd_sc_hd__or2_1)
                                                         _09_ (net)
                      0.120694    0.000039    4.683227 v _50_/A2 (sky130_fd_sc_hd__a21bo_1)
     3    0.011701    0.133338    0.431682    5.114909 v _50_/X (sky130_fd_sc_hd__a21bo_1)
                                                         _11_ (net)
                      0.133338    0.000149    5.115057 v _53_/A1 (sky130_fd_sc_hd__a21oi_1)
     2    0.008189    0.340115    0.355357    5.470414 ^ _53_/Y (sky130_fd_sc_hd__a21oi_1)
                                                         _14_ (net)
                      0.340115    0.000046    5.470460 ^ _54_/A2 (sky130_fd_sc_hd__o21ba_1)
     1    0.004772    0.100100    0.331834    5.802294 ^ _54_/X (sky130_fd_sc_hd__o21ba_1)
                                                         _15_ (net)
                      0.100100    0.000042    5.802336 ^ _55_/B (sky130_fd_sc_hd__xnor2_1)
     1    0.002713    0.189972    0.201652    6.003988 ^ _55_/Y (sky130_fd_sc_hd__xnor2_1)
                                                         net22 (net)
                      0.189972    0.000030    6.004018 ^ output22/A (sky130_fd_sc_hd__buf_2)
     1    0.034319    0.272677    0.400166    6.404184 ^ output22/X (sky130_fd_sc_hd__buf_2)
                                                         sum[3] (net)
                      0.272677    0.000357    6.404541 ^ sum[3] (out)
                                              6.404541   data arrival time

                      0.000000   20.000000   20.000000   clock __VIRTUAL_CLK__ (rise edge)
                                  0.000000   20.000000   clock network delay (ideal)
                                 -0.250000   19.750002   clock uncertainty
                                  0.000000   19.750002   clock reconvergence pessimism
                                 -4.000000   15.750001   output external delay
                                             15.750001   data required time
---------------------------------------------------------------------------------------------
                                             15.750001   data required time
                                             -6.404541   data arrival time
---------------------------------------------------------------------------------------------
                                              9.345460   slack (MET)


Startpoint: b[3] (input port clocked by __VIRTUAL_CLK__)
Endpoint: sum[4] (output port clocked by __VIRTUAL_CLK__)
Path Group: __VIRTUAL_CLK__
Path Type: max

Fanout         Cap        Slew       Delay        Time   Description
---------------------------------------------------------------------------------------------
                      0.000000    0.000000    0.000000   clock __VIRTUAL_CLK__ (rise edge)
                                  0.000000    0.000000   clock network delay (ideal)
                                  4.000000    4.000000 v input external delay
     1    0.002642    0.017862    0.008719    4.008719 v b[3] (in)
                                                         b[3] (net)
                      0.017862    0.000000    4.008719 v input12/A (sky130_fd_sc_hd__clkbuf_1)
     3    0.006212    0.085059    0.166769    4.175488 v input12/X (sky130_fd_sc_hd__clkbuf_1)
                                                         net12 (net)
                      0.085059    0.000045    4.175532 v _40_/A (sky130_fd_sc_hd__or2_1)
     2    0.008225    0.143280    0.560865    4.736397 v _40_/X (sky130_fd_sc_hd__or2_1)
                                                         _01_ (net)
                      0.143280    0.000105    4.736502 v _70_/A1 (sky130_fd_sc_hd__a211o_1)
     1    0.002441    0.084098    0.505930    5.242432 v _70_/X (sky130_fd_sc_hd__a211o_1)
                                                         _27_ (net)
                      0.084098    0.000020    5.242452 v _71_/B1 (sky130_fd_sc_hd__a21oi_1)
     2    0.008571    0.352164    0.324954    5.567405 ^ _71_/Y (sky130_fd_sc_hd__a21oi_1)
                                                         _28_ (net)
                      0.352164    0.000115    5.567521 ^ _73_/A (sky130_fd_sc_hd__nor2_1)
     1    0.004642    0.106146    0.200445    5.767965 v _73_/Y (sky130_fd_sc_hd__nor2_1)
                                                         _30_ (net)
                      0.106146    0.000040    5.768005 v _84_/B (sky130_fd_sc_hd__xnor2_1)
     1    0.002422    0.180231    0.216281    5.984286 ^ _84_/Y (sky130_fd_sc_hd__xnor2_1)
                                                         net23 (net)
                      0.180231    0.000026    5.984312 ^ output23/A (sky130_fd_sc_hd__buf_2)
     1    0.034099    0.271005    0.394512    6.378823 ^ output23/X (sky130_fd_sc_hd__buf_2)
                                                         sum[4] (net)
                      0.271005    0.000242    6.379066 ^ sum[4] (out)
                                              6.379066   data arrival time

                      0.000000   20.000000   20.000000   clock __VIRTUAL_CLK__ (rise edge)
                                  0.000000   20.000000   clock network delay (ideal)
                                 -0.250000   19.750002   clock uncertainty
                                  0.000000   19.750002   clock reconvergence pessimism
                                 -4.000000   15.750001   output external delay
                                             15.750001   data required time
---------------------------------------------------------------------------------------------
                                             15.750001   data required time
                                             -6.379066   data arrival time
---------------------------------------------------------------------------------------------
                                              9.370935   slack (MET)


Startpoint: b[0] (input port clocked by __VIRTUAL_CLK__)
Endpoint: sum[2] (output port clocked by __VIRTUAL_CLK__)
Path Group: __VIRTUAL_CLK__
Path Type: max

Fanout         Cap        Slew       Delay        Time   Description
---------------------------------------------------------------------------------------------
                      0.000000    0.000000    0.000000   clock __VIRTUAL_CLK__ (rise edge)
                                  0.000000    0.000000   clock network delay (ideal)
                                  4.000000    4.000000 v input external delay
     1    0.002362    0.016804    0.007834    4.007834 v b[0] (in)
                                                         b[0] (net)
                      0.016804    0.000000    4.007834 v input9/A (sky130_fd_sc_hd__clkbuf_1)
     2    0.004188    0.066617    0.149620    4.157454 v input9/X (sky130_fd_sc_hd__clkbuf_1)
                                                         net9 (net)
                      0.066617    0.000020    4.157474 v _48_/A (sky130_fd_sc_hd__or2_1)
     2    0.005472    0.120694    0.525713    4.683187 v _48_/X (sky130_fd_sc_hd__or2_1)
                                                         _09_ (net)
                      0.120694    0.000039    4.683227 v _50_/A2 (sky130_fd_sc_hd__a21bo_1)
     3    0.011701    0.133338    0.431682    5.114909 v _50_/X (sky130_fd_sc_hd__a21bo_1)
                                                         _11_ (net)
                      0.133338    0.000149    5.115057 v _53_/A1 (sky130_fd_sc_hd__a21oi_1)
     2    0.008189    0.340115    0.355357    5.470414 ^ _53_/Y (sky130_fd_sc_hd__a21oi_1)
                                                         _14_ (net)
                      0.340115    0.000073    5.470487 ^ _56_/B (sky130_fd_sc_hd__xnor2_1)
     1    0.002603    0.186304    0.289078    5.759565 ^ _56_/Y (sky130_fd_sc_hd__xnor2_1)
                                                         net21 (net)
                      0.186304    0.000028    5.759593 ^ output21/A (sky130_fd_sc_hd__buf_2)
     1    0.034254    0.272202    0.398071    6.157665 ^ output21/X (sky130_fd_sc_hd__buf_2)
                                                         sum[2] (net)
                      0.272202    0.000401    6.158066 ^ sum[2] (out)
                                              6.158066   data arrival time

                      0.000000   20.000000   20.000000   clock __VIRTUAL_CLK__ (rise edge)
                                  0.000000   20.000000   clock network delay (ideal)
                                 -0.250000   19.750002   clock uncertainty
                                  0.000000   19.750002   clock reconvergence pessimism
                                 -4.000000   15.750001   output external delay
                                             15.750001   data required time
---------------------------------------------------------------------------------------------
                                             15.750001   data required time
                                             -6.158066   data arrival time
---------------------------------------------------------------------------------------------
                                              9.591934   slack (MET)


Startpoint: b[0] (input port clocked by __VIRTUAL_CLK__)
Endpoint: sum[1] (output port clocked by __VIRTUAL_CLK__)
Path Group: __VIRTUAL_CLK__
Path Type: max

Fanout         Cap        Slew       Delay        Time   Description
---------------------------------------------------------------------------------------------
                      0.000000    0.000000    0.000000   clock __VIRTUAL_CLK__ (rise edge)
                                  0.000000    0.000000   clock network delay (ideal)
                                  4.000000    4.000000 v input external delay
     1    0.002362    0.016804    0.007834    4.007834 v b[0] (in)
                                                         b[0] (net)
                      0.016804    0.000000    4.007834 v input9/A (sky130_fd_sc_hd__clkbuf_1)
     2    0.004188    0.066617    0.149620    4.157454 v input9/X (sky130_fd_sc_hd__clkbuf_1)
                                                         net9 (net)
                      0.066617    0.000020    4.157474 v _48_/A (sky130_fd_sc_hd__or2_1)
     2    0.005472    0.120694    0.525713    4.683187 v _48_/X (sky130_fd_sc_hd__or2_1)
                                                         _09_ (net)
                      0.120694    0.000039    4.683227 v _50_/A2 (sky130_fd_sc_hd__a21bo_1)
     3    0.011701    0.133338    0.431682    5.114909 v _50_/X (sky130_fd_sc_hd__a21bo_1)
                                                         _11_ (net)
                      0.133338    0.000181    5.115090 v _57_/A (sky130_fd_sc_hd__xor2_1)
     1    0.003706    0.133399    0.326612    5.441701 v _57_/X (sky130_fd_sc_hd__xor2_1)
                                                         net20 (net)
                      0.133399    0.000053    5.441754 v output20/A (sky130_fd_sc_hd__buf_2)
     1    0.033870    0.164211    0.373991    5.815745 v output20/X (sky130_fd_sc_hd__buf_2)
                                                         sum[1] (net)
                      0.164211    0.000163    5.815908 v sum[1] (out)
                                              5.815908   data arrival time

                      0.000000   20.000000   20.000000   clock __VIRTUAL_CLK__ (rise edge)
                                  0.000000   20.000000   clock network delay (ideal)
                                 -0.250000   19.750002   clock uncertainty
                                  0.000000   19.750002   clock reconvergence pessimism
                                 -4.000000   15.750001   output external delay
                                             15.750001   data required time
---------------------------------------------------------------------------------------------
                                             15.750001   data required time
                                             -5.815908   data arrival time
---------------------------------------------------------------------------------------------
                                              9.934093   slack (MET)


Startpoint: b[0] (input port clocked by __VIRTUAL_CLK__)
Endpoint: sum[0] (output port clocked by __VIRTUAL_CLK__)
Path Group: __VIRTUAL_CLK__
Path Type: max

Fanout         Cap        Slew       Delay        Time   Description
---------------------------------------------------------------------------------------------
                      0.000000    0.000000    0.000000   clock __VIRTUAL_CLK__ (rise edge)
                                  0.000000    0.000000   clock network delay (ideal)
                                  4.000000    4.000000 v input external delay
     1    0.002362    0.016804    0.007834    4.007834 v b[0] (in)
                                                         b[0] (net)
                      0.016804    0.000000    4.007834 v input9/A (sky130_fd_sc_hd__clkbuf_1)
     2    0.004188    0.066617    0.149620    4.157454 v input9/X (sky130_fd_sc_hd__clkbuf_1)
                                                         net9 (net)
                      0.066617    0.000020    4.157474 v _48_/A (sky130_fd_sc_hd__or2_1)
     2    0.005472    0.120694    0.525713    4.683187 v _48_/X (sky130_fd_sc_hd__or2_1)
                                                         _09_ (net)
                      0.120694    0.000042    4.683229 v _49_/B (sky130_fd_sc_hd__nand2_1)
     1    0.004939    0.100182    0.145449    4.828679 ^ _49_/Y (sky130_fd_sc_hd__nand2_1)
                                                         _10_ (net)
                      0.100182    0.000047    4.828726 ^ _58_/B (sky130_fd_sc_hd__xnor2_1)
     1    0.003145    0.204333    0.206925    5.035651 ^ _58_/Y (sky130_fd_sc_hd__xnor2_1)
                                                         net19 (net)
                      0.204333    0.000042    5.035692 ^ output19/A (sky130_fd_sc_hd__buf_2)
     1    0.033948    0.269909    0.405054    5.440746 ^ output19/X (sky130_fd_sc_hd__buf_2)
                                                         sum[0] (net)
                      0.269909    0.000181    5.440928 ^ sum[0] (out)
                                              5.440928   data arrival time

                      0.000000   20.000000   20.000000   clock __VIRTUAL_CLK__ (rise edge)
                                  0.000000   20.000000   clock network delay (ideal)
                                 -0.250000   19.750002   clock uncertainty
                                  0.000000   19.750002   clock reconvergence pessimism
                                 -4.000000   15.750001   output external delay
                                             15.750001   data required time
---------------------------------------------------------------------------------------------
                                             15.750001   data required time
                                             -5.440928   data arrival time
---------------------------------------------------------------------------------------------
                                             10.309073   slack (MET)



%OL_END_REPORT
%OL_CREATE_REPORT checks.rpt

===========================================================================
report_checks -unconstrained
===========================================================================
======================= min_ss_100C_1v60 Corner ===================================

Startpoint: b[3] (input port clocked by __VIRTUAL_CLK__)
Endpoint: cout (output port clocked by __VIRTUAL_CLK__)
Path Group: __VIRTUAL_CLK__
Path Type: max

Fanout         Cap        Slew       Delay        Time   Description
---------------------------------------------------------------------------------------------
                      0.000000    0.000000    0.000000   clock __VIRTUAL_CLK__ (rise edge)
                                  0.000000    0.000000   clock network delay (ideal)
                                  4.000000    4.000000 v input external delay
     1    0.002642    0.017862    0.008719    4.008719 v b[3] (in)
                                                         b[3] (net)
                      0.017862    0.000000    4.008719 v input12/A (sky130_fd_sc_hd__clkbuf_1)
     3    0.006212    0.085059    0.166769    4.175488 v input12/X (sky130_fd_sc_hd__clkbuf_1)
                                                         net12 (net)
                      0.085059    0.000045    4.175532 v _40_/A (sky130_fd_sc_hd__or2_1)
     2    0.008225    0.143280    0.560865    4.736397 v _40_/X (sky130_fd_sc_hd__or2_1)
                                                         _01_ (net)
                      0.143280    0.000105    4.736502 v _70_/A1 (sky130_fd_sc_hd__a211o_1)
     1    0.002441    0.084098    0.505930    5.242432 v _70_/X (sky130_fd_sc_hd__a211o_1)
                                                         _27_ (net)
                      0.084098    0.000020    5.242452 v _71_/B1 (sky130_fd_sc_hd__a21oi_1)
     2    0.008571    0.352164    0.324954    5.567405 ^ _71_/Y (sky130_fd_sc_hd__a21oi_1)
                                                         _28_ (net)
                      0.352164    0.000111    5.567516 ^ _74_/A2 (sky130_fd_sc_hd__o31ai_2)
     3    0.011072    0.152264    0.268666    5.836183 v _74_/Y (sky130_fd_sc_hd__o31ai_2)
                                                         _31_ (net)
                      0.152264    0.000155    5.836338 v _81_/A2 (sky130_fd_sc_hd__a21bo_1)
     2    0.008253    0.105117    0.417379    6.253716 v _81_/X (sky130_fd_sc_hd__a21bo_1)
                                                         _37_ (net)
                      0.105117    0.000052    6.253769 v _86_/B1 (sky130_fd_sc_hd__o221a_1)
     1    0.002250    0.085447    0.428042    6.681811 v _86_/X (sky130_fd_sc_hd__o221a_1)
                                                         net18 (net)
                      0.085447    0.000023    6.681833 v output18/A (sky130_fd_sc_hd__buf_2)
     1    0.033994    0.164647    0.351241    7.033074 v output18/X (sky130_fd_sc_hd__buf_2)
                                                         cout (net)
                      0.164647    0.000198    7.033272 v cout (out)
                                              7.033272   data arrival time

                      0.000000   20.000000   20.000000   clock __VIRTUAL_CLK__ (rise edge)
                                  0.000000   20.000000   clock network delay (ideal)
                                 -0.250000   19.750002   clock uncertainty
                                  0.000000   19.750002   clock reconvergence pessimism
                                 -4.000000   15.750001   output external delay
                                             15.750001   data required time
---------------------------------------------------------------------------------------------
                                             15.750001   data required time
                                             -7.033272   data arrival time
---------------------------------------------------------------------------------------------
                                              8.716729   slack (MET)




===========================================================================
report_checks --slack_max -0.01
============================================================================
======================= min_ss_100C_1v60 Corner ===================================

No paths found.


===========================================================================
 report_check_types -max_slew -max_cap -max_fanout -violators
============================================================================
======================= min_ss_100C_1v60 Corner ===================================



===========================================================================
report_parasitic_annotation -report_unannotated
============================================================================
Found 0 unannotated drivers.
Found 0 partially unannotated drivers.

===========================================================================
max slew violation count 0
%OL_METRIC_I design__max_slew_violation__count__corner:min_ss_100C_1v60 0
max fanout violation count 0
%OL_METRIC_I design__max_fanout_violation__count__corner:min_ss_100C_1v60 0
max cap violation count 0
%OL_METRIC_I design__max_cap_violation__count__corner:min_ss_100C_1v60 0
============================================================================

===========================================================================
check_setup -verbose -unconstrained_endpoints -multiple_clock -no_clock -no_input_delay -loops -generated_clocks
===========================================================================
%OL_END_REPORT
%OL_CREATE_REPORT power.rpt

===========================================================================
 report_power
============================================================================
======================= min_ss_100C_1v60 Corner ===================================

Group                    Internal    Switching      Leakage        Total
                            Power        Power        Power        Power (Watts)
------------------------------------------------------------------------
Sequential           0.000000e+00 0.000000e+00 0.000000e+00 0.000000e+00   0.0%
Combinational        5.719427e-06 1.008892e-05 3.087833e-07 1.611713e-05 100.0%
Clock                0.000000e+00 0.000000e+00 1.848858e-10 1.848858e-10   0.0%
Macro                0.000000e+00 0.000000e+00 0.000000e+00 0.000000e+00   0.0%
Pad                  0.000000e+00 0.000000e+00 0.000000e+00 0.000000e+00   0.0%
------------------------------------------------------------------------
Total                5.719427e-06 1.008892e-05 3.089682e-07 1.611731e-05 100.0%
                            35.5%        62.6%         1.9%
%OL_METRIC_F power__internal__total 5.719426553696394e-6
%OL_METRIC_F power__switching__total 1.0088918315886986e-5
%OL_METRIC_F power__leakage__total 3.089682252266357e-7
%OL_METRIC_F power__total 1.611731386219617e-5

%OL_END_REPORT
%OL_CREATE_REPORT skew.min.rpt

===========================================================================
Clock Skew (Hold)
============================================================================
%OL_METRIC_F clock__skew__worst_hold__corner:min_ss_100C_1v60 0.0
======================= min_ss_100C_1v60 Corner ===================================

Clock __VIRTUAL_CLK__
No launch/capture paths found.

%OL_END_REPORT
%OL_CREATE_REPORT skew.max.rpt

===========================================================================
Clock Skew (Setup)
============================================================================
%OL_METRIC_F clock__skew__worst_setup__corner:min_ss_100C_1v60 0.0
======================= min_ss_100C_1v60 Corner ===================================

Clock __VIRTUAL_CLK__
No launch/capture paths found.

%OL_END_REPORT
%OL_CREATE_REPORT ws.min.rpt

===========================================================================
Worst Slack (Hold)
============================================================================
%OL_METRIC_F timing__hold__ws__corner:min_ss_100C_1v60 8.48955596517852
min_ss_100C_1v60: 8.48955596517852
%OL_END_REPORT
%OL_CREATE_REPORT ws.max.rpt

===========================================================================
Worst Slack (Setup)
============================================================================
%OL_METRIC_F timing__setup__ws__corner:min_ss_100C_1v60 8.71672891872379
min_ss_100C_1v60: 8.71672891872379
%OL_END_REPORT
%OL_CREATE_REPORT tns.min.rpt

===========================================================================
Total Negative Slack (Hold)
============================================================================
%OL_METRIC_F timing__hold__tns__corner:min_ss_100C_1v60 0.0
min_ss_100C_1v60: 0.0
%OL_END_REPORT
%OL_CREATE_REPORT tns.max.rpt

===========================================================================
Total Negative Slack (Setup)
============================================================================
%OL_METRIC_F timing__setup__tns__corner:min_ss_100C_1v60 0.0
min_ss_100C_1v60: 0.0
%OL_END_REPORT
%OL_CREATE_REPORT wns.min.rpt

===========================================================================
Worst Negative Slack (Hold)
============================================================================
%OL_METRIC_F timing__hold__wns__corner:min_ss_100C_1v60 0
min_ss_100C_1v60: 0
%OL_END_REPORT
%OL_CREATE_REPORT wns.max.rpt

===========================================================================
Worst Negative Slack (Setup)
============================================================================
%OL_METRIC_F timing__setup__wns__corner:min_ss_100C_1v60 0.0
min_ss_100C_1v60: 0.0
%OL_END_REPORT
%OL_CREATE_REPORT violator_list.rpt

===========================================================================
Violator List
============================================================================
%OL_METRIC_I timing__hold_vio__count__corner:min_ss_100C_1v60 0
%OL_METRIC_F timing__hold_r2r__ws__corner:min_ss_100C_1v60 inf
%OL_METRIC_I timing__hold_r2r_vio__count__corner:min_ss_100C_1v60 0
%OL_METRIC_I timing__setup_vio__count__corner:min_ss_100C_1v60 0
%OL_METRIC_F timing__setup_r2r__ws__corner:min_ss_100C_1v60 inf
%OL_METRIC_I timing__setup_r2r_vio__count__corner:min_ss_100C_1v60 0
%OL_END_REPORT
%OL_CREATE_REPORT unpropagated.rpt
__VIRTUAL_CLK__
%OL_END_REPORT
%OL_CREATE_REPORT clock.rpt
Clock: __VIRTUAL_CLK__
Sources: 
Generated: no
Virtual: yes
Propagated: no
Period: 20.000000

===========================================================================
report_clock_properties
============================================================================
Clock                   Period          Waveform
----------------------------------------------------
__VIRTUAL_CLK__      20.000000    0.000000 10.000000

===========================================================================
report_clock_latency
============================================================================
Clock __VIRTUAL_CLK__


===========================================================================
report_clock_min_period
============================================================================
__VIRTUAL_CLK__ period_min = 0.00 fmax = inf
%OL_END_REPORT
Writing SDF files for all corners…
Removing Clock latencies before writing libs…
Writing timing models for all corners…
Writing timing models for the min_ss_100C_1v60 corner to /home/minhnd/projects/cla8-practice/runs/util40/54-openroad-stapostpnr/min_ss_100C_1v60/cla8__min_ss_100C_1v60.lib…
