
===========================================================================
report_checks -path_delay min (Hold)
============================================================================
======================= max_tt_025C_1v80 Corner ===================================

Startpoint: cin (input port clocked by __VIRTUAL_CLK__)
Endpoint: sum[0] (output port clocked by __VIRTUAL_CLK__)
Path Group: __VIRTUAL_CLK__
Path Type: min

Fanout         Cap        Slew       Delay        Time   Description
---------------------------------------------------------------------------------------------
                      0.000000    0.000000    0.000000   clock __VIRTUAL_CLK__ (rise edge)
                                  0.000000    0.000000   clock network delay (ideal)
                                  4.000000    4.000000 ^ input external delay
     1    0.004205    0.025838    0.015297    4.015297 ^ cin (in)
                                                         cin (net)
                      0.025840    0.000000    4.015297 ^ input65/A (sky130_fd_sc_hd__buf_1)
     2    0.009942    0.124064    0.130334    4.145631 ^ input65/X (sky130_fd_sc_hd__buf_1)
                                                         net65 (net)
                      0.124070    0.000681    4.146312 ^ _195_/A (sky130_fd_sc_hd__xnor2_1)
     1    0.002436    0.031446    0.082431    4.228743 v _195_/Y (sky130_fd_sc_hd__xnor2_1)
                                                         net67 (net)
                      0.031446    0.000154    4.228897 v output67/A (sky130_fd_sc_hd__buf_2)
     1    0.036200    0.092684    0.176699    4.405596 v output67/X (sky130_fd_sc_hd__buf_2)
                                                         sum[0] (net)
                      0.092750    0.002235    4.407830 v sum[0] (out)
                                              4.407830   data arrival time

                      0.000000    0.000000    0.000000   clock __VIRTUAL_CLK__ (rise edge)
                                  0.000000    0.000000   clock network delay (ideal)
                                  0.250000    0.250000   clock uncertainty
                                  0.000000    0.250000   clock reconvergence pessimism
                                 -4.000000   -3.750000   output external delay
                                             -3.750000   data required time
---------------------------------------------------------------------------------------------
                                             -3.750000   data required time
                                             -4.407830   data arrival time
---------------------------------------------------------------------------------------------
                                              8.157830   slack (MET)


Startpoint: b[31] (input port clocked by __VIRTUAL_CLK__)
Endpoint: cout (output port clocked by __VIRTUAL_CLK__)
Path Group: __VIRTUAL_CLK__
Path Type: min

Fanout         Cap        Slew       Delay        Time   Description
---------------------------------------------------------------------------------------------
                      0.000000    0.000000    0.000000   clock __VIRTUAL_CLK__ (rise edge)
                                  0.000000    0.000000   clock network delay (ideal)
                                  4.000000    4.000000 v input external delay
     1    0.005562    0.014847    0.009122    4.009122 v b[31] (in)
                                                         b[31] (net)
                      0.014854    0.000000    4.009122 v input57/A (sky130_fd_sc_hd__buf_1)
     3    0.011204    0.071175    0.112091    4.121213 v input57/X (sky130_fd_sc_hd__buf_1)
                                                         net57 (net)
                      0.071179    0.000609    4.121822 v _382_/A1 (sky130_fd_sc_hd__a21oi_1)
     1    0.003022    0.090804    0.130774    4.252596 ^ _382_/Y (sky130_fd_sc_hd__a21oi_1)
                                                         _173_ (net)
                      0.090804    0.000195    4.252790 ^ _384_/B1 (sky130_fd_sc_hd__o21ai_1)
     1    0.002068    0.025214    0.065435    4.318225 v _384_/Y (sky130_fd_sc_hd__o21ai_1)
                                                         net66 (net)
                      0.025214    0.000147    4.318372 v output66/A (sky130_fd_sc_hd__buf_2)
     1    0.034880    0.091406    0.171883    4.490255 v output66/X (sky130_fd_sc_hd__buf_2)
                                                         cout (net)
                      0.091444    0.001714    4.491969 v cout (out)
                                              4.491969   data arrival time

                      0.000000    0.000000    0.000000   clock __VIRTUAL_CLK__ (rise edge)
                                  0.000000    0.000000   clock network delay (ideal)
                                  0.250000    0.250000   clock uncertainty
                                  0.000000    0.250000   clock reconvergence pessimism
                                 -4.000000   -3.750000   output external delay
                                             -3.750000   data required time
---------------------------------------------------------------------------------------------
                                             -3.750000   data required time
                                             -4.491969   data arrival time
---------------------------------------------------------------------------------------------
                                              8.241969   slack (MET)


Startpoint: a[15] (input port clocked by __VIRTUAL_CLK__)
Endpoint: sum[15] (output port clocked by __VIRTUAL_CLK__)
Path Group: __VIRTUAL_CLK__
Path Type: min

Fanout         Cap        Slew       Delay        Time   Description
---------------------------------------------------------------------------------------------
                      0.000000    0.000000    0.000000   clock __VIRTUAL_CLK__ (rise edge)
                                  0.000000    0.000000   clock network delay (ideal)
                                  4.000000    4.000000 ^ input external delay
     1    0.003091    0.020985    0.011379    4.011379 ^ a[15] (in)
                                                         a[15] (net)
                      0.020993    0.000000    4.011379 ^ input7/A (sky130_fd_sc_hd__clkbuf_1)
     2    0.005449    0.073420    0.093252    4.104630 ^ input7/X (sky130_fd_sc_hd__clkbuf_1)
                                                         net7 (net)
                      0.073420    0.000352    4.104982 ^ _246_/B (sky130_fd_sc_hd__nand2_1)
     2    0.005819    0.051449    0.071664    4.176647 v _246_/Y (sky130_fd_sc_hd__nand2_1)
                                                         _057_ (net)
                      0.051451    0.000413    4.177060 v _247_/B (sky130_fd_sc_hd__nand2b_1)
     2    0.007427    0.089268    0.098536    4.275597 ^ _247_/Y (sky130_fd_sc_hd__nand2b_1)
                                                         _058_ (net)
                      0.089269    0.000453    4.276050 ^ _265_/A (sky130_fd_sc_hd__xnor2_1)
     1    0.002609    0.035824    0.074377    4.350426 v _265_/Y (sky130_fd_sc_hd__xnor2_1)
                                                         net73 (net)
                      0.035834    0.000163    4.350589 v output73/A (sky130_fd_sc_hd__buf_2)
     1    0.034552    0.090584    0.175925    4.526514 v output73/X (sky130_fd_sc_hd__buf_2)
                                                         sum[15] (net)
                      0.090618    0.001617    4.528131 v sum[15] (out)
                                              4.528131   data arrival time

                      0.000000    0.000000    0.000000   clock __VIRTUAL_CLK__ (rise edge)
                                  0.000000    0.000000   clock network delay (ideal)
                                  0.250000    0.250000   clock uncertainty
                                  0.000000    0.250000   clock reconvergence pessimism
                                 -4.000000   -3.750000   output external delay
                                             -3.750000   data required time
---------------------------------------------------------------------------------------------
                                             -3.750000   data required time
                                             -4.528131   data arrival time
---------------------------------------------------------------------------------------------
                                              8.278131   slack (MET)


Startpoint: b[17] (input port clocked by __VIRTUAL_CLK__)
Endpoint: sum[18] (output port clocked by __VIRTUAL_CLK__)
Path Group: __VIRTUAL_CLK__
Path Type: min

Fanout         Cap        Slew       Delay        Time   Description
---------------------------------------------------------------------------------------------
                      0.000000    0.000000    0.000000   clock __VIRTUAL_CLK__ (rise edge)
                                  0.000000    0.000000   clock network delay (ideal)
                                  4.000000    4.000000 ^ input external delay
     1    0.003091    0.020985    0.011379    4.011379 ^ b[17] (in)
                                                         b[17] (net)
                      0.020993    0.000000    4.011379 ^ input41/A (sky130_fd_sc_hd__clkbuf_1)
     3    0.007398    0.095322    0.108661    4.120039 ^ input41/X (sky130_fd_sc_hd__clkbuf_1)
                                                         net41 (net)
                      0.095326    0.000477    4.120516 ^ _289_/A1 (sky130_fd_sc_hd__a21o_1)
     2    0.009465    0.088943    0.155683    4.276199 ^ _289_/X (sky130_fd_sc_hd__a21o_1)
                                                         _096_ (net)
                      0.088943    0.000377    4.276576 ^ _293_/A (sky130_fd_sc_hd__xnor2_1)
     1    0.002688    0.034932    0.074761    4.351337 v _293_/Y (sky130_fd_sc_hd__xnor2_1)
                                                         net76 (net)
                      0.034933    0.000167    4.351504 v output76/A (sky130_fd_sc_hd__buf_2)
     1    0.034449    0.090365    0.175350    4.526854 v output76/X (sky130_fd_sc_hd__buf_2)
                                                         sum[18] (net)
                      0.090399    0.001611    4.528465 v sum[18] (out)
                                              4.528465   data arrival time

                      0.000000    0.000000    0.000000   clock __VIRTUAL_CLK__ (rise edge)
                                  0.000000    0.000000   clock network delay (ideal)
                                  0.250000    0.250000   clock uncertainty
                                  0.000000    0.250000   clock reconvergence pessimism
                                 -4.000000   -3.750000   output external delay
                                             -3.750000   data required time
---------------------------------------------------------------------------------------------
                                             -3.750000   data required time
                                             -4.528465   data arrival time
---------------------------------------------------------------------------------------------
                                              8.278464   slack (MET)


Startpoint: b[21] (input port clocked by __VIRTUAL_CLK__)
Endpoint: sum[22] (output port clocked by __VIRTUAL_CLK__)
Path Group: __VIRTUAL_CLK__
Path Type: min

Fanout         Cap        Slew       Delay        Time   Description
---------------------------------------------------------------------------------------------
                      0.000000    0.000000    0.000000   clock __VIRTUAL_CLK__ (rise edge)
                                  0.000000    0.000000   clock network delay (ideal)
                                  4.000000    4.000000 ^ input external delay
     1    0.003198    0.021450    0.011754    4.011754 ^ b[21] (in)
                                                         b[21] (net)
                      0.021459    0.000000    4.011754 ^ input46/A (sky130_fd_sc_hd__buf_1)
     3    0.007636    0.097952    0.110757    4.122511 ^ input46/X (sky130_fd_sc_hd__buf_1)
                                                         net46 (net)
                      0.097956    0.000497    4.123008 ^ _315_/A1 (sky130_fd_sc_hd__a21o_1)
     2    0.008913    0.084672    0.153125    4.276134 ^ _315_/X (sky130_fd_sc_hd__a21o_1)
                                                         _118_ (net)
                      0.084672    0.000358    4.276491 ^ _319_/A (sky130_fd_sc_hd__xnor2_1)
     1    0.003071    0.038624    0.075866    4.352357 v _319_/Y (sky130_fd_sc_hd__xnor2_1)
                                                         net81 (net)
                      0.038624    0.000211    4.352568 v output81/A (sky130_fd_sc_hd__buf_2)
     1    0.034551    0.090562    0.177125    4.529693 v output81/X (sky130_fd_sc_hd__buf_2)
                                                         sum[22] (net)
                      0.090596    0.001617    4.531310 v sum[22] (out)
                                              4.531310   data arrival time

                      0.000000    0.000000    0.000000   clock __VIRTUAL_CLK__ (rise edge)
                                  0.000000    0.000000   clock network delay (ideal)
                                  0.250000    0.250000   clock uncertainty
                                  0.000000    0.250000   clock reconvergence pessimism
                                 -4.000000   -3.750000   output external delay
                                             -3.750000   data required time
---------------------------------------------------------------------------------------------
                                             -3.750000   data required time
                                             -4.531310   data arrival time
---------------------------------------------------------------------------------------------
                                              8.281310   slack (MET)


Startpoint: b[23] (input port clocked by __VIRTUAL_CLK__)
Endpoint: sum[23] (output port clocked by __VIRTUAL_CLK__)
Path Group: __VIRTUAL_CLK__
Path Type: min

Fanout         Cap        Slew       Delay        Time   Description
---------------------------------------------------------------------------------------------
                      0.000000    0.000000    0.000000   clock __VIRTUAL_CLK__ (rise edge)
                                  0.000000    0.000000   clock network delay (ideal)
                                  4.000000    4.000000 ^ input external delay
     1    0.003323    0.022003    0.012195    4.012195 ^ b[23] (in)
                                                         b[23] (net)
                      0.022005    0.000000    4.012195 ^ input48/A (sky130_fd_sc_hd__clkbuf_1)
     2    0.004492    0.062712    0.086088    4.098283 ^ input48/X (sky130_fd_sc_hd__clkbuf_1)
                                                         net48 (net)
                      0.062712    0.000241    4.098524 ^ _298_/A (sky130_fd_sc_hd__nand2_1)
     2    0.005820    0.051169    0.065473    4.163996 v _298_/Y (sky130_fd_sc_hd__nand2_1)
                                                         _101_ (net)
                      0.051169    0.000218    4.164215 v _299_/B (sky130_fd_sc_hd__nand2_1)
     3    0.011314    0.110459    0.116167    4.280381 ^ _299_/Y (sky130_fd_sc_hd__nand2_1)
                                                         _102_ (net)
                      0.110466    0.000743    4.281125 ^ _317_/A (sky130_fd_sc_hd__xnor2_1)
     1    0.002324    0.030122    0.078151    4.359276 v _317_/Y (sky130_fd_sc_hd__xnor2_1)
                                                         net82 (net)
                      0.030123    0.000148    4.359424 v output82/A (sky130_fd_sc_hd__buf_2)
     1    0.034078    0.089609    0.172573    4.531997 v output82/X (sky130_fd_sc_hd__buf_2)
                                                         sum[23] (net)
                      0.089643    0.001617    4.533614 v sum[23] (out)
                                              4.533614   data arrival time

                      0.000000    0.000000    0.000000   clock __VIRTUAL_CLK__ (rise edge)
                                  0.000000    0.000000   clock network delay (ideal)
                                  0.250000    0.250000   clock uncertainty
                                  0.000000    0.250000   clock reconvergence pessimism
                                 -4.000000   -3.750000   output external delay
                                             -3.750000   data required time
---------------------------------------------------------------------------------------------
                                             -3.750000   data required time
                                             -4.533614   data arrival time
---------------------------------------------------------------------------------------------
                                              8.283614   slack (MET)


Startpoint: a[4] (input port clocked by __VIRTUAL_CLK__)
Endpoint: sum[4] (output port clocked by __VIRTUAL_CLK__)
Path Group: __VIRTUAL_CLK__
Path Type: min

Fanout         Cap        Slew       Delay        Time   Description
---------------------------------------------------------------------------------------------
                      0.000000    0.000000    0.000000   clock __VIRTUAL_CLK__ (rise edge)
                                  0.000000    0.000000   clock network delay (ideal)
                                  4.000000    4.000000 ^ input external delay
     1    0.002765    0.019581    0.010238    4.010239 ^ a[4] (in)
                                                         a[4] (net)
                      0.019581    0.000000    4.010239 ^ input27/A (sky130_fd_sc_hd__clkbuf_1)
     2    0.004944    0.067749    0.088844    4.099082 ^ input27/X (sky130_fd_sc_hd__clkbuf_1)
                                                         net27 (net)
                      0.067749    0.000190    4.099273 ^ _202_/B (sky130_fd_sc_hd__nand2_1)
     2    0.007336    0.060968    0.078015    4.177288 v _202_/Y (sky130_fd_sc_hd__nand2_1)
                                                         _021_ (net)
                      0.060994    0.000486    4.177774 v _204_/A (sky130_fd_sc_hd__nand2_1)
     2    0.008656    0.087506    0.097377    4.275151 ^ _204_/Y (sky130_fd_sc_hd__nand2_1)
                                                         _023_ (net)
                      0.087508    0.000348    4.275499 ^ _217_/A (sky130_fd_sc_hd__xnor2_1)
     1    0.003817    0.043341    0.081117    4.356616 v _217_/Y (sky130_fd_sc_hd__xnor2_1)
                                                         net93 (net)
                      0.043341    0.000154    4.356770 v output93/A (sky130_fd_sc_hd__buf_2)
     1    0.034004    0.089346    0.178148    4.534918 v output93/X (sky130_fd_sc_hd__buf_2)
                                                         sum[4] (net)
                      0.089380    0.001594    4.536512 v sum[4] (out)
                                              4.536512   data arrival time

                      0.000000    0.000000    0.000000   clock __VIRTUAL_CLK__ (rise edge)
                                  0.000000    0.000000   clock network delay (ideal)
                                  0.250000    0.250000   clock uncertainty
                                  0.000000    0.250000   clock reconvergence pessimism
                                 -4.000000   -3.750000   output external delay
                                             -3.750000   data required time
---------------------------------------------------------------------------------------------
                                             -3.750000   data required time
                                             -4.536512   data arrival time
---------------------------------------------------------------------------------------------
                                              8.286512   slack (MET)


Startpoint: b[14] (input port clocked by __VIRTUAL_CLK__)
Endpoint: sum[14] (output port clocked by __VIRTUAL_CLK__)
Path Group: __VIRTUAL_CLK__
Path Type: min

Fanout         Cap        Slew       Delay        Time   Description
---------------------------------------------------------------------------------------------
                      0.000000    0.000000    0.000000   clock __VIRTUAL_CLK__ (rise edge)
                                  0.000000    0.000000   clock network delay (ideal)
                                  4.000000    4.000000 ^ input external delay
     1    0.003220    0.021547    0.011833    4.011833 ^ b[14] (in)
                                                         b[14] (net)
                      0.021556    0.000000    4.011833 ^ input38/A (sky130_fd_sc_hd__clkbuf_1)
     2    0.005457    0.073510    0.093511    4.105343 ^ input38/X (sky130_fd_sc_hd__clkbuf_1)
                                                         net38 (net)
                      0.073510    0.000352    4.105695 ^ _249_/A (sky130_fd_sc_hd__nand2_1)
     3    0.008362    0.068627    0.082332    4.188027 v _249_/Y (sky130_fd_sc_hd__nand2_1)
                                                         _060_ (net)
                      0.068654    0.000518    4.188545 v _266_/B (sky130_fd_sc_hd__nand2b_1)
     2    0.007563    0.090566    0.107266    4.295811 ^ _266_/Y (sky130_fd_sc_hd__nand2b_1)
                                                         _076_ (net)
                      0.090566    0.000309    4.296120 ^ _267_/B (sky130_fd_sc_hd__xor2_1)
     1    0.002093    0.033315    0.064657    4.360777 v _267_/X (sky130_fd_sc_hd__xor2_1)
                                                         net72 (net)
                      0.033315    0.000143    4.360919 v output72/A (sky130_fd_sc_hd__buf_2)
     1    0.034137    0.089704    0.174074    4.534993 v output72/X (sky130_fd_sc_hd__buf_2)
                                                         sum[14] (net)
                      0.089737    0.001598    4.536591 v sum[14] (out)
                                              4.536591   data arrival time

                      0.000000    0.000000    0.000000   clock __VIRTUAL_CLK__ (rise edge)
                                  0.000000    0.000000   clock network delay (ideal)
                                  0.250000    0.250000   clock uncertainty
                                  0.000000    0.250000   clock reconvergence pessimism
                                 -4.000000   -3.750000   output external delay
                                             -3.750000   data required time
---------------------------------------------------------------------------------------------
                                             -3.750000   data required time
                                             -4.536591   data arrival time
---------------------------------------------------------------------------------------------
                                              8.286592   slack (MET)


Startpoint: b[25] (input port clocked by __VIRTUAL_CLK__)
Endpoint: sum[26] (output port clocked by __VIRTUAL_CLK__)
Path Group: __VIRTUAL_CLK__
Path Type: min

Fanout         Cap        Slew       Delay        Time   Description
---------------------------------------------------------------------------------------------
                      0.000000    0.000000    0.000000   clock __VIRTUAL_CLK__ (rise edge)
                                  0.000000    0.000000   clock network delay (ideal)
                                  4.000000    4.000000 ^ input external delay
     1    0.002659    0.019125    0.009865    4.009864 ^ b[25] (in)
                                                         b[25] (net)
                      0.019126    0.000000    4.009864 ^ input50/A (sky130_fd_sc_hd__clkbuf_1)
     2    0.004517    0.062989    0.085297    4.095161 ^ input50/X (sky130_fd_sc_hd__clkbuf_1)
                                                         net50 (net)
                      0.062989    0.000168    4.095330 ^ _327_/A (sky130_fd_sc_hd__nand2_1)
     4    0.012494    0.094596    0.099617    4.194946 v _327_/Y (sky130_fd_sc_hd__nand2_1)
                                                         _126_ (net)
                      0.094606    0.000822    4.195769 v _342_/A (sky130_fd_sc_hd__nand2_1)
     1    0.005023    0.061012    0.089137    4.284906 ^ _342_/Y (sky130_fd_sc_hd__nand2_1)
                                                         _141_ (net)
                      0.061012    0.000238    4.285144 ^ _346_/A (sky130_fd_sc_hd__xnor2_1)
     1    0.003914    0.043923    0.074287    4.359431 v _346_/Y (sky130_fd_sc_hd__xnor2_1)
                                                         net85 (net)
                      0.043924    0.000262    4.359693 v output85/A (sky130_fd_sc_hd__buf_2)
     1    0.033998    0.089329    0.178391    4.538084 v output85/X (sky130_fd_sc_hd__buf_2)
                                                         sum[26] (net)
                      0.089361    0.001591    4.539675 v sum[26] (out)
                                              4.539675   data arrival time

                      0.000000    0.000000    0.000000   clock __VIRTUAL_CLK__ (rise edge)
                                  0.000000    0.000000   clock network delay (ideal)
                                  0.250000    0.250000   clock uncertainty
                                  0.000000    0.250000   clock reconvergence pessimism
                                 -4.000000   -3.750000   output external delay
                                             -3.750000   data required time
---------------------------------------------------------------------------------------------
                                             -3.750000   data required time
                                             -4.539675   data arrival time
---------------------------------------------------------------------------------------------
                                              8.289675   slack (MET)


Startpoint: a[28] (input port clocked by __VIRTUAL_CLK__)
Endpoint: sum[29] (output port clocked by __VIRTUAL_CLK__)
Path Group: __VIRTUAL_CLK__
Path Type: min

Fanout         Cap        Slew       Delay        Time   Description
---------------------------------------------------------------------------------------------
                      0.000000    0.000000    0.000000   clock __VIRTUAL_CLK__ (rise edge)
                                  0.000000    0.000000   clock network delay (ideal)
                                  4.000000    4.000000 ^ input external delay
     1    0.003335    0.022056    0.012237    4.012237 ^ a[28] (in)
                                                         a[28] (net)
                      0.022057    0.000000    4.012237 ^ input21/A (sky130_fd_sc_hd__buf_1)
     3    0.008691    0.109851    0.119260    4.131496 ^ input21/X (sky130_fd_sc_hd__buf_1)
                                                         net21 (net)
                      0.109855    0.000559    4.132055 ^ _361_/B (sky130_fd_sc_hd__nand2_1)
     3    0.010025    0.080125    0.105131    4.237186 v _361_/Y (sky130_fd_sc_hd__nand2_1)
                                                         _156_ (net)
                      0.080156    0.000524    4.237710 v _376_/C (sky130_fd_sc_hd__nand4_1)
     1    0.002618    0.057798    0.099429    4.337139 ^ _376_/Y (sky130_fd_sc_hd__nand4_1)
                                                         _169_ (net)
                      0.057798    0.000122    4.337261 ^ _378_/A (sky130_fd_sc_hd__nand2_1)
     1    0.002439    0.027638    0.045754    4.383015 v _378_/Y (sky130_fd_sc_hd__nand2_1)
                                                         net88 (net)
                      0.027640    0.000159    4.383174 v output88/A (sky130_fd_sc_hd__buf_2)
     1    0.034526    0.090614    0.172289    4.555464 v output88/X (sky130_fd_sc_hd__buf_2)
                                                         sum[29] (net)
                      0.090651    0.001692    4.557156 v sum[29] (out)
                                              4.557156   data arrival time

                      0.000000    0.000000    0.000000   clock __VIRTUAL_CLK__ (rise edge)
                                  0.000000    0.000000   clock network delay (ideal)
                                  0.250000    0.250000   clock uncertainty
                                  0.000000    0.250000   clock reconvergence pessimism
                                 -4.000000   -3.750000   output external delay
                                             -3.750000   data required time
---------------------------------------------------------------------------------------------
                                             -3.750000   data required time
                                             -4.557156   data arrival time
---------------------------------------------------------------------------------------------
                                              8.307157   slack (MET)


Startpoint: b[10] (input port clocked by __VIRTUAL_CLK__)
Endpoint: sum[10] (output port clocked by __VIRTUAL_CLK__)
Path Group: __VIRTUAL_CLK__
Path Type: min

Fanout         Cap        Slew       Delay        Time   Description
---------------------------------------------------------------------------------------------
                      0.000000    0.000000    0.000000   clock __VIRTUAL_CLK__ (rise edge)
                                  0.000000    0.000000   clock network delay (ideal)
                                  4.000000    4.000000 ^ input external delay
     1    0.002978    0.020498    0.010988    4.010988 ^ b[10] (in)
                                                         b[10] (net)
                      0.020499    0.000000    4.010988 ^ input34/A (sky130_fd_sc_hd__clkbuf_1)
     2    0.004716    0.065211    0.087301    4.098289 ^ input34/X (sky130_fd_sc_hd__clkbuf_1)
                                                         net34 (net)
                      0.065211    0.000286    4.098574 ^ _221_/A (sky130_fd_sc_hd__nand2_1)
     3    0.012874    0.097245    0.102562    4.201136 v _221_/Y (sky130_fd_sc_hd__nand2_1)
                                                         _036_ (net)
                      0.097249    0.000540    4.201675 v _223_/A (sky130_fd_sc_hd__nand2_1)
     2    0.008613    0.088910    0.113119    4.314795 ^ _223_/Y (sky130_fd_sc_hd__nand2_1)
                                                         _038_ (net)
                      0.088946    0.000574    4.315368 ^ _241_/A (sky130_fd_sc_hd__xnor2_1)
     1    0.002066    0.032138    0.070723    4.386092 v _241_/Y (sky130_fd_sc_hd__xnor2_1)
                                                         net68 (net)
                      0.032138    0.000145    4.386237 v output68/A (sky130_fd_sc_hd__buf_2)
     1    0.034084    0.089608    0.173451    4.559688 v output68/X (sky130_fd_sc_hd__buf_2)
                                                         sum[10] (net)
                      0.089643    0.001620    4.561307 v sum[10] (out)
                                              4.561307   data arrival time

                      0.000000    0.000000    0.000000   clock __VIRTUAL_CLK__ (rise edge)
                                  0.000000    0.000000   clock network delay (ideal)
                                  0.250000    0.250000   clock uncertainty
                                  0.000000    0.250000   clock reconvergence pessimism
                                 -4.000000   -3.750000   output external delay
                                             -3.750000   data required time
---------------------------------------------------------------------------------------------
                                             -3.750000   data required time
                                             -4.561307   data arrival time
---------------------------------------------------------------------------------------------
                                              8.311308   slack (MET)


Startpoint: a[5] (input port clocked by __VIRTUAL_CLK__)
Endpoint: sum[5] (output port clocked by __VIRTUAL_CLK__)
Path Group: __VIRTUAL_CLK__
Path Type: min

Fanout         Cap        Slew       Delay        Time   Description
---------------------------------------------------------------------------------------------
                      0.000000    0.000000    0.000000   clock __VIRTUAL_CLK__ (rise edge)
                                  0.000000    0.000000   clock network delay (ideal)
                                  4.000000    4.000000 ^ input external delay
     1    0.003328    0.022025    0.012212    4.012212 ^ a[5] (in)
                                                         a[5] (net)
                      0.022027    0.000000    4.012212 ^ input28/A (sky130_fd_sc_hd__clkbuf_1)
     2    0.004787    0.066012    0.088388    4.100600 ^ input28/X (sky130_fd_sc_hd__clkbuf_1)
                                                         net28 (net)
                      0.066012    0.000311    4.100911 ^ _200_/B (sky130_fd_sc_hd__nor2_1)
     2    0.006961    0.039338    0.057089    4.158000 v _200_/Y (sky130_fd_sc_hd__nor2_1)
                                                         _019_ (net)
                      0.039362    0.000439    4.158438 v _201_/B (sky130_fd_sc_hd__nor2_1)
     2    0.007465    0.151618    0.137228    4.295666 ^ _201_/Y (sky130_fd_sc_hd__nor2_1)
                                                         _020_ (net)
                      0.151619    0.000310    4.295977 ^ _216_/A (sky130_fd_sc_hd__xnor2_1)
     1    0.002622    0.035902    0.088787    4.384763 v _216_/Y (sky130_fd_sc_hd__xnor2_1)
                                                         net94 (net)
                      0.035902    0.000163    4.384926 v output94/A (sky130_fd_sc_hd__buf_2)
     1    0.034568    0.090653    0.175910    4.560836 v output94/X (sky130_fd_sc_hd__buf_2)
                                                         sum[5] (net)
                      0.090691    0.001712    4.562548 v sum[5] (out)
                                              4.562548   data arrival time

                      0.000000    0.000000    0.000000   clock __VIRTUAL_CLK__ (rise edge)
                                  0.000000    0.000000   clock network delay (ideal)
                                  0.250000    0.250000   clock uncertainty
                                  0.000000    0.250000   clock reconvergence pessimism
                                 -4.000000   -3.750000   output external delay
                                             -3.750000   data required time
---------------------------------------------------------------------------------------------
                                             -3.750000   data required time
                                             -4.562548   data arrival time
---------------------------------------------------------------------------------------------
                                              8.312549   slack (MET)


Startpoint: b[12] (input port clocked by __VIRTUAL_CLK__)
Endpoint: sum[13] (output port clocked by __VIRTUAL_CLK__)
Path Group: __VIRTUAL_CLK__
Path Type: min

Fanout         Cap        Slew       Delay        Time   Description
---------------------------------------------------------------------------------------------
                      0.000000    0.000000    0.000000   clock __VIRTUAL_CLK__ (rise edge)
                                  0.000000    0.000000   clock network delay (ideal)
                                  4.000000    4.000000 v input external delay
     1    0.002685    0.008348    0.004278    4.004278 v b[12] (in)
                                                         b[12] (net)
                      0.008354    0.000000    4.004278 v input36/A (sky130_fd_sc_hd__clkbuf_1)
     2    0.004607    0.035851    0.080610    4.084888 v input36/X (sky130_fd_sc_hd__clkbuf_1)
                                                         net36 (net)
                      0.035853    0.000310    4.085197 v _253_/A (sky130_fd_sc_hd__nand2_1)
     4    0.011788    0.114605    0.105841    4.191039 ^ _253_/Y (sky130_fd_sc_hd__nand2_1)
                                                         _064_ (net)
                      0.114613    0.000813    4.191852 ^ _268_/B (sky130_fd_sc_hd__and3_1)
     1    0.003387    0.054411    0.165744    4.357596 ^ _268_/X (sky130_fd_sc_hd__and3_1)
                                                         _077_ (net)
                      0.054411    0.000151    4.357747 ^ _269_/B (sky130_fd_sc_hd__nor2_1)
     1    0.002472    0.021590    0.037645    4.395392 v _269_/Y (sky130_fd_sc_hd__nor2_1)
                                                         net71 (net)
                      0.021590    0.000102    4.395494 v output71/A (sky130_fd_sc_hd__buf_2)
     1    0.034365    0.090260    0.169478    4.564972 v output71/X (sky130_fd_sc_hd__buf_2)
                                                         sum[13] (net)
                      0.090293    0.001614    4.566587 v sum[13] (out)
                                              4.566587   data arrival time

                      0.000000    0.000000    0.000000   clock __VIRTUAL_CLK__ (rise edge)
                                  0.000000    0.000000   clock network delay (ideal)
                                  0.250000    0.250000   clock uncertainty
                                  0.000000    0.250000   clock reconvergence pessimism
                                 -4.000000   -3.750000   output external delay
                                             -3.750000   data required time
---------------------------------------------------------------------------------------------
                                             -3.750000   data required time
                                             -4.566587   data arrival time
---------------------------------------------------------------------------------------------
                                              8.316586   slack (MET)


Startpoint: b[3] (input port clocked by __VIRTUAL_CLK__)
Endpoint: sum[3] (output port clocked by __VIRTUAL_CLK__)
Path Group: __VIRTUAL_CLK__
Path Type: min

Fanout         Cap        Slew       Delay        Time   Description
---------------------------------------------------------------------------------------------
                      0.000000    0.000000    0.000000   clock __VIRTUAL_CLK__ (rise edge)
                                  0.000000    0.000000   clock network delay (ideal)
                                  4.000000    4.000000 v input external delay
     1    0.002630    0.008223    0.004186    4.004186 v b[3] (in)
                                                         b[3] (net)
                      0.008229    0.000000    4.004186 v input58/A (sky130_fd_sc_hd__clkbuf_1)
     2    0.005379    0.039982    0.084059    4.088244 v input58/X (sky130_fd_sc_hd__clkbuf_1)
                                                         net58 (net)
                      0.039984    0.000338    4.088583 v _177_/A (sky130_fd_sc_hd__nand2_1)
     3    0.009581    0.095197    0.093941    4.182524 ^ _177_/Y (sky130_fd_sc_hd__nand2_1)
                                                         _000_ (net)
                      0.095203    0.000605    4.183129 ^ _178_/B (sky130_fd_sc_hd__and2b_1)
     1    0.005117    0.059933    0.141717    4.324846 ^ _178_/X (sky130_fd_sc_hd__and2b_1)
                                                         _001_ (net)
                      0.059934    0.000381    4.325227 ^ _192_/A (sky130_fd_sc_hd__xnor2_1)
     1    0.002931    0.034982    0.068304    4.393531 v _192_/Y (sky130_fd_sc_hd__xnor2_1)
                                                         net92 (net)
                      0.034983    0.000182    4.393713 v output92/A (sky130_fd_sc_hd__buf_2)
     1    0.034433    0.090345    0.175313    4.569026 v output92/X (sky130_fd_sc_hd__buf_2)
                                                         sum[3] (net)
                      0.090379    0.001642    4.570668 v sum[3] (out)
                                              4.570668   data arrival time

                      0.000000    0.000000    0.000000   clock __VIRTUAL_CLK__ (rise edge)
                                  0.000000    0.000000   clock network delay (ideal)
                                  0.250000    0.250000   clock uncertainty
                                  0.000000    0.250000   clock reconvergence pessimism
                                 -4.000000   -3.750000   output external delay
                                             -3.750000   data required time
---------------------------------------------------------------------------------------------
                                             -3.750000   data required time
                                             -4.570668   data arrival time
---------------------------------------------------------------------------------------------
                                              8.320667   slack (MET)


Startpoint: a[1] (input port clocked by __VIRTUAL_CLK__)
Endpoint: sum[1] (output port clocked by __VIRTUAL_CLK__)
Path Group: __VIRTUAL_CLK__
Path Type: min

Fanout         Cap        Slew       Delay        Time   Description
---------------------------------------------------------------------------------------------
                      0.000000    0.000000    0.000000   clock __VIRTUAL_CLK__ (rise edge)
                                  0.000000    0.000000   clock network delay (ideal)
                                  4.000000    4.000000 v input external delay
     1    0.003197    0.009544    0.005148    4.005148 v a[1] (in)
                                                         a[1] (net)
                      0.009546    0.000000    4.005148 v input12/A (sky130_fd_sc_hd__clkbuf_1)
     2    0.004750    0.036615    0.081740    4.086888 v input12/X (sky130_fd_sc_hd__clkbuf_1)
                                                         net12 (net)
                      0.036616    0.000286    4.087175 v _188_/B (sky130_fd_sc_hd__nor2_1)
     1    0.003504    0.086837    0.087184    4.174359 ^ _188_/Y (sky130_fd_sc_hd__nor2_1)
                                                         _011_ (net)
                      0.086837    0.000230    4.174589 ^ _189_/B (sky130_fd_sc_hd__nor2_1)
     3    0.010767    0.057666    0.076922    4.251511 v _189_/Y (sky130_fd_sc_hd__nor2_1)
                                                         _012_ (net)
                      0.057667    0.000369    4.251879 v _194_/B (sky130_fd_sc_hd__xor2_1)
     1    0.002912    0.036687    0.140739    4.392618 v _194_/X (sky130_fd_sc_hd__xor2_1)
                                                         net78 (net)
                      0.036687    0.000173    4.392792 v output78/A (sky130_fd_sc_hd__buf_2)
     1    0.034575    0.090662    0.176262    4.569053 v output78/X (sky130_fd_sc_hd__buf_2)
                                                         sum[1] (net)
                      0.090700    0.001712    4.570765 v sum[1] (out)
                                              4.570765   data arrival time

                      0.000000    0.000000    0.000000   clock __VIRTUAL_CLK__ (rise edge)
                                  0.000000    0.000000   clock network delay (ideal)
                                  0.250000    0.250000   clock uncertainty
                                  0.000000    0.250000   clock reconvergence pessimism
                                 -4.000000   -3.750000   output external delay
                                             -3.750000   data required time
---------------------------------------------------------------------------------------------
                                             -3.750000   data required time
                                             -4.570765   data arrival time
---------------------------------------------------------------------------------------------
                                              8.320765   slack (MET)


Startpoint: b[19] (input port clocked by __VIRTUAL_CLK__)
Endpoint: sum[19] (output port clocked by __VIRTUAL_CLK__)
Path Group: __VIRTUAL_CLK__
Path Type: min

Fanout         Cap        Slew       Delay        Time   Description
---------------------------------------------------------------------------------------------
                      0.000000    0.000000    0.000000   clock __VIRTUAL_CLK__ (rise edge)
                                  0.000000    0.000000   clock network delay (ideal)
                                  4.000000    4.000000 ^ input external delay
     1    0.003141    0.021203    0.011555    4.011555 ^ b[19] (in)
                                                         b[19] (net)
                      0.021211    0.000000    4.011555 ^ input43/A (sky130_fd_sc_hd__clkbuf_1)
     2    0.006808    0.088735    0.104084    4.115639 ^ input43/X (sky130_fd_sc_hd__clkbuf_1)
                                                         net43 (net)
                      0.088738    0.000480    4.116119 ^ _272_/A (sky130_fd_sc_hd__nand2_1)
     2    0.005599    0.053977    0.072233    4.188352 v _272_/Y (sky130_fd_sc_hd__nand2_1)
                                                         _079_ (net)
                      0.053977    0.000195    4.188548 v _273_/B (sky130_fd_sc_hd__nand2b_1)
     2    0.009298    0.106887    0.112227    4.300775 ^ _273_/Y (sky130_fd_sc_hd__nand2b_1)
                                                         _080_ (net)
                      0.106891    0.000516    4.301290 ^ _291_/A (sky130_fd_sc_hd__xnor2_1)
     1    0.004280    0.043370    0.089256    4.390546 v _291_/Y (sky130_fd_sc_hd__xnor2_1)
                                                         net77 (net)
                      0.043371    0.000305    4.390851 v output77/A (sky130_fd_sc_hd__buf_2)
     1    0.034536    0.090492    0.179147    4.569999 v output77/X (sky130_fd_sc_hd__buf_2)
                                                         sum[19] (net)
                      0.090526    0.001610    4.571609 v sum[19] (out)
                                              4.571609   data arrival time

                      0.000000    0.000000    0.000000   clock __VIRTUAL_CLK__ (rise edge)
                                  0.000000    0.000000   clock network delay (ideal)
                                  0.250000    0.250000   clock uncertainty
                                  0.000000    0.250000   clock reconvergence pessimism
                                 -4.000000   -3.750000   output external delay
                                             -3.750000   data required time
---------------------------------------------------------------------------------------------
                                             -3.750000   data required time
                                             -4.571609   data arrival time
---------------------------------------------------------------------------------------------
                                              8.321609   slack (MET)


Startpoint: b[10] (input port clocked by __VIRTUAL_CLK__)
Endpoint: sum[11] (output port clocked by __VIRTUAL_CLK__)
Path Group: __VIRTUAL_CLK__
Path Type: min

Fanout         Cap        Slew       Delay        Time   Description
---------------------------------------------------------------------------------------------
                      0.000000    0.000000    0.000000   clock __VIRTUAL_CLK__ (rise edge)
                                  0.000000    0.000000   clock network delay (ideal)
                                  4.000000    4.000000 ^ input external delay
     1    0.002978    0.020498    0.010988    4.010988 ^ b[10] (in)
                                                         b[10] (net)
                      0.020499    0.000000    4.010988 ^ input34/A (sky130_fd_sc_hd__clkbuf_1)
     2    0.004716    0.065211    0.087301    4.098289 ^ input34/X (sky130_fd_sc_hd__clkbuf_1)
                                                         net34 (net)
                      0.065211    0.000254    4.098543 ^ _222_/A (sky130_fd_sc_hd__or2_1)
     2    0.006295    0.069623    0.119400    4.217943 ^ _222_/X (sky130_fd_sc_hd__or2_1)
                                                         _037_ (net)
                      0.069624    0.000408    4.218350 ^ _239_/A1 (sky130_fd_sc_hd__a21bo_1)
     1    0.005879    0.058466    0.122451    4.340802 ^ _239_/X (sky130_fd_sc_hd__a21bo_1)
                                                         _054_ (net)
                      0.058468    0.000433    4.341234 ^ _240_/B (sky130_fd_sc_hd__xnor2_1)
     1    0.002454    0.031261    0.057097    4.398331 v _240_/Y (sky130_fd_sc_hd__xnor2_1)
                                                         net69 (net)
                      0.031261    0.000099    4.398430 v output69/A (sky130_fd_sc_hd__buf_2)
     1    0.033988    0.089400    0.172914    4.571344 v output69/X (sky130_fd_sc_hd__buf_2)
                                                         sum[11] (net)
                      0.089433    0.001594    4.572937 v sum[11] (out)
                                              4.572937   data arrival time

                      0.000000    0.000000    0.000000   clock __VIRTUAL_CLK__ (rise edge)
                                  0.000000    0.000000   clock network delay (ideal)
                                  0.250000    0.250000   clock uncertainty
                                  0.000000    0.250000   clock reconvergence pessimism
                                 -4.000000   -3.750000   output external delay
                                             -3.750000   data required time
---------------------------------------------------------------------------------------------
                                             -3.750000   data required time
                                             -4.572937   data arrival time
---------------------------------------------------------------------------------------------
                                              8.322937   slack (MET)


Startpoint: b[2] (input port clocked by __VIRTUAL_CLK__)
Endpoint: sum[2] (output port clocked by __VIRTUAL_CLK__)
Path Group: __VIRTUAL_CLK__
Path Type: min

Fanout         Cap        Slew       Delay        Time   Description
---------------------------------------------------------------------------------------------
                      0.000000    0.000000    0.000000   clock __VIRTUAL_CLK__ (rise edge)
                                  0.000000    0.000000   clock network delay (ideal)
                                  4.000000    4.000000 ^ input external delay
     1    0.004459    0.026942    0.016168    4.016168 ^ b[2] (in)
                                                         b[2] (net)
                      0.026943    0.000000    4.016168 ^ input55/A (sky130_fd_sc_hd__clkbuf_1)
     2    0.006158    0.081382    0.101013    4.117181 ^ input55/X (sky130_fd_sc_hd__clkbuf_1)
                                                         net55 (net)
                      0.081382    0.000223    4.117404 ^ _181_/A (sky130_fd_sc_hd__nor2_1)
     3    0.009432    0.053359    0.075281    4.192686 v _181_/Y (sky130_fd_sc_hd__nor2_1)
                                                         _004_ (net)
                      0.053385    0.000495    4.193180 v _182_/B (sky130_fd_sc_hd__nor2_1)
     1    0.005221    0.114781    0.114191    4.307372 ^ _182_/Y (sky130_fd_sc_hd__nor2_1)
                                                         _005_ (net)
                      0.114782    0.000254    4.307625 ^ _193_/A (sky130_fd_sc_hd__xnor2_1)
     1    0.003631    0.042062    0.087531    4.395156 v _193_/Y (sky130_fd_sc_hd__xnor2_1)
                                                         net89 (net)
                      0.042063    0.000218    4.395375 v output89/A (sky130_fd_sc_hd__buf_2)
     1    0.036145    0.092647    0.181217    4.576592 v output89/X (sky130_fd_sc_hd__buf_2)
                                                         sum[2] (net)
                      0.092710    0.002175    4.578767 v sum[2] (out)
                                              4.578767   data arrival time

                      0.000000    0.000000    0.000000   clock __VIRTUAL_CLK__ (rise edge)
                                  0.000000    0.000000   clock network delay (ideal)
                                  0.250000    0.250000   clock uncertainty
                                  0.000000    0.250000   clock reconvergence pessimism
                                 -4.000000   -3.750000   output external delay
                                             -3.750000   data required time
---------------------------------------------------------------------------------------------
                                             -3.750000   data required time
                                             -4.578767   data arrival time
---------------------------------------------------------------------------------------------
                                              8.328767   slack (MET)


Startpoint: a[20] (input port clocked by __VIRTUAL_CLK__)
Endpoint: sum[21] (output port clocked by __VIRTUAL_CLK__)
Path Group: __VIRTUAL_CLK__
Path Type: min

Fanout         Cap        Slew       Delay        Time   Description
---------------------------------------------------------------------------------------------
                      0.000000    0.000000    0.000000   clock __VIRTUAL_CLK__ (rise edge)
                                  0.000000    0.000000   clock network delay (ideal)
                                  4.000000    4.000000 v input external delay
     1    0.002734    0.008461    0.004362    4.004362 v a[20] (in)
                                                         a[20] (net)
                      0.008467    0.000000    4.004362 v input13/A (sky130_fd_sc_hd__clkbuf_1)
     2    0.004197    0.033690    0.078787    4.083148 v input13/X (sky130_fd_sc_hd__clkbuf_1)
                                                         net13 (net)
                      0.033692    0.000285    4.083433 v _305_/B (sky130_fd_sc_hd__nand2_1)
     4    0.013204    0.126910    0.120060    4.203493 ^ _305_/Y (sky130_fd_sc_hd__nand2_1)
                                                         _108_ (net)
                      0.126913    0.000508    4.204001 ^ _320_/B (sky130_fd_sc_hd__and3_1)
     1    0.002941    0.050576    0.165108    4.369109 ^ _320_/X (sky130_fd_sc_hd__and3_1)
                                                         _121_ (net)
                      0.050576    0.000210    4.369319 ^ _321_/B (sky130_fd_sc_hd__nor2_1)
     1    0.002958    0.022476    0.038478    4.407796 v _321_/Y (sky130_fd_sc_hd__nor2_1)
                                                         net80 (net)
                      0.022476    0.000179    4.407976 v output80/A (sky130_fd_sc_hd__buf_2)
     1    0.034569    0.090712    0.170208    4.578184 v output80/X (sky130_fd_sc_hd__buf_2)
                                                         sum[21] (net)
                      0.090746    0.001628    4.579812 v sum[21] (out)
                                              4.579812   data arrival time

                      0.000000    0.000000    0.000000   clock __VIRTUAL_CLK__ (rise edge)
                                  0.000000    0.000000   clock network delay (ideal)
                                  0.250000    0.250000   clock uncertainty
                                  0.000000    0.250000   clock reconvergence pessimism
                                 -4.000000   -3.750000   output external delay
                                             -3.750000   data required time
---------------------------------------------------------------------------------------------
                                             -3.750000   data required time
                                             -4.579812   data arrival time
---------------------------------------------------------------------------------------------
                                              8.329812   slack (MET)


Startpoint: b[16] (input port clocked by __VIRTUAL_CLK__)
Endpoint: sum[17] (output port clocked by __VIRTUAL_CLK__)
Path Group: __VIRTUAL_CLK__
Path Type: min

Fanout         Cap        Slew       Delay        Time   Description
---------------------------------------------------------------------------------------------
                      0.000000    0.000000    0.000000   clock __VIRTUAL_CLK__ (rise edge)
                                  0.000000    0.000000   clock network delay (ideal)
                                  4.000000    4.000000 v input external delay
     1    0.003026    0.009139    0.004856    4.004856 v b[16] (in)
                                                         b[16] (net)
                      0.009146    0.000000    4.004856 v input40/A (sky130_fd_sc_hd__clkbuf_1)
     2    0.005474    0.040490    0.084864    4.089720 v input40/X (sky130_fd_sc_hd__clkbuf_1)
                                                         net40 (net)
                      0.040492    0.000368    4.090088 v _279_/A (sky130_fd_sc_hd__nand2_1)
     4    0.012796    0.123373    0.114087    4.204175 ^ _279_/Y (sky130_fd_sc_hd__nand2_1)
                                                         _086_ (net)
                      0.123378    0.000627    4.204803 ^ _294_/B (sky130_fd_sc_hd__and3_1)
     1    0.003017    0.051197    0.164938    4.369740 ^ _294_/X (sky130_fd_sc_hd__and3_1)
                                                         _099_ (net)
                      0.051197    0.000213    4.369954 ^ _295_/B (sky130_fd_sc_hd__nor2_1)
     1    0.002919    0.022437    0.038570    4.408524 v _295_/Y (sky130_fd_sc_hd__nor2_1)
                                                         net75 (net)
                      0.022438    0.000173    4.408696 v output75/A (sky130_fd_sc_hd__buf_2)
     1    0.034441    0.090430    0.169970    4.578666 v output75/X (sky130_fd_sc_hd__buf_2)
                                                         sum[17] (net)
                      0.090463    0.001611    4.580277 v sum[17] (out)
                                              4.580277   data arrival time

                      0.000000    0.000000    0.000000   clock __VIRTUAL_CLK__ (rise edge)
                                  0.000000    0.000000   clock network delay (ideal)
                                  0.250000    0.250000   clock uncertainty
                                  0.000000    0.250000   clock reconvergence pessimism
                                 -4.000000   -3.750000   output external delay
                                             -3.750000   data required time
---------------------------------------------------------------------------------------------
                                             -3.750000   data required time
                                             -4.580277   data arrival time
---------------------------------------------------------------------------------------------
                                              8.330277   slack (MET)


Startpoint: a[29] (input port clocked by __VIRTUAL_CLK__)
Endpoint: sum[30] (output port clocked by __VIRTUAL_CLK__)
Path Group: __VIRTUAL_CLK__
Path Type: min

Fanout         Cap        Slew       Delay        Time   Description
---------------------------------------------------------------------------------------------
                      0.000000    0.000000    0.000000   clock __VIRTUAL_CLK__ (rise edge)
                                  0.000000    0.000000   clock network delay (ideal)
                                  4.000000    4.000000 v input external delay
     1    0.003510    0.010268    0.005679    4.005679 v a[29] (in)
                                                         a[29] (net)
                      0.010270    0.000000    4.005679 v input22/A (sky130_fd_sc_hd__buf_1)
     3    0.010807    0.068984    0.108693    4.114372 v input22/X (sky130_fd_sc_hd__buf_1)
                                                         net22 (net)
                      0.068988    0.000569    4.114941 v _357_/B (sky130_fd_sc_hd__nor2_1)
     1    0.002768    0.075772    0.089844    4.204785 ^ _357_/Y (sky130_fd_sc_hd__nor2_1)
                                                         _152_ (net)
                      0.075772    0.000130    4.204915 ^ _374_/B1 (sky130_fd_sc_hd__a31o_1)
     2    0.009100    0.095063    0.139578    4.344493 ^ _374_/X (sky130_fd_sc_hd__a31o_1)
                                                         _168_ (net)
                      0.095063    0.000353    4.344845 ^ _375_/B (sky130_fd_sc_hd__xnor2_1)
     1    0.002296    0.033854    0.065418    4.410264 v _375_/Y (sky130_fd_sc_hd__xnor2_1)
                                                         net90 (net)
                      0.033854    0.000148    4.410412 v output90/A (sky130_fd_sc_hd__buf_2)
     1    0.034789    0.091160    0.175409    4.585822 v output90/X (sky130_fd_sc_hd__buf_2)
                                                         sum[30] (net)
                      0.091199    0.001736    4.587558 v sum[30] (out)
                                              4.587558   data arrival time

                      0.000000    0.000000    0.000000   clock __VIRTUAL_CLK__ (rise edge)
                                  0.000000    0.000000   clock network delay (ideal)
                                  0.250000    0.250000   clock uncertainty
                                  0.000000    0.250000   clock reconvergence pessimism
                                 -4.000000   -3.750000   output external delay
                                             -3.750000   data required time
---------------------------------------------------------------------------------------------
                                             -3.750000   data required time
                                             -4.587558   data arrival time
---------------------------------------------------------------------------------------------
                                              8.337558   slack (MET)


Startpoint: b[12] (input port clocked by __VIRTUAL_CLK__)
Endpoint: sum[12] (output port clocked by __VIRTUAL_CLK__)
Path Group: __VIRTUAL_CLK__
Path Type: min

Fanout         Cap        Slew       Delay        Time   Description
---------------------------------------------------------------------------------------------
                      0.000000    0.000000    0.000000   clock __VIRTUAL_CLK__ (rise edge)
                                  0.000000    0.000000   clock network delay (ideal)
                                  4.000000    4.000000 ^ input external delay
     1    0.002861    0.019992    0.010575    4.010575 ^ b[12] (in)
                                                         b[12] (net)
                      0.019992    0.000000    4.010575 ^ input36/A (sky130_fd_sc_hd__clkbuf_1)
     2    0.004872    0.066953    0.088345    4.098920 ^ input36/X (sky130_fd_sc_hd__clkbuf_1)
                                                         net36 (net)
                      0.066953    0.000328    4.099248 ^ _253_/A (sky130_fd_sc_hd__nand2_1)
     4    0.011319    0.086902    0.095201    4.194449 v _253_/Y (sky130_fd_sc_hd__nand2_1)
                                                         _064_ (net)
                      0.086906    0.000541    4.194990 v _255_/A (sky130_fd_sc_hd__nand2_1)
     2    0.012432    0.120904    0.132051    4.327041 ^ _255_/Y (sky130_fd_sc_hd__nand2_1)
                                                         _066_ (net)
                      0.120912    0.000802    4.327843 ^ _270_/A (sky130_fd_sc_hd__xnor2_1)
     1    0.003207    0.038198    0.086605    4.414448 v _270_/Y (sky130_fd_sc_hd__xnor2_1)
                                                         net70 (net)
                      0.038199    0.000237    4.414685 v output70/A (sky130_fd_sc_hd__buf_2)
     1    0.034068    0.089523    0.176050    4.590735 v output70/X (sky130_fd_sc_hd__buf_2)
                                                         sum[12] (net)
                      0.089556    0.001597    4.592332 v sum[12] (out)
                                              4.592332   data arrival time

                      0.000000    0.000000    0.000000   clock __VIRTUAL_CLK__ (rise edge)
                                  0.000000    0.000000   clock network delay (ideal)
                                  0.250000    0.250000   clock uncertainty
                                  0.000000    0.250000   clock reconvergence pessimism
                                 -4.000000   -3.750000   output external delay
                                             -3.750000   data required time
---------------------------------------------------------------------------------------------
                                             -3.750000   data required time
                                             -4.592332   data arrival time
---------------------------------------------------------------------------------------------
                                              8.342332   slack (MET)


Startpoint: b[26] (input port clocked by __VIRTUAL_CLK__)
Endpoint: sum[27] (output port clocked by __VIRTUAL_CLK__)
Path Group: __VIRTUAL_CLK__
Path Type: min

Fanout         Cap        Slew       Delay        Time   Description
---------------------------------------------------------------------------------------------
                      0.000000    0.000000    0.000000   clock __VIRTUAL_CLK__ (rise edge)
                                  0.000000    0.000000   clock network delay (ideal)
                                  4.000000    4.000000 v input external delay
     1    0.004909    0.013410    0.008029    4.008029 v b[26] (in)
                                                         b[26] (net)
                      0.013414    0.000000    4.008029 v input51/A (sky130_fd_sc_hd__buf_1)
     3    0.010169    0.065507    0.107014    4.115042 v input51/X (sky130_fd_sc_hd__buf_1)
                                                         net51 (net)
                      0.065522    0.000968    4.116010 v _326_/A (sky130_fd_sc_hd__nand2_1)
     2    0.006639    0.070891    0.086537    4.202547 ^ _326_/Y (sky130_fd_sc_hd__nand2_1)
                                                         _125_ (net)
                      0.070920    0.000433    4.202980 ^ _344_/A1 (sky130_fd_sc_hd__a31o_1)
     1    0.005724    0.065918    0.151007    4.353986 ^ _344_/X (sky130_fd_sc_hd__a31o_1)
                                                         _143_ (net)
                      0.065919    0.000415    4.354401 ^ _345_/B (sky130_fd_sc_hd__xor2_1)
     1    0.002826    0.036378    0.061312    4.415713 v _345_/X (sky130_fd_sc_hd__xor2_1)
                                                         net86 (net)
                      0.036378    0.000166    4.415879 v output86/A (sky130_fd_sc_hd__buf_2)
     1    0.034082    0.089565    0.175289    4.591168 v output86/X (sky130_fd_sc_hd__buf_2)
                                                         sum[27] (net)
                      0.089599    0.001600    4.592769 v sum[27] (out)
                                              4.592769   data arrival time

                      0.000000    0.000000    0.000000   clock __VIRTUAL_CLK__ (rise edge)
                                  0.000000    0.000000   clock network delay (ideal)
                                  0.250000    0.250000   clock uncertainty
                                  0.000000    0.250000   clock reconvergence pessimism
                                 -4.000000   -3.750000   output external delay
                                             -3.750000   data required time
---------------------------------------------------------------------------------------------
                                             -3.750000   data required time
                                             -4.592769   data arrival time
---------------------------------------------------------------------------------------------
                                              8.342769   slack (MET)


Startpoint: b[16] (input port clocked by __VIRTUAL_CLK__)
Endpoint: sum[16] (output port clocked by __VIRTUAL_CLK__)
Path Group: __VIRTUAL_CLK__
Path Type: min

Fanout         Cap        Slew       Delay        Time   Description
---------------------------------------------------------------------------------------------
                      0.000000    0.000000    0.000000   clock __VIRTUAL_CLK__ (rise edge)
                                  0.000000    0.000000   clock network delay (ideal)
                                  4.000000    4.000000 ^ input external delay
     1    0.003202    0.021468    0.011770    4.011770 ^ b[16] (in)
                                                         b[16] (net)
                      0.021477    0.000000    4.011770 ^ input40/A (sky130_fd_sc_hd__clkbuf_1)
     2    0.005739    0.076675    0.095730    4.107500 ^ input40/X (sky130_fd_sc_hd__clkbuf_1)
                                                         net40 (net)
                      0.076705    0.000389    4.107889 ^ _279_/A (sky130_fd_sc_hd__nand2_1)
     4    0.012293    0.094175    0.103639    4.211528 v _279_/Y (sky130_fd_sc_hd__nand2_1)
                                                         _086_ (net)
                      0.094177    0.000384    4.211911 v _281_/A (sky130_fd_sc_hd__nand2_1)
     3    0.010665    0.105878    0.124462    4.336373 ^ _281_/Y (sky130_fd_sc_hd__nand2_1)
                                                         _088_ (net)
                      0.105884    0.000695    4.337068 ^ _296_/A (sky130_fd_sc_hd__xor2_1)
     1    0.003639    0.039457    0.080107    4.417176 v _296_/X (sky130_fd_sc_hd__xor2_1)
                                                         net74 (net)
                      0.039457    0.000254    4.417430 v output74/A (sky130_fd_sc_hd__buf_2)
     1    0.034449    0.090333    0.177299    4.594729 v output74/X (sky130_fd_sc_hd__buf_2)
                                                         sum[16] (net)
                      0.090366    0.001611    4.596340 v sum[16] (out)
                                              4.596340   data arrival time

                      0.000000    0.000000    0.000000   clock __VIRTUAL_CLK__ (rise edge)
                                  0.000000    0.000000   clock network delay (ideal)
                                  0.250000    0.250000   clock uncertainty
                                  0.000000    0.250000   clock reconvergence pessimism
                                 -4.000000   -3.750000   output external delay
                                             -3.750000   data required time
---------------------------------------------------------------------------------------------
                                             -3.750000   data required time
                                             -4.596340   data arrival time
---------------------------------------------------------------------------------------------
                                              8.346340   slack (MET)


Startpoint: b[6] (input port clocked by __VIRTUAL_CLK__)
Endpoint: sum[7] (output port clocked by __VIRTUAL_CLK__)
Path Group: __VIRTUAL_CLK__
Path Type: min

Fanout         Cap        Slew       Delay        Time   Description
---------------------------------------------------------------------------------------------
                      0.000000    0.000000    0.000000   clock __VIRTUAL_CLK__ (rise edge)
                                  0.000000    0.000000   clock network delay (ideal)
                                  4.000000    4.000000 v input external delay
     1    0.002855    0.008742    0.004568    4.004569 v b[6] (in)
                                                         b[6] (net)
                      0.008749    0.000000    4.004569 v input61/A (sky130_fd_sc_hd__buf_1)
     3    0.014338    0.088628    0.122879    4.127447 v input61/X (sky130_fd_sc_hd__buf_1)
                                                         net61 (net)
                      0.088634    0.000815    4.128263 v _212_/A1 (sky130_fd_sc_hd__a21oi_1)
     1    0.005417    0.134876    0.172006    4.300268 ^ _212_/Y (sky130_fd_sc_hd__a21oi_1)
                                                         _031_ (net)
                      0.134876    0.000400    4.300667 ^ _213_/B (sky130_fd_sc_hd__xnor2_1)
     1    0.007239    0.065731    0.105438    4.406106 v _213_/Y (sky130_fd_sc_hd__xnor2_1)
                                                         net96 (net)
                      0.065734    0.000547    4.406652 v output96/A (sky130_fd_sc_hd__buf_2)
     1    0.034441    0.090233    0.188909    4.595562 v output96/X (sky130_fd_sc_hd__buf_2)
                                                         sum[7] (net)
                      0.090266    0.001611    4.597173 v sum[7] (out)
                                              4.597173   data arrival time

                      0.000000    0.000000    0.000000   clock __VIRTUAL_CLK__ (rise edge)
                                  0.000000    0.000000   clock network delay (ideal)
                                  0.250000    0.250000   clock uncertainty
                                  0.000000    0.250000   clock reconvergence pessimism
                                 -4.000000   -3.750000   output external delay
                                             -3.750000   data required time
---------------------------------------------------------------------------------------------
                                             -3.750000   data required time
                                             -4.597173   data arrival time
---------------------------------------------------------------------------------------------
                                              8.347172   slack (MET)


Startpoint: a[31] (input port clocked by __VIRTUAL_CLK__)
Endpoint: sum[31] (output port clocked by __VIRTUAL_CLK__)
Path Group: __VIRTUAL_CLK__
Path Type: min

Fanout         Cap        Slew       Delay        Time   Description
---------------------------------------------------------------------------------------------
                      0.000000    0.000000    0.000000   clock __VIRTUAL_CLK__ (rise edge)
                                  0.000000    0.000000   clock network delay (ideal)
                                  4.000000    4.000000 v input external delay
     1    0.004023    0.011470    0.006560    4.006560 v a[31] (in)
                                                         a[31] (net)
                      0.011474    0.000000    4.006560 v input25/A (sky130_fd_sc_hd__buf_1)
     3    0.010588    0.067779    0.108209    4.114769 v input25/X (sky130_fd_sc_hd__buf_1)
                                                         net25 (net)
                      0.067784    0.000638    4.115407 v _351_/B (sky130_fd_sc_hd__xor2_1)
     2    0.008307    0.195346    0.207135    4.322542 ^ _351_/X (sky130_fd_sc_hd__xor2_1)
                                                         _146_ (net)
                      0.195346    0.000323    4.322865 ^ _373_/A (sky130_fd_sc_hd__xor2_1)
     1    0.003646    0.039482    0.098667    4.421532 v _373_/X (sky130_fd_sc_hd__xor2_1)
                                                         net91 (net)
                      0.039482    0.000267    4.421799 v output91/A (sky130_fd_sc_hd__buf_2)
     1    0.034614    0.090727    0.177538    4.599338 v output91/X (sky130_fd_sc_hd__buf_2)
                                                         sum[31] (net)
                      0.090765    0.001713    4.601050 v sum[31] (out)
                                              4.601050   data arrival time

                      0.000000    0.000000    0.000000   clock __VIRTUAL_CLK__ (rise edge)
                                  0.000000    0.000000   clock network delay (ideal)
                                  0.250000    0.250000   clock uncertainty
                                  0.000000    0.250000   clock reconvergence pessimism
                                 -4.000000   -3.750000   output external delay
                                             -3.750000   data required time
---------------------------------------------------------------------------------------------
                                             -3.750000   data required time
                                             -4.601050   data arrival time
---------------------------------------------------------------------------------------------
                                              8.351049   slack (MET)


Startpoint: b[24] (input port clocked by __VIRTUAL_CLK__)
Endpoint: sum[25] (output port clocked by __VIRTUAL_CLK__)
Path Group: __VIRTUAL_CLK__
Path Type: min

Fanout         Cap        Slew       Delay        Time   Description
---------------------------------------------------------------------------------------------
                      0.000000    0.000000    0.000000   clock __VIRTUAL_CLK__ (rise edge)
                                  0.000000    0.000000   clock network delay (ideal)
                                  4.000000    4.000000 v input external delay
     1    0.002755    0.008511    0.004399    4.004399 v b[24] (in)
                                                         b[24] (net)
                      0.008518    0.000000    4.004399 v input49/A (sky130_fd_sc_hd__clkbuf_1)
     2    0.004549    0.035541    0.080419    4.084818 v input49/X (sky130_fd_sc_hd__clkbuf_1)
                                                         net49 (net)
                      0.035543    0.000288    4.085106 v _330_/A (sky130_fd_sc_hd__nand2_1)
     4    0.010914    0.106922    0.100376    4.185482 ^ _330_/Y (sky130_fd_sc_hd__nand2_1)
                                                         _129_ (net)
                      0.106928    0.000652    4.186134 ^ _347_/B (sky130_fd_sc_hd__nand3_1)
     1    0.002463    0.048923    0.080698    4.266832 v _347_/Y (sky130_fd_sc_hd__nand3_1)
                                                         _144_ (net)
                      0.048923    0.000154    4.266986 v _348_/B (sky130_fd_sc_hd__and2_1)
     1    0.006136    0.047395    0.167526    4.434513 v _348_/X (sky130_fd_sc_hd__and2_1)
                                                         net84 (net)
                      0.047399    0.000473    4.434985 v output84/A (sky130_fd_sc_hd__buf_2)
     1    0.035542    0.092751    0.182330    4.617315 v output84/X (sky130_fd_sc_hd__buf_2)
                                                         sum[25] (net)
                      0.092810    0.002124    4.619439 v sum[25] (out)
                                              4.619439   data arrival time

                      0.000000    0.000000    0.000000   clock __VIRTUAL_CLK__ (rise edge)
                                  0.000000    0.000000   clock network delay (ideal)
                                  0.250000    0.250000   clock uncertainty
                                  0.000000    0.250000   clock reconvergence pessimism
                                 -4.000000   -3.750000   output external delay
                                             -3.750000   data required time
---------------------------------------------------------------------------------------------
                                             -3.750000   data required time
                                             -4.619439   data arrival time
---------------------------------------------------------------------------------------------
                                              8.369439   slack (MET)


Startpoint: b[9] (input port clocked by __VIRTUAL_CLK__)
Endpoint: sum[9] (output port clocked by __VIRTUAL_CLK__)
Path Group: __VIRTUAL_CLK__
Path Type: min

Fanout         Cap        Slew       Delay        Time   Description
---------------------------------------------------------------------------------------------
                      0.000000    0.000000    0.000000   clock __VIRTUAL_CLK__ (rise edge)
                                  0.000000    0.000000   clock network delay (ideal)
                                  4.000000    4.000000 ^ input external delay
     1    0.002936    0.020318    0.010841    4.010841 ^ b[9] (in)
                                                         b[9] (net)
                      0.020318    0.000000    4.010841 ^ input64/A (sky130_fd_sc_hd__clkbuf_1)
     2    0.005241    0.071087    0.091441    4.102282 ^ input64/X (sky130_fd_sc_hd__clkbuf_1)
                                                         net64 (net)
                      0.071087    0.000283    4.102565 ^ _224_/A (sky130_fd_sc_hd__nand2_1)
     3    0.014471    0.108496    0.112428    4.214993 v _224_/Y (sky130_fd_sc_hd__nand2_1)
                                                         _039_ (net)
                      0.108504    0.000785    4.215777 v _226_/A (sky130_fd_sc_hd__nand2_1)
     2    0.010943    0.108668    0.132706    4.348484 ^ _226_/Y (sky130_fd_sc_hd__nand2_1)
                                                         _041_ (net)
                      0.108706    0.000422    4.348906 ^ _242_/A (sky130_fd_sc_hd__xnor2_1)
     1    0.007674    0.067865    0.109441    4.458346 v _242_/Y (sky130_fd_sc_hd__xnor2_1)
                                                         net98 (net)
                      0.067868    0.000578    4.458924 v output98/A (sky130_fd_sc_hd__buf_2)
     1    0.034820    0.091105    0.190473    4.649396 v output98/X (sky130_fd_sc_hd__buf_2)
                                                         sum[9] (net)
                      0.091144    0.001738    4.651134 v sum[9] (out)
                                              4.651134   data arrival time

                      0.000000    0.000000    0.000000   clock __VIRTUAL_CLK__ (rise edge)
                                  0.000000    0.000000   clock network delay (ideal)
                                  0.250000    0.250000   clock uncertainty
                                  0.000000    0.250000   clock reconvergence pessimism
                                 -4.000000   -3.750000   output external delay
                                             -3.750000   data required time
---------------------------------------------------------------------------------------------
                                             -3.750000   data required time
                                             -4.651134   data arrival time
---------------------------------------------------------------------------------------------
                                              8.401134   slack (MET)


Startpoint: a[20] (input port clocked by __VIRTUAL_CLK__)
Endpoint: sum[20] (output port clocked by __VIRTUAL_CLK__)
Path Group: __VIRTUAL_CLK__
Path Type: min

Fanout         Cap        Slew       Delay        Time   Description
---------------------------------------------------------------------------------------------
                      0.000000    0.000000    0.000000   clock __VIRTUAL_CLK__ (rise edge)
                                  0.000000    0.000000   clock network delay (ideal)
                                  4.000000    4.000000 ^ input external delay
     1    0.002910    0.020202    0.010747    4.010747 ^ a[20] (in)
                                                         a[20] (net)
                      0.020203    0.000000    4.010747 ^ input13/A (sky130_fd_sc_hd__clkbuf_1)
     2    0.004580    0.063693    0.086105    4.096853 ^ input13/X (sky130_fd_sc_hd__clkbuf_1)
                                                         net13 (net)
                      0.063693    0.000281    4.097134 ^ _306_/B (sky130_fd_sc_hd__or2_1)
     1    0.005962    0.066667    0.114992    4.212126 ^ _306_/X (sky130_fd_sc_hd__or2_1)
                                                         _109_ (net)
                      0.066667    0.000389    4.212515 ^ _307_/B (sky130_fd_sc_hd__nand2_1)
     3    0.007846    0.064212    0.080556    4.293070 v _307_/Y (sky130_fd_sc_hd__nand2_1)
                                                         _110_ (net)
                      0.064212    0.000262    4.293333 v _322_/A (sky130_fd_sc_hd__nand3_1)
     1    0.001936    0.042466    0.064276    4.357609 ^ _322_/Y (sky130_fd_sc_hd__nand3_1)
                                                         _122_ (net)
                      0.042466    0.000131    4.357740 ^ _323_/B (sky130_fd_sc_hd__and2_1)
     1    0.003868    0.054918    0.121593    4.479333 ^ _323_/X (sky130_fd_sc_hd__and2_1)
                                                         net79 (net)
                      0.054920    0.000294    4.479627 ^ output79/A (sky130_fd_sc_hd__buf_2)
     1    0.034445    0.171105    0.201662    4.681289 ^ output79/X (sky130_fd_sc_hd__buf_2)
                                                         sum[20] (net)
                      0.171177    0.001614    4.682903 ^ sum[20] (out)
                                              4.682903   data arrival time

                      0.000000    0.000000    0.000000   clock __VIRTUAL_CLK__ (rise edge)
                                  0.000000    0.000000   clock network delay (ideal)
                                  0.250000    0.250000   clock uncertainty
                                  0.000000    0.250000   clock reconvergence pessimism
                                 -4.000000   -3.750000   output external delay
                                             -3.750000   data required time
---------------------------------------------------------------------------------------------
                                             -3.750000   data required time
                                             -4.682903   data arrival time
---------------------------------------------------------------------------------------------
                                              8.432902   slack (MET)


Startpoint: a[28] (input port clocked by __VIRTUAL_CLK__)
Endpoint: sum[28] (output port clocked by __VIRTUAL_CLK__)
Path Group: __VIRTUAL_CLK__
Path Type: min

Fanout         Cap        Slew       Delay        Time   Description
---------------------------------------------------------------------------------------------
                      0.000000    0.000000    0.000000   clock __VIRTUAL_CLK__ (rise edge)
                                  0.000000    0.000000   clock network delay (ideal)
                                  4.000000    4.000000 v input external delay
     1    0.003159    0.009450    0.005082    4.005082 v a[28] (in)
                                                         a[28] (net)
                      0.009457    0.000000    4.005082 v input21/A (sky130_fd_sc_hd__buf_1)
     3    0.008059    0.053825    0.096807    4.101888 v input21/X (sky130_fd_sc_hd__buf_1)
                                                         net21 (net)
                      0.053829    0.000528    4.102417 v _362_/B (sky130_fd_sc_hd__nor2_1)
     3    0.011472    0.218553    0.190907    4.293324 ^ _362_/Y (sky130_fd_sc_hd__nor2_1)
                                                         _157_ (net)
                      0.218558    0.000903    4.294227 ^ _379_/A2 (sky130_fd_sc_hd__o2111a_1)
     1    0.003272    0.053672    0.200155    4.494382 ^ _379_/X (sky130_fd_sc_hd__o2111a_1)
                                                         _171_ (net)
                      0.053679    0.000226    4.494607 ^ _380_/B (sky130_fd_sc_hd__nor2_1)
     1    0.003700    0.025364    0.042038    4.536645 v _380_/Y (sky130_fd_sc_hd__nor2_1)
                                                         net87 (net)
                      0.025367    0.000259    4.536905 v output87/A (sky130_fd_sc_hd__buf_2)
     1    0.034828    0.091307    0.171824    4.708729 v output87/X (sky130_fd_sc_hd__buf_2)
                                                         sum[28] (net)
                      0.091346    0.001739    4.710468 v sum[28] (out)
                                              4.710468   data arrival time

                      0.000000    0.000000    0.000000   clock __VIRTUAL_CLK__ (rise edge)
                                  0.000000    0.000000   clock network delay (ideal)
                                  0.250000    0.250000   clock uncertainty
                                  0.000000    0.250000   clock reconvergence pessimism
                                 -4.000000   -3.750000   output external delay
                                             -3.750000   data required time
---------------------------------------------------------------------------------------------
                                             -3.750000   data required time
                                             -4.710468   data arrival time
---------------------------------------------------------------------------------------------
                                              8.460468   slack (MET)


Startpoint: a[8] (input port clocked by __VIRTUAL_CLK__)
Endpoint: sum[8] (output port clocked by __VIRTUAL_CLK__)
Path Group: __VIRTUAL_CLK__
Path Type: min

Fanout         Cap        Slew       Delay        Time   Description
---------------------------------------------------------------------------------------------
                      0.000000    0.000000    0.000000   clock __VIRTUAL_CLK__ (rise edge)
                                  0.000000    0.000000   clock network delay (ideal)
                                  4.000000    4.000000 v input external delay
     1    0.003453    0.010136    0.005580    4.005580 v a[8] (in)
                                                         a[8] (net)
                      0.010139    0.000000    4.005580 v input31/A (sky130_fd_sc_hd__buf_1)
     2    0.009402    0.061251    0.102606    4.108186 v input31/X (sky130_fd_sc_hd__buf_1)
                                                         net31 (net)
                      0.061262    0.000801    4.108987 v _234_/B (sky130_fd_sc_hd__nor2_1)
     1    0.001785    0.060433    0.074664    4.183651 ^ _234_/Y (sky130_fd_sc_hd__nor2_1)
                                                         _049_ (net)
                      0.060433    0.000126    4.183777 ^ _235_/B (sky130_fd_sc_hd__or2_1)
     2    0.014131    0.139464    0.166108    4.349885 ^ _235_/X (sky130_fd_sc_hd__or2_1)
                                                         _050_ (net)
                      0.139467    0.000846    4.350730 ^ _243_/B (sky130_fd_sc_hd__and2_1)
     1    0.003479    0.051748    0.145415    4.496145 ^ _243_/X (sky130_fd_sc_hd__and2_1)
                                                         _055_ (net)
                      0.051748    0.000227    4.496372 ^ _244_/B (sky130_fd_sc_hd__nor2_1)
     1    0.003942    0.025917    0.042228    4.538600 v _244_/Y (sky130_fd_sc_hd__nor2_1)
                                                         net97 (net)
                      0.025920    0.000284    4.538885 v output97/A (sky130_fd_sc_hd__buf_2)
     1    0.034693    0.091009    0.171819    4.710703 v output97/X (sky130_fd_sc_hd__buf_2)
                                                         sum[8] (net)
                      0.091047    0.001731    4.712434 v sum[8] (out)
                                              4.712434   data arrival time

                      0.000000    0.000000    0.000000   clock __VIRTUAL_CLK__ (rise edge)
                                  0.000000    0.000000   clock network delay (ideal)
                                  0.250000    0.250000   clock uncertainty
                                  0.000000    0.250000   clock reconvergence pessimism
                                 -4.000000   -3.750000   output external delay
                                             -3.750000   data required time
---------------------------------------------------------------------------------------------
                                             -3.750000   data required time
                                             -4.712434   data arrival time
---------------------------------------------------------------------------------------------
                                              8.462435   slack (MET)


Startpoint: b[5] (input port clocked by __VIRTUAL_CLK__)
Endpoint: sum[6] (output port clocked by __VIRTUAL_CLK__)
Path Group: __VIRTUAL_CLK__
Path Type: min

Fanout         Cap        Slew       Delay        Time   Description
---------------------------------------------------------------------------------------------
                      0.000000    0.000000    0.000000   clock __VIRTUAL_CLK__ (rise edge)
                                  0.000000    0.000000   clock network delay (ideal)
                                  4.000000    4.000000 ^ input external delay
     1    0.003290    0.021859    0.012078    4.012078 ^ b[5] (in)
                                                         b[5] (net)
                      0.021860    0.000000    4.012078 ^ input60/A (sky130_fd_sc_hd__clkbuf_1)
     2    0.004944    0.067766    0.089572    4.101650 ^ input60/X (sky130_fd_sc_hd__clkbuf_1)
                                                         net60 (net)
                      0.067766    0.000297    4.101947 ^ _198_/A (sky130_fd_sc_hd__and2_1)
     4    0.013830    0.144438    0.192101    4.294047 ^ _198_/X (sky130_fd_sc_hd__and2_1)
                                                         _017_ (net)
                      0.144439    0.000814    4.294862 ^ _214_/B (sky130_fd_sc_hd__or3_1)
     1    0.001914    0.030832    0.118844    4.413705 ^ _214_/X (sky130_fd_sc_hd__or3_1)
                                                         _032_ (net)
                      0.030832    0.000087    4.413793 ^ _215_/B (sky130_fd_sc_hd__and2b_1)
     1    0.002792    0.041243    0.108537    4.522330 ^ _215_/X (sky130_fd_sc_hd__and2b_1)
                                                         net95 (net)
                      0.041243    0.000177    4.522507 ^ output95/A (sky130_fd_sc_hd__buf_2)
     1    0.034526    0.171555    0.196661    4.719167 ^ output95/X (sky130_fd_sc_hd__buf_2)
                                                         sum[6] (net)
                      0.171579    0.001695    4.720862 ^ sum[6] (out)
                                              4.720862   data arrival time

                      0.000000    0.000000    0.000000   clock __VIRTUAL_CLK__ (rise edge)
                                  0.000000    0.000000   clock network delay (ideal)
                                  0.250000    0.250000   clock uncertainty
                                  0.000000    0.250000   clock reconvergence pessimism
                                 -4.000000   -3.750000   output external delay
                                             -3.750000   data required time
---------------------------------------------------------------------------------------------
                                             -3.750000   data required time
                                             -4.720862   data arrival time
---------------------------------------------------------------------------------------------
                                              8.470861   slack (MET)


Startpoint: a[24] (input port clocked by __VIRTUAL_CLK__)
Endpoint: sum[24] (output port clocked by __VIRTUAL_CLK__)
Path Group: __VIRTUAL_CLK__
Path Type: min

Fanout         Cap        Slew       Delay        Time   Description
---------------------------------------------------------------------------------------------
                      0.000000    0.000000    0.000000   clock __VIRTUAL_CLK__ (rise edge)
                                  0.000000    0.000000   clock network delay (ideal)
                                  4.000000    4.000000 ^ input external delay
     1    0.003180    0.021373    0.011697    4.011697 ^ a[24] (in)
                                                         a[24] (net)
                      0.021381    0.000000    4.011697 ^ input17/A (sky130_fd_sc_hd__clkbuf_1)
     2    0.004634    0.064300    0.086966    4.098663 ^ input17/X (sky130_fd_sc_hd__clkbuf_1)
                                                         net17 (net)
                      0.064300    0.000247    4.098911 ^ _338_/B (sky130_fd_sc_hd__or2_1)
     1    0.002495    0.037060    0.092333    4.191244 ^ _338_/X (sky130_fd_sc_hd__or2_1)
                                                         _137_ (net)
                      0.037060    0.000115    4.191358 ^ _339_/B (sky130_fd_sc_hd__nand2_1)
     3    0.010279    0.079357    0.083481    4.274839 v _339_/Y (sky130_fd_sc_hd__nand2_1)
                                                         _138_ (net)
                      0.079374    0.000963    4.275802 v _349_/C (sky130_fd_sc_hd__nand3_1)
     1    0.002076    0.045607    0.086014    4.361816 ^ _349_/Y (sky130_fd_sc_hd__nand3_1)
                                                         _145_ (net)
                      0.045607    0.000093    4.361909 ^ _350_/B (sky130_fd_sc_hd__and2_1)
     1    0.009489    0.104214    0.160502    4.522411 ^ _350_/X (sky130_fd_sc_hd__and2_1)
                                                         net83 (net)
                      0.104225    0.001135    4.523547 ^ output83/A (sky130_fd_sc_hd__buf_2)
     1    0.035787    0.177830    0.223900    4.747447 ^ output83/X (sky130_fd_sc_hd__buf_2)
                                                         sum[24] (net)
                      0.177921    0.002154    4.749601 ^ sum[24] (out)
                                              4.749601   data arrival time

                      0.000000    0.000000    0.000000   clock __VIRTUAL_CLK__ (rise edge)
                                  0.000000    0.000000   clock network delay (ideal)
                                  0.250000    0.250000   clock uncertainty
                                  0.000000    0.250000   clock reconvergence pessimism
                                 -4.000000   -3.750000   output external delay
                                             -3.750000   data required time
---------------------------------------------------------------------------------------------
                                             -3.750000   data required time
                                             -4.749601   data arrival time
---------------------------------------------------------------------------------------------
                                              8.499601   slack (MET)



