
===========================================================================
report_checks -path_delay min (Hold)
============================================================================
======================= max_ff_n40C_1v95 Corner ===================================

Startpoint: cin (input port clocked by __VIRTUAL_CLK__)
Endpoint: sum[0] (output port clocked by __VIRTUAL_CLK__)
Path Group: __VIRTUAL_CLK__
Path Type: min

Fanout         Cap        Slew       Delay        Time   Description
---------------------------------------------------------------------------------------------
                      0.000000    0.000000    0.000000   clock __VIRTUAL_CLK__ (rise edge)
                                  0.000000    0.000000   clock network delay (ideal)
                                  4.000000    4.000000 ^ input external delay
     1    0.002910    0.014311    0.007570    4.007569 ^ cin (in)
                                                         cin (net)
                      0.014313    0.000000    4.007569 ^ input17/A (sky130_fd_sc_hd__buf_1)
     2    0.008500    0.079921    0.081019    4.088589 ^ input17/X (sky130_fd_sc_hd__buf_1)
                                                         net17 (net)
                      0.079928    0.000620    4.089209 ^ _58_/A (sky130_fd_sc_hd__xnor2_1)
     1    0.003424    0.024170    0.047751    4.136960 v _58_/Y (sky130_fd_sc_hd__xnor2_1)
                                                         net19 (net)
                      0.024172    0.000212    4.137172 v output19/A (sky130_fd_sc_hd__buf_2)
     1    0.034029    0.062430    0.113893    4.251065 v output19/X (sky130_fd_sc_hd__buf_2)
                                                         sum[0] (net)
                      0.062481    0.001611    4.252676 v sum[0] (out)
                                              4.252676   data arrival time

                      0.000000    0.000000    0.000000   clock __VIRTUAL_CLK__ (rise edge)
                                  0.000000    0.000000   clock network delay (ideal)
                                  0.250000    0.250000   clock uncertainty
                                  0.000000    0.250000   clock reconvergence pessimism
                                 -4.000000   -3.750000   output external delay
                                             -3.750000   data required time
---------------------------------------------------------------------------------------------
                                             -3.750000   data required time
                                             -4.252676   data arrival time
---------------------------------------------------------------------------------------------
                                              8.002676   slack (MET)


Startpoint: b[5] (input port clocked by __VIRTUAL_CLK__)
Endpoint: sum[5] (output port clocked by __VIRTUAL_CLK__)
Path Group: __VIRTUAL_CLK__
Path Type: min

Fanout         Cap        Slew       Delay        Time   Description
---------------------------------------------------------------------------------------------
                      0.000000    0.000000    0.000000   clock __VIRTUAL_CLK__ (rise edge)
                                  0.000000    0.000000   clock network delay (ideal)
                                  4.000000    4.000000 ^ input external delay
     1    0.003154    0.015186    0.008209    4.008209 ^ b[5] (in)
                                                         b[5] (net)
                      0.015188    0.000000    4.008209 ^ input14/A (sky130_fd_sc_hd__clkbuf_1)
     2    0.005869    0.057715    0.065992    4.074201 ^ input14/X (sky130_fd_sc_hd__clkbuf_1)
                                                         net14 (net)
                      0.057718    0.000343    4.074544 ^ _75_/A (sky130_fd_sc_hd__nand2_1)
     3    0.007820    0.040243    0.046871    4.121416 v _75_/Y (sky130_fd_sc_hd__nand2_1)
                                                         _32_ (net)
                      0.040250    0.000429    4.121845 v _80_/B (sky130_fd_sc_hd__nand2_1)
     1    0.005224    0.043866    0.057732    4.179576 ^ _80_/Y (sky130_fd_sc_hd__nand2_1)
                                                         _36_ (net)
                      0.043888    0.000385    4.179961 ^ _83_/B (sky130_fd_sc_hd__xnor2_1)
     1    0.002773    0.021877    0.035152    4.215113 v _83_/Y (sky130_fd_sc_hd__xnor2_1)
                                                         net24 (net)
                      0.021878    0.000172    4.215285 v output24/A (sky130_fd_sc_hd__buf_2)
     1    0.034449    0.063037    0.113574    4.328859 v output24/X (sky130_fd_sc_hd__buf_2)
                                                         sum[5] (net)
                      0.063088    0.001610    4.330469 v sum[5] (out)
                                              4.330469   data arrival time

                      0.000000    0.000000    0.000000   clock __VIRTUAL_CLK__ (rise edge)
                                  0.000000    0.000000   clock network delay (ideal)
                                  0.250000    0.250000   clock uncertainty
                                  0.000000    0.250000   clock reconvergence pessimism
                                 -4.000000   -3.750000   output external delay
                                             -3.750000   data required time
---------------------------------------------------------------------------------------------
                                             -3.750000   data required time
                                             -4.330469   data arrival time
---------------------------------------------------------------------------------------------
                                              8.080468   slack (MET)


Startpoint: b[7] (input port clocked by __VIRTUAL_CLK__)
Endpoint: sum[7] (output port clocked by __VIRTUAL_CLK__)
Path Group: __VIRTUAL_CLK__
Path Type: min

Fanout         Cap        Slew       Delay        Time   Description
---------------------------------------------------------------------------------------------
                      0.000000    0.000000    0.000000   clock __VIRTUAL_CLK__ (rise edge)
                                  0.000000    0.000000   clock network delay (ideal)
                                  4.000000    4.000000 ^ input external delay
     1    0.002991    0.014601    0.007783    4.007783 ^ b[7] (in)
                                                         b[7] (net)
                      0.014603    0.000000    4.007783 ^ input16/A (sky130_fd_sc_hd__clkbuf_1)
     3    0.007236    0.069256    0.073846    4.081629 ^ input16/X (sky130_fd_sc_hd__clkbuf_1)
                                                         net16 (net)
                      0.069257    0.000250    4.081879 ^ _60_/A (sky130_fd_sc_hd__nand2_1)
     2    0.007665    0.042164    0.048166    4.130044 v _60_/Y (sky130_fd_sc_hd__nand2_1)
                                                         _17_ (net)
                      0.042174    0.000556    4.130601 v _62_/A (sky130_fd_sc_hd__nand2_1)
     1    0.005428    0.044886    0.053988    4.184589 ^ _62_/Y (sky130_fd_sc_hd__nand2_1)
                                                         _19_ (net)
                      0.044892    0.000405    4.184994 ^ _78_/A (sky130_fd_sc_hd__xnor2_1)
     1    0.002212    0.020279    0.037843    4.222837 v _78_/Y (sky130_fd_sc_hd__xnor2_1)
                                                         net26 (net)
                      0.020279    0.000101    4.222938 v output26/A (sky130_fd_sc_hd__buf_2)
     1    0.034006    0.062376    0.112432    4.335370 v output26/X (sky130_fd_sc_hd__buf_2)
                                                         sum[7] (net)
                      0.062427    0.001611    4.336981 v sum[7] (out)
                                              4.336981   data arrival time

                      0.000000    0.000000    0.000000   clock __VIRTUAL_CLK__ (rise edge)
                                  0.000000    0.000000   clock network delay (ideal)
                                  0.250000    0.250000   clock uncertainty
                                  0.000000    0.250000   clock reconvergence pessimism
                                 -4.000000   -3.750000   output external delay
                                             -3.750000   data required time
---------------------------------------------------------------------------------------------
                                             -3.750000   data required time
                                             -4.336981   data arrival time
---------------------------------------------------------------------------------------------
                                              8.086980   slack (MET)


Startpoint: a[3] (input port clocked by __VIRTUAL_CLK__)
Endpoint: sum[3] (output port clocked by __VIRTUAL_CLK__)
Path Group: __VIRTUAL_CLK__
Path Type: min

Fanout         Cap        Slew       Delay        Time   Description
---------------------------------------------------------------------------------------------
                      0.000000    0.000000    0.000000   clock __VIRTUAL_CLK__ (rise edge)
                                  0.000000    0.000000   clock network delay (ideal)
                                  4.000000    4.000000 v input external delay
     1    0.002732    0.004615    0.002257    4.002257 v a[3] (in)
                                                         a[3] (net)
                      0.004618    0.000000    4.002257 v input4/A (sky130_fd_sc_hd__clkbuf_1)
     3    0.006148    0.030199    0.057232    4.059489 v input4/X (sky130_fd_sc_hd__clkbuf_1)
                                                         net4 (net)
                      0.030200    0.000204    4.059694 v _39_/B (sky130_fd_sc_hd__nor2_1)
     1    0.002679    0.051810    0.053448    4.113142 ^ _39_/Y (sky130_fd_sc_hd__nor2_1)
                                                         _00_ (net)
                      0.051811    0.000124    4.113266 ^ _42_/A (sky130_fd_sc_hd__nor2_1)
     1    0.004606    0.026418    0.033651    4.146917 v _42_/Y (sky130_fd_sc_hd__nor2_1)
                                                         _03_ (net)
                      0.026419    0.000217    4.147134 v _55_/A (sky130_fd_sc_hd__xnor2_1)
     1    0.002893    0.022524    0.075007    4.222141 v _55_/Y (sky130_fd_sc_hd__xnor2_1)
                                                         net22 (net)
                      0.022524    0.000176    4.222317 v output22/A (sky130_fd_sc_hd__buf_2)
     1    0.034449    0.063042    0.113803    4.336120 v output22/X (sky130_fd_sc_hd__buf_2)
                                                         sum[3] (net)
                      0.063092    0.001610    4.337730 v sum[3] (out)
                                              4.337730   data arrival time

                      0.000000    0.000000    0.000000   clock __VIRTUAL_CLK__ (rise edge)
                                  0.000000    0.000000   clock network delay (ideal)
                                  0.250000    0.250000   clock uncertainty
                                  0.000000    0.250000   clock reconvergence pessimism
                                 -4.000000   -3.750000   output external delay
                                             -3.750000   data required time
---------------------------------------------------------------------------------------------
                                             -3.750000   data required time
                                             -4.337730   data arrival time
---------------------------------------------------------------------------------------------
                                              8.087729   slack (MET)


Startpoint: a[4] (input port clocked by __VIRTUAL_CLK__)
Endpoint: sum[4] (output port clocked by __VIRTUAL_CLK__)
Path Group: __VIRTUAL_CLK__
Path Type: min

Fanout         Cap        Slew       Delay        Time   Description
---------------------------------------------------------------------------------------------
                      0.000000    0.000000    0.000000   clock __VIRTUAL_CLK__ (rise edge)
                                  0.000000    0.000000   clock network delay (ideal)
                                  4.000000    4.000000 ^ input external delay
     1    0.002870    0.014168    0.007464    4.007464 ^ a[4] (in)
                                                         a[4] (net)
                      0.014170    0.000000    4.007464 ^ input5/A (sky130_fd_sc_hd__clkbuf_1)
     2    0.005162    0.051769    0.061563    4.069027 ^ input5/X (sky130_fd_sc_hd__clkbuf_1)
                                                         net5 (net)
                      0.051772    0.000334    4.069361 ^ _67_/B (sky130_fd_sc_hd__nand2_1)
     2    0.008472    0.042321    0.051073    4.120434 v _67_/Y (sky130_fd_sc_hd__nand2_1)
                                                         _24_ (net)
                      0.042325    0.000310    4.120743 v _69_/A (sky130_fd_sc_hd__nand2_1)
     2    0.010343    0.076076    0.077096    4.197840 ^ _69_/Y (sky130_fd_sc_hd__nand2_1)
                                                         _26_ (net)
                      0.076078    0.000385    4.198225 ^ _84_/A (sky130_fd_sc_hd__xnor2_1)
     1    0.002541    0.022683    0.043469    4.241694 v _84_/Y (sky130_fd_sc_hd__xnor2_1)
                                                         net23 (net)
                      0.022689    0.000170    4.241864 v output23/A (sky130_fd_sc_hd__buf_2)
     1    0.034202    0.062701    0.113466    4.355330 v output23/X (sky130_fd_sc_hd__buf_2)
                                                         sum[4] (net)
                      0.062758    0.001700    4.357029 v sum[4] (out)
                                              4.357029   data arrival time

                      0.000000    0.000000    0.000000   clock __VIRTUAL_CLK__ (rise edge)
                                  0.000000    0.000000   clock network delay (ideal)
                                  0.250000    0.250000   clock uncertainty
                                  0.000000    0.250000   clock reconvergence pessimism
                                 -4.000000   -3.750000   output external delay
                                             -3.750000   data required time
---------------------------------------------------------------------------------------------
                                             -3.750000   data required time
                                             -4.357029   data arrival time
---------------------------------------------------------------------------------------------
                                              8.107030   slack (MET)


Startpoint: b[6] (input port clocked by __VIRTUAL_CLK__)
Endpoint: sum[6] (output port clocked by __VIRTUAL_CLK__)
Path Group: __VIRTUAL_CLK__
Path Type: min

Fanout         Cap        Slew       Delay        Time   Description
---------------------------------------------------------------------------------------------
                      0.000000    0.000000    0.000000   clock __VIRTUAL_CLK__ (rise edge)
                                  0.000000    0.000000   clock network delay (ideal)
                                  4.000000    4.000000 ^ input external delay
     1    0.003137    0.015126    0.008165    4.008164 ^ b[6] (in)
                                                         b[6] (net)
                      0.015128    0.000000    4.008164 ^ input15/A (sky130_fd_sc_hd__clkbuf_1)
     2    0.005941    0.058317    0.066386    4.074551 ^ input15/X (sky130_fd_sc_hd__clkbuf_1)
                                                         net15 (net)
                      0.058321    0.000379    4.074930 ^ _64_/A (sky130_fd_sc_hd__nand2_1)
     4    0.011800    0.055424    0.059994    4.134923 v _64_/Y (sky130_fd_sc_hd__nand2_1)
                                                         _21_ (net)
                      0.055437    0.000691    4.135615 v _79_/B (sky130_fd_sc_hd__nand2_1)
     1    0.005867    0.048073    0.066986    4.202600 ^ _79_/Y (sky130_fd_sc_hd__nand2_1)
                                                         _35_ (net)
                      0.048098    0.000431    4.203032 ^ _82_/A (sky130_fd_sc_hd__xnor2_1)
     1    0.003670    0.026881    0.044125    4.247156 v _82_/Y (sky130_fd_sc_hd__xnor2_1)
                                                         net25 (net)
                      0.026883    0.000231    4.247387 v output25/A (sky130_fd_sc_hd__buf_2)
     1    0.034237    0.062741    0.115228    4.362615 v output25/X (sky130_fd_sc_hd__buf_2)
                                                         sum[6] (net)
                      0.062793    0.001634    4.364250 v sum[6] (out)
                                              4.364250   data arrival time

                      0.000000    0.000000    0.000000   clock __VIRTUAL_CLK__ (rise edge)
                                  0.000000    0.000000   clock network delay (ideal)
                                  0.250000    0.250000   clock uncertainty
                                  0.000000    0.250000   clock reconvergence pessimism
                                 -4.000000   -3.750000   output external delay
                                             -3.750000   data required time
---------------------------------------------------------------------------------------------
                                             -3.750000   data required time
                                             -4.364250   data arrival time
---------------------------------------------------------------------------------------------
                                              8.114249   slack (MET)


Startpoint: a[1] (input port clocked by __VIRTUAL_CLK__)
Endpoint: sum[1] (output port clocked by __VIRTUAL_CLK__)
Path Group: __VIRTUAL_CLK__
Path Type: min

Fanout         Cap        Slew       Delay        Time   Description
---------------------------------------------------------------------------------------------
                      0.000000    0.000000    0.000000   clock __VIRTUAL_CLK__ (rise edge)
                                  0.000000    0.000000   clock network delay (ideal)
                                  4.000000    4.000000 v input external delay
     1    0.003078    0.005121    0.002566    4.002565 v a[1] (in)
                                                         a[1] (net)
                      0.005130    0.000000    4.002565 v input2/A (sky130_fd_sc_hd__clkbuf_1)
     2    0.005230    0.026878    0.054546    4.057112 v input2/X (sky130_fd_sc_hd__clkbuf_1)
                                                         net2 (net)
                      0.026882    0.000336    4.057447 v _51_/B (sky130_fd_sc_hd__nor2_1)
     1    0.003010    0.055401    0.055141    4.112588 ^ _51_/Y (sky130_fd_sc_hd__nor2_1)
                                                         _12_ (net)
                      0.055402    0.000214    4.112803 ^ _52_/B (sky130_fd_sc_hd__nor2_1)
     3    0.009875    0.037220    0.044486    4.157289 v _52_/Y (sky130_fd_sc_hd__nor2_1)
                                                         _13_ (net)
                      0.037233    0.000559    4.157848 v _57_/B (sky130_fd_sc_hd__xor2_1)
     1    0.004182    0.028799    0.091077    4.248925 v _57_/X (sky130_fd_sc_hd__xor2_1)
                                                         net20 (net)
                      0.028800    0.000254    4.249179 v output20/A (sky130_fd_sc_hd__buf_2)
     1    0.033920    0.062264    0.115628    4.364807 v output20/X (sky130_fd_sc_hd__buf_2)
                                                         sum[1] (net)
                      0.062313    0.001585    4.366391 v sum[1] (out)
                                              4.366391   data arrival time

                      0.000000    0.000000    0.000000   clock __VIRTUAL_CLK__ (rise edge)
                                  0.000000    0.000000   clock network delay (ideal)
                                  0.250000    0.250000   clock uncertainty
                                  0.000000    0.250000   clock reconvergence pessimism
                                 -4.000000   -3.750000   output external delay
                                             -3.750000   data required time
---------------------------------------------------------------------------------------------
                                             -3.750000   data required time
                                             -4.366391   data arrival time
---------------------------------------------------------------------------------------------
                                              8.116391   slack (MET)


Startpoint: a[7] (input port clocked by __VIRTUAL_CLK__)
Endpoint: cout (output port clocked by __VIRTUAL_CLK__)
Path Group: __VIRTUAL_CLK__
Path Type: min

Fanout         Cap        Slew       Delay        Time   Description
---------------------------------------------------------------------------------------------
                      0.000000    0.000000    0.000000   clock __VIRTUAL_CLK__ (rise edge)
                                  0.000000    0.000000   clock network delay (ideal)
                                  4.000000    4.000000 ^ input external delay
     1    0.002876    0.014190    0.007478    4.007478 ^ a[7] (in)
                                                         a[7] (net)
                      0.014192    0.000000    4.007478 ^ input8/A (sky130_fd_sc_hd__clkbuf_1)
     3    0.007224    0.069151    0.073656    4.081134 ^ input8/X (sky130_fd_sc_hd__clkbuf_1)
                                                         net8 (net)
                      0.069154    0.000346    4.081480 ^ _61_/B (sky130_fd_sc_hd__or2_1)
     2    0.007280    0.058484    0.087859    4.169339 ^ _61_/X (sky130_fd_sc_hd__or2_1)
                                                         _18_ (net)
                      0.058485    0.000392    4.169731 ^ _86_/C1 (sky130_fd_sc_hd__o221a_1)
     1    0.002667    0.032339    0.074394    4.244125 ^ _86_/X (sky130_fd_sc_hd__o221a_1)
                                                         net18 (net)
                      0.032340    0.000174    4.244299 ^ output18/A (sky130_fd_sc_hd__buf_2)
     1    0.034080    0.127260    0.136551    4.380849 ^ output18/X (sky130_fd_sc_hd__buf_2)
                                                         cout (net)
                      0.127290    0.001636    4.382486 ^ cout (out)
                                              4.382486   data arrival time

                      0.000000    0.000000    0.000000   clock __VIRTUAL_CLK__ (rise edge)
                                  0.000000    0.000000   clock network delay (ideal)
                                  0.250000    0.250000   clock uncertainty
                                  0.000000    0.250000   clock reconvergence pessimism
                                 -4.000000   -3.750000   output external delay
                                             -3.750000   data required time
---------------------------------------------------------------------------------------------
                                             -3.750000   data required time
                                             -4.382486   data arrival time
---------------------------------------------------------------------------------------------
                                              8.132486   slack (MET)


Startpoint: a[2] (input port clocked by __VIRTUAL_CLK__)
Endpoint: sum[2] (output port clocked by __VIRTUAL_CLK__)
Path Group: __VIRTUAL_CLK__
Path Type: min

Fanout         Cap        Slew       Delay        Time   Description
---------------------------------------------------------------------------------------------
                      0.000000    0.000000    0.000000   clock __VIRTUAL_CLK__ (rise edge)
                                  0.000000    0.000000   clock network delay (ideal)
                                  4.000000    4.000000 ^ input external delay
     1    0.002824    0.014002    0.007340    4.007340 ^ a[2] (in)
                                                         a[2] (net)
                      0.014004    0.000000    4.007340 ^ input3/A (sky130_fd_sc_hd__buf_1)
     3    0.010893    0.100182    0.094853    4.102194 ^ input3/X (sky130_fd_sc_hd__buf_1)
                                                         net3 (net)
                      0.100187    0.000564    4.102758 ^ _44_/B (sky130_fd_sc_hd__nor2_1)
     2    0.007334    0.041379    0.044197    4.146955 v _44_/Y (sky130_fd_sc_hd__nor2_1)
                                                         _05_ (net)
                      0.041387    0.000465    4.147419 v _45_/B (sky130_fd_sc_hd__nor2_1)
     1    0.005106    0.079667    0.078501    4.225921 ^ _45_/Y (sky130_fd_sc_hd__nor2_1)
                                                         _06_ (net)
                      0.079670    0.000386    4.226306 ^ _56_/A (sky130_fd_sc_hd__xnor2_1)
     1    0.002724    0.023366    0.044746    4.271053 v _56_/Y (sky130_fd_sc_hd__xnor2_1)
                                                         net21 (net)
                      0.023366    0.000167    4.271220 v output21/A (sky130_fd_sc_hd__buf_2)
     1    0.034358    0.062926    0.113951    4.385171 v output21/X (sky130_fd_sc_hd__buf_2)
                                                         sum[2] (net)
                      0.062981    0.001670    4.386841 v sum[2] (out)
                                              4.386841   data arrival time

                      0.000000    0.000000    0.000000   clock __VIRTUAL_CLK__ (rise edge)
                                  0.000000    0.000000   clock network delay (ideal)
                                  0.250000    0.250000   clock uncertainty
                                  0.000000    0.250000   clock reconvergence pessimism
                                 -4.000000   -3.750000   output external delay
                                             -3.750000   data required time
---------------------------------------------------------------------------------------------
                                             -3.750000   data required time
                                             -4.386841   data arrival time
---------------------------------------------------------------------------------------------
                                              8.136841   slack (MET)



