101. Printing statistics.

=== cla32 ===

   Number of wires:                284
   Number of wire bits:            377
   Number of public wires:           5
   Number of public wire bits:      98
   Number of ports:                  5
   Number of port bits:             98
   Number of memories:               0
   Number of memory bits:            0
   Number of processes:              0
   Number of cells:                312
     $_ANDNOT_                     126
     $_AND_                         17
     $_NAND_                        15
     $_NOR_                         37
     $_NOT_                          8
     $_ORNOT_                        9
     $_OR_                          36
     $_XNOR_                        33
     $_XOR_                         31

   Area for cell type $_NOT_ is unknown!
   Area for cell type $_AND_ is unknown!
   Area for cell type $_NAND_ is unknown!
   Area for cell type $_OR_ is unknown!
   Area for cell type $_NOR_ is unknown!
   Area for cell type $_XOR_ is unknown!
   Area for cell type $_XNOR_ is unknown!
   Area for cell type $_ANDNOT_ is unknown!
   Area for cell type $_ORNOT_ is unknown!

