
===========================================================================
report_checks -path_delay max (Setup)
============================================================================
======================= nom_ff_n40C_1v95 Corner ===================================

Startpoint: b[0] (input port clocked by __VIRTUAL_CLK__)
Endpoint: sum[7] (output port clocked by __VIRTUAL_CLK__)
Path Group: __VIRTUAL_CLK__
Path Type: max

Fanout         Cap        Slew       Delay        Time   Description
---------------------------------------------------------------------------------------------
                      0.000000    0.000000    0.000000   clock __VIRTUAL_CLK__ (rise edge)
                                  0.000000    0.000000   clock network delay (ideal)
                                  4.000000    4.000000 v input external delay
     2    0.005826    0.009633    0.005155    4.005155 v b[0] (in)
                                                         b[0] (net)
                      0.009633    0.000000    4.005155 v _48_/A (sky130_fd_sc_hd__or2_2)
     2    0.006488    0.045404    0.173813    4.178968 v _48_/X (sky130_fd_sc_hd__or2_2)
                                                         _09_ (net)
                      0.045404    0.000000    4.178968 v _50_/A2 (sky130_fd_sc_hd__a21bo_2)
     3    0.017126    0.050505    0.167141    4.346108 v _50_/X (sky130_fd_sc_hd__a21bo_2)
                                                         _11_ (net)
                      0.050505    0.000000    4.346108 v _71_/A1 (sky130_fd_sc_hd__a21oi_2)
     2    0.009285    0.108955    0.117971    4.464079 ^ _71_/Y (sky130_fd_sc_hd__a21oi_2)
                                                         _28_ (net)
                      0.108955    0.000000    4.464079 ^ _74_/A2 (sky130_fd_sc_hd__o31ai_2)
     3    0.012837    0.064761    0.066424    4.530503 v _74_/Y (sky130_fd_sc_hd__o31ai_2)
                                                         _31_ (net)
                      0.064761    0.000000    4.530503 v _77_/A1 (sky130_fd_sc_hd__o211a_2)
     1    0.008002    0.040963    0.181944    4.712448 v _77_/X (sky130_fd_sc_hd__o211a_2)
                                                         _34_ (net)
                      0.040963    0.000000    4.712448 v _78_/B (sky130_fd_sc_hd__xnor2_2)
     1    0.033442    0.339362    0.265570    4.978018 ^ _78_/Y (sky130_fd_sc_hd__xnor2_2)
                                                         sum[7] (net)
                      0.339362    0.000000    4.978018 ^ sum[7] (out)
                                              4.978018   data arrival time

                      0.000000   20.000000   20.000000   clock __VIRTUAL_CLK__ (rise edge)
                                  0.000000   20.000000   clock network delay (ideal)
                                 -0.250000   19.750002   clock uncertainty
                                  0.000000   19.750002   clock reconvergence pessimism
                                 -4.000000   15.750001   output external delay
                                             15.750001   data required time
---------------------------------------------------------------------------------------------
                                             15.750001   data required time
                                             -4.978018   data arrival time
---------------------------------------------------------------------------------------------
                                             10.771983   slack (MET)


Startpoint: b[0] (input port clocked by __VIRTUAL_CLK__)
Endpoint: sum[6] (output port clocked by __VIRTUAL_CLK__)
Path Group: __VIRTUAL_CLK__
Path Type: max

Fanout         Cap        Slew       Delay        Time   Description
---------------------------------------------------------------------------------------------
                      0.000000    0.000000    0.000000   clock __VIRTUAL_CLK__ (rise edge)
                                  0.000000    0.000000   clock network delay (ideal)
                                  4.000000    4.000000 v input external delay
     2    0.005826    0.009633    0.005155    4.005155 v b[0] (in)
                                                         b[0] (net)
                      0.009633    0.000000    4.005155 v _48_/A (sky130_fd_sc_hd__or2_2)
     2    0.006488    0.045404    0.173813    4.178968 v _48_/X (sky130_fd_sc_hd__or2_2)
                                                         _09_ (net)
                      0.045404    0.000000    4.178968 v _50_/A2 (sky130_fd_sc_hd__a21bo_2)
     3    0.017126    0.050505    0.167141    4.346108 v _50_/X (sky130_fd_sc_hd__a21bo_2)
                                                         _11_ (net)
                      0.050505    0.000000    4.346108 v _71_/A1 (sky130_fd_sc_hd__a21oi_2)
     2    0.009285    0.108955    0.117971    4.464079 ^ _71_/Y (sky130_fd_sc_hd__a21oi_2)
                                                         _28_ (net)
                      0.108955    0.000000    4.464079 ^ _74_/A2 (sky130_fd_sc_hd__o31ai_2)
     3    0.012837    0.064761    0.066424    4.530503 v _74_/Y (sky130_fd_sc_hd__o31ai_2)
                                                         _31_ (net)
                      0.064761    0.000000    4.530503 v _81_/A2 (sky130_fd_sc_hd__a21bo_2)
     2    0.010267    0.039641    0.160748    4.691251 v _81_/X (sky130_fd_sc_hd__a21bo_2)
                                                         _37_ (net)
                      0.039641    0.000000    4.691251 v _82_/B (sky130_fd_sc_hd__xnor2_2)
     1    0.033442    0.339495    0.265126    4.956377 ^ _82_/Y (sky130_fd_sc_hd__xnor2_2)
                                                         sum[6] (net)
                      0.339495    0.000000    4.956377 ^ sum[6] (out)
                                              4.956377   data arrival time

                      0.000000   20.000000   20.000000   clock __VIRTUAL_CLK__ (rise edge)
                                  0.000000   20.000000   clock network delay (ideal)
                                 -0.250000   19.750002   clock uncertainty
                                  0.000000   19.750002   clock reconvergence pessimism
                                 -4.000000   15.750001   output external delay
                                             15.750001   data required time
---------------------------------------------------------------------------------------------
                                             15.750001   data required time
                                             -4.956377   data arrival time
---------------------------------------------------------------------------------------------
                                             10.793624   slack (MET)


Startpoint: b[0] (input port clocked by __VIRTUAL_CLK__)
Endpoint: cout (output port clocked by __VIRTUAL_CLK__)
Path Group: __VIRTUAL_CLK__
Path Type: max

Fanout         Cap        Slew       Delay        Time   Description
---------------------------------------------------------------------------------------------
                      0.000000    0.000000    0.000000   clock __VIRTUAL_CLK__ (rise edge)
                                  0.000000    0.000000   clock network delay (ideal)
                                  4.000000    4.000000 v input external delay
     2    0.005826    0.009633    0.005155    4.005155 v b[0] (in)
                                                         b[0] (net)
                      0.009633    0.000000    4.005155 v _48_/A (sky130_fd_sc_hd__or2_2)
     2    0.006488    0.045404    0.173813    4.178968 v _48_/X (sky130_fd_sc_hd__or2_2)
                                                         _09_ (net)
                      0.045404    0.000000    4.178968 v _50_/A2 (sky130_fd_sc_hd__a21bo_2)
     3    0.017126    0.050505    0.167141    4.346108 v _50_/X (sky130_fd_sc_hd__a21bo_2)
                                                         _11_ (net)
                      0.050505    0.000000    4.346108 v _71_/A1 (sky130_fd_sc_hd__a21oi_2)
     2    0.009285    0.108955    0.117971    4.464079 ^ _71_/Y (sky130_fd_sc_hd__a21oi_2)
                                                         _28_ (net)
                      0.108955    0.000000    4.464079 ^ _74_/A2 (sky130_fd_sc_hd__o31ai_2)
     3    0.012837    0.064761    0.066424    4.530503 v _74_/Y (sky130_fd_sc_hd__o31ai_2)
                                                         _31_ (net)
                      0.064761    0.000000    4.530503 v _81_/A2 (sky130_fd_sc_hd__a21bo_2)
     2    0.010267    0.039641    0.160748    4.691251 v _81_/X (sky130_fd_sc_hd__a21bo_2)
                                                         _37_ (net)
                      0.039641    0.000000    4.691251 v _86_/B1 (sky130_fd_sc_hd__o221a_2)
     1    0.033442    0.079726    0.207718    4.898969 v _86_/X (sky130_fd_sc_hd__o221a_2)
                                                         cout (net)
                      0.079726    0.000000    4.898969 v cout (out)
                                              4.898969   data arrival time

                      0.000000   20.000000   20.000000   clock __VIRTUAL_CLK__ (rise edge)
                                  0.000000   20.000000   clock network delay (ideal)
                                 -0.250000   19.750002   clock uncertainty
                                  0.000000   19.750002   clock reconvergence pessimism
                                 -4.000000   15.750001   output external delay
                                             15.750001   data required time
---------------------------------------------------------------------------------------------
                                             15.750001   data required time
                                             -4.898969   data arrival time
---------------------------------------------------------------------------------------------
                                             10.851031   slack (MET)


Startpoint: b[0] (input port clocked by __VIRTUAL_CLK__)
Endpoint: sum[5] (output port clocked by __VIRTUAL_CLK__)
Path Group: __VIRTUAL_CLK__
Path Type: max

Fanout         Cap        Slew       Delay        Time   Description
---------------------------------------------------------------------------------------------
                      0.000000    0.000000    0.000000   clock __VIRTUAL_CLK__ (rise edge)
                                  0.000000    0.000000   clock network delay (ideal)
                                  4.000000    4.000000 v input external delay
     2    0.005826    0.009633    0.005155    4.005155 v b[0] (in)
                                                         b[0] (net)
                      0.009633    0.000000    4.005155 v _48_/A (sky130_fd_sc_hd__or2_2)
     2    0.006488    0.045404    0.173813    4.178968 v _48_/X (sky130_fd_sc_hd__or2_2)
                                                         _09_ (net)
                      0.045404    0.000000    4.178968 v _50_/A2 (sky130_fd_sc_hd__a21bo_2)
     3    0.017126    0.050505    0.167141    4.346108 v _50_/X (sky130_fd_sc_hd__a21bo_2)
                                                         _11_ (net)
                      0.050505    0.000000    4.346108 v _71_/A1 (sky130_fd_sc_hd__a21oi_2)
     2    0.009285    0.108955    0.117971    4.464079 ^ _71_/Y (sky130_fd_sc_hd__a21oi_2)
                                                         _28_ (net)
                      0.108955    0.000000    4.464079 ^ _74_/A2 (sky130_fd_sc_hd__o31ai_2)
     3    0.012837    0.064761    0.066424    4.530503 v _74_/Y (sky130_fd_sc_hd__o31ai_2)
                                                         _31_ (net)
                      0.064761    0.000000    4.530503 v _83_/A (sky130_fd_sc_hd__xnor2_2)
     1    0.033442    0.340019    0.292582    4.823085 ^ _83_/Y (sky130_fd_sc_hd__xnor2_2)
                                                         sum[5] (net)
                      0.340019    0.000000    4.823085 ^ sum[5] (out)
                                              4.823085   data arrival time

                      0.000000   20.000000   20.000000   clock __VIRTUAL_CLK__ (rise edge)
                                  0.000000   20.000000   clock network delay (ideal)
                                 -0.250000   19.750002   clock uncertainty
                                  0.000000   19.750002   clock reconvergence pessimism
                                 -4.000000   15.750001   output external delay
                                             15.750001   data required time
---------------------------------------------------------------------------------------------
                                             15.750001   data required time
                                             -4.823085   data arrival time
---------------------------------------------------------------------------------------------
                                             10.926916   slack (MET)


Startpoint: b[0] (input port clocked by __VIRTUAL_CLK__)
Endpoint: sum[4] (output port clocked by __VIRTUAL_CLK__)
Path Group: __VIRTUAL_CLK__
Path Type: max

Fanout         Cap        Slew       Delay        Time   Description
---------------------------------------------------------------------------------------------
                      0.000000    0.000000    0.000000   clock __VIRTUAL_CLK__ (rise edge)
                                  0.000000    0.000000   clock network delay (ideal)
                                  4.000000    4.000000 v input external delay
     2    0.005826    0.009633    0.005155    4.005155 v b[0] (in)
                                                         b[0] (net)
                      0.009633    0.000000    4.005155 v _48_/A (sky130_fd_sc_hd__or2_2)
     2    0.006488    0.045404    0.173813    4.178968 v _48_/X (sky130_fd_sc_hd__or2_2)
                                                         _09_ (net)
                      0.045404    0.000000    4.178968 v _50_/A2 (sky130_fd_sc_hd__a21bo_2)
     3    0.017126    0.050505    0.167141    4.346108 v _50_/X (sky130_fd_sc_hd__a21bo_2)
                                                         _11_ (net)
                      0.050505    0.000000    4.346108 v _71_/A1 (sky130_fd_sc_hd__a21oi_2)
     2    0.009285    0.108955    0.117971    4.464079 ^ _71_/Y (sky130_fd_sc_hd__a21oi_2)
                                                         _28_ (net)
                      0.108955    0.000000    4.464079 ^ _73_/A (sky130_fd_sc_hd__nor2_2)
     1    0.008002    0.049752    0.037228    4.501308 v _73_/Y (sky130_fd_sc_hd__nor2_2)
                                                         _30_ (net)
                      0.049752    0.000000    4.501308 v _84_/B (sky130_fd_sc_hd__xnor2_2)
     1    0.033442    0.339632    0.268522    4.769830 ^ _84_/Y (sky130_fd_sc_hd__xnor2_2)
                                                         sum[4] (net)
                      0.339632    0.000000    4.769830 ^ sum[4] (out)
                                              4.769830   data arrival time

                      0.000000   20.000000   20.000000   clock __VIRTUAL_CLK__ (rise edge)
                                  0.000000   20.000000   clock network delay (ideal)
                                 -0.250000   19.750002   clock uncertainty
                                  0.000000   19.750002   clock reconvergence pessimism
                                 -4.000000   15.750001   output external delay
                                             15.750001   data required time
---------------------------------------------------------------------------------------------
                                             15.750001   data required time
                                             -4.769830   data arrival time
---------------------------------------------------------------------------------------------
                                             10.980171   slack (MET)


Startpoint: a[1] (input port clocked by __VIRTUAL_CLK__)
Endpoint: sum[3] (output port clocked by __VIRTUAL_CLK__)
Path Group: __VIRTUAL_CLK__
Path Type: max

Fanout         Cap        Slew       Delay        Time   Description
---------------------------------------------------------------------------------------------
                      0.000000    0.000000    0.000000   clock __VIRTUAL_CLK__ (rise edge)
                                  0.000000    0.000000   clock network delay (ideal)
                                  4.000000    4.000000 v input external delay
     2    0.005640    0.009329    0.004946    4.004946 v a[1] (in)
                                                         a[1] (net)
                      0.009329    0.000000    4.004946 v _46_/B (sky130_fd_sc_hd__and2_2)
     3    0.010669    0.040616    0.124137    4.129083 v _46_/X (sky130_fd_sc_hd__and2_2)
                                                         _07_ (net)
                      0.040616    0.000000    4.129083 v _52_/A (sky130_fd_sc_hd__nor2_2)
     3    0.018533    0.160772    0.149843    4.278925 ^ _52_/Y (sky130_fd_sc_hd__nor2_2)
                                                         _13_ (net)
                      0.160772    0.000000    4.278925 ^ _53_/A2 (sky130_fd_sc_hd__a21oi_2)
     2    0.010239    0.052661    0.057367    4.336293 v _53_/Y (sky130_fd_sc_hd__a21oi_2)
                                                         _14_ (net)
                      0.052661    0.000000    4.336293 v _54_/A2 (sky130_fd_sc_hd__o21ba_2)
     1    0.008002    0.035778    0.136795    4.473088 v _54_/X (sky130_fd_sc_hd__o21ba_2)
                                                         _15_ (net)
                      0.035778    0.000000    4.473088 v _55_/B (sky130_fd_sc_hd__xnor2_2)
     1    0.033442    0.339321    0.263829    4.736917 ^ _55_/Y (sky130_fd_sc_hd__xnor2_2)
                                                         sum[3] (net)
                      0.339321    0.000000    4.736917 ^ sum[3] (out)
                                              4.736917   data arrival time

                      0.000000   20.000000   20.000000   clock __VIRTUAL_CLK__ (rise edge)
                                  0.000000   20.000000   clock network delay (ideal)
                                 -0.250000   19.750002   clock uncertainty
                                  0.000000   19.750002   clock reconvergence pessimism
                                 -4.000000   15.750001   output external delay
                                             15.750001   data required time
---------------------------------------------------------------------------------------------
                                             15.750001   data required time
                                             -4.736917   data arrival time
---------------------------------------------------------------------------------------------
                                             11.013084   slack (MET)


Startpoint: b[0] (input port clocked by __VIRTUAL_CLK__)
Endpoint: sum[1] (output port clocked by __VIRTUAL_CLK__)
Path Group: __VIRTUAL_CLK__
Path Type: max

Fanout         Cap        Slew       Delay        Time   Description
---------------------------------------------------------------------------------------------
                      0.000000    0.000000    0.000000   clock __VIRTUAL_CLK__ (rise edge)
                                  0.000000    0.000000   clock network delay (ideal)
                                  4.000000    4.000000 v input external delay
     2    0.005826    0.009633    0.005155    4.005155 v b[0] (in)
                                                         b[0] (net)
                      0.009633    0.000000    4.005155 v _48_/A (sky130_fd_sc_hd__or2_2)
     2    0.006488    0.045404    0.173813    4.178968 v _48_/X (sky130_fd_sc_hd__or2_2)
                                                         _09_ (net)
                      0.045404    0.000000    4.178968 v _50_/A2 (sky130_fd_sc_hd__a21bo_2)
     3    0.017126    0.050505    0.167141    4.346108 v _50_/X (sky130_fd_sc_hd__a21bo_2)
                                                         _11_ (net)
                      0.050505    0.000000    4.346108 v _57_/A (sky130_fd_sc_hd__xor2_2)
     1    0.033442    0.320966    0.281795    4.627903 ^ _57_/X (sky130_fd_sc_hd__xor2_2)
                                                         sum[1] (net)
                      0.320966    0.000000    4.627903 ^ sum[1] (out)
                                              4.627903   data arrival time

                      0.000000   20.000000   20.000000   clock __VIRTUAL_CLK__ (rise edge)
                                  0.000000   20.000000   clock network delay (ideal)
                                 -0.250000   19.750002   clock uncertainty
                                  0.000000   19.750002   clock reconvergence pessimism
                                 -4.000000   15.750001   output external delay
                                             15.750001   data required time
---------------------------------------------------------------------------------------------
                                             15.750001   data required time
                                             -4.627903   data arrival time
---------------------------------------------------------------------------------------------
                                             11.122097   slack (MET)


Startpoint: b[0] (input port clocked by __VIRTUAL_CLK__)
Endpoint: sum[2] (output port clocked by __VIRTUAL_CLK__)
Path Group: __VIRTUAL_CLK__
Path Type: max

Fanout         Cap        Slew       Delay        Time   Description
---------------------------------------------------------------------------------------------
                      0.000000    0.000000    0.000000   clock __VIRTUAL_CLK__ (rise edge)
                                  0.000000    0.000000   clock network delay (ideal)
                                  4.000000    4.000000 v input external delay
     2    0.005826    0.009633    0.005155    4.005155 v b[0] (in)
                                                         b[0] (net)
                      0.009633    0.000000    4.005155 v _48_/A (sky130_fd_sc_hd__or2_2)
     2    0.006488    0.045404    0.173813    4.178968 v _48_/X (sky130_fd_sc_hd__or2_2)
                                                         _09_ (net)
                      0.045404    0.000000    4.178968 v _50_/A2 (sky130_fd_sc_hd__a21bo_2)
     3    0.017126    0.050505    0.167141    4.346108 v _50_/X (sky130_fd_sc_hd__a21bo_2)
                                                         _11_ (net)
                      0.050505    0.000000    4.346108 v _53_/A1 (sky130_fd_sc_hd__a21oi_2)
     2    0.010962    0.121750    0.128166    4.474275 ^ _53_/Y (sky130_fd_sc_hd__a21oi_2)
                                                         _14_ (net)
                      0.121750    0.000000    4.474275 ^ _56_/B (sky130_fd_sc_hd__xnor2_2)
     1    0.033442    0.339277    0.151791    4.626065 ^ _56_/Y (sky130_fd_sc_hd__xnor2_2)
                                                         sum[2] (net)
                      0.339277    0.000000    4.626065 ^ sum[2] (out)
                                              4.626065   data arrival time

                      0.000000   20.000000   20.000000   clock __VIRTUAL_CLK__ (rise edge)
                                  0.000000   20.000000   clock network delay (ideal)
                                 -0.250000   19.750002   clock uncertainty
                                  0.000000   19.750002   clock reconvergence pessimism
                                 -4.000000   15.750001   output external delay
                                             15.750001   data required time
---------------------------------------------------------------------------------------------
                                             15.750001   data required time
                                             -4.626065   data arrival time
---------------------------------------------------------------------------------------------
                                             11.123936   slack (MET)


Startpoint: b[0] (input port clocked by __VIRTUAL_CLK__)
Endpoint: sum[0] (output port clocked by __VIRTUAL_CLK__)
Path Group: __VIRTUAL_CLK__
Path Type: max

Fanout         Cap        Slew       Delay        Time   Description
---------------------------------------------------------------------------------------------
                      0.000000    0.000000    0.000000   clock __VIRTUAL_CLK__ (rise edge)
                                  0.000000    0.000000   clock network delay (ideal)
                                  4.000000    4.000000 ^ input external delay
     2    0.006250    0.026715    0.015950    4.015950 ^ b[0] (in)
                                                         b[0] (net)
                      0.026715    0.000000    4.015950 ^ _48_/A (sky130_fd_sc_hd__or2_2)
     2    0.007095    0.036886    0.073680    4.089631 ^ _48_/X (sky130_fd_sc_hd__or2_2)
                                                         _09_ (net)
                      0.036886    0.000000    4.089631 ^ _49_/B (sky130_fd_sc_hd__nand2_2)
     1    0.008002    0.029592    0.036644    4.126275 v _49_/Y (sky130_fd_sc_hd__nand2_2)
                                                         _10_ (net)
                      0.029592    0.000000    4.126275 v _58_/B (sky130_fd_sc_hd__xnor2_2)
     1    0.033442    0.339405    0.261752    4.388026 ^ _58_/Y (sky130_fd_sc_hd__xnor2_2)
                                                         sum[0] (net)
                      0.339405    0.000000    4.388026 ^ sum[0] (out)
                                              4.388026   data arrival time

                      0.000000   20.000000   20.000000   clock __VIRTUAL_CLK__ (rise edge)
                                  0.000000   20.000000   clock network delay (ideal)
                                 -0.250000   19.750002   clock uncertainty
                                  0.000000   19.750002   clock reconvergence pessimism
                                 -4.000000   15.750001   output external delay
                                             15.750001   data required time
---------------------------------------------------------------------------------------------
                                             15.750001   data required time
                                             -4.388026   data arrival time
---------------------------------------------------------------------------------------------
                                             11.361975   slack (MET)



