Clock: clk
Sources: clk 
Generated: no
Virtual: yes
Propagated: no
Period: 20.000000

===========================================================================
report_clock_properties
============================================================================
Clock                   Period          Waveform
----------------------------------------------------
clk                  20.000000    0.000000 10.000000

===========================================================================
report_clock_latency
============================================================================
Clock clk
rise -> rise
    min     max
0.000000 0.000000 source latency
0.496238         network latency _93_/CLK
        0.497731 network latency _95_/CLK
---------------
0.496238 0.497731 latency
        0.001493 skew

fall -> fall
    min     max
0.000000 0.000000 source latency
0.516491         network latency _93_/CLK
        0.517757 network latency _95_/CLK
---------------
0.516491 0.517757 latency
        0.001266 skew



===========================================================================
report_clock_min_period
============================================================================
clk period_min = 4.55 fmax = 219.66
