Clock: clk
Sources: clk 
Generated: no
Virtual: yes
Propagated: no
Period: 20.000000

===========================================================================
report_clock_properties
============================================================================
Clock                   Period          Waveform
----------------------------------------------------
clk                  20.000000    0.000000 10.000000

===========================================================================
report_clock_latency
============================================================================
Clock clk
rise -> rise
    min     max
0.000000 0.000000 source latency
0.197157         network latency _93_/CLK
        0.198043 network latency _95_/CLK
---------------
0.197157 0.198043 latency
        0.000885 skew

fall -> fall
    min     max
0.000000 0.000000 source latency
0.195436         network latency _93_/CLK
        0.196209 network latency _95_/CLK
---------------
0.195436 0.196209 latency
        0.000774 skew



===========================================================================
report_clock_min_period
============================================================================
clk period_min = 1.60 fmax = 625.22
