
===========================================================================
report_checks -path_delay max (Setup)
============================================================================
======================= nom_ff_n40C_1v95 Corner ===================================

Startpoint: data_in[1] (input port clocked by clk)
Endpoint: _98_ (rising edge-triggered flip-flop clocked by clk)
Path Group: clk
Path Type: max

Fanout         Cap        Slew       Delay        Time   Description
---------------------------------------------------------------------------------------------
                                  0.000000    0.000000   clock clk (rise edge)
                                  0.000000    0.000000   clock network delay (propagated)
                                  4.000000    4.000000 v input external delay
     1    0.002909    0.004879    0.002375    4.002376 v data_in[1] (in)
                                                         data_in[1] (net)
                      0.004880    0.000000    4.002376 v input2/A (sky130_fd_sc_hd__clkbuf_1)
     2    0.005216    0.026789    0.054508    4.056883 v input2/X (sky130_fd_sc_hd__clkbuf_1)
                                                         net2 (net)
                      0.026789    0.000135    4.057018 v _50_/A (sky130_fd_sc_hd__nand2_1)
     4    0.014330    0.105971    0.089714    4.146732 ^ _50_/Y (sky130_fd_sc_hd__nand2_1)
                                                         _15_ (net)
                      0.105972    0.000331    4.147064 ^ _54_/C_N (sky130_fd_sc_hd__or3b_1)
     3    0.009727    0.070206    0.232420    4.379484 v _54_/X (sky130_fd_sc_hd__or3b_1)
                                                         _19_ (net)
                      0.070206    0.000225    4.379709 v _55_/A2 (sky130_fd_sc_hd__a211o_1)
     4    0.011176    0.060065    0.224109    4.603817 v _55_/X (sky130_fd_sc_hd__a211o_1)
                                                         _20_ (net)
                      0.060065    0.000322    4.604139 v _60_/A2 (sky130_fd_sc_hd__a311o_1)
     4    0.014393    0.076987    0.243338    4.847477 v _60_/X (sky130_fd_sc_hd__a311o_1)
                                                         _25_ (net)
                      0.076990    0.000589    4.848066 v _70_/A2 (sky130_fd_sc_hd__a31o_1)
     1    0.004694    0.033208    0.152056    5.000122 v _70_/X (sky130_fd_sc_hd__a31o_1)
                                                         _33_ (net)
                      0.033224    0.000093    5.000215 v _71_/B (sky130_fd_sc_hd__xnor2_1)
     1    0.002503    0.027969    0.074835    5.075050 v _71_/Y (sky130_fd_sc_hd__xnor2_1)
                                                         adder.high.sum[2] (net)
                      0.027969    0.000049    5.075099 v _98_/D (sky130_fd_sc_hd__dfrtp_1)
                                              5.075099   data arrival time

                                 20.000000   20.000000   clock clk (rise edge)
                                  0.000000   20.000000   clock source latency
     1    0.011340    0.043063    0.028400   20.028400 ^ clk (in)
                                                         clk (net)
                      0.043066    0.000000   20.028400 ^ clkbuf_0_clk/A (sky130_fd_sc_hd__clkbuf_16)
     2    0.020871    0.031757    0.088445   20.116846 ^ clkbuf_0_clk/X (sky130_fd_sc_hd__clkbuf_16)
                                                         clknet_0_clk (net)
                      0.031760    0.000574   20.117420 ^ clkbuf_1_1__f_clk/A (sky130_fd_sc_hd__clkbuf_16)
     4    0.013599    0.026916    0.080320   20.197739 ^ clkbuf_1_1__f_clk/X (sky130_fd_sc_hd__clkbuf_16)
                                                         clknet_1_1__leaf_clk (net)
                      0.026916    0.000210   20.197948 ^ _98_/CLK (sky130_fd_sc_hd__dfrtp_1)
                                 -0.250000   19.947950   clock uncertainty
                                  0.000000   19.947950   clock reconvergence pessimism
                                 -0.071494   19.876455   library setup time
                                             19.876455   data required time
---------------------------------------------------------------------------------------------
                                             19.876455   data required time
                                             -5.075099   data arrival time
---------------------------------------------------------------------------------------------
                                             14.801355   slack (MET)


Startpoint: data_in[1] (input port clocked by clk)
Endpoint: _99_ (rising edge-triggered flip-flop clocked by clk)
Path Group: clk
Path Type: max

Fanout         Cap        Slew       Delay        Time   Description
---------------------------------------------------------------------------------------------
                                  0.000000    0.000000   clock clk (rise edge)
                                  0.000000    0.000000   clock network delay (propagated)
                                  4.000000    4.000000 v input external delay
     1    0.002909    0.004879    0.002375    4.002376 v data_in[1] (in)
                                                         data_in[1] (net)
                      0.004880    0.000000    4.002376 v input2/A (sky130_fd_sc_hd__clkbuf_1)
     2    0.005216    0.026789    0.054508    4.056883 v input2/X (sky130_fd_sc_hd__clkbuf_1)
                                                         net2 (net)
                      0.026789    0.000135    4.057018 v _50_/A (sky130_fd_sc_hd__nand2_1)
     4    0.014330    0.105971    0.089714    4.146732 ^ _50_/Y (sky130_fd_sc_hd__nand2_1)
                                                         _15_ (net)
                      0.105972    0.000331    4.147064 ^ _54_/C_N (sky130_fd_sc_hd__or3b_1)
     3    0.009727    0.070206    0.232420    4.379484 v _54_/X (sky130_fd_sc_hd__or3b_1)
                                                         _19_ (net)
                      0.070206    0.000225    4.379709 v _55_/A2 (sky130_fd_sc_hd__a211o_1)
     4    0.011176    0.060065    0.224109    4.603817 v _55_/X (sky130_fd_sc_hd__a211o_1)
                                                         _20_ (net)
                      0.060065    0.000322    4.604139 v _60_/A2 (sky130_fd_sc_hd__a311o_1)
     4    0.014393    0.076987    0.243338    4.847477 v _60_/X (sky130_fd_sc_hd__a311o_1)
                                                         _25_ (net)
                      0.076988    0.000494    4.847971 v _74_/A1 (sky130_fd_sc_hd__a21oi_1)
     1    0.005361    0.110219    0.122418    4.970389 ^ _74_/Y (sky130_fd_sc_hd__a21oi_1)
                                                         _36_ (net)
                      0.110219    0.000162    4.970551 ^ _76_/A (sky130_fd_sc_hd__xnor2_1)
     1    0.002420    0.034713    0.046639    5.017190 v _76_/Y (sky130_fd_sc_hd__xnor2_1)
                                                         adder.high.sum[3] (net)
                      0.034713    0.000047    5.017237 v _99_/D (sky130_fd_sc_hd__dfrtp_1)
                                              5.017237   data arrival time

                                 20.000000   20.000000   clock clk (rise edge)
                                  0.000000   20.000000   clock source latency
     1    0.011340    0.043063    0.028400   20.028400 ^ clk (in)
                                                         clk (net)
                      0.043066    0.000000   20.028400 ^ clkbuf_0_clk/A (sky130_fd_sc_hd__clkbuf_16)
     2    0.020871    0.031757    0.088445   20.116846 ^ clkbuf_0_clk/X (sky130_fd_sc_hd__clkbuf_16)
                                                         clknet_0_clk (net)
                      0.031760    0.000574   20.117420 ^ clkbuf_1_1__f_clk/A (sky130_fd_sc_hd__clkbuf_16)
     4    0.013599    0.026916    0.080320   20.197739 ^ clkbuf_1_1__f_clk/X (sky130_fd_sc_hd__clkbuf_16)
                                                         clknet_1_1__leaf_clk (net)
                      0.026916    0.000220   20.197960 ^ _99_/CLK (sky130_fd_sc_hd__dfrtp_1)
                                 -0.250000   19.947960   clock uncertainty
                                  0.000000   19.947960   clock reconvergence pessimism
                                 -0.073903   19.874056   library setup time
                                             19.874056   data required time
---------------------------------------------------------------------------------------------
                                             19.874056   data required time
                                             -5.017237   data arrival time
---------------------------------------------------------------------------------------------
                                             14.856820   slack (MET)


Startpoint: data_in[1] (input port clocked by clk)
Endpoint: _96_ (rising edge-triggered flip-flop clocked by clk)
Path Group: clk
Path Type: max

Fanout         Cap        Slew       Delay        Time   Description
---------------------------------------------------------------------------------------------
                                  0.000000    0.000000   clock clk (rise edge)
                                  0.000000    0.000000   clock network delay (propagated)
                                  4.000000    4.000000 v input external delay
     1    0.002909    0.004879    0.002375    4.002376 v data_in[1] (in)
                                                         data_in[1] (net)
                      0.004880    0.000000    4.002376 v input2/A (sky130_fd_sc_hd__clkbuf_1)
     2    0.005216    0.026789    0.054508    4.056883 v input2/X (sky130_fd_sc_hd__clkbuf_1)
                                                         net2 (net)
                      0.026789    0.000135    4.057018 v _50_/A (sky130_fd_sc_hd__nand2_1)
     4    0.014330    0.105971    0.089714    4.146732 ^ _50_/Y (sky130_fd_sc_hd__nand2_1)
                                                         _15_ (net)
                      0.105972    0.000331    4.147064 ^ _54_/C_N (sky130_fd_sc_hd__or3b_1)
     3    0.009727    0.070206    0.232420    4.379484 v _54_/X (sky130_fd_sc_hd__or3b_1)
                                                         _19_ (net)
                      0.070206    0.000225    4.379709 v _55_/A2 (sky130_fd_sc_hd__a211o_1)
     4    0.011176    0.060065    0.224109    4.603817 v _55_/X (sky130_fd_sc_hd__a211o_1)
                                                         _20_ (net)
                      0.060065    0.000322    4.604139 v _60_/A2 (sky130_fd_sc_hd__a311o_1)
     4    0.014393    0.076987    0.243338    4.847477 v _60_/X (sky130_fd_sc_hd__a311o_1)
                                                         _25_ (net)
                      0.076990    0.000596    4.848073 v _61_/B (sky130_fd_sc_hd__and2_1)
     1    0.002446    0.024358    0.111990    4.960063 v _61_/X (sky130_fd_sc_hd__and2_1)
                                                         adder.high.sum[0] (net)
                      0.024358    0.000068    4.960131 v _96_/D (sky130_fd_sc_hd__dfrtp_1)
                                              4.960131   data arrival time

                                 20.000000   20.000000   clock clk (rise edge)
                                  0.000000   20.000000   clock source latency
     1    0.011340    0.043063    0.028400   20.028400 ^ clk (in)
                                                         clk (net)
                      0.043066    0.000000   20.028400 ^ clkbuf_0_clk/A (sky130_fd_sc_hd__clkbuf_16)
     2    0.020871    0.031757    0.088445   20.116846 ^ clkbuf_0_clk/X (sky130_fd_sc_hd__clkbuf_16)
                                                         clknet_0_clk (net)
                      0.031760    0.000568   20.117414 ^ clkbuf_1_0__f_clk/A (sky130_fd_sc_hd__clkbuf_16)
     4    0.012515    0.026199    0.079572   20.196985 ^ clkbuf_1_0__f_clk/X (sky130_fd_sc_hd__clkbuf_16)
                                                         clknet_1_0__leaf_clk (net)
                      0.026199    0.000284   20.197269 ^ _96_/CLK (sky130_fd_sc_hd__dfrtp_1)
                                 -0.250000   19.947271   clock uncertainty
                                  0.000000   19.947271   clock reconvergence pessimism
                                 -0.070273   19.876999   library setup time
                                             19.876999   data required time
---------------------------------------------------------------------------------------------
                                             19.876999   data required time
                                             -4.960131   data arrival time
---------------------------------------------------------------------------------------------
                                             14.916868   slack (MET)


Startpoint: data_in[1] (input port clocked by clk)
Endpoint: _97_ (rising edge-triggered flip-flop clocked by clk)
Path Group: clk
Path Type: max

Fanout         Cap        Slew       Delay        Time   Description
---------------------------------------------------------------------------------------------
                                  0.000000    0.000000   clock clk (rise edge)
                                  0.000000    0.000000   clock network delay (propagated)
                                  4.000000    4.000000 v input external delay
     1    0.002909    0.004879    0.002375    4.002376 v data_in[1] (in)
                                                         data_in[1] (net)
                      0.004880    0.000000    4.002376 v input2/A (sky130_fd_sc_hd__clkbuf_1)
     2    0.005216    0.026789    0.054508    4.056883 v input2/X (sky130_fd_sc_hd__clkbuf_1)
                                                         net2 (net)
                      0.026789    0.000135    4.057018 v _50_/A (sky130_fd_sc_hd__nand2_1)
     4    0.014330    0.105971    0.089714    4.146732 ^ _50_/Y (sky130_fd_sc_hd__nand2_1)
                                                         _15_ (net)
                      0.105972    0.000331    4.147064 ^ _54_/C_N (sky130_fd_sc_hd__or3b_1)
     3    0.009727    0.070206    0.232420    4.379484 v _54_/X (sky130_fd_sc_hd__or3b_1)
                                                         _19_ (net)
                      0.070206    0.000225    4.379709 v _55_/A2 (sky130_fd_sc_hd__a211o_1)
     4    0.011176    0.060065    0.224109    4.603817 v _55_/X (sky130_fd_sc_hd__a211o_1)
                                                         _20_ (net)
                      0.060065    0.000322    4.604139 v _60_/A2 (sky130_fd_sc_hd__a311o_1)
     4    0.014393    0.076987    0.243338    4.847477 v _60_/X (sky130_fd_sc_hd__a311o_1)
                                                         _25_ (net)
                      0.076988    0.000433    4.847909 v _65_/B (sky130_fd_sc_hd__nand2_1)
     1    0.004961    0.050786    0.071586    4.919496 ^ _65_/Y (sky130_fd_sc_hd__nand2_1)
                                                         _29_ (net)
                      0.050787    0.000144    4.919640 ^ _66_/B (sky130_fd_sc_hd__xnor2_1)
     1    0.003024    0.085139    0.070751    4.990390 ^ _66_/Y (sky130_fd_sc_hd__xnor2_1)
                                                         adder.high.sum[1] (net)
                      0.085139    0.000091    4.990481 ^ _97_/D (sky130_fd_sc_hd__dfrtp_1)
                                              4.990481   data arrival time

                                 20.000000   20.000000   clock clk (rise edge)
                                  0.000000   20.000000   clock source latency
     1    0.011340    0.043063    0.028400   20.028400 ^ clk (in)
                                                         clk (net)
                      0.043066    0.000000   20.028400 ^ clkbuf_0_clk/A (sky130_fd_sc_hd__clkbuf_16)
     2    0.020871    0.031757    0.088445   20.116846 ^ clkbuf_0_clk/X (sky130_fd_sc_hd__clkbuf_16)
                                                         clknet_0_clk (net)
                      0.031760    0.000574   20.117420 ^ clkbuf_1_1__f_clk/A (sky130_fd_sc_hd__clkbuf_16)
     4    0.013599    0.026916    0.080320   20.197739 ^ clkbuf_1_1__f_clk/X (sky130_fd_sc_hd__clkbuf_16)
                                                         clknet_1_1__leaf_clk (net)
                      0.026916    0.000279   20.198017 ^ _97_/CLK (sky130_fd_sc_hd__dfrtp_1)
                                 -0.250000   19.948019   clock uncertainty
                                  0.000000   19.948019   clock reconvergence pessimism
                                 -0.039096   19.908922   library setup time
                                             19.908922   data required time
---------------------------------------------------------------------------------------------
                                             19.908922   data required time
                                             -4.990481   data arrival time
---------------------------------------------------------------------------------------------
                                             14.918442   slack (MET)


Startpoint: _94_ (rising edge-triggered flip-flop clocked by clk)
Endpoint: acc[2] (output port clocked by clk)
Path Group: clk
Path Type: max

Fanout         Cap        Slew       Delay        Time   Description
---------------------------------------------------------------------------------------------
                                  0.000000    0.000000   clock clk (rise edge)
                                  0.000000    0.000000   clock source latency
     1    0.011340    0.043063    0.028400    0.028400 ^ clk (in)
                                                         clk (net)
                      0.043066    0.000000    0.028400 ^ clkbuf_0_clk/A (sky130_fd_sc_hd__clkbuf_16)
     2    0.020871    0.031757    0.088446    0.116846 ^ clkbuf_0_clk/X (sky130_fd_sc_hd__clkbuf_16)
                                                         clknet_0_clk (net)
                      0.031760    0.000567    0.117413 ^ clkbuf_1_0__f_clk/A (sky130_fd_sc_hd__clkbuf_16)
     4    0.012515    0.026199    0.079573    0.196986 ^ clkbuf_1_0__f_clk/X (sky130_fd_sc_hd__clkbuf_16)
                                                         clknet_1_0__leaf_clk (net)
                      0.026199    0.000337    0.197323 ^ _94_/CLK (sky130_fd_sc_hd__dfrtp_1)
     4    0.012476    0.089395    0.241964    0.439287 ^ _94_/Q (sky130_fd_sc_hd__dfrtp_1)
                                                         net12 (net)
                      0.089395    0.000411    0.439697 ^ output12/A (sky130_fd_sc_hd__buf_2)
     1    0.034416    0.128633    0.152555    0.592252 ^ output12/X (sky130_fd_sc_hd__buf_2)
                                                         acc[2] (net)
                      0.128678    0.000748    0.593000 ^ acc[2] (out)
                                              0.593000   data arrival time

                                 20.000000   20.000000   clock clk (rise edge)
                                  0.000000   20.000000   clock network delay (propagated)
                                 -0.250000   19.750002   clock uncertainty
                                  0.000000   19.750002   clock reconvergence pessimism
                                 -4.000000   15.750001   output external delay
                                             15.750001   data required time
---------------------------------------------------------------------------------------------
                                             15.750001   data required time
                                             -0.593000   data arrival time
---------------------------------------------------------------------------------------------
                                             15.157000   slack (MET)


Startpoint: _98_ (rising edge-triggered flip-flop clocked by clk)
Endpoint: acc[6] (output port clocked by clk)
Path Group: clk
Path Type: max

Fanout         Cap        Slew       Delay        Time   Description
---------------------------------------------------------------------------------------------
                                  0.000000    0.000000   clock clk (rise edge)
                                  0.000000    0.000000   clock source latency
     1    0.011340    0.043063    0.028400    0.028400 ^ clk (in)
                                                         clk (net)
                      0.043066    0.000000    0.028400 ^ clkbuf_0_clk/A (sky130_fd_sc_hd__clkbuf_16)
     2    0.020871    0.031757    0.088446    0.116846 ^ clkbuf_0_clk/X (sky130_fd_sc_hd__clkbuf_16)
                                                         clknet_0_clk (net)
                      0.031760    0.000573    0.117419 ^ clkbuf_1_1__f_clk/A (sky130_fd_sc_hd__clkbuf_16)
     4    0.013599    0.026916    0.080320    0.197739 ^ clkbuf_1_1__f_clk/X (sky130_fd_sc_hd__clkbuf_16)
                                                         clknet_1_1__leaf_clk (net)
                      0.026916    0.000209    0.197947 ^ _98_/CLK (sky130_fd_sc_hd__dfrtp_1)
     3    0.010340    0.076230    0.232430    0.430378 ^ _98_/Q (sky130_fd_sc_hd__dfrtp_1)
                                                         net16 (net)
                      0.076230    0.000172    0.430550 ^ output16/A (sky130_fd_sc_hd__buf_2)
     1    0.034458    0.128794    0.149606    0.580156 ^ output16/X (sky130_fd_sc_hd__buf_2)
                                                         acc[6] (net)
                      0.128839    0.000796    0.580952 ^ acc[6] (out)
                                              0.580952   data arrival time

                                 20.000000   20.000000   clock clk (rise edge)
                                  0.000000   20.000000   clock network delay (propagated)
                                 -0.250000   19.750002   clock uncertainty
                                  0.000000   19.750002   clock reconvergence pessimism
                                 -4.000000   15.750001   output external delay
                                             15.750001   data required time
---------------------------------------------------------------------------------------------
                                             15.750001   data required time
                                             -0.580952   data arrival time
---------------------------------------------------------------------------------------------
                                             15.169048   slack (MET)


Startpoint: _93_ (rising edge-triggered flip-flop clocked by clk)
Endpoint: acc[1] (output port clocked by clk)
Path Group: clk
Path Type: max

Fanout         Cap        Slew       Delay        Time   Description
---------------------------------------------------------------------------------------------
                                  0.000000    0.000000   clock clk (rise edge)
                                  0.000000    0.000000   clock source latency
     1    0.011340    0.043063    0.028400    0.028400 ^ clk (in)
                                                         clk (net)
                      0.043066    0.000000    0.028400 ^ clkbuf_0_clk/A (sky130_fd_sc_hd__clkbuf_16)
     2    0.020871    0.031757    0.088446    0.116846 ^ clkbuf_0_clk/X (sky130_fd_sc_hd__clkbuf_16)
                                                         clknet_0_clk (net)
                      0.031760    0.000567    0.117413 ^ clkbuf_1_0__f_clk/A (sky130_fd_sc_hd__clkbuf_16)
     4    0.012515    0.026199    0.079573    0.196986 ^ clkbuf_1_0__f_clk/X (sky130_fd_sc_hd__clkbuf_16)
                                                         clknet_1_0__leaf_clk (net)
                      0.026199    0.000171    0.197157 ^ _93_/CLK (sky130_fd_sc_hd__dfrtp_1)
     3    0.010526    0.077234    0.233157    0.430314 ^ _93_/Q (sky130_fd_sc_hd__dfrtp_1)
                                                         net11 (net)
                      0.077234    0.000134    0.430448 ^ output11/A (sky130_fd_sc_hd__buf_2)
     1    0.034082    0.127445    0.149025    0.579473 ^ output11/X (sky130_fd_sc_hd__buf_2)
                                                         acc[1] (net)
                      0.127487    0.000625    0.580098 ^ acc[1] (out)
                                              0.580098   data arrival time

                                 20.000000   20.000000   clock clk (rise edge)
                                  0.000000   20.000000   clock network delay (propagated)
                                 -0.250000   19.750002   clock uncertainty
                                  0.000000   19.750002   clock reconvergence pessimism
                                 -4.000000   15.750001   output external delay
                                             15.750001   data required time
---------------------------------------------------------------------------------------------
                                             15.750001   data required time
                                             -0.580098   data arrival time
---------------------------------------------------------------------------------------------
                                             15.169903   slack (MET)


Startpoint: data_in[1] (input port clocked by clk)
Endpoint: _95_ (rising edge-triggered flip-flop clocked by clk)
Path Group: clk
Path Type: max

Fanout         Cap        Slew       Delay        Time   Description
---------------------------------------------------------------------------------------------
                                  0.000000    0.000000   clock clk (rise edge)
                                  0.000000    0.000000   clock network delay (propagated)
                                  4.000000    4.000000 v input external delay
     1    0.002909    0.004879    0.002375    4.002376 v data_in[1] (in)
                                                         data_in[1] (net)
                      0.004880    0.000000    4.002376 v input2/A (sky130_fd_sc_hd__clkbuf_1)
     2    0.005216    0.026789    0.054508    4.056883 v input2/X (sky130_fd_sc_hd__clkbuf_1)
                                                         net2 (net)
                      0.026789    0.000135    4.057018 v _50_/A (sky130_fd_sc_hd__nand2_1)
     4    0.014330    0.105971    0.089714    4.146732 ^ _50_/Y (sky130_fd_sc_hd__nand2_1)
                                                         _15_ (net)
                      0.105972    0.000331    4.147064 ^ _54_/C_N (sky130_fd_sc_hd__or3b_1)
     3    0.009727    0.070206    0.232420    4.379484 v _54_/X (sky130_fd_sc_hd__or3b_1)
                                                         _19_ (net)
                      0.070206    0.000225    4.379709 v _55_/A2 (sky130_fd_sc_hd__a211o_1)
     4    0.011176    0.060065    0.224109    4.603817 v _55_/X (sky130_fd_sc_hd__a211o_1)
                                                         _20_ (net)
                      0.060066    0.000335    4.604153 v _81_/B (sky130_fd_sc_hd__nand2_1)
     1    0.005162    0.049128    0.065697    4.669850 ^ _81_/Y (sky130_fd_sc_hd__nand2_1)
                                                         _40_ (net)
                      0.049128    0.000152    4.670002 ^ _82_/B (sky130_fd_sc_hd__xnor2_1)
     1    0.002348    0.027335    0.034469    4.704471 v _82_/Y (sky130_fd_sc_hd__xnor2_1)
                                                         adder.low.sum[3] (net)
                      0.027335    0.000047    4.704518 v _95_/D (sky130_fd_sc_hd__dfrtp_1)
                                              4.704518   data arrival time

                                 20.000000   20.000000   clock clk (rise edge)
                                  0.000000   20.000000   clock source latency
     1    0.011340    0.043063    0.028400   20.028400 ^ clk (in)
                                                         clk (net)
                      0.043066    0.000000   20.028400 ^ clkbuf_0_clk/A (sky130_fd_sc_hd__clkbuf_16)
     2    0.020871    0.031757    0.088445   20.116846 ^ clkbuf_0_clk/X (sky130_fd_sc_hd__clkbuf_16)
                                                         clknet_0_clk (net)
                      0.031760    0.000574   20.117420 ^ clkbuf_1_1__f_clk/A (sky130_fd_sc_hd__clkbuf_16)
     4    0.013599    0.026916    0.080320   20.197739 ^ clkbuf_1_1__f_clk/X (sky130_fd_sc_hd__clkbuf_16)
                                                         clknet_1_1__leaf_clk (net)
                      0.026916    0.000304   20.198044 ^ _95_/CLK (sky130_fd_sc_hd__dfrtp_1)
                                 -0.250000   19.948044   clock uncertainty
                                  0.000000   19.948044   clock reconvergence pessimism
                                 -0.071267   19.876776   library setup time
                                             19.876776   data required time
---------------------------------------------------------------------------------------------
                                             19.876776   data required time
                                             -4.704518   data arrival time
---------------------------------------------------------------------------------------------
                                             15.172258   slack (MET)


Startpoint: _97_ (rising edge-triggered flip-flop clocked by clk)
Endpoint: acc[5] (output port clocked by clk)
Path Group: clk
Path Type: max

Fanout         Cap        Slew       Delay        Time   Description
---------------------------------------------------------------------------------------------
                                  0.000000    0.000000   clock clk (rise edge)
                                  0.000000    0.000000   clock source latency
     1    0.011340    0.043063    0.028400    0.028400 ^ clk (in)
                                                         clk (net)
                      0.043066    0.000000    0.028400 ^ clkbuf_0_clk/A (sky130_fd_sc_hd__clkbuf_16)
     2    0.020871    0.031757    0.088446    0.116846 ^ clkbuf_0_clk/X (sky130_fd_sc_hd__clkbuf_16)
                                                         clknet_0_clk (net)
                      0.031760    0.000573    0.117419 ^ clkbuf_1_1__f_clk/A (sky130_fd_sc_hd__clkbuf_16)
     4    0.013599    0.026916    0.080320    0.197739 ^ clkbuf_1_1__f_clk/X (sky130_fd_sc_hd__clkbuf_16)
                                                         clknet_1_1__leaf_clk (net)
                      0.026916    0.000280    0.198018 ^ _97_/CLK (sky130_fd_sc_hd__dfrtp_1)
     3    0.009546    0.071729    0.228645    0.426663 ^ _97_/Q (sky130_fd_sc_hd__dfrtp_1)
                                                         net15 (net)
                      0.071729    0.000221    0.426884 ^ output15/A (sky130_fd_sc_hd__buf_2)
     1    0.034517    0.129004    0.148717    0.575601 ^ output15/X (sky130_fd_sc_hd__buf_2)
                                                         acc[5] (net)
                      0.129049    0.000798    0.576399 ^ acc[5] (out)
                                              0.576399   data arrival time

                                 20.000000   20.000000   clock clk (rise edge)
                                  0.000000   20.000000   clock network delay (propagated)
                                 -0.250000   19.750002   clock uncertainty
                                  0.000000   19.750002   clock reconvergence pessimism
                                 -4.000000   15.750001   output external delay
                                             15.750001   data required time
---------------------------------------------------------------------------------------------
                                             15.750001   data required time
                                             -0.576399   data arrival time
---------------------------------------------------------------------------------------------
                                             15.173601   slack (MET)


Startpoint: data_in[1] (input port clocked by clk)
Endpoint: _94_ (rising edge-triggered flip-flop clocked by clk)
Path Group: clk
Path Type: max

Fanout         Cap        Slew       Delay        Time   Description
---------------------------------------------------------------------------------------------
                                  0.000000    0.000000   clock clk (rise edge)
                                  0.000000    0.000000   clock network delay (propagated)
                                  4.000000    4.000000 v input external delay
     1    0.002909    0.004879    0.002375    4.002376 v data_in[1] (in)
                                                         data_in[1] (net)
                      0.004880    0.000000    4.002376 v input2/A (sky130_fd_sc_hd__clkbuf_1)
     2    0.005216    0.026789    0.054508    4.056883 v input2/X (sky130_fd_sc_hd__clkbuf_1)
                                                         net2 (net)
                      0.026789    0.000135    4.057018 v _50_/A (sky130_fd_sc_hd__nand2_1)
     4    0.014330    0.105971    0.089714    4.146732 ^ _50_/Y (sky130_fd_sc_hd__nand2_1)
                                                         _15_ (net)
                      0.105972    0.000331    4.147064 ^ _54_/C_N (sky130_fd_sc_hd__or3b_1)
     3    0.009727    0.070206    0.232420    4.379484 v _54_/X (sky130_fd_sc_hd__or3b_1)
                                                         _19_ (net)
                      0.070206    0.000225    4.379709 v _55_/A2 (sky130_fd_sc_hd__a211o_1)
     4    0.011176    0.060065    0.224109    4.603817 v _55_/X (sky130_fd_sc_hd__a211o_1)
                                                         _20_ (net)
                      0.060065    0.000137    4.603954 v _80_/A (sky130_fd_sc_hd__and2_1)
     1    0.002793    0.025244    0.093992    4.697946 v _80_/X (sky130_fd_sc_hd__and2_1)
                                                         adder.low.sum[2] (net)
                      0.025253    0.000078    4.698024 v _94_/D (sky130_fd_sc_hd__dfrtp_1)
                                              4.698024   data arrival time

                                 20.000000   20.000000   clock clk (rise edge)
                                  0.000000   20.000000   clock source latency
     1    0.011340    0.043063    0.028400   20.028400 ^ clk (in)
                                                         clk (net)
                      0.043066    0.000000   20.028400 ^ clkbuf_0_clk/A (sky130_fd_sc_hd__clkbuf_16)
     2    0.020871    0.031757    0.088445   20.116846 ^ clkbuf_0_clk/X (sky130_fd_sc_hd__clkbuf_16)
                                                         clknet_0_clk (net)
                      0.031760    0.000568   20.117414 ^ clkbuf_1_0__f_clk/A (sky130_fd_sc_hd__clkbuf_16)
     4    0.012515    0.026199    0.079572   20.196985 ^ clkbuf_1_0__f_clk/X (sky130_fd_sc_hd__clkbuf_16)
                                                         clknet_1_0__leaf_clk (net)
                      0.026199    0.000338   20.197323 ^ _94_/CLK (sky130_fd_sc_hd__dfrtp_1)
                                 -0.250000   19.947325   clock uncertainty
                                  0.000000   19.947325   clock reconvergence pessimism
                                 -0.070593   19.876732   library setup time
                                             19.876732   data required time
---------------------------------------------------------------------------------------------
                                             19.876732   data required time
                                             -4.698024   data arrival time
---------------------------------------------------------------------------------------------
                                             15.178707   slack (MET)


Startpoint: _96_ (rising edge-triggered flip-flop clocked by clk)
Endpoint: acc[4] (output port clocked by clk)
Path Group: clk
Path Type: max

Fanout         Cap        Slew       Delay        Time   Description
---------------------------------------------------------------------------------------------
                                  0.000000    0.000000   clock clk (rise edge)
                                  0.000000    0.000000   clock source latency
     1    0.011340    0.043063    0.028400    0.028400 ^ clk (in)
                                                         clk (net)
                      0.043066    0.000000    0.028400 ^ clkbuf_0_clk/A (sky130_fd_sc_hd__clkbuf_16)
     2    0.020871    0.031757    0.088446    0.116846 ^ clkbuf_0_clk/X (sky130_fd_sc_hd__clkbuf_16)
                                                         clknet_0_clk (net)
                      0.031760    0.000567    0.117413 ^ clkbuf_1_0__f_clk/A (sky130_fd_sc_hd__clkbuf_16)
     4    0.012515    0.026199    0.079573    0.196986 ^ clkbuf_1_0__f_clk/X (sky130_fd_sc_hd__clkbuf_16)
                                                         clknet_1_0__leaf_clk (net)
                      0.026199    0.000284    0.197270 ^ _96_/CLK (sky130_fd_sc_hd__dfrtp_1)
     3    0.008635    0.066172    0.224036    0.421306 ^ _96_/Q (sky130_fd_sc_hd__dfrtp_1)
                                                         net14 (net)
                      0.066172    0.000230    0.421537 ^ output14/A (sky130_fd_sc_hd__buf_2)
     1    0.033943    0.126953    0.146149    0.567686 ^ output14/X (sky130_fd_sc_hd__buf_2)
                                                         acc[4] (net)
                      0.126994    0.000614    0.568300 ^ acc[4] (out)
                                              0.568300   data arrival time

                                 20.000000   20.000000   clock clk (rise edge)
                                  0.000000   20.000000   clock network delay (propagated)
                                 -0.250000   19.750002   clock uncertainty
                                  0.000000   19.750002   clock reconvergence pessimism
                                 -4.000000   15.750001   output external delay
                                             15.750001   data required time
---------------------------------------------------------------------------------------------
                                             15.750001   data required time
                                             -0.568300   data arrival time
---------------------------------------------------------------------------------------------
                                             15.181702   slack (MET)


Startpoint: _95_ (rising edge-triggered flip-flop clocked by clk)
Endpoint: acc[3] (output port clocked by clk)
Path Group: clk
Path Type: max

Fanout         Cap        Slew       Delay        Time   Description
---------------------------------------------------------------------------------------------
                                  0.000000    0.000000   clock clk (rise edge)
                                  0.000000    0.000000   clock source latency
     1    0.011340    0.043063    0.028400    0.028400 ^ clk (in)
                                                         clk (net)
                      0.043066    0.000000    0.028400 ^ clkbuf_0_clk/A (sky130_fd_sc_hd__clkbuf_16)
     2    0.020871    0.031757    0.088446    0.116846 ^ clkbuf_0_clk/X (sky130_fd_sc_hd__clkbuf_16)
                                                         clknet_0_clk (net)
                      0.031760    0.000573    0.117419 ^ clkbuf_1_1__f_clk/A (sky130_fd_sc_hd__clkbuf_16)
     4    0.013599    0.026916    0.080320    0.197739 ^ clkbuf_1_1__f_clk/X (sky130_fd_sc_hd__clkbuf_16)
                                                         clknet_1_1__leaf_clk (net)
                      0.026916    0.000304    0.198043 ^ _95_/CLK (sky130_fd_sc_hd__dfrtp_1)
     3    0.008044    0.062587    0.221388    0.419430 ^ _95_/Q (sky130_fd_sc_hd__dfrtp_1)
                                                         net13 (net)
                      0.062587    0.000187    0.419617 ^ output13/A (sky130_fd_sc_hd__buf_2)
     1    0.034207    0.127903    0.145924    0.565541 ^ output13/X (sky130_fd_sc_hd__buf_2)
                                                         acc[3] (net)
                      0.127946    0.000696    0.566237 ^ acc[3] (out)
                                              0.566237   data arrival time

                                 20.000000   20.000000   clock clk (rise edge)
                                  0.000000   20.000000   clock network delay (propagated)
                                 -0.250000   19.750002   clock uncertainty
                                  0.000000   19.750002   clock reconvergence pessimism
                                 -4.000000   15.750001   output external delay
                                             15.750001   data required time
---------------------------------------------------------------------------------------------
                                             15.750001   data required time
                                             -0.566237   data arrival time
---------------------------------------------------------------------------------------------
                                             15.183764   slack (MET)


Startpoint: _99_ (rising edge-triggered flip-flop clocked by clk)
Endpoint: acc[7] (output port clocked by clk)
Path Group: clk
Path Type: max

Fanout         Cap        Slew       Delay        Time   Description
---------------------------------------------------------------------------------------------
                                  0.000000    0.000000   clock clk (rise edge)
                                  0.000000    0.000000   clock source latency
     1    0.011340    0.043063    0.028400    0.028400 ^ clk (in)
                                                         clk (net)
                      0.043066    0.000000    0.028400 ^ clkbuf_0_clk/A (sky130_fd_sc_hd__clkbuf_16)
     2    0.020871    0.031757    0.088446    0.116846 ^ clkbuf_0_clk/X (sky130_fd_sc_hd__clkbuf_16)
                                                         clknet_0_clk (net)
                      0.031760    0.000573    0.117419 ^ clkbuf_1_1__f_clk/A (sky130_fd_sc_hd__clkbuf_16)
     4    0.013599    0.026916    0.080320    0.197739 ^ clkbuf_1_1__f_clk/X (sky130_fd_sc_hd__clkbuf_16)
                                                         clknet_1_1__leaf_clk (net)
                      0.026916    0.000219    0.197958 ^ _99_/CLK (sky130_fd_sc_hd__dfrtp_1)
     2    0.007026    0.056407    0.216526    0.414484 ^ _99_/Q (sky130_fd_sc_hd__dfrtp_1)
                                                         net17 (net)
                      0.056407    0.000158    0.414642 ^ output17/A (sky130_fd_sc_hd__buf_2)
     1    0.034088    0.127516    0.144237    0.558879 ^ output17/X (sky130_fd_sc_hd__buf_2)
                                                         acc[7] (net)
                      0.127521    0.000657    0.559536 ^ acc[7] (out)
                                              0.559536   data arrival time

                                 20.000000   20.000000   clock clk (rise edge)
                                  0.000000   20.000000   clock network delay (propagated)
                                 -0.250000   19.750002   clock uncertainty
                                  0.000000   19.750002   clock reconvergence pessimism
                                 -4.000000   15.750001   output external delay
                                             15.750001   data required time
---------------------------------------------------------------------------------------------
                                             15.750001   data required time
                                             -0.559536   data arrival time
---------------------------------------------------------------------------------------------
                                             15.190464   slack (MET)


Startpoint: _92_ (rising edge-triggered flip-flop clocked by clk)
Endpoint: acc[0] (output port clocked by clk)
Path Group: clk
Path Type: max

Fanout         Cap        Slew       Delay        Time   Description
---------------------------------------------------------------------------------------------
                                  0.000000    0.000000   clock clk (rise edge)
                                  0.000000    0.000000   clock source latency
     1    0.011340    0.043063    0.028400    0.028400 ^ clk (in)
                                                         clk (net)
                      0.043066    0.000000    0.028400 ^ clkbuf_0_clk/A (sky130_fd_sc_hd__clkbuf_16)
     2    0.020871    0.031757    0.088446    0.116846 ^ clkbuf_0_clk/X (sky130_fd_sc_hd__clkbuf_16)
                                                         clknet_0_clk (net)
                      0.031760    0.000567    0.117413 ^ clkbuf_1_0__f_clk/A (sky130_fd_sc_hd__clkbuf_16)
     4    0.012515    0.026199    0.079573    0.196986 ^ clkbuf_1_0__f_clk/X (sky130_fd_sc_hd__clkbuf_16)
                                                         clknet_1_0__leaf_clk (net)
                      0.026199    0.000261    0.197247 ^ _92_/CLK (sky130_fd_sc_hd__dfrtp_1)
     3    0.006872    0.055473    0.215578    0.412825 ^ _92_/Q (sky130_fd_sc_hd__dfrtp_1)
                                                         net10 (net)
                      0.055473    0.000162    0.412987 ^ output10/A (sky130_fd_sc_hd__buf_2)
     1    0.034077    0.127479    0.143997    0.556983 ^ output10/X (sky130_fd_sc_hd__buf_2)
                                                         acc[0] (net)
                      0.127484    0.000657    0.557640 ^ acc[0] (out)
                                              0.557640   data arrival time

                                 20.000000   20.000000   clock clk (rise edge)
                                  0.000000   20.000000   clock network delay (propagated)
                                 -0.250000   19.750002   clock uncertainty
                                  0.000000   19.750002   clock reconvergence pessimism
                                 -4.000000   15.750001   output external delay
                                             15.750001   data required time
---------------------------------------------------------------------------------------------
                                             15.750001   data required time
                                             -0.557640   data arrival time
---------------------------------------------------------------------------------------------
                                             15.192360   slack (MET)


Startpoint: data_in[1] (input port clocked by clk)
Endpoint: _93_ (rising edge-triggered flip-flop clocked by clk)
Path Group: clk
Path Type: max

Fanout         Cap        Slew       Delay        Time   Description
---------------------------------------------------------------------------------------------
                                  0.000000    0.000000   clock clk (rise edge)
                                  0.000000    0.000000   clock network delay (propagated)
                                  4.000000    4.000000 v input external delay
     1    0.002909    0.004879    0.002375    4.002376 v data_in[1] (in)
                                                         data_in[1] (net)
                      0.004880    0.000000    4.002376 v input2/A (sky130_fd_sc_hd__clkbuf_1)
     2    0.005216    0.026789    0.054508    4.056883 v input2/X (sky130_fd_sc_hd__clkbuf_1)
                                                         net2 (net)
                      0.026789    0.000135    4.057018 v _50_/A (sky130_fd_sc_hd__nand2_1)
     4    0.014330    0.105971    0.089714    4.146732 ^ _50_/Y (sky130_fd_sc_hd__nand2_1)
                                                         _15_ (net)
                      0.105972    0.000331    4.147064 ^ _54_/C_N (sky130_fd_sc_hd__or3b_1)
     3    0.009727    0.070206    0.232420    4.379484 v _54_/X (sky130_fd_sc_hd__or3b_1)
                                                         _19_ (net)
                      0.070206    0.000159    4.379643 v _78_/A (sky130_fd_sc_hd__and2_1)
     1    0.002490    0.024333    0.096837    4.476480 v _78_/X (sky130_fd_sc_hd__and2_1)
                                                         adder.low.sum[1] (net)
                      0.024333    0.000070    4.476550 v _93_/D (sky130_fd_sc_hd__dfrtp_1)
                                              4.476550   data arrival time

                                 20.000000   20.000000   clock clk (rise edge)
                                  0.000000   20.000000   clock source latency
     1    0.011340    0.043063    0.028400   20.028400 ^ clk (in)
                                                         clk (net)
                      0.043066    0.000000   20.028400 ^ clkbuf_0_clk/A (sky130_fd_sc_hd__clkbuf_16)
     2    0.020871    0.031757    0.088445   20.116846 ^ clkbuf_0_clk/X (sky130_fd_sc_hd__clkbuf_16)
                                                         clknet_0_clk (net)
                      0.031760    0.000568   20.117414 ^ clkbuf_1_0__f_clk/A (sky130_fd_sc_hd__clkbuf_16)
     4    0.012515    0.026199    0.079572   20.196985 ^ clkbuf_1_0__f_clk/X (sky130_fd_sc_hd__clkbuf_16)
                                                         clknet_1_0__leaf_clk (net)
                      0.026199    0.000172   20.197159 ^ _93_/CLK (sky130_fd_sc_hd__dfrtp_1)
                                 -0.250000   19.947159   clock uncertainty
                                  0.000000   19.947159   clock reconvergence pessimism
                                 -0.070264   19.876896   library setup time
                                             19.876896   data required time
---------------------------------------------------------------------------------------------
                                             19.876896   data required time
                                             -4.476550   data arrival time
---------------------------------------------------------------------------------------------
                                             15.400347   slack (MET)


Startpoint: data_in[0] (input port clocked by clk)
Endpoint: _92_ (rising edge-triggered flip-flop clocked by clk)
Path Group: clk
Path Type: max

Fanout         Cap        Slew       Delay        Time   Description
---------------------------------------------------------------------------------------------
                                  0.000000    0.000000   clock clk (rise edge)
                                  0.000000    0.000000   clock network delay (propagated)
                                  4.000000    4.000000 v input external delay
     1    0.003463    0.005688    0.002870    4.002870 v data_in[0] (in)
                                                         data_in[0] (net)
                      0.005689    0.000000    4.002870 v input1/A (sky130_fd_sc_hd__clkbuf_1)
     2    0.004540    0.024375    0.052709    4.055580 v input1/X (sky130_fd_sc_hd__clkbuf_1)
                                                         net1 (net)
                      0.024375    0.000111    4.055691 v _83_/A (sky130_fd_sc_hd__or2_1)
     1    0.001770    0.028769    0.122957    4.178648 v _83_/X (sky130_fd_sc_hd__or2_1)
                                                         _41_ (net)
                      0.028769    0.000034    4.178681 v _84_/B (sky130_fd_sc_hd__and2_1)
     1    0.002263    0.023724    0.091575    4.270256 v _84_/X (sky130_fd_sc_hd__and2_1)
                                                         adder.low.p[0] (net)
                      0.023724    0.000063    4.270319 v _92_/D (sky130_fd_sc_hd__dfrtp_1)
                                              4.270319   data arrival time

                                 20.000000   20.000000   clock clk (rise edge)
                                  0.000000   20.000000   clock source latency
     1    0.011340    0.043063    0.028400   20.028400 ^ clk (in)
                                                         clk (net)
                      0.043066    0.000000   20.028400 ^ clkbuf_0_clk/A (sky130_fd_sc_hd__clkbuf_16)
     2    0.020871    0.031757    0.088445   20.116846 ^ clkbuf_0_clk/X (sky130_fd_sc_hd__clkbuf_16)
                                                         clknet_0_clk (net)
                      0.031760    0.000568   20.117414 ^ clkbuf_1_0__f_clk/A (sky130_fd_sc_hd__clkbuf_16)
     4    0.012515    0.026199    0.079572   20.196985 ^ clkbuf_1_0__f_clk/X (sky130_fd_sc_hd__clkbuf_16)
                                                         clknet_1_0__leaf_clk (net)
                      0.026199    0.000261   20.197247 ^ _92_/CLK (sky130_fd_sc_hd__dfrtp_1)
                                 -0.250000   19.947248   clock uncertainty
                                  0.000000   19.947248   clock reconvergence pessimism
                                 -0.070047   19.877201   library setup time
                                             19.877201   data required time
---------------------------------------------------------------------------------------------
                                             19.877201   data required time
                                             -4.270319   data arrival time
---------------------------------------------------------------------------------------------
                                             15.606881   slack (MET)


Startpoint: rst (input port clocked by clk)
Endpoint: _94_ (recovery check against rising-edge clock clk)
Path Group: asynchronous
Path Type: max

Fanout         Cap        Slew       Delay        Time   Description
---------------------------------------------------------------------------------------------
                                  0.000000    0.000000   clock clk (rise edge)
                                  0.000000    0.000000   clock network delay (propagated)
                                  4.000000    4.000000 v input external delay
     1    0.002596    0.004423    0.002096    4.002096 v rst (in)
                                                         rst (net)
                      0.004423    0.000000    4.002096 v input9/A (sky130_fd_sc_hd__clkbuf_4)
     8    0.047098    0.072413    0.125975    4.128071 v input9/X (sky130_fd_sc_hd__clkbuf_4)
                                                         net9 (net)
                      0.072441    0.001322    4.129393 v _86_/A (sky130_fd_sc_hd__inv_2)
     1    0.004225    0.028273    0.045322    4.174715 ^ _86_/Y (sky130_fd_sc_hd__inv_2)
                                                         _02_ (net)
                      0.028273    0.000054    4.174768 ^ _94_/RESET_B (sky130_fd_sc_hd__dfrtp_1)
                                              4.174768   data arrival time

                                 20.000000   20.000000   clock clk (rise edge)
                                  0.000000   20.000000   clock source latency
     1    0.011340    0.043063    0.028400   20.028400 ^ clk (in)
                                                         clk (net)
                      0.043066    0.000000   20.028400 ^ clkbuf_0_clk/A (sky130_fd_sc_hd__clkbuf_16)
     2    0.020871    0.031757    0.088445   20.116846 ^ clkbuf_0_clk/X (sky130_fd_sc_hd__clkbuf_16)
                                                         clknet_0_clk (net)
                      0.031760    0.000568   20.117414 ^ clkbuf_1_0__f_clk/A (sky130_fd_sc_hd__clkbuf_16)
     4    0.012515    0.026199    0.079572   20.196985 ^ clkbuf_1_0__f_clk/X (sky130_fd_sc_hd__clkbuf_16)
                                                         clknet_1_0__leaf_clk (net)
                      0.026199    0.000338   20.197323 ^ _94_/CLK (sky130_fd_sc_hd__dfrtp_1)
                                 -0.250000   19.947325   clock uncertainty
                                  0.000000   19.947325   clock reconvergence pessimism
                                  0.143462   20.090786   library recovery time
                                             20.090786   data required time
---------------------------------------------------------------------------------------------
                                             20.090786   data required time
                                             -4.174768   data arrival time
---------------------------------------------------------------------------------------------
                                             15.916018   slack (MET)


Startpoint: rst (input port clocked by clk)
Endpoint: _96_ (recovery check against rising-edge clock clk)
Path Group: asynchronous
Path Type: max

Fanout         Cap        Slew       Delay        Time   Description
---------------------------------------------------------------------------------------------
                                  0.000000    0.000000   clock clk (rise edge)
                                  0.000000    0.000000   clock network delay (propagated)
                                  4.000000    4.000000 v input external delay
     1    0.002596    0.004423    0.002096    4.002096 v rst (in)
                                                         rst (net)
                      0.004423    0.000000    4.002096 v input9/A (sky130_fd_sc_hd__clkbuf_4)
     8    0.047098    0.072413    0.125975    4.128071 v input9/X (sky130_fd_sc_hd__clkbuf_4)
                                                         net9 (net)
                      0.072434    0.001168    4.129239 v _88_/A (sky130_fd_sc_hd__inv_2)
     1    0.003991    0.027605    0.044431    4.173669 ^ _88_/Y (sky130_fd_sc_hd__inv_2)
                                                         _04_ (net)
                      0.027605    0.000081    4.173750 ^ _96_/RESET_B (sky130_fd_sc_hd__dfrtp_1)
                                              4.173750   data arrival time

                                 20.000000   20.000000   clock clk (rise edge)
                                  0.000000   20.000000   clock source latency
     1    0.011340    0.043063    0.028400   20.028400 ^ clk (in)
                                                         clk (net)
                      0.043066    0.000000   20.028400 ^ clkbuf_0_clk/A (sky130_fd_sc_hd__clkbuf_16)
     2    0.020871    0.031757    0.088445   20.116846 ^ clkbuf_0_clk/X (sky130_fd_sc_hd__clkbuf_16)
                                                         clknet_0_clk (net)
                      0.031760    0.000568   20.117414 ^ clkbuf_1_0__f_clk/A (sky130_fd_sc_hd__clkbuf_16)
     4    0.012515    0.026199    0.079572   20.196985 ^ clkbuf_1_0__f_clk/X (sky130_fd_sc_hd__clkbuf_16)
                                                         clknet_1_0__leaf_clk (net)
                      0.026199    0.000284   20.197269 ^ _96_/CLK (sky130_fd_sc_hd__dfrtp_1)
                                 -0.250000   19.947271   clock uncertainty
                                  0.000000   19.947271   clock reconvergence pessimism
                                  0.143587   20.090858   library recovery time
                                             20.090858   data required time
---------------------------------------------------------------------------------------------
                                             20.090858   data required time
                                             -4.173750   data arrival time
---------------------------------------------------------------------------------------------
                                             15.917107   slack (MET)


Startpoint: rst (input port clocked by clk)
Endpoint: _93_ (recovery check against rising-edge clock clk)
Path Group: asynchronous
Path Type: max

Fanout         Cap        Slew       Delay        Time   Description
---------------------------------------------------------------------------------------------
                                  0.000000    0.000000   clock clk (rise edge)
                                  0.000000    0.000000   clock network delay (propagated)
                                  4.000000    4.000000 v input external delay
     1    0.002596    0.004423    0.002096    4.002096 v rst (in)
                                                         rst (net)
                      0.004423    0.000000    4.002096 v input9/A (sky130_fd_sc_hd__clkbuf_4)
     8    0.047098    0.072413    0.125975    4.128071 v input9/X (sky130_fd_sc_hd__clkbuf_4)
                                                         net9 (net)
                      0.072430    0.001079    4.129150 v _85_/A (sky130_fd_sc_hd__inv_2)
     1    0.003963    0.027525    0.044325    4.173475 ^ _85_/Y (sky130_fd_sc_hd__inv_2)
                                                         _01_ (net)
                      0.027525    0.000080    4.173555 ^ _93_/RESET_B (sky130_fd_sc_hd__dfrtp_1)
                                              4.173555   data arrival time

                                 20.000000   20.000000   clock clk (rise edge)
                                  0.000000   20.000000   clock source latency
     1    0.011340    0.043063    0.028400   20.028400 ^ clk (in)
                                                         clk (net)
                      0.043066    0.000000   20.028400 ^ clkbuf_0_clk/A (sky130_fd_sc_hd__clkbuf_16)
     2    0.020871    0.031757    0.088445   20.116846 ^ clkbuf_0_clk/X (sky130_fd_sc_hd__clkbuf_16)
                                                         clknet_0_clk (net)
                      0.031760    0.000568   20.117414 ^ clkbuf_1_0__f_clk/A (sky130_fd_sc_hd__clkbuf_16)
     4    0.012515    0.026199    0.079572   20.196985 ^ clkbuf_1_0__f_clk/X (sky130_fd_sc_hd__clkbuf_16)
                                                         clknet_1_0__leaf_clk (net)
                      0.026199    0.000172   20.197159 ^ _93_/CLK (sky130_fd_sc_hd__dfrtp_1)
                                 -0.250000   19.947159   clock uncertainty
                                  0.000000   19.947159   clock reconvergence pessimism
                                  0.143602   20.090761   library recovery time
                                             20.090761   data required time
---------------------------------------------------------------------------------------------
                                             20.090761   data required time
                                             -4.173555   data arrival time
---------------------------------------------------------------------------------------------
                                             15.917206   slack (MET)


Startpoint: rst (input port clocked by clk)
Endpoint: _92_ (recovery check against rising-edge clock clk)
Path Group: asynchronous
Path Type: max

Fanout         Cap        Slew       Delay        Time   Description
---------------------------------------------------------------------------------------------
                                  0.000000    0.000000   clock clk (rise edge)
                                  0.000000    0.000000   clock network delay (propagated)
                                  4.000000    4.000000 v input external delay
     1    0.002596    0.004423    0.002096    4.002096 v rst (in)
                                                         rst (net)
                      0.004423    0.000000    4.002096 v input9/A (sky130_fd_sc_hd__clkbuf_4)
     8    0.047098    0.072413    0.125975    4.128071 v input9/X (sky130_fd_sc_hd__clkbuf_4)
                                                         net9 (net)
                      0.072425    0.000946    4.129017 v _42_/A (sky130_fd_sc_hd__inv_2)
     1    0.003833    0.027174    0.043839    4.172855 ^ _42_/Y (sky130_fd_sc_hd__inv_2)
                                                         _00_ (net)
                      0.027174    0.000074    4.172930 ^ _92_/RESET_B (sky130_fd_sc_hd__dfrtp_1)
                                              4.172930   data arrival time

                                 20.000000   20.000000   clock clk (rise edge)
                                  0.000000   20.000000   clock source latency
     1    0.011340    0.043063    0.028400   20.028400 ^ clk (in)
                                                         clk (net)
                      0.043066    0.000000   20.028400 ^ clkbuf_0_clk/A (sky130_fd_sc_hd__clkbuf_16)
     2    0.020871    0.031757    0.088445   20.116846 ^ clkbuf_0_clk/X (sky130_fd_sc_hd__clkbuf_16)
                                                         clknet_0_clk (net)
                      0.031760    0.000568   20.117414 ^ clkbuf_1_0__f_clk/A (sky130_fd_sc_hd__clkbuf_16)
     4    0.012515    0.026199    0.079572   20.196985 ^ clkbuf_1_0__f_clk/X (sky130_fd_sc_hd__clkbuf_16)
                                                         clknet_1_0__leaf_clk (net)
                      0.026199    0.000261   20.197247 ^ _92_/CLK (sky130_fd_sc_hd__dfrtp_1)
                                 -0.250000   19.947248   clock uncertainty
                                  0.000000   19.947248   clock reconvergence pessimism
                                  0.143668   20.090916   library recovery time
                                             20.090916   data required time
---------------------------------------------------------------------------------------------
                                             20.090916   data required time
                                             -4.172930   data arrival time
---------------------------------------------------------------------------------------------
                                             15.917988   slack (MET)


Startpoint: rst (input port clocked by clk)
Endpoint: _99_ (recovery check against rising-edge clock clk)
Path Group: asynchronous
Path Type: max

Fanout         Cap        Slew       Delay        Time   Description
---------------------------------------------------------------------------------------------
                                  0.000000    0.000000   clock clk (rise edge)
                                  0.000000    0.000000   clock network delay (propagated)
                                  4.000000    4.000000 v input external delay
     1    0.002596    0.004423    0.002096    4.002096 v rst (in)
                                                         rst (net)
                      0.004423    0.000000    4.002096 v input9/A (sky130_fd_sc_hd__clkbuf_4)
     8    0.047098    0.072413    0.125975    4.128071 v input9/X (sky130_fd_sc_hd__clkbuf_4)
                                                         net9 (net)
                      0.072422    0.000836    4.128907 v _91_/A (sky130_fd_sc_hd__inv_2)
     1    0.003970    0.027540    0.044368    4.173275 ^ _91_/Y (sky130_fd_sc_hd__inv_2)
                                                         _07_ (net)
                      0.027540    0.000044    4.173319 ^ _99_/RESET_B (sky130_fd_sc_hd__dfrtp_1)
                                              4.173319   data arrival time

                                 20.000000   20.000000   clock clk (rise edge)
                                  0.000000   20.000000   clock source latency
     1    0.011340    0.043063    0.028400   20.028400 ^ clk (in)
                                                         clk (net)
                      0.043066    0.000000   20.028400 ^ clkbuf_0_clk/A (sky130_fd_sc_hd__clkbuf_16)
     2    0.020871    0.031757    0.088445   20.116846 ^ clkbuf_0_clk/X (sky130_fd_sc_hd__clkbuf_16)
                                                         clknet_0_clk (net)
                      0.031760    0.000574   20.117420 ^ clkbuf_1_1__f_clk/A (sky130_fd_sc_hd__clkbuf_16)
     4    0.013599    0.026916    0.080320   20.197739 ^ clkbuf_1_1__f_clk/X (sky130_fd_sc_hd__clkbuf_16)
                                                         clknet_1_1__leaf_clk (net)
                      0.026916    0.000220   20.197960 ^ _99_/CLK (sky130_fd_sc_hd__dfrtp_1)
                                 -0.250000   19.947960   clock uncertainty
                                  0.000000   19.947960   clock reconvergence pessimism
                                  0.143706   20.091665   library recovery time
                                             20.091665   data required time
---------------------------------------------------------------------------------------------
                                             20.091665   data required time
                                             -4.173319   data arrival time
---------------------------------------------------------------------------------------------
                                             15.918346   slack (MET)


Startpoint: rst (input port clocked by clk)
Endpoint: _97_ (recovery check against rising-edge clock clk)
Path Group: asynchronous
Path Type: max

Fanout         Cap        Slew       Delay        Time   Description
---------------------------------------------------------------------------------------------
                                  0.000000    0.000000   clock clk (rise edge)
                                  0.000000    0.000000   clock network delay (propagated)
                                  4.000000    4.000000 v input external delay
     1    0.002596    0.004423    0.002096    4.002096 v rst (in)
                                                         rst (net)
                      0.004423    0.000000    4.002096 v input9/A (sky130_fd_sc_hd__clkbuf_4)
     8    0.047098    0.072413    0.125975    4.128071 v input9/X (sky130_fd_sc_hd__clkbuf_4)
                                                         net9 (net)
                      0.072421    0.000796    4.128867 v _89_/A (sky130_fd_sc_hd__inv_2)
     1    0.003964    0.027527    0.044327    4.173194 ^ _89_/Y (sky130_fd_sc_hd__inv_2)
                                                         _05_ (net)
                      0.027527    0.000079    4.173274 ^ _97_/RESET_B (sky130_fd_sc_hd__dfrtp_1)
                                              4.173274   data arrival time

                                 20.000000   20.000000   clock clk (rise edge)
                                  0.000000   20.000000   clock source latency
     1    0.011340    0.043063    0.028400   20.028400 ^ clk (in)
                                                         clk (net)
                      0.043066    0.000000   20.028400 ^ clkbuf_0_clk/A (sky130_fd_sc_hd__clkbuf_16)
     2    0.020871    0.031757    0.088445   20.116846 ^ clkbuf_0_clk/X (sky130_fd_sc_hd__clkbuf_16)
                                                         clknet_0_clk (net)
                      0.031760    0.000574   20.117420 ^ clkbuf_1_1__f_clk/A (sky130_fd_sc_hd__clkbuf_16)
     4    0.013599    0.026916    0.080320   20.197739 ^ clkbuf_1_1__f_clk/X (sky130_fd_sc_hd__clkbuf_16)
                                                         clknet_1_1__leaf_clk (net)
                      0.026916    0.000279   20.198017 ^ _97_/CLK (sky130_fd_sc_hd__dfrtp_1)
                                 -0.250000   19.948019   clock uncertainty
                                  0.000000   19.948019   clock reconvergence pessimism
                                  0.143709   20.091728   library recovery time
                                             20.091728   data required time
---------------------------------------------------------------------------------------------
                                             20.091728   data required time
                                             -4.173274   data arrival time
---------------------------------------------------------------------------------------------
                                             15.918454   slack (MET)


Startpoint: rst (input port clocked by clk)
Endpoint: _95_ (recovery check against rising-edge clock clk)
Path Group: asynchronous
Path Type: max

Fanout         Cap        Slew       Delay        Time   Description
---------------------------------------------------------------------------------------------
                                  0.000000    0.000000   clock clk (rise edge)
                                  0.000000    0.000000   clock network delay (propagated)
                                  4.000000    4.000000 v input external delay
     1    0.002596    0.004423    0.002096    4.002096 v rst (in)
                                                         rst (net)
                      0.004423    0.000000    4.002096 v input9/A (sky130_fd_sc_hd__clkbuf_4)
     8    0.047098    0.072413    0.125975    4.128071 v input9/X (sky130_fd_sc_hd__clkbuf_4)
                                                         net9 (net)
                      0.072424    0.000900    4.128971 v _87_/A (sky130_fd_sc_hd__inv_2)
     1    0.003906    0.027366    0.044112    4.173083 ^ _87_/Y (sky130_fd_sc_hd__inv_2)
                                                         _03_ (net)
                      0.027366    0.000077    4.173161 ^ _95_/RESET_B (sky130_fd_sc_hd__dfrtp_1)
                                              4.173161   data arrival time

                                 20.000000   20.000000   clock clk (rise edge)
                                  0.000000   20.000000   clock source latency
     1    0.011340    0.043063    0.028400   20.028400 ^ clk (in)
                                                         clk (net)
                      0.043066    0.000000   20.028400 ^ clkbuf_0_clk/A (sky130_fd_sc_hd__clkbuf_16)
     2    0.020871    0.031757    0.088445   20.116846 ^ clkbuf_0_clk/X (sky130_fd_sc_hd__clkbuf_16)
                                                         clknet_0_clk (net)
                      0.031760    0.000574   20.117420 ^ clkbuf_1_1__f_clk/A (sky130_fd_sc_hd__clkbuf_16)
     4    0.013599    0.026916    0.080320   20.197739 ^ clkbuf_1_1__f_clk/X (sky130_fd_sc_hd__clkbuf_16)
                                                         clknet_1_1__leaf_clk (net)
                      0.026916    0.000304   20.198044 ^ _95_/CLK (sky130_fd_sc_hd__dfrtp_1)
                                 -0.250000   19.948044   clock uncertainty
                                  0.000000   19.948044   clock reconvergence pessimism
                                  0.143739   20.091784   library recovery time
                                             20.091784   data required time
---------------------------------------------------------------------------------------------
                                             20.091784   data required time
                                             -4.173161   data arrival time
---------------------------------------------------------------------------------------------
                                             15.918623   slack (MET)


Startpoint: rst (input port clocked by clk)
Endpoint: _98_ (recovery check against rising-edge clock clk)
Path Group: asynchronous
Path Type: max

Fanout         Cap        Slew       Delay        Time   Description
---------------------------------------------------------------------------------------------
                                  0.000000    0.000000   clock clk (rise edge)
                                  0.000000    0.000000   clock network delay (propagated)
                                  4.000000    4.000000 v input external delay
     1    0.002596    0.004423    0.002096    4.002096 v rst (in)
                                                         rst (net)
                      0.004423    0.000000    4.002096 v input9/A (sky130_fd_sc_hd__clkbuf_4)
     8    0.047098    0.072413    0.125975    4.128071 v input9/X (sky130_fd_sc_hd__clkbuf_4)
                                                         net9 (net)
                      0.072416    0.000537    4.128608 v _90_/A (sky130_fd_sc_hd__inv_2)
     1    0.003895    0.027333    0.044068    4.172676 ^ _90_/Y (sky130_fd_sc_hd__inv_2)
                                                         _06_ (net)
                      0.027333    0.000076    4.172752 ^ _98_/RESET_B (sky130_fd_sc_hd__dfrtp_1)
                                              4.172752   data arrival time

                                 20.000000   20.000000   clock clk (rise edge)
                                  0.000000   20.000000   clock source latency
     1    0.011340    0.043063    0.028400   20.028400 ^ clk (in)
                                                         clk (net)
                      0.043066    0.000000   20.028400 ^ clkbuf_0_clk/A (sky130_fd_sc_hd__clkbuf_16)
     2    0.020871    0.031757    0.088445   20.116846 ^ clkbuf_0_clk/X (sky130_fd_sc_hd__clkbuf_16)
                                                         clknet_0_clk (net)
                      0.031760    0.000574   20.117420 ^ clkbuf_1_1__f_clk/A (sky130_fd_sc_hd__clkbuf_16)
     4    0.013599    0.026916    0.080320   20.197739 ^ clkbuf_1_1__f_clk/X (sky130_fd_sc_hd__clkbuf_16)
                                                         clknet_1_1__leaf_clk (net)
                      0.026916    0.000210   20.197948 ^ _98_/CLK (sky130_fd_sc_hd__dfrtp_1)
                                 -0.250000   19.947950   clock uncertainty
                                  0.000000   19.947950   clock reconvergence pessimism
                                  0.143745   20.091694   library recovery time
                                             20.091694   data required time
---------------------------------------------------------------------------------------------
                                             20.091694   data required time
                                             -4.172752   data arrival time
---------------------------------------------------------------------------------------------
                                             15.918943   slack (MET)



