
===========================================================================
report_checks -unconstrained
===========================================================================
======================= nom_tt_025C_1v80 Corner ===================================

Startpoint: rst (input port clocked by clk)
Endpoint: _96_ (recovery check against rising-edge clock clk)
Path Group: asynchronous
Path Type: max

Fanout         Cap        Slew       Delay        Time   Description
---------------------------------------------------------------------------------------------
                                  0.000000    0.000000   clock clk (rise edge)
                                  0.000000    0.000000   clock network delay (propagated)
                                  4.000000    4.000000 v input external delay
     1    0.002641    0.008264    0.004144    4.004144 v rst (in)
                                                         rst (net)
                      0.008264    0.000000    4.004144 v input9/A (sky130_fd_sc_hd__clkbuf_4)
     8    0.040533    0.090637    0.176651    4.180795 v input9/X (sky130_fd_sc_hd__clkbuf_4)
                                                         net9 (net)
                      0.090637    0.000233    4.181028 v _88_/A (sky130_fd_sc_hd__inv_2)
     1    0.004709    0.038290    0.064451    4.245479 ^ _88_/Y (sky130_fd_sc_hd__inv_2)
                                                         _04_ (net)
                      0.038290    0.000025    4.245504 ^ _96_/RESET_B (sky130_fd_sc_hd__dfrtp_1)
                                              4.245504   data arrival time

                                 20.000000   20.000000   clock clk (rise edge)
                                  0.000000   20.000000   clock source latency
     1    0.009006    0.046981    0.030770   20.030771 ^ clk (in)
                                                         clk (net)
                      0.046981    0.000000   20.030771 ^ clkbuf_0_clk/A (sky130_fd_sc_hd__clkbuf_16)
     2    0.017119    0.039393    0.123441   20.154211 ^ clkbuf_0_clk/X (sky130_fd_sc_hd__clkbuf_16)
                                                         clknet_0_clk (net)
                      0.039393    0.000021   20.154232 ^ clkbuf_1_0__f_clk/A (sky130_fd_sc_hd__clkbuf_16)
     4    0.010137    0.033449    0.113978   20.268211 ^ clkbuf_1_0__f_clk/X (sky130_fd_sc_hd__clkbuf_16)
                                                         clknet_1_0__leaf_clk (net)
                      0.033449    0.000012   20.268223 ^ _96_/CLK (sky130_fd_sc_hd__dfrtp_1)
                                 -0.250000   20.018225   clock uncertainty
                                  0.000000   20.018225   clock reconvergence pessimism
                                  0.228531   20.246756   library recovery time
                                             20.246756   data required time
---------------------------------------------------------------------------------------------
                                             20.246756   data required time
                                             -4.245504   data arrival time
---------------------------------------------------------------------------------------------
                                             16.001253   slack (MET)


Startpoint: data_in[1] (input port clocked by clk)
Endpoint: _98_ (rising edge-triggered flip-flop clocked by clk)
Path Group: clk
Path Type: max

Fanout         Cap        Slew       Delay        Time   Description
---------------------------------------------------------------------------------------------
                                  0.000000    0.000000   clock clk (rise edge)
                                  0.000000    0.000000   clock network delay (propagated)
                                  4.000000    4.000000 v input external delay
     1    0.003219    0.009605    0.005120    4.005120 v data_in[1] (in)
                                                         data_in[1] (net)
                      0.009605    0.000000    4.005120 v input2/A (sky130_fd_sc_hd__clkbuf_1)
     2    0.005407    0.041149    0.084925    4.090046 v input2/X (sky130_fd_sc_hd__clkbuf_1)
                                                         net2 (net)
                      0.041149    0.000004    4.090050 v _50_/A (sky130_fd_sc_hd__nand2_1)
     4    0.012319    0.127355    0.111755    4.201804 ^ _50_/Y (sky130_fd_sc_hd__nand2_1)
                                                         _15_ (net)
                      0.127355    0.000035    4.201839 ^ _54_/C_N (sky130_fd_sc_hd__or3b_1)
     3    0.006906    0.091112    0.388249    4.590089 v _54_/X (sky130_fd_sc_hd__or3b_1)
                                                         _19_ (net)
                      0.091112    0.000011    4.590100 v _55_/A2 (sky130_fd_sc_hd__a211o_1)
     4    0.010024    0.080118    0.344456    4.934556 v _55_/X (sky130_fd_sc_hd__a211o_1)
                                                         _20_ (net)
                      0.080118    0.000034    4.934590 v _60_/A2 (sky130_fd_sc_hd__a311o_1)
     4    0.010894    0.091304    0.366099    5.300689 v _60_/X (sky130_fd_sc_hd__a311o_1)
                                                         _25_ (net)
                      0.091304    0.000066    5.300755 v _70_/A2 (sky130_fd_sc_hd__a31o_1)
     1    0.005055    0.048349    0.229949    5.530704 v _70_/X (sky130_fd_sc_hd__a31o_1)
                                                         _33_ (net)
                      0.048349    0.000012    5.530715 v _71_/B (sky130_fd_sc_hd__xnor2_1)
     1    0.002257    0.042445    0.115406    5.646121 v _71_/Y (sky130_fd_sc_hd__xnor2_1)
                                                         adder.high.sum[2] (net)
                      0.042445    0.000004    5.646125 v _98_/D (sky130_fd_sc_hd__dfrtp_1)
                                              5.646125   data arrival time

                                 20.000000   20.000000   clock clk (rise edge)
                                  0.000000   20.000000   clock source latency
     1    0.009006    0.046981    0.030770   20.030771 ^ clk (in)
                                                         clk (net)
                      0.046981    0.000000   20.030771 ^ clkbuf_0_clk/A (sky130_fd_sc_hd__clkbuf_16)
     2    0.017119    0.039393    0.123441   20.154211 ^ clkbuf_0_clk/X (sky130_fd_sc_hd__clkbuf_16)
                                                         clknet_0_clk (net)
                      0.039393    0.000036   20.154247 ^ clkbuf_1_1__f_clk/A (sky130_fd_sc_hd__clkbuf_16)
     4    0.009591    0.032981    0.113449   20.267696 ^ clkbuf_1_1__f_clk/X (sky130_fd_sc_hd__clkbuf_16)
                                                         clknet_1_1__leaf_clk (net)
                      0.032981    0.000023   20.267719 ^ _98_/CLK (sky130_fd_sc_hd__dfrtp_1)
                                 -0.250000   20.017719   clock uncertainty
                                  0.000000   20.017719   clock reconvergence pessimism
                                 -0.115908   19.901810   library setup time
                                             19.901810   data required time
---------------------------------------------------------------------------------------------
                                             19.901810   data required time
                                             -5.646125   data arrival time
---------------------------------------------------------------------------------------------
                                             14.255686   slack (MET)




===========================================================================
report_checks --slack_max -0.01
============================================================================
======================= nom_tt_025C_1v80 Corner ===================================

No paths found.


===========================================================================
 report_check_types -max_slew -max_cap -max_fanout -violators
============================================================================
======================= nom_tt_025C_1v80 Corner ===================================



===========================================================================
report_parasitic_annotation -report_unannotated
============================================================================
Found 0 unannotated drivers.
Found 0 partially unannotated drivers.

===========================================================================
max slew violation count 0
Writing metric design__max_slew_violation__count__corner:nom_tt_025C_1v80: 0
max fanout violation count 0
Writing metric design__max_fanout_violation__count__corner:nom_tt_025C_1v80: 0
max cap violation count 0
Writing metric design__max_cap_violation__count__corner:nom_tt_025C_1v80: 0
============================================================================

===========================================================================
check_setup -verbose -unconstrained_endpoints -multiple_clock -no_clock -no_input_delay -loops -generated_clocks
===========================================================================
