Clock: clk
Sources: clk 
Generated: no
Virtual: yes
Propagated: no
Period: 20.000000

===========================================================================
report_clock_properties
============================================================================
Clock                   Period          Waveform
----------------------------------------------------
clk                  20.000000    0.000000 10.000000

===========================================================================
report_clock_latency
============================================================================
Clock clk
rise -> rise
    min     max
0.000000 0.000000 source latency
0.242022         network latency _461_/CLK
        0.245113 network latency _446_/CLK
---------------
0.242022 0.245113 latency
        0.003091 skew

fall -> fall
    min     max
0.000000 0.000000 source latency
0.225970         network latency _461_/CLK
        0.228690 network latency _446_/CLK
---------------
0.225970 0.228690 latency
        0.002720 skew



===========================================================================
report_clock_min_period
============================================================================
clk period_min = 2.44 fmax = 410.57
