Clock: clk
Sources: clk 
Generated: no
Virtual: yes
Propagated: no
Period: 20.000000

===========================================================================
report_clock_properties
============================================================================
Clock                   Period          Waveform
----------------------------------------------------
clk                  20.000000    0.000000 10.000000

===========================================================================
report_clock_latency
============================================================================
Clock clk
rise -> rise
    min     max
0.000000 0.000000 source latency
0.298505         network latency _454_/CLK
        0.299850 network latency _439_/CLK
---------------
0.298505 0.299850 latency
        0.001345 skew

fall -> fall
    min     max
0.000000 0.000000 source latency
0.145991         network latency _454_/CLK
        0.147265 network latency _439_/CLK
---------------
0.145991 0.147265 latency
        0.001275 skew



===========================================================================
report_clock_min_period
============================================================================
clk period_min = 3.93 fmax = 254.66
