Clock: clk
Sources: clk 
Generated: no
Virtual: yes
Propagated: no
Period: 50.000000

===========================================================================
report_clock_properties
============================================================================
Clock                   Period          Waveform
----------------------------------------------------
clk                  50.000000    0.000000 25.000000

===========================================================================
report_clock_latency
============================================================================
Clock clk
rise -> rise
    min     max
0.000000 0.000000 source latency
0.550431         network latency _609_/CLK
        0.564920 network latency _599_/CLK
---------------
0.550431 0.564920 latency
        0.014490 skew

fall -> fall
    min     max
0.000000 0.000000 source latency
0.464830         network latency _609_/CLK
        0.477815 network latency _599_/CLK
---------------
0.464830 0.477815 latency
        0.012985 skew



===========================================================================
report_clock_min_period
============================================================================
clk period_min = 23.40 fmax = 42.74
