Reading OpenROAD database at '/home/minhnd/projects/cla8-practice/runs/RUN_2026-09-18_10-37-11/24-openroad-ioplacement/cla8.odb'…
Reading library file at '/home/minhnd/.volare/volare/sky130/versions/0fe599b2afb6708d281543108caf8310912f54af/sky130A/libs.ref/sky130_fd_sc_hd/lib/sky130_fd_sc_hd__tt_025C_1v80.lib'…
Reading design constraints file at '/nix/store/ss2cw3sxbrwwx9jl0rrppbw4kgcmgi2n-python3-3.11.9-env/lib/python3.11/site-packages/openlane/scripts/base.sdc'…
[WARNING STA-0366] port '__VIRTUAL_CLK__' not found.
[INFO] Using clock __VIRTUAL_CLK__…
[INFO] Setting output delay to: 4
[INFO] Setting input delay to: 4
[WARNING STA-0366] port '__VIRTUAL_CLK__' not found.
[INFO] Setting load to: 0.033442
[INFO] Setting clock uncertainty to: 0.25
[INFO] Setting clock transition to: 0.1499999999999999944488848768742172978818416595458984375
[WARNING STA-0419] transition time can not be specified for virtual clocks.
[INFO] Setting timing derate to: 5%
[WARNING STA-0450] virtual clock __VIRTUAL_CLK__ can not be propagated.
[INFO] Setting RC values…
[INFO] Setting signal min routing layer to: met1 and clock min routing layer to met1. 
[INFO] Setting signal max routing layer to: met5 and clock max routing layer to met5. 
+ global_placement -density 0.7666670000000001 -timing_driven -routability_driven -pad_right 0 -pad_left 0 -init_wirelength_coef 0.25
[INFO GPL-0002] DBU: 1000
[INFO GPL-0003] SiteSize: (  0.460  2.720 ) um
[INFO GPL-0004] CoreBBox: (  5.520 10.880 ) ( 32.200 35.360 ) um
[INFO GPL-0006] NumInstances:                71
[INFO GPL-0007] NumPlaceInstances:           48
[INFO GPL-0008] NumFixedInstances:           23
[INFO GPL-0009] NumDummyInstances:            0
[INFO GPL-0010] NumNets:                     65
[INFO GPL-0011] NumPins:                    186
[INFO GPL-0012] DieBBox:  (  0.000  0.000 ) ( 37.785 48.505 ) um
[INFO GPL-0013] CoreBBox: (  5.520 10.880 ) ( 32.200 35.360 ) um
[INFO GPL-0016] CoreArea:               653.126 um^2
[INFO GPL-0017] NonPlaceInstsArea:       73.821 um^2
[INFO GPL-0018] PlaceInstsArea:         429.162 um^2
[INFO GPL-0019] Util:                    74.082 %
[INFO GPL-0020] StdInstsArea:           429.162 um^2
[INFO GPL-0021] MacroInstsArea:           0.000 um^2
[InitialPlace]  Iter: 1 CG residual: 0.00000010 HPWL: 967844
[InitialPlace]  Iter: 2 CG residual: 0.00000006 HPWL: 989825
[InitialPlace]  Iter: 3 CG residual: 0.00000008 HPWL: 940509
[InitialPlace]  Iter: 4 CG residual: 0.00000009 HPWL: 906165
[InitialPlace]  Iter: 5 CG residual: 0.00000002 HPWL: 888512
[INFO GPL-0031] FillerInit:NumGCells:        49
[INFO GPL-0032] FillerInit:NumGNets:         65
[INFO GPL-0033] FillerInit:NumGPins:        186
[INFO GPL-0023] TargetDensity:            0.767
[INFO GPL-0024] AvrgPlaceInstArea:        8.941 um^2
[INFO GPL-0025] IdealBinArea:            11.662 um^2
[INFO GPL-0026] IdealBinCnt:                 56
[INFO GPL-0027] TotalBinArea:           653.126 um^2
[INFO GPL-0028] BinCnt:         4      4
[INFO GPL-0029] BinSize: (  6.670  6.120 )
[INFO GPL-0030] NumBins: 16
[NesterovSolve] Iter:    1 overflow: 0.183 HPWL: 534347
[INFO GPL-0100] Timing-driven: executing resizer for reweighting nets.
[INFO GPL-0101] Timing-driven: worst slack 1.02e-08
[INFO GPL-0103] Timing-driven: weighted 2 nets.
[NesterovSolve] Snapshot saved at iter = 0
[INFO GPL-0075] Routability numCall: 1 inflationIterCnt: 1 bloatIterCnt: 0
[INFO GPL-0036] TileBBox: (    0    0 ) ( 6900 6900 ) DBU
[INFO GPL-0038] TileCnt:       5    7
[INFO GPL-0040] NumTiles: 35
[INFO GPL-0081] TotalRouteOverflow: 0
[INFO GPL-0082] OverflowTileCnt: 0
[INFO GPL-0083] 0.5%RC: 0.7002899646759033
[INFO GPL-0084] 1.0%RC: 0.7002899646759033
[INFO GPL-0085] 2.0%RC: 0.7002899646759033
[INFO GPL-0086] 5.0%RC: 0.6428544223308563
[INFO GPL-0087] FinalRC: 0.70028996
[INFO GPL-0077] FinalRC lower than targetRC(1.01), routability not needed.
[INFO GPL-0100] Timing-driven: executing resizer for reweighting nets.
[INFO GPL-0101] Timing-driven: worst slack 1.03e-08
[INFO GPL-0103] Timing-driven: weighted 4 nets.
[NesterovSolve] Iter:   10 overflow: 0.142 HPWL: 532765
[NesterovSolve] Iter:   20 overflow: 0.142 HPWL: 531355
[NesterovSolve] Iter:   30 overflow: 0.141 HPWL: 531437
[NesterovSolve] Iter:   40 overflow: 0.141 HPWL: 531518
[NesterovSolve] Iter:   50 overflow: 0.141 HPWL: 531440
[NesterovSolve] Iter:   60 overflow: 0.141 HPWL: 531482
[NesterovSolve] Iter:   70 overflow: 0.141 HPWL: 531489
[NesterovSolve] Iter:   80 overflow: 0.141 HPWL: 531508
[NesterovSolve] Iter:   90 overflow: 0.141 HPWL: 531525
[NesterovSolve] Iter:  100 overflow: 0.141 HPWL: 531543
[NesterovSolve] Iter:  110 overflow: 0.140 HPWL: 531576
[NesterovSolve] Iter:  120 overflow: 0.140 HPWL: 531600
[NesterovSolve] Iter:  130 overflow: 0.139 HPWL: 531630
[NesterovSolve] Iter:  140 overflow: 0.138 HPWL: 531659
[NesterovSolve] Iter:  150 overflow: 0.137 HPWL: 531838
[NesterovSolve] Iter:  160 overflow: 0.135 HPWL: 532147
[NesterovSolve] Iter:  170 overflow: 0.133 HPWL: 531717
[NesterovSolve] Iter:  180 overflow: 0.129 HPWL: 531868
[NesterovSolve] Iter:  190 overflow: 0.124 HPWL: 531992
[NesterovSolve] Iter:  200 overflow: 0.119 HPWL: 532214
[NesterovSolve] Iter:  210 overflow: 0.111 HPWL: 532473
[NesterovSolve] Iter:  220 overflow: 0.102 HPWL: 532627
[NesterovSolve] Finished with Overflow: 0.099822
[INFO] Setting RC values…
Setting global connections for newly added cells…
[INFO] Setting global connections...
Updating metrics…
Cell type report:                       Count       Area
  Fill cell                                18      67.56
  Tap cell                                  5       6.26
  Multi-Input combinational cell           48     429.16
  Total                                    71     502.98
Writing OpenROAD database to '/home/minhnd/projects/cla8-practice/runs/RUN_2026-09-18_10-37-11/27-openroad-globalplacement/cla8.odb'…
Writing netlist to '/home/minhnd/projects/cla8-practice/runs/RUN_2026-09-18_10-37-11/27-openroad-globalplacement/cla8.nl.v'…
Writing powered netlist to '/home/minhnd/projects/cla8-practice/runs/RUN_2026-09-18_10-37-11/27-openroad-globalplacement/cla8.pnl.v'…
Writing layout to '/home/minhnd/projects/cla8-practice/runs/RUN_2026-09-18_10-37-11/27-openroad-globalplacement/cla8.def'…
Writing timing constraints to '/home/minhnd/projects/cla8-practice/runs/RUN_2026-09-18_10-37-11/27-openroad-globalplacement/cla8.sdc'…
