
===========================================================================
report_checks -path_delay min (Hold)
============================================================================
======================= max_ff_n40C_1v95 Corner ===================================

Startpoint: cin (input port clocked by __VIRTUAL_CLK__)
Endpoint: sum[0] (output port clocked by __VIRTUAL_CLK__)
Path Group: __VIRTUAL_CLK__
Path Type: min

Fanout         Cap        Slew       Delay        Time   Description
---------------------------------------------------------------------------------------------
                      0.000000    0.000000    0.000000   clock __VIRTUAL_CLK__ (rise edge)
                                  0.000000    0.000000   clock network delay (ideal)
                                  4.000000    4.000000 ^ input external delay
     1    0.004266    0.019159    0.011156    4.011156 ^ cin (in)
                                                         cin (net)
                      0.019162    0.000000    4.011156 ^ input17/A (sky130_fd_sc_hd__buf_1)
     2    0.008827    0.082645    0.084342    4.095498 ^ input17/X (sky130_fd_sc_hd__buf_1)
                                                         net17 (net)
                      0.082651    0.000587    4.096085 ^ _58_/A (sky130_fd_sc_hd__xnor2_1)
     1    0.002116    0.019806    0.042152    4.138237 v _58_/Y (sky130_fd_sc_hd__xnor2_1)
                                                         net19 (net)
                      0.019806    0.000096    4.138333 v output19/A (sky130_fd_sc_hd__buf_2)
     1    0.034396    0.062980    0.112649    4.250981 v output19/X (sky130_fd_sc_hd__buf_2)
                                                         sum[0] (net)
                      0.063041    0.001749    4.252731 v sum[0] (out)
                                              4.252731   data arrival time

                      0.000000    0.000000    0.000000   clock __VIRTUAL_CLK__ (rise edge)
                                  0.000000    0.000000   clock network delay (ideal)
                                  0.250000    0.250000   clock uncertainty
                                  0.000000    0.250000   clock reconvergence pessimism
                                 -4.000000   -3.750000   output external delay
                                             -3.750000   data required time
---------------------------------------------------------------------------------------------
                                             -3.750000   data required time
                                             -4.252731   data arrival time
---------------------------------------------------------------------------------------------
                                              8.002731   slack (MET)


Startpoint: b[5] (input port clocked by __VIRTUAL_CLK__)
Endpoint: sum[5] (output port clocked by __VIRTUAL_CLK__)
Path Group: __VIRTUAL_CLK__
Path Type: min

Fanout         Cap        Slew       Delay        Time   Description
---------------------------------------------------------------------------------------------
                      0.000000    0.000000    0.000000   clock __VIRTUAL_CLK__ (rise edge)
                                  0.000000    0.000000   clock network delay (ideal)
                                  4.000000    4.000000 ^ input external delay
     1    0.003028    0.014735    0.007883    4.007883 ^ b[5] (in)
                                                         b[5] (net)
                      0.014737    0.000000    4.007883 ^ input14/A (sky130_fd_sc_hd__clkbuf_1)
     2    0.004878    0.049364    0.060070    4.067953 ^ input14/X (sky130_fd_sc_hd__clkbuf_1)
                                                         net14 (net)
                      0.049384    0.000314    4.068266 ^ _75_/A (sky130_fd_sc_hd__nand2_1)
     3    0.009672    0.046593    0.051265    4.119532 v _75_/Y (sky130_fd_sc_hd__nand2_1)
                                                         _32_ (net)
                      0.046597    0.000354    4.119885 v _80_/B (sky130_fd_sc_hd__nand2_1)
     1    0.005051    0.042972    0.059623    4.179508 ^ _80_/Y (sky130_fd_sc_hd__nand2_1)
                                                         _36_ (net)
                      0.042972    0.000242    4.179750 ^ _83_/B (sky130_fd_sc_hd__xnor2_1)
     1    0.002135    0.019456    0.032301    4.212052 v _83_/Y (sky130_fd_sc_hd__xnor2_1)
                                                         net24 (net)
                      0.019456    0.000152    4.212204 v output24/A (sky130_fd_sc_hd__buf_2)
     1    0.034729    0.063481    0.112907    4.325110 v output24/X (sky130_fd_sc_hd__buf_2)
                                                         sum[5] (net)
                      0.063545    0.001795    4.326906 v sum[5] (out)
                                              4.326906   data arrival time

                      0.000000    0.000000    0.000000   clock __VIRTUAL_CLK__ (rise edge)
                                  0.000000    0.000000   clock network delay (ideal)
                                  0.250000    0.250000   clock uncertainty
                                  0.000000    0.250000   clock reconvergence pessimism
                                 -4.000000   -3.750000   output external delay
                                             -3.750000   data required time
---------------------------------------------------------------------------------------------
                                             -3.750000   data required time
                                             -4.326906   data arrival time
---------------------------------------------------------------------------------------------
                                              8.076906   slack (MET)


Startpoint: b[6] (input port clocked by __VIRTUAL_CLK__)
Endpoint: sum[6] (output port clocked by __VIRTUAL_CLK__)
Path Group: __VIRTUAL_CLK__
Path Type: min

Fanout         Cap        Slew       Delay        Time   Description
---------------------------------------------------------------------------------------------
                      0.000000    0.000000    0.000000   clock __VIRTUAL_CLK__ (rise edge)
                                  0.000000    0.000000   clock network delay (ideal)
                                  4.000000    4.000000 ^ input external delay
     1    0.002984    0.014576    0.007761    4.007761 ^ b[6] (in)
                                                         b[6] (net)
                      0.014578    0.000000    4.007761 ^ input15/A (sky130_fd_sc_hd__clkbuf_1)
     2    0.005001    0.050394    0.060756    4.068518 ^ input15/X (sky130_fd_sc_hd__clkbuf_1)
                                                         net15 (net)
                      0.050414    0.000287    4.068805 ^ _64_/A (sky130_fd_sc_hd__nand2_1)
     4    0.013145    0.060566    0.062355    4.131159 v _64_/Y (sky130_fd_sc_hd__nand2_1)
                                                         _21_ (net)
                      0.060573    0.000535    4.131695 v _79_/B (sky130_fd_sc_hd__nand2_1)
     1    0.005706    0.047325    0.068326    4.200021 ^ _79_/Y (sky130_fd_sc_hd__nand2_1)
                                                         _35_ (net)
                      0.047349    0.000428    4.200449 ^ _82_/A (sky130_fd_sc_hd__xnor2_1)
     1    0.001911    0.020287    0.037117    4.237565 v _82_/Y (sky130_fd_sc_hd__xnor2_1)
                                                         net25 (net)
                      0.020287    0.000086    4.237651 v output25/A (sky130_fd_sc_hd__buf_2)
     1    0.034304    0.062824    0.112790    4.350441 v output25/X (sky130_fd_sc_hd__buf_2)
                                                         sum[6] (net)
                      0.062877    0.001646    4.352087 v sum[6] (out)
                                              4.352087   data arrival time

                      0.000000    0.000000    0.000000   clock __VIRTUAL_CLK__ (rise edge)
                                  0.000000    0.000000   clock network delay (ideal)
                                  0.250000    0.250000   clock uncertainty
                                  0.000000    0.250000   clock reconvergence pessimism
                                 -4.000000   -3.750000   output external delay
                                             -3.750000   data required time
---------------------------------------------------------------------------------------------
                                             -3.750000   data required time
                                             -4.352087   data arrival time
---------------------------------------------------------------------------------------------
                                              8.102088   slack (MET)


Startpoint: b[4] (input port clocked by __VIRTUAL_CLK__)
Endpoint: sum[4] (output port clocked by __VIRTUAL_CLK__)
Path Group: __VIRTUAL_CLK__
Path Type: min

Fanout         Cap        Slew       Delay        Time   Description
---------------------------------------------------------------------------------------------
                      0.000000    0.000000    0.000000   clock __VIRTUAL_CLK__ (rise edge)
                                  0.000000    0.000000   clock network delay (ideal)
                                  4.000000    4.000000 ^ input external delay
     1    0.003682    0.017088    0.009600    4.009600 ^ b[4] (in)
                                                         b[4] (net)
                      0.017090    0.000000    4.009600 ^ input13/A (sky130_fd_sc_hd__clkbuf_1)
     2    0.004867    0.049279    0.060640    4.070240 ^ input13/X (sky130_fd_sc_hd__clkbuf_1)
                                                         net13 (net)
                      0.049300    0.000332    4.070572 ^ _67_/A (sky130_fd_sc_hd__nand2_1)
     2    0.008747    0.043183    0.048245    4.118818 v _67_/Y (sky130_fd_sc_hd__nand2_1)
                                                         _24_ (net)
                      0.043200    0.000352    4.119170 v _69_/A (sky130_fd_sc_hd__nand2_1)
     2    0.010075    0.074420    0.076082    4.195252 ^ _69_/Y (sky130_fd_sc_hd__nand2_1)
                                                         _26_ (net)
                      0.074427    0.000604    4.195856 ^ _84_/A (sky130_fd_sc_hd__xnor2_1)
     1    0.002468    0.022401    0.042945    4.238801 v _84_/Y (sky130_fd_sc_hd__xnor2_1)
                                                         net23 (net)
                      0.022407    0.000161    4.238961 v output23/A (sky130_fd_sc_hd__buf_2)
     1    0.034226    0.062724    0.113431    4.352393 v output23/X (sky130_fd_sc_hd__buf_2)
                                                         sum[4] (net)
                      0.062779    0.001660    4.354053 v sum[4] (out)
                                              4.354053   data arrival time

                      0.000000    0.000000    0.000000   clock __VIRTUAL_CLK__ (rise edge)
                                  0.000000    0.000000   clock network delay (ideal)
                                  0.250000    0.250000   clock uncertainty
                                  0.000000    0.250000   clock reconvergence pessimism
                                 -4.000000   -3.750000   output external delay
                                             -3.750000   data required time
---------------------------------------------------------------------------------------------
                                             -3.750000   data required time
                                             -4.354053   data arrival time
---------------------------------------------------------------------------------------------
                                              8.104053   slack (MET)


Startpoint: a[3] (input port clocked by __VIRTUAL_CLK__)
Endpoint: sum[3] (output port clocked by __VIRTUAL_CLK__)
Path Group: __VIRTUAL_CLK__
Path Type: min

Fanout         Cap        Slew       Delay        Time   Description
---------------------------------------------------------------------------------------------
                      0.000000    0.000000    0.000000   clock __VIRTUAL_CLK__ (rise edge)
                                  0.000000    0.000000   clock network delay (ideal)
                                  4.000000    4.000000 v input external delay
     1    0.003627    0.005925    0.003061    4.003061 v a[3] (in)
                                                         a[3] (net)
                      0.005935    0.000000    4.003061 v input4/A (sky130_fd_sc_hd__clkbuf_1)
     3    0.007430    0.034965    0.061603    4.064664 v input4/X (sky130_fd_sc_hd__clkbuf_1)
                                                         net4 (net)
                      0.034969    0.000378    4.065042 v _39_/B (sky130_fd_sc_hd__nor2_1)
     1    0.003919    0.065860    0.066006    4.131049 ^ _39_/Y (sky130_fd_sc_hd__nor2_1)
                                                         _00_ (net)
                      0.065881    0.000256    4.131305 ^ _42_/A (sky130_fd_sc_hd__nor2_1)
     1    0.005111    0.030362    0.036771    4.168076 v _42_/Y (sky130_fd_sc_hd__nor2_1)
                                                         _03_ (net)
                      0.030368    0.000369    4.168445 v _55_/A (sky130_fd_sc_hd__xnor2_1)
     1    0.002957    0.022721    0.076915    4.245360 v _55_/Y (sky130_fd_sc_hd__xnor2_1)
                                                         net22 (net)
                      0.022721    0.000190    4.245550 v output22/A (sky130_fd_sc_hd__buf_2)
     1    0.034460    0.063060    0.113886    4.359436 v output22/X (sky130_fd_sc_hd__buf_2)
                                                         sum[3] (net)
                      0.063111    0.001611    4.361047 v sum[3] (out)
                                              4.361047   data arrival time

                      0.000000    0.000000    0.000000   clock __VIRTUAL_CLK__ (rise edge)
                                  0.000000    0.000000   clock network delay (ideal)
                                  0.250000    0.250000   clock uncertainty
                                  0.000000    0.250000   clock reconvergence pessimism
                                 -4.000000   -3.750000   output external delay
                                             -3.750000   data required time
---------------------------------------------------------------------------------------------
                                             -3.750000   data required time
                                             -4.361047   data arrival time
---------------------------------------------------------------------------------------------
                                              8.111046   slack (MET)


Startpoint: b[7] (input port clocked by __VIRTUAL_CLK__)
Endpoint: sum[7] (output port clocked by __VIRTUAL_CLK__)
Path Group: __VIRTUAL_CLK__
Path Type: min

Fanout         Cap        Slew       Delay        Time   Description
---------------------------------------------------------------------------------------------
                      0.000000    0.000000    0.000000   clock __VIRTUAL_CLK__ (rise edge)
                                  0.000000    0.000000   clock network delay (ideal)
                                  4.000000    4.000000 ^ input external delay
     1    0.003481    0.016363    0.009075    4.009075 ^ b[7] (in)
                                                         b[7] (net)
                      0.016365    0.000000    4.009075 ^ input16/A (sky130_fd_sc_hd__clkbuf_1)
     3    0.008680    0.081475    0.082623    4.091698 ^ input16/X (sky130_fd_sc_hd__clkbuf_1)
                                                         net16 (net)
                      0.081484    0.000698    4.092395 ^ _60_/A (sky130_fd_sc_hd__nand2_1)
     2    0.008430    0.048819    0.053180    4.145575 v _60_/Y (sky130_fd_sc_hd__nand2_1)
                                                         _17_ (net)
                      0.048836    0.000405    4.145980 v _62_/A (sky130_fd_sc_hd__nand2_1)
     1    0.006054    0.049047    0.059599    4.205579 ^ _62_/Y (sky130_fd_sc_hd__nand2_1)
                                                         _19_ (net)
                      0.049053    0.000442    4.206021 ^ _78_/A (sky130_fd_sc_hd__xnor2_1)
     1    0.002474    0.020238    0.039770    4.245791 v _78_/Y (sky130_fd_sc_hd__xnor2_1)
                                                         net26 (net)
                      0.020239    0.000161    4.245952 v output26/A (sky130_fd_sc_hd__buf_2)
     1    0.035209    0.064493    0.113888    4.359839 v output26/X (sky130_fd_sc_hd__buf_2)
                                                         sum[7] (net)
                      0.064545    0.001658    4.361497 v sum[7] (out)
                                              4.361497   data arrival time

                      0.000000    0.000000    0.000000   clock __VIRTUAL_CLK__ (rise edge)
                                  0.000000    0.000000   clock network delay (ideal)
                                  0.250000    0.250000   clock uncertainty
                                  0.000000    0.250000   clock reconvergence pessimism
                                 -4.000000   -3.750000   output external delay
                                             -3.750000   data required time
---------------------------------------------------------------------------------------------
                                             -3.750000   data required time
                                             -4.361497   data arrival time
---------------------------------------------------------------------------------------------
                                              8.111498   slack (MET)


Startpoint: a[1] (input port clocked by __VIRTUAL_CLK__)
Endpoint: sum[1] (output port clocked by __VIRTUAL_CLK__)
Path Group: __VIRTUAL_CLK__
Path Type: min

Fanout         Cap        Slew       Delay        Time   Description
---------------------------------------------------------------------------------------------
                      0.000000    0.000000    0.000000   clock __VIRTUAL_CLK__ (rise edge)
                                  0.000000    0.000000   clock network delay (ideal)
                                  4.000000    4.000000 v input external delay
     1    0.003642    0.005952    0.003068    4.003068 v a[1] (in)
                                                         a[1] (net)
                      0.005961    0.000000    4.003068 v input2/A (sky130_fd_sc_hd__clkbuf_1)
     2    0.004714    0.024983    0.053261    4.056328 v input2/X (sky130_fd_sc_hd__clkbuf_1)
                                                         net2 (net)
                      0.024986    0.000311    4.056639 v _51_/B (sky130_fd_sc_hd__nor2_1)
     1    0.003363    0.059380    0.057566    4.114205 ^ _51_/Y (sky130_fd_sc_hd__nor2_1)
                                                         _12_ (net)
                      0.059380    0.000228    4.114433 ^ _52_/B (sky130_fd_sc_hd__nor2_1)
     3    0.010576    0.039921    0.046783    4.161216 v _52_/Y (sky130_fd_sc_hd__nor2_1)
                                                         _13_ (net)
                      0.039926    0.000361    4.161577 v _57_/B (sky130_fd_sc_hd__xor2_1)
     1    0.002835    0.025221    0.087618    4.249196 v _57_/X (sky130_fd_sc_hd__xor2_1)
                                                         net20 (net)
                      0.025221    0.000116    4.249312 v output20/A (sky130_fd_sc_hd__buf_2)
     1    0.034102    0.062536    0.114412    4.363723 v output20/X (sky130_fd_sc_hd__buf_2)
                                                         sum[1] (net)
                      0.062587    0.001605    4.365328 v sum[1] (out)
                                              4.365328   data arrival time

                      0.000000    0.000000    0.000000   clock __VIRTUAL_CLK__ (rise edge)
                                  0.000000    0.000000   clock network delay (ideal)
                                  0.250000    0.250000   clock uncertainty
                                  0.000000    0.250000   clock reconvergence pessimism
                                 -4.000000   -3.750000   output external delay
                                             -3.750000   data required time
---------------------------------------------------------------------------------------------
                                             -3.750000   data required time
                                             -4.365328   data arrival time
---------------------------------------------------------------------------------------------
                                              8.115328   slack (MET)


Startpoint: a[2] (input port clocked by __VIRTUAL_CLK__)
Endpoint: sum[2] (output port clocked by __VIRTUAL_CLK__)
Path Group: __VIRTUAL_CLK__
Path Type: min

Fanout         Cap        Slew       Delay        Time   Description
---------------------------------------------------------------------------------------------
                      0.000000    0.000000    0.000000   clock __VIRTUAL_CLK__ (rise edge)
                                  0.000000    0.000000   clock network delay (ideal)
                                  4.000000    4.000000 ^ input external delay
     1    0.003775    0.017425    0.009853    4.009852 ^ a[2] (in)
                                                         a[2] (net)
                      0.017427    0.000000    4.009852 ^ input3/A (sky130_fd_sc_hd__buf_1)
     3    0.011368    0.104208    0.098606    4.108459 ^ input3/X (sky130_fd_sc_hd__buf_1)
                                                         net3 (net)
                      0.104213    0.000586    4.109045 ^ _44_/B (sky130_fd_sc_hd__nor2_1)
     2    0.006408    0.040256    0.041028    4.150074 v _44_/Y (sky130_fd_sc_hd__nor2_1)
                                                         _05_ (net)
                      0.040260    0.000324    4.150397 v _45_/B (sky130_fd_sc_hd__nor2_1)
     1    0.005404    0.083133    0.080697    4.231094 ^ _45_/Y (sky130_fd_sc_hd__nor2_1)
                                                         _06_ (net)
                      0.083136    0.000395    4.231489 ^ _56_/A (sky130_fd_sc_hd__xnor2_1)
     1    0.002226    0.021461    0.042726    4.274215 v _56_/Y (sky130_fd_sc_hd__xnor2_1)
                                                         net21 (net)
                      0.021466    0.000150    4.274364 v output21/A (sky130_fd_sc_hd__buf_2)
     1    0.034358    0.062915    0.113263    4.387628 v output21/X (sky130_fd_sc_hd__buf_2)
                                                         sum[2] (net)
                      0.062970    0.001670    4.389297 v sum[2] (out)
                                              4.389297   data arrival time

                      0.000000    0.000000    0.000000   clock __VIRTUAL_CLK__ (rise edge)
                                  0.000000    0.000000   clock network delay (ideal)
                                  0.250000    0.250000   clock uncertainty
                                  0.000000    0.250000   clock reconvergence pessimism
                                 -4.000000   -3.750000   output external delay
                                             -3.750000   data required time
---------------------------------------------------------------------------------------------
                                             -3.750000   data required time
                                             -4.389297   data arrival time
---------------------------------------------------------------------------------------------
                                              8.139297   slack (MET)


Startpoint: a[7] (input port clocked by __VIRTUAL_CLK__)
Endpoint: cout (output port clocked by __VIRTUAL_CLK__)
Path Group: __VIRTUAL_CLK__
Path Type: min

Fanout         Cap        Slew       Delay        Time   Description
---------------------------------------------------------------------------------------------
                      0.000000    0.000000    0.000000   clock __VIRTUAL_CLK__ (rise edge)
                                  0.000000    0.000000   clock network delay (ideal)
                                  4.000000    4.000000 v input external delay
     1    0.003051    0.005083    0.002542    4.002542 v a[7] (in)
                                                         a[7] (net)
                      0.005091    0.000000    4.002542 v input8/A (sky130_fd_sc_hd__clkbuf_1)
     3    0.009212    0.040933    0.066664    4.069206 v input8/X (sky130_fd_sc_hd__clkbuf_1)
                                                         net8 (net)
                      0.040947    0.000725    4.069931 v _61_/B (sky130_fd_sc_hd__or2_1)
     2    0.006364    0.043835    0.136408    4.206339 v _61_/X (sky130_fd_sc_hd__or2_1)
                                                         _18_ (net)
                      0.043838    0.000371    4.206710 v _86_/C1 (sky130_fd_sc_hd__o221a_1)
     1    0.001952    0.016623    0.069792    4.276502 v _86_/X (sky130_fd_sc_hd__o221a_1)
                                                         net18 (net)
                      0.016623    0.000140    4.276641 v output18/A (sky130_fd_sc_hd__buf_2)
     1    0.034432    0.063012    0.111562    4.388203 v output18/X (sky130_fd_sc_hd__buf_2)
                                                         cout (net)
                      0.063074    0.001759    4.389962 v cout (out)
                                              4.389962   data arrival time

                      0.000000    0.000000    0.000000   clock __VIRTUAL_CLK__ (rise edge)
                                  0.000000    0.000000   clock network delay (ideal)
                                  0.250000    0.250000   clock uncertainty
                                  0.000000    0.250000   clock reconvergence pessimism
                                 -4.000000   -3.750000   output external delay
                                             -3.750000   data required time
---------------------------------------------------------------------------------------------
                                             -3.750000   data required time
                                             -4.389962   data arrival time
---------------------------------------------------------------------------------------------
                                              8.139962   slack (MET)



