Reading timing models for corner max_ff_n40C_1v95…
Reading cell library for the 'max_ff_n40C_1v95' corner at '/home/minhnd/.volare/volare/sky130/versions/0fe599b2afb6708d281543108caf8310912f54af/sky130A/libs.ref/sky130_fd_sc_hd/lib/sky130_fd_sc_hd__ff_n40C_1v95.lib'…
Reading top-level netlist at '/home/minhnd/projects/cla8-practice/runs/RUN_2026-09-18_10-37-11/51-openroad-fillinsertion/cla8.nl.v'…
Linking design 'cla8' from netlist…
Warning: /home/minhnd/projects/cla8-practice/runs/RUN_2026-09-18_10-37-11/51-openroad-fillinsertion/cla8.nl.v line 256, module sky130_fd_sc_hd__tapvpwrvgnd_1 not found. Creating black box for TAP_TAPCELL_ROW_0_18.
Warning: /home/minhnd/projects/cla8-practice/runs/RUN_2026-09-18_10-37-11/51-openroad-fillinsertion/cla8.nl.v line 313, module sky130_fd_sc_hd__fill_2 not found. Creating black box for FILLER_0_6.
Warning: /home/minhnd/projects/cla8-practice/runs/RUN_2026-09-18_10-37-11/51-openroad-fillinsertion/cla8.nl.v line 316, module sky130_fd_sc_hd__fill_1 not found. Creating black box for FILLER_1_3.
Warning: /home/minhnd/projects/cla8-practice/runs/RUN_2026-09-18_10-37-11/51-openroad-fillinsertion/cla8.nl.v line 321, module sky130_ef_sc_hd__decap_12 not found. Creating black box for FILLER_3_22.
Reading design constraints file at '/nix/store/ss2cw3sxbrwwx9jl0rrppbw4kgcmgi2n-python3-3.11.9-env/lib/python3.11/site-packages/openlane/scripts/base.sdc'…
Warning: base.sdc line 15, port '__VIRTUAL_CLK__' not found.
[INFO] Using clock __VIRTUAL_CLK__…
[INFO] Setting output delay to: 4
[INFO] Setting input delay to: 4
Warning: base.sdc line 32, port '__VIRTUAL_CLK__' not found.
[INFO] Setting load to: 0.033442
[INFO] Setting clock uncertainty to: 0.25
[INFO] Setting clock transition to: 0.1499999999999999944488848768742172978818416595458984375
Warning: base.sdc line 69, transition time can not be specified for virtual clocks.
[INFO] Setting timing derate to: 5%
Warning: base.sdc line 79, virtual clock __VIRTUAL_CLK__ can not be propagated.
Reading top-level design parasitics for the 'max_ff_n40C_1v95' corner at '/home/minhnd/projects/cla8-practice/runs/RUN_2026-09-18_10-37-11/53-openroad-rcx/max/cla8.max.spef'…
%OL_CREATE_REPORT min.rpt

===========================================================================
report_checks -path_delay min (Hold)
============================================================================
======================= max_ff_n40C_1v95 Corner ===================================

Startpoint: cin (input port clocked by __VIRTUAL_CLK__)
Endpoint: sum[0] (output port clocked by __VIRTUAL_CLK__)
Path Group: __VIRTUAL_CLK__
Path Type: min

Fanout         Cap        Slew       Delay        Time   Description
---------------------------------------------------------------------------------------------
                      0.000000    0.000000    0.000000   clock __VIRTUAL_CLK__ (rise edge)
                                  0.000000    0.000000   clock network delay (ideal)
                                  4.000000    4.000000 ^ input external delay
     1    0.004266    0.019159    0.011156    4.011156 ^ cin (in)
                                                         cin (net)
                      0.019162    0.000000    4.011156 ^ input17/A (sky130_fd_sc_hd__buf_1)
     2    0.008827    0.082645    0.084342    4.095498 ^ input17/X (sky130_fd_sc_hd__buf_1)
                                                         net17 (net)
                      0.082651    0.000587    4.096085 ^ _58_/A (sky130_fd_sc_hd__xnor2_1)
     1    0.002116    0.019806    0.042152    4.138237 v _58_/Y (sky130_fd_sc_hd__xnor2_1)
                                                         net19 (net)
                      0.019806    0.000096    4.138333 v output19/A (sky130_fd_sc_hd__buf_2)
     1    0.034396    0.062980    0.112649    4.250981 v output19/X (sky130_fd_sc_hd__buf_2)
                                                         sum[0] (net)
                      0.063041    0.001749    4.252731 v sum[0] (out)
                                              4.252731   data arrival time

                      0.000000    0.000000    0.000000   clock __VIRTUAL_CLK__ (rise edge)
                                  0.000000    0.000000   clock network delay (ideal)
                                  0.250000    0.250000   clock uncertainty
                                  0.000000    0.250000   clock reconvergence pessimism
                                 -4.000000   -3.750000   output external delay
                                             -3.750000   data required time
---------------------------------------------------------------------------------------------
                                             -3.750000   data required time
                                             -4.252731   data arrival time
---------------------------------------------------------------------------------------------
                                              8.002731   slack (MET)


Startpoint: b[5] (input port clocked by __VIRTUAL_CLK__)
Endpoint: sum[5] (output port clocked by __VIRTUAL_CLK__)
Path Group: __VIRTUAL_CLK__
Path Type: min

Fanout         Cap        Slew       Delay        Time   Description
---------------------------------------------------------------------------------------------
                      0.000000    0.000000    0.000000   clock __VIRTUAL_CLK__ (rise edge)
                                  0.000000    0.000000   clock network delay (ideal)
                                  4.000000    4.000000 ^ input external delay
     1    0.003028    0.014735    0.007883    4.007883 ^ b[5] (in)
                                                         b[5] (net)
                      0.014737    0.000000    4.007883 ^ input14/A (sky130_fd_sc_hd__clkbuf_1)
     2    0.004878    0.049364    0.060070    4.067953 ^ input14/X (sky130_fd_sc_hd__clkbuf_1)
                                                         net14 (net)
                      0.049384    0.000314    4.068266 ^ _75_/A (sky130_fd_sc_hd__nand2_1)
     3    0.009672    0.046593    0.051265    4.119532 v _75_/Y (sky130_fd_sc_hd__nand2_1)
                                                         _32_ (net)
                      0.046597    0.000354    4.119885 v _80_/B (sky130_fd_sc_hd__nand2_1)
     1    0.005051    0.042972    0.059623    4.179508 ^ _80_/Y (sky130_fd_sc_hd__nand2_1)
                                                         _36_ (net)
                      0.042972    0.000242    4.179750 ^ _83_/B (sky130_fd_sc_hd__xnor2_1)
     1    0.002135    0.019456    0.032301    4.212052 v _83_/Y (sky130_fd_sc_hd__xnor2_1)
                                                         net24 (net)
                      0.019456    0.000152    4.212204 v output24/A (sky130_fd_sc_hd__buf_2)
     1    0.034729    0.063481    0.112907    4.325110 v output24/X (sky130_fd_sc_hd__buf_2)
                                                         sum[5] (net)
                      0.063545    0.001795    4.326906 v sum[5] (out)
                                              4.326906   data arrival time

                      0.000000    0.000000    0.000000   clock __VIRTUAL_CLK__ (rise edge)
                                  0.000000    0.000000   clock network delay (ideal)
                                  0.250000    0.250000   clock uncertainty
                                  0.000000    0.250000   clock reconvergence pessimism
                                 -4.000000   -3.750000   output external delay
                                             -3.750000   data required time
---------------------------------------------------------------------------------------------
                                             -3.750000   data required time
                                             -4.326906   data arrival time
---------------------------------------------------------------------------------------------
                                              8.076906   slack (MET)


Startpoint: b[6] (input port clocked by __VIRTUAL_CLK__)
Endpoint: sum[6] (output port clocked by __VIRTUAL_CLK__)
Path Group: __VIRTUAL_CLK__
Path Type: min

Fanout         Cap        Slew       Delay        Time   Description
---------------------------------------------------------------------------------------------
                      0.000000    0.000000    0.000000   clock __VIRTUAL_CLK__ (rise edge)
                                  0.000000    0.000000   clock network delay (ideal)
                                  4.000000    4.000000 ^ input external delay
     1    0.002984    0.014576    0.007761    4.007761 ^ b[6] (in)
                                                         b[6] (net)
                      0.014578    0.000000    4.007761 ^ input15/A (sky130_fd_sc_hd__clkbuf_1)
     2    0.005001    0.050394    0.060756    4.068518 ^ input15/X (sky130_fd_sc_hd__clkbuf_1)
                                                         net15 (net)
                      0.050414    0.000287    4.068805 ^ _64_/A (sky130_fd_sc_hd__nand2_1)
     4    0.013145    0.060566    0.062355    4.131159 v _64_/Y (sky130_fd_sc_hd__nand2_1)
                                                         _21_ (net)
                      0.060573    0.000535    4.131695 v _79_/B (sky130_fd_sc_hd__nand2_1)
     1    0.005706    0.047325    0.068326    4.200021 ^ _79_/Y (sky130_fd_sc_hd__nand2_1)
                                                         _35_ (net)
                      0.047349    0.000428    4.200449 ^ _82_/A (sky130_fd_sc_hd__xnor2_1)
     1    0.001911    0.020287    0.037117    4.237565 v _82_/Y (sky130_fd_sc_hd__xnor2_1)
                                                         net25 (net)
                      0.020287    0.000086    4.237651 v output25/A (sky130_fd_sc_hd__buf_2)
     1    0.034304    0.062824    0.112790    4.350441 v output25/X (sky130_fd_sc_hd__buf_2)
                                                         sum[6] (net)
                      0.062877    0.001646    4.352087 v sum[6] (out)
                                              4.352087   data arrival time

                      0.000000    0.000000    0.000000   clock __VIRTUAL_CLK__ (rise edge)
                                  0.000000    0.000000   clock network delay (ideal)
                                  0.250000    0.250000   clock uncertainty
                                  0.000000    0.250000   clock reconvergence pessimism
                                 -4.000000   -3.750000   output external delay
                                             -3.750000   data required time
---------------------------------------------------------------------------------------------
                                             -3.750000   data required time
                                             -4.352087   data arrival time
---------------------------------------------------------------------------------------------
                                              8.102088   slack (MET)


Startpoint: b[4] (input port clocked by __VIRTUAL_CLK__)
Endpoint: sum[4] (output port clocked by __VIRTUAL_CLK__)
Path Group: __VIRTUAL_CLK__
Path Type: min

Fanout         Cap        Slew       Delay        Time   Description
---------------------------------------------------------------------------------------------
                      0.000000    0.000000    0.000000   clock __VIRTUAL_CLK__ (rise edge)
                                  0.000000    0.000000   clock network delay (ideal)
                                  4.000000    4.000000 ^ input external delay
     1    0.003682    0.017088    0.009600    4.009600 ^ b[4] (in)
                                                         b[4] (net)
                      0.017090    0.000000    4.009600 ^ input13/A (sky130_fd_sc_hd__clkbuf_1)
     2    0.004867    0.049279    0.060640    4.070240 ^ input13/X (sky130_fd_sc_hd__clkbuf_1)
                                                         net13 (net)
                      0.049300    0.000332    4.070572 ^ _67_/A (sky130_fd_sc_hd__nand2_1)
     2    0.008747    0.043183    0.048245    4.118818 v _67_/Y (sky130_fd_sc_hd__nand2_1)
                                                         _24_ (net)
                      0.043200    0.000352    4.119170 v _69_/A (sky130_fd_sc_hd__nand2_1)
     2    0.010075    0.074420    0.076082    4.195252 ^ _69_/Y (sky130_fd_sc_hd__nand2_1)
                                                         _26_ (net)
                      0.074427    0.000604    4.195856 ^ _84_/A (sky130_fd_sc_hd__xnor2_1)
     1    0.002468    0.022401    0.042945    4.238801 v _84_/Y (sky130_fd_sc_hd__xnor2_1)
                                                         net23 (net)
                      0.022407    0.000161    4.238961 v output23/A (sky130_fd_sc_hd__buf_2)
     1    0.034226    0.062724    0.113431    4.352393 v output23/X (sky130_fd_sc_hd__buf_2)
                                                         sum[4] (net)
                      0.062779    0.001660    4.354053 v sum[4] (out)
                                              4.354053   data arrival time

                      0.000000    0.000000    0.000000   clock __VIRTUAL_CLK__ (rise edge)
                                  0.000000    0.000000   clock network delay (ideal)
                                  0.250000    0.250000   clock uncertainty
                                  0.000000    0.250000   clock reconvergence pessimism
                                 -4.000000   -3.750000   output external delay
                                             -3.750000   data required time
---------------------------------------------------------------------------------------------
                                             -3.750000   data required time
                                             -4.354053   data arrival time
---------------------------------------------------------------------------------------------
                                              8.104053   slack (MET)


Startpoint: a[3] (input port clocked by __VIRTUAL_CLK__)
Endpoint: sum[3] (output port clocked by __VIRTUAL_CLK__)
Path Group: __VIRTUAL_CLK__
Path Type: min

Fanout         Cap        Slew       Delay        Time   Description
---------------------------------------------------------------------------------------------
                      0.000000    0.000000    0.000000   clock __VIRTUAL_CLK__ (rise edge)
                                  0.000000    0.000000   clock network delay (ideal)
                                  4.000000    4.000000 v input external delay
     1    0.003627    0.005925    0.003061    4.003061 v a[3] (in)
                                                         a[3] (net)
                      0.005935    0.000000    4.003061 v input4/A (sky130_fd_sc_hd__clkbuf_1)
     3    0.007430    0.034965    0.061603    4.064664 v input4/X (sky130_fd_sc_hd__clkbuf_1)
                                                         net4 (net)
                      0.034969    0.000378    4.065042 v _39_/B (sky130_fd_sc_hd__nor2_1)
     1    0.003919    0.065860    0.066006    4.131049 ^ _39_/Y (sky130_fd_sc_hd__nor2_1)
                                                         _00_ (net)
                      0.065881    0.000256    4.131305 ^ _42_/A (sky130_fd_sc_hd__nor2_1)
     1    0.005111    0.030362    0.036771    4.168076 v _42_/Y (sky130_fd_sc_hd__nor2_1)
                                                         _03_ (net)
                      0.030368    0.000369    4.168445 v _55_/A (sky130_fd_sc_hd__xnor2_1)
     1    0.002957    0.022721    0.076915    4.245360 v _55_/Y (sky130_fd_sc_hd__xnor2_1)
                                                         net22 (net)
                      0.022721    0.000190    4.245550 v output22/A (sky130_fd_sc_hd__buf_2)
     1    0.034460    0.063060    0.113886    4.359436 v output22/X (sky130_fd_sc_hd__buf_2)
                                                         sum[3] (net)
                      0.063111    0.001611    4.361047 v sum[3] (out)
                                              4.361047   data arrival time

                      0.000000    0.000000    0.000000   clock __VIRTUAL_CLK__ (rise edge)
                                  0.000000    0.000000   clock network delay (ideal)
                                  0.250000    0.250000   clock uncertainty
                                  0.000000    0.250000   clock reconvergence pessimism
                                 -4.000000   -3.750000   output external delay
                                             -3.750000   data required time
---------------------------------------------------------------------------------------------
                                             -3.750000   data required time
                                             -4.361047   data arrival time
---------------------------------------------------------------------------------------------
                                              8.111046   slack (MET)


Startpoint: b[7] (input port clocked by __VIRTUAL_CLK__)
Endpoint: sum[7] (output port clocked by __VIRTUAL_CLK__)
Path Group: __VIRTUAL_CLK__
Path Type: min

Fanout         Cap        Slew       Delay        Time   Description
---------------------------------------------------------------------------------------------
                      0.000000    0.000000    0.000000   clock __VIRTUAL_CLK__ (rise edge)
                                  0.000000    0.000000   clock network delay (ideal)
                                  4.000000    4.000000 ^ input external delay
     1    0.003481    0.016363    0.009075    4.009075 ^ b[7] (in)
                                                         b[7] (net)
                      0.016365    0.000000    4.009075 ^ input16/A (sky130_fd_sc_hd__clkbuf_1)
     3    0.008680    0.081475    0.082623    4.091698 ^ input16/X (sky130_fd_sc_hd__clkbuf_1)
                                                         net16 (net)
                      0.081484    0.000698    4.092395 ^ _60_/A (sky130_fd_sc_hd__nand2_1)
     2    0.008430    0.048819    0.053180    4.145575 v _60_/Y (sky130_fd_sc_hd__nand2_1)
                                                         _17_ (net)
                      0.048836    0.000405    4.145980 v _62_/A (sky130_fd_sc_hd__nand2_1)
     1    0.006054    0.049047    0.059599    4.205579 ^ _62_/Y (sky130_fd_sc_hd__nand2_1)
                                                         _19_ (net)
                      0.049053    0.000442    4.206021 ^ _78_/A (sky130_fd_sc_hd__xnor2_1)
     1    0.002474    0.020238    0.039770    4.245791 v _78_/Y (sky130_fd_sc_hd__xnor2_1)
                                                         net26 (net)
                      0.020239    0.000161    4.245952 v output26/A (sky130_fd_sc_hd__buf_2)
     1    0.035209    0.064493    0.113888    4.359839 v output26/X (sky130_fd_sc_hd__buf_2)
                                                         sum[7] (net)
                      0.064545    0.001658    4.361497 v sum[7] (out)
                                              4.361497   data arrival time

                      0.000000    0.000000    0.000000   clock __VIRTUAL_CLK__ (rise edge)
                                  0.000000    0.000000   clock network delay (ideal)
                                  0.250000    0.250000   clock uncertainty
                                  0.000000    0.250000   clock reconvergence pessimism
                                 -4.000000   -3.750000   output external delay
                                             -3.750000   data required time
---------------------------------------------------------------------------------------------
                                             -3.750000   data required time
                                             -4.361497   data arrival time
---------------------------------------------------------------------------------------------
                                              8.111498   slack (MET)


Startpoint: a[1] (input port clocked by __VIRTUAL_CLK__)
Endpoint: sum[1] (output port clocked by __VIRTUAL_CLK__)
Path Group: __VIRTUAL_CLK__
Path Type: min

Fanout         Cap        Slew       Delay        Time   Description
---------------------------------------------------------------------------------------------
                      0.000000    0.000000    0.000000   clock __VIRTUAL_CLK__ (rise edge)
                                  0.000000    0.000000   clock network delay (ideal)
                                  4.000000    4.000000 v input external delay
     1    0.003642    0.005952    0.003068    4.003068 v a[1] (in)
                                                         a[1] (net)
                      0.005961    0.000000    4.003068 v input2/A (sky130_fd_sc_hd__clkbuf_1)
     2    0.004714    0.024983    0.053261    4.056328 v input2/X (sky130_fd_sc_hd__clkbuf_1)
                                                         net2 (net)
                      0.024986    0.000311    4.056639 v _51_/B (sky130_fd_sc_hd__nor2_1)
     1    0.003363    0.059380    0.057566    4.114205 ^ _51_/Y (sky130_fd_sc_hd__nor2_1)
                                                         _12_ (net)
                      0.059380    0.000228    4.114433 ^ _52_/B (sky130_fd_sc_hd__nor2_1)
     3    0.010576    0.039921    0.046783    4.161216 v _52_/Y (sky130_fd_sc_hd__nor2_1)
                                                         _13_ (net)
                      0.039926    0.000361    4.161577 v _57_/B (sky130_fd_sc_hd__xor2_1)
     1    0.002835    0.025221    0.087618    4.249196 v _57_/X (sky130_fd_sc_hd__xor2_1)
                                                         net20 (net)
                      0.025221    0.000116    4.249312 v output20/A (sky130_fd_sc_hd__buf_2)
     1    0.034102    0.062536    0.114412    4.363723 v output20/X (sky130_fd_sc_hd__buf_2)
                                                         sum[1] (net)
                      0.062587    0.001605    4.365328 v sum[1] (out)
                                              4.365328   data arrival time

                      0.000000    0.000000    0.000000   clock __VIRTUAL_CLK__ (rise edge)
                                  0.000000    0.000000   clock network delay (ideal)
                                  0.250000    0.250000   clock uncertainty
                                  0.000000    0.250000   clock reconvergence pessimism
                                 -4.000000   -3.750000   output external delay
                                             -3.750000   data required time
---------------------------------------------------------------------------------------------
                                             -3.750000   data required time
                                             -4.365328   data arrival time
---------------------------------------------------------------------------------------------
                                              8.115328   slack (MET)


Startpoint: a[2] (input port clocked by __VIRTUAL_CLK__)
Endpoint: sum[2] (output port clocked by __VIRTUAL_CLK__)
Path Group: __VIRTUAL_CLK__
Path Type: min

Fanout         Cap        Slew       Delay        Time   Description
---------------------------------------------------------------------------------------------
                      0.000000    0.000000    0.000000   clock __VIRTUAL_CLK__ (rise edge)
                                  0.000000    0.000000   clock network delay (ideal)
                                  4.000000    4.000000 ^ input external delay
     1    0.003775    0.017425    0.009853    4.009852 ^ a[2] (in)
                                                         a[2] (net)
                      0.017427    0.000000    4.009852 ^ input3/A (sky130_fd_sc_hd__buf_1)
     3    0.011368    0.104208    0.098606    4.108459 ^ input3/X (sky130_fd_sc_hd__buf_1)
                                                         net3 (net)
                      0.104213    0.000586    4.109045 ^ _44_/B (sky130_fd_sc_hd__nor2_1)
     2    0.006408    0.040256    0.041028    4.150074 v _44_/Y (sky130_fd_sc_hd__nor2_1)
                                                         _05_ (net)
                      0.040260    0.000324    4.150397 v _45_/B (sky130_fd_sc_hd__nor2_1)
     1    0.005404    0.083133    0.080697    4.231094 ^ _45_/Y (sky130_fd_sc_hd__nor2_1)
                                                         _06_ (net)
                      0.083136    0.000395    4.231489 ^ _56_/A (sky130_fd_sc_hd__xnor2_1)
     1    0.002226    0.021461    0.042726    4.274215 v _56_/Y (sky130_fd_sc_hd__xnor2_1)
                                                         net21 (net)
                      0.021466    0.000150    4.274364 v output21/A (sky130_fd_sc_hd__buf_2)
     1    0.034358    0.062915    0.113263    4.387628 v output21/X (sky130_fd_sc_hd__buf_2)
                                                         sum[2] (net)
                      0.062970    0.001670    4.389297 v sum[2] (out)
                                              4.389297   data arrival time

                      0.000000    0.000000    0.000000   clock __VIRTUAL_CLK__ (rise edge)
                                  0.000000    0.000000   clock network delay (ideal)
                                  0.250000    0.250000   clock uncertainty
                                  0.000000    0.250000   clock reconvergence pessimism
                                 -4.000000   -3.750000   output external delay
                                             -3.750000   data required time
---------------------------------------------------------------------------------------------
                                             -3.750000   data required time
                                             -4.389297   data arrival time
---------------------------------------------------------------------------------------------
                                              8.139297   slack (MET)


Startpoint: a[7] (input port clocked by __VIRTUAL_CLK__)
Endpoint: cout (output port clocked by __VIRTUAL_CLK__)
Path Group: __VIRTUAL_CLK__
Path Type: min

Fanout         Cap        Slew       Delay        Time   Description
---------------------------------------------------------------------------------------------
                      0.000000    0.000000    0.000000   clock __VIRTUAL_CLK__ (rise edge)
                                  0.000000    0.000000   clock network delay (ideal)
                                  4.000000    4.000000 v input external delay
     1    0.003051    0.005083    0.002542    4.002542 v a[7] (in)
                                                         a[7] (net)
                      0.005091    0.000000    4.002542 v input8/A (sky130_fd_sc_hd__clkbuf_1)
     3    0.009212    0.040933    0.066664    4.069206 v input8/X (sky130_fd_sc_hd__clkbuf_1)
                                                         net8 (net)
                      0.040947    0.000725    4.069931 v _61_/B (sky130_fd_sc_hd__or2_1)
     2    0.006364    0.043835    0.136408    4.206339 v _61_/X (sky130_fd_sc_hd__or2_1)
                                                         _18_ (net)
                      0.043838    0.000371    4.206710 v _86_/C1 (sky130_fd_sc_hd__o221a_1)
     1    0.001952    0.016623    0.069792    4.276502 v _86_/X (sky130_fd_sc_hd__o221a_1)
                                                         net18 (net)
                      0.016623    0.000140    4.276641 v output18/A (sky130_fd_sc_hd__buf_2)
     1    0.034432    0.063012    0.111562    4.388203 v output18/X (sky130_fd_sc_hd__buf_2)
                                                         cout (net)
                      0.063074    0.001759    4.389962 v cout (out)
                                              4.389962   data arrival time

                      0.000000    0.000000    0.000000   clock __VIRTUAL_CLK__ (rise edge)
                                  0.000000    0.000000   clock network delay (ideal)
                                  0.250000    0.250000   clock uncertainty
                                  0.000000    0.250000   clock reconvergence pessimism
                                 -4.000000   -3.750000   output external delay
                                             -3.750000   data required time
---------------------------------------------------------------------------------------------
                                             -3.750000   data required time
                                             -4.389962   data arrival time
---------------------------------------------------------------------------------------------
                                              8.139962   slack (MET)



%OL_END_REPORT
%OL_CREATE_REPORT max.rpt

===========================================================================
report_checks -path_delay max (Setup)
============================================================================
======================= max_ff_n40C_1v95 Corner ===================================

Startpoint: a[1] (input port clocked by __VIRTUAL_CLK__)
Endpoint: sum[7] (output port clocked by __VIRTUAL_CLK__)
Path Group: __VIRTUAL_CLK__
Path Type: max

Fanout         Cap        Slew       Delay        Time   Description
---------------------------------------------------------------------------------------------
                      0.000000    0.000000    0.000000   clock __VIRTUAL_CLK__ (rise edge)
                                  0.000000    0.000000   clock network delay (ideal)
                                  4.000000    4.000000 v input external delay
     1    0.003642    0.005952    0.003068    4.003068 v a[1] (in)
                                                         a[1] (net)
                      0.005961    0.000000    4.003068 v input2/A (sky130_fd_sc_hd__clkbuf_1)
     2    0.004714    0.024983    0.053261    4.056328 v input2/X (sky130_fd_sc_hd__clkbuf_1)
                                                         net2 (net)
                      0.024986    0.000283    4.056612 v _46_/B (sky130_fd_sc_hd__and2_1)
     3    0.008606    0.042111    0.111048    4.167659 v _46_/X (sky130_fd_sc_hd__and2_1)
                                                         _07_ (net)
                      0.042117    0.000517    4.168177 v _52_/A (sky130_fd_sc_hd__nor2_1)
     3    0.011335    0.153357    0.142644    4.310820 ^ _52_/Y (sky130_fd_sc_hd__nor2_1)
                                                         _13_ (net)
                      0.153360    0.000535    4.311355 ^ _71_/A2 (sky130_fd_sc_hd__a21oi_1)
     2    0.008044    0.061416    0.074823    4.386178 v _71_/Y (sky130_fd_sc_hd__a21oi_1)
                                                         _28_ (net)
                      0.061421    0.000564    4.386742 v _74_/A2 (sky130_fd_sc_hd__o31ai_2)
     3    0.013809    0.249564    0.246676    4.633418 ^ _74_/Y (sky130_fd_sc_hd__o31ai_2)
                                                         _31_ (net)
                      0.249636    0.000952    4.634370 ^ _77_/A1 (sky130_fd_sc_hd__o211a_1)
     1    0.004985    0.043690    0.119957    4.754327 ^ _77_/X (sky130_fd_sc_hd__o211a_1)
                                                         _34_ (net)
                      0.043691    0.000235    4.754563 ^ _78_/B (sky130_fd_sc_hd__xnor2_1)
     1    0.002633    0.079846    0.066817    4.821380 ^ _78_/Y (sky130_fd_sc_hd__xnor2_1)
                                                         net26 (net)
                      0.079846    0.000173    4.821553 ^ output26/A (sky130_fd_sc_hd__buf_2)
     1    0.035209    0.131580    0.151693    4.973246 ^ output26/X (sky130_fd_sc_hd__buf_2)
                                                         sum[7] (net)
                      0.131611    0.001661    4.974907 ^ sum[7] (out)
                                              4.974907   data arrival time

                      0.000000   20.000000   20.000000   clock __VIRTUAL_CLK__ (rise edge)
                                  0.000000   20.000000   clock network delay (ideal)
                                 -0.250000   19.750002   clock uncertainty
                                  0.000000   19.750002   clock reconvergence pessimism
                                 -4.000000   15.750001   output external delay
                                             15.750001   data required time
---------------------------------------------------------------------------------------------
                                             15.750001   data required time
                                             -4.974907   data arrival time
---------------------------------------------------------------------------------------------
                                             10.775094   slack (MET)


Startpoint: b[0] (input port clocked by __VIRTUAL_CLK__)
Endpoint: cout (output port clocked by __VIRTUAL_CLK__)
Path Group: __VIRTUAL_CLK__
Path Type: max

Fanout         Cap        Slew       Delay        Time   Description
---------------------------------------------------------------------------------------------
                      0.000000    0.000000    0.000000   clock __VIRTUAL_CLK__ (rise edge)
                                  0.000000    0.000000   clock network delay (ideal)
                                  4.000000    4.000000 v input external delay
     1    0.003531    0.005787    0.002974    4.002974 v b[0] (in)
                                                         b[0] (net)
                      0.005796    0.000000    4.002974 v input9/A (sky130_fd_sc_hd__clkbuf_1)
     2    0.004896    0.025630    0.053761    4.056735 v input9/X (sky130_fd_sc_hd__clkbuf_1)
                                                         net9 (net)
                      0.025632    0.000252    4.056986 v _48_/A (sky130_fd_sc_hd__or2_1)
     2    0.006157    0.043219    0.142717    4.199704 v _48_/X (sky130_fd_sc_hd__or2_1)
                                                         _09_ (net)
                      0.043219    0.000218    4.199922 v _50_/A2 (sky130_fd_sc_hd__a21bo_1)
     3    0.012044    0.051422    0.152359    4.352281 v _50_/X (sky130_fd_sc_hd__a21bo_1)
                                                         _11_ (net)
                      0.051431    0.000685    4.352967 v _71_/A1 (sky130_fd_sc_hd__a21oi_1)
     2    0.008827    0.157482    0.147282    4.500248 ^ _71_/Y (sky130_fd_sc_hd__a21oi_1)
                                                         _28_ (net)
                      0.157486    0.000627    4.500875 ^ _74_/A2 (sky130_fd_sc_hd__o31ai_2)
     3    0.012980    0.061747    0.070152    4.571028 v _74_/Y (sky130_fd_sc_hd__o31ai_2)
                                                         _31_ (net)
                      0.061762    0.000784    4.571812 v _81_/A2 (sky130_fd_sc_hd__a21bo_1)
     2    0.007845    0.040409    0.146070    4.717882 v _81_/X (sky130_fd_sc_hd__a21bo_1)
                                                         _37_ (net)
                      0.040409    0.000254    4.718136 v _86_/B1 (sky130_fd_sc_hd__o221a_1)
     1    0.001952    0.029974    0.131074    4.849210 v _86_/X (sky130_fd_sc_hd__o221a_1)
                                                         net18 (net)
                      0.029974    0.000140    4.849349 v output18/A (sky130_fd_sc_hd__buf_2)
     1    0.034432    0.063058    0.116612    4.965961 v output18/X (sky130_fd_sc_hd__buf_2)
                                                         cout (net)
                      0.063119    0.001759    4.967721 v cout (out)
                                              4.967721   data arrival time

                      0.000000   20.000000   20.000000   clock __VIRTUAL_CLK__ (rise edge)
                                  0.000000   20.000000   clock network delay (ideal)
                                 -0.250000   19.750002   clock uncertainty
                                  0.000000   19.750002   clock reconvergence pessimism
                                 -4.000000   15.750001   output external delay
                                             15.750001   data required time
---------------------------------------------------------------------------------------------
                                             15.750001   data required time
                                             -4.967721   data arrival time
---------------------------------------------------------------------------------------------
                                             10.782280   slack (MET)


Startpoint: a[1] (input port clocked by __VIRTUAL_CLK__)
Endpoint: sum[6] (output port clocked by __VIRTUAL_CLK__)
Path Group: __VIRTUAL_CLK__
Path Type: max

Fanout         Cap        Slew       Delay        Time   Description
---------------------------------------------------------------------------------------------
                      0.000000    0.000000    0.000000   clock __VIRTUAL_CLK__ (rise edge)
                                  0.000000    0.000000   clock network delay (ideal)
                                  4.000000    4.000000 v input external delay
     1    0.003642    0.005952    0.003068    4.003068 v a[1] (in)
                                                         a[1] (net)
                      0.005961    0.000000    4.003068 v input2/A (sky130_fd_sc_hd__clkbuf_1)
     2    0.004714    0.024983    0.053261    4.056328 v input2/X (sky130_fd_sc_hd__clkbuf_1)
                                                         net2 (net)
                      0.024986    0.000283    4.056612 v _46_/B (sky130_fd_sc_hd__and2_1)
     3    0.008606    0.042111    0.111048    4.167659 v _46_/X (sky130_fd_sc_hd__and2_1)
                                                         _07_ (net)
                      0.042117    0.000517    4.168177 v _52_/A (sky130_fd_sc_hd__nor2_1)
     3    0.011335    0.153357    0.142644    4.310820 ^ _52_/Y (sky130_fd_sc_hd__nor2_1)
                                                         _13_ (net)
                      0.153360    0.000535    4.311355 ^ _71_/A2 (sky130_fd_sc_hd__a21oi_1)
     2    0.008044    0.061416    0.074823    4.386178 v _71_/Y (sky130_fd_sc_hd__a21oi_1)
                                                         _28_ (net)
                      0.061421    0.000564    4.386742 v _74_/A2 (sky130_fd_sc_hd__o31ai_2)
     3    0.013809    0.249564    0.246676    4.633418 ^ _74_/Y (sky130_fd_sc_hd__o31ai_2)
                                                         _31_ (net)
                      0.249635    0.000840    4.634258 ^ _81_/A2 (sky130_fd_sc_hd__a21bo_1)
     2    0.008238    0.059311    0.105067    4.739325 ^ _81_/X (sky130_fd_sc_hd__a21bo_1)
                                                         _37_ (net)
                      0.059314    0.000468    4.739793 ^ _82_/B (sky130_fd_sc_hd__xnor2_1)
     1    0.002070    0.072240    0.066137    4.805930 ^ _82_/Y (sky130_fd_sc_hd__xnor2_1)
                                                         net25 (net)
                      0.072240    0.000094    4.806023 ^ output25/A (sky130_fd_sc_hd__buf_2)
     1    0.034304    0.128003    0.147778    4.953802 ^ output25/X (sky130_fd_sc_hd__buf_2)
                                                         sum[6] (net)
                      0.128034    0.001649    4.955451 ^ sum[6] (out)
                                              4.955451   data arrival time

                      0.000000   20.000000   20.000000   clock __VIRTUAL_CLK__ (rise edge)
                                  0.000000   20.000000   clock network delay (ideal)
                                 -0.250000   19.750002   clock uncertainty
                                  0.000000   19.750002   clock reconvergence pessimism
                                 -4.000000   15.750001   output external delay
                                             15.750001   data required time
---------------------------------------------------------------------------------------------
                                             15.750001   data required time
                                             -4.955451   data arrival time
---------------------------------------------------------------------------------------------
                                             10.794550   slack (MET)


Startpoint: a[1] (input port clocked by __VIRTUAL_CLK__)
Endpoint: sum[5] (output port clocked by __VIRTUAL_CLK__)
Path Group: __VIRTUAL_CLK__
Path Type: max

Fanout         Cap        Slew       Delay        Time   Description
---------------------------------------------------------------------------------------------
                      0.000000    0.000000    0.000000   clock __VIRTUAL_CLK__ (rise edge)
                                  0.000000    0.000000   clock network delay (ideal)
                                  4.000000    4.000000 v input external delay
     1    0.003642    0.005952    0.003068    4.003068 v a[1] (in)
                                                         a[1] (net)
                      0.005961    0.000000    4.003068 v input2/A (sky130_fd_sc_hd__clkbuf_1)
     2    0.004714    0.024983    0.053261    4.056328 v input2/X (sky130_fd_sc_hd__clkbuf_1)
                                                         net2 (net)
                      0.024986    0.000283    4.056612 v _46_/B (sky130_fd_sc_hd__and2_1)
     3    0.008606    0.042111    0.111048    4.167659 v _46_/X (sky130_fd_sc_hd__and2_1)
                                                         _07_ (net)
                      0.042117    0.000517    4.168177 v _52_/A (sky130_fd_sc_hd__nor2_1)
     3    0.011335    0.153357    0.142644    4.310820 ^ _52_/Y (sky130_fd_sc_hd__nor2_1)
                                                         _13_ (net)
                      0.153360    0.000535    4.311355 ^ _71_/A2 (sky130_fd_sc_hd__a21oi_1)
     2    0.008044    0.061416    0.074823    4.386178 v _71_/Y (sky130_fd_sc_hd__a21oi_1)
                                                         _28_ (net)
                      0.061421    0.000564    4.386742 v _74_/A2 (sky130_fd_sc_hd__o31ai_2)
     3    0.013809    0.249564    0.246676    4.633418 ^ _74_/Y (sky130_fd_sc_hd__o31ai_2)
                                                         _31_ (net)
                      0.249634    0.000796    4.634214 ^ _83_/A (sky130_fd_sc_hd__xnor2_1)
     1    0.002294    0.075561    0.077062    4.711277 ^ _83_/Y (sky130_fd_sc_hd__xnor2_1)
                                                         net24 (net)
                      0.075561    0.000165    4.711442 ^ output24/A (sky130_fd_sc_hd__buf_2)
     1    0.034729    0.129494    0.149476    4.860918 ^ output24/X (sky130_fd_sc_hd__buf_2)
                                                         sum[5] (net)
                      0.129530    0.001799    4.862717 ^ sum[5] (out)
                                              4.862717   data arrival time

                      0.000000   20.000000   20.000000   clock __VIRTUAL_CLK__ (rise edge)
                                  0.000000   20.000000   clock network delay (ideal)
                                 -0.250000   19.750002   clock uncertainty
                                  0.000000   19.750002   clock reconvergence pessimism
                                 -4.000000   15.750001   output external delay
                                             15.750001   data required time
---------------------------------------------------------------------------------------------
                                             15.750001   data required time
                                             -4.862717   data arrival time
---------------------------------------------------------------------------------------------
                                             10.887284   slack (MET)


Startpoint: b[0] (input port clocked by __VIRTUAL_CLK__)
Endpoint: sum[3] (output port clocked by __VIRTUAL_CLK__)
Path Group: __VIRTUAL_CLK__
Path Type: max

Fanout         Cap        Slew       Delay        Time   Description
---------------------------------------------------------------------------------------------
                      0.000000    0.000000    0.000000   clock __VIRTUAL_CLK__ (rise edge)
                                  0.000000    0.000000   clock network delay (ideal)
                                  4.000000    4.000000 v input external delay
     1    0.003531    0.005787    0.002974    4.002974 v b[0] (in)
                                                         b[0] (net)
                      0.005796    0.000000    4.002974 v input9/A (sky130_fd_sc_hd__clkbuf_1)
     2    0.004896    0.025630    0.053761    4.056735 v input9/X (sky130_fd_sc_hd__clkbuf_1)
                                                         net9 (net)
                      0.025632    0.000252    4.056986 v _48_/A (sky130_fd_sc_hd__or2_1)
     2    0.006157    0.043219    0.142717    4.199704 v _48_/X (sky130_fd_sc_hd__or2_1)
                                                         _09_ (net)
                      0.043219    0.000218    4.199922 v _50_/A2 (sky130_fd_sc_hd__a21bo_1)
     3    0.012044    0.051422    0.152359    4.352281 v _50_/X (sky130_fd_sc_hd__a21bo_1)
                                                         _11_ (net)
                      0.051432    0.000713    4.352994 v _53_/A1 (sky130_fd_sc_hd__a21oi_1)
     2    0.008175    0.148514    0.140872    4.493866 ^ _53_/Y (sky130_fd_sc_hd__a21oi_1)
                                                         _14_ (net)
                      0.148517    0.000521    4.494387 ^ _54_/A2 (sky130_fd_sc_hd__o21ba_1)
     1    0.004938    0.046370    0.090920    4.585307 ^ _54_/X (sky130_fd_sc_hd__o21ba_1)
                                                         _15_ (net)
                      0.046370    0.000234    4.585541 ^ _55_/B (sky130_fd_sc_hd__xnor2_1)
     1    0.003116    0.086408    0.070264    4.655805 ^ _55_/Y (sky130_fd_sc_hd__xnor2_1)
                                                         net22 (net)
                      0.086408    0.000203    4.656009 ^ output22/A (sky130_fd_sc_hd__buf_2)
     1    0.034460    0.128924    0.151382    4.807391 ^ output22/X (sky130_fd_sc_hd__buf_2)
                                                         sum[3] (net)
                      0.128953    0.001614    4.809004 ^ sum[3] (out)
                                              4.809004   data arrival time

                      0.000000   20.000000   20.000000   clock __VIRTUAL_CLK__ (rise edge)
                                  0.000000   20.000000   clock network delay (ideal)
                                 -0.250000   19.750002   clock uncertainty
                                  0.000000   19.750002   clock reconvergence pessimism
                                 -4.000000   15.750001   output external delay
                                             15.750001   data required time
---------------------------------------------------------------------------------------------
                                             15.750001   data required time
                                             -4.809004   data arrival time
---------------------------------------------------------------------------------------------
                                             10.940996   slack (MET)


Startpoint: b[0] (input port clocked by __VIRTUAL_CLK__)
Endpoint: sum[4] (output port clocked by __VIRTUAL_CLK__)
Path Group: __VIRTUAL_CLK__
Path Type: max

Fanout         Cap        Slew       Delay        Time   Description
---------------------------------------------------------------------------------------------
                      0.000000    0.000000    0.000000   clock __VIRTUAL_CLK__ (rise edge)
                                  0.000000    0.000000   clock network delay (ideal)
                                  4.000000    4.000000 v input external delay
     1    0.003531    0.005787    0.002974    4.002974 v b[0] (in)
                                                         b[0] (net)
                      0.005796    0.000000    4.002974 v input9/A (sky130_fd_sc_hd__clkbuf_1)
     2    0.004896    0.025630    0.053761    4.056735 v input9/X (sky130_fd_sc_hd__clkbuf_1)
                                                         net9 (net)
                      0.025632    0.000252    4.056986 v _48_/A (sky130_fd_sc_hd__or2_1)
     2    0.006157    0.043219    0.142717    4.199704 v _48_/X (sky130_fd_sc_hd__or2_1)
                                                         _09_ (net)
                      0.043219    0.000218    4.199922 v _50_/A2 (sky130_fd_sc_hd__a21bo_1)
     3    0.012044    0.051422    0.152359    4.352281 v _50_/X (sky130_fd_sc_hd__a21bo_1)
                                                         _11_ (net)
                      0.051431    0.000685    4.352967 v _71_/A1 (sky130_fd_sc_hd__a21oi_1)
     2    0.008827    0.157482    0.147282    4.500248 ^ _71_/Y (sky130_fd_sc_hd__a21oi_1)
                                                         _28_ (net)
                      0.157486    0.000570    4.500818 ^ _73_/A (sky130_fd_sc_hd__nor2_1)
     1    0.005509    0.051884    0.045575    4.546393 v _73_/Y (sky130_fd_sc_hd__nor2_1)
                                                         _30_ (net)
                      0.051889    0.000433    4.546826 v _84_/B (sky130_fd_sc_hd__xnor2_1)
     1    0.002627    0.079753    0.090400    4.637226 ^ _84_/Y (sky130_fd_sc_hd__xnor2_1)
                                                         net23 (net)
                      0.079754    0.000174    4.637400 ^ output23/A (sky130_fd_sc_hd__buf_2)
     1    0.034226    0.127722    0.149301    4.786701 ^ output23/X (sky130_fd_sc_hd__buf_2)
                                                         sum[4] (net)
                      0.127753    0.001663    4.788364 ^ sum[4] (out)
                                              4.788364   data arrival time

                      0.000000   20.000000   20.000000   clock __VIRTUAL_CLK__ (rise edge)
                                  0.000000   20.000000   clock network delay (ideal)
                                 -0.250000   19.750002   clock uncertainty
                                  0.000000   19.750002   clock reconvergence pessimism
                                 -4.000000   15.750001   output external delay
                                             15.750001   data required time
---------------------------------------------------------------------------------------------
                                             15.750001   data required time
                                             -4.788364   data arrival time
---------------------------------------------------------------------------------------------
                                             10.961637   slack (MET)


Startpoint: b[0] (input port clocked by __VIRTUAL_CLK__)
Endpoint: sum[2] (output port clocked by __VIRTUAL_CLK__)
Path Group: __VIRTUAL_CLK__
Path Type: max

Fanout         Cap        Slew       Delay        Time   Description
---------------------------------------------------------------------------------------------
                      0.000000    0.000000    0.000000   clock __VIRTUAL_CLK__ (rise edge)
                                  0.000000    0.000000   clock network delay (ideal)
                                  4.000000    4.000000 v input external delay
     1    0.003531    0.005787    0.002974    4.002974 v b[0] (in)
                                                         b[0] (net)
                      0.005796    0.000000    4.002974 v input9/A (sky130_fd_sc_hd__clkbuf_1)
     2    0.004896    0.025630    0.053761    4.056735 v input9/X (sky130_fd_sc_hd__clkbuf_1)
                                                         net9 (net)
                      0.025632    0.000252    4.056986 v _48_/A (sky130_fd_sc_hd__or2_1)
     2    0.006157    0.043219    0.142717    4.199704 v _48_/X (sky130_fd_sc_hd__or2_1)
                                                         _09_ (net)
                      0.043219    0.000218    4.199922 v _50_/A2 (sky130_fd_sc_hd__a21bo_1)
     3    0.012044    0.051422    0.152359    4.352281 v _50_/X (sky130_fd_sc_hd__a21bo_1)
                                                         _11_ (net)
                      0.051432    0.000713    4.352994 v _53_/A1 (sky130_fd_sc_hd__a21oi_1)
     2    0.008175    0.148514    0.140872    4.493866 ^ _53_/Y (sky130_fd_sc_hd__a21oi_1)
                                                         _14_ (net)
                      0.148517    0.000549    4.494416 ^ _56_/B (sky130_fd_sc_hd__xnor2_1)
     1    0.002385    0.076762    0.074573    4.568988 ^ _56_/Y (sky130_fd_sc_hd__xnor2_1)
                                                         net21 (net)
                      0.076762    0.000163    4.569151 ^ output21/A (sky130_fd_sc_hd__buf_2)
     1    0.034358    0.128192    0.148938    4.718089 ^ output21/X (sky130_fd_sc_hd__buf_2)
                                                         sum[2] (net)
                      0.128224    0.001673    4.719761 ^ sum[2] (out)
                                              4.719761   data arrival time

                      0.000000   20.000000   20.000000   clock __VIRTUAL_CLK__ (rise edge)
                                  0.000000   20.000000   clock network delay (ideal)
                                 -0.250000   19.750002   clock uncertainty
                                  0.000000   19.750002   clock reconvergence pessimism
                                 -4.000000   15.750001   output external delay
                                             15.750001   data required time
---------------------------------------------------------------------------------------------
                                             15.750001   data required time
                                             -4.719761   data arrival time
---------------------------------------------------------------------------------------------
                                             11.030239   slack (MET)


Startpoint: b[0] (input port clocked by __VIRTUAL_CLK__)
Endpoint: sum[1] (output port clocked by __VIRTUAL_CLK__)
Path Group: __VIRTUAL_CLK__
Path Type: max

Fanout         Cap        Slew       Delay        Time   Description
---------------------------------------------------------------------------------------------
                      0.000000    0.000000    0.000000   clock __VIRTUAL_CLK__ (rise edge)
                                  0.000000    0.000000   clock network delay (ideal)
                                  4.000000    4.000000 v input external delay
     1    0.003531    0.005787    0.002974    4.002974 v b[0] (in)
                                                         b[0] (net)
                      0.005796    0.000000    4.002974 v input9/A (sky130_fd_sc_hd__clkbuf_1)
     2    0.004896    0.025630    0.053761    4.056735 v input9/X (sky130_fd_sc_hd__clkbuf_1)
                                                         net9 (net)
                      0.025632    0.000252    4.056986 v _48_/A (sky130_fd_sc_hd__or2_1)
     2    0.006157    0.043219    0.142717    4.199704 v _48_/X (sky130_fd_sc_hd__or2_1)
                                                         _09_ (net)
                      0.043219    0.000218    4.199922 v _50_/A2 (sky130_fd_sc_hd__a21bo_1)
     3    0.012044    0.051422    0.152359    4.352281 v _50_/X (sky130_fd_sc_hd__a21bo_1)
                                                         _11_ (net)
                      0.051435    0.000796    4.353077 v _57_/A (sky130_fd_sc_hd__xor2_1)
     1    0.002994    0.082568    0.106250    4.459327 ^ _57_/X (sky130_fd_sc_hd__xor2_1)
                                                         net20 (net)
                      0.082568    0.000125    4.459452 ^ output20/A (sky130_fd_sc_hd__buf_2)
     1    0.034102    0.127288    0.149677    4.609129 ^ output20/X (sky130_fd_sc_hd__buf_2)
                                                         sum[1] (net)
                      0.127318    0.001608    4.610737 ^ sum[1] (out)
                                              4.610737   data arrival time

                      0.000000   20.000000   20.000000   clock __VIRTUAL_CLK__ (rise edge)
                                  0.000000   20.000000   clock network delay (ideal)
                                 -0.250000   19.750002   clock uncertainty
                                  0.000000   19.750002   clock reconvergence pessimism
                                 -4.000000   15.750001   output external delay
                                             15.750001   data required time
---------------------------------------------------------------------------------------------
                                             15.750001   data required time
                                             -4.610737   data arrival time
---------------------------------------------------------------------------------------------
                                             11.139264   slack (MET)


Startpoint: b[0] (input port clocked by __VIRTUAL_CLK__)
Endpoint: sum[0] (output port clocked by __VIRTUAL_CLK__)
Path Group: __VIRTUAL_CLK__
Path Type: max

Fanout         Cap        Slew       Delay        Time   Description
---------------------------------------------------------------------------------------------
                      0.000000    0.000000    0.000000   clock __VIRTUAL_CLK__ (rise edge)
                                  0.000000    0.000000   clock network delay (ideal)
                                  4.000000    4.000000 v input external delay
     1    0.003531    0.005787    0.002974    4.002974 v b[0] (in)
                                                         b[0] (net)
                      0.005796    0.000000    4.002974 v input9/A (sky130_fd_sc_hd__clkbuf_1)
     2    0.004896    0.025630    0.053761    4.056735 v input9/X (sky130_fd_sc_hd__clkbuf_1)
                                                         net9 (net)
                      0.025632    0.000252    4.056986 v _48_/A (sky130_fd_sc_hd__or2_1)
     2    0.006157    0.043219    0.142717    4.199704 v _48_/X (sky130_fd_sc_hd__or2_1)
                                                         _09_ (net)
                      0.043220    0.000304    4.200008 v _49_/B (sky130_fd_sc_hd__nand2_1)
     1    0.005721    0.051088    0.061248    4.261256 ^ _49_/Y (sky130_fd_sc_hd__nand2_1)
                                                         _10_ (net)
                      0.051091    0.000425    4.261681 ^ _58_/B (sky130_fd_sc_hd__xnor2_1)
     1    0.002275    0.075015    0.066315    4.327995 ^ _58_/Y (sky130_fd_sc_hd__xnor2_1)
                                                         net19 (net)
                      0.075015    0.000104    4.328099 ^ output19/A (sky130_fd_sc_hd__buf_2)
     1    0.034396    0.128320    0.148566    4.476665 ^ output19/X (sky130_fd_sc_hd__buf_2)
                                                         sum[0] (net)
                      0.128355    0.001753    4.478418 ^ sum[0] (out)
                                              4.478418   data arrival time

                      0.000000   20.000000   20.000000   clock __VIRTUAL_CLK__ (rise edge)
                                  0.000000   20.000000   clock network delay (ideal)
                                 -0.250000   19.750002   clock uncertainty
                                  0.000000   19.750002   clock reconvergence pessimism
                                 -4.000000   15.750001   output external delay
                                             15.750001   data required time
---------------------------------------------------------------------------------------------
                                             15.750001   data required time
                                             -4.478418   data arrival time
---------------------------------------------------------------------------------------------
                                             11.271584   slack (MET)



%OL_END_REPORT
%OL_CREATE_REPORT checks.rpt

===========================================================================
report_checks -unconstrained
===========================================================================
======================= max_ff_n40C_1v95 Corner ===================================

Startpoint: a[1] (input port clocked by __VIRTUAL_CLK__)
Endpoint: sum[7] (output port clocked by __VIRTUAL_CLK__)
Path Group: __VIRTUAL_CLK__
Path Type: max

Fanout         Cap        Slew       Delay        Time   Description
---------------------------------------------------------------------------------------------
                      0.000000    0.000000    0.000000   clock __VIRTUAL_CLK__ (rise edge)
                                  0.000000    0.000000   clock network delay (ideal)
                                  4.000000    4.000000 v input external delay
     1    0.003642    0.005952    0.003068    4.003068 v a[1] (in)
                                                         a[1] (net)
                      0.005961    0.000000    4.003068 v input2/A (sky130_fd_sc_hd__clkbuf_1)
     2    0.004714    0.024983    0.053261    4.056328 v input2/X (sky130_fd_sc_hd__clkbuf_1)
                                                         net2 (net)
                      0.024986    0.000283    4.056612 v _46_/B (sky130_fd_sc_hd__and2_1)
     3    0.008606    0.042111    0.111048    4.167659 v _46_/X (sky130_fd_sc_hd__and2_1)
                                                         _07_ (net)
                      0.042117    0.000517    4.168177 v _52_/A (sky130_fd_sc_hd__nor2_1)
     3    0.011335    0.153357    0.142644    4.310820 ^ _52_/Y (sky130_fd_sc_hd__nor2_1)
                                                         _13_ (net)
                      0.153360    0.000535    4.311355 ^ _71_/A2 (sky130_fd_sc_hd__a21oi_1)
     2    0.008044    0.061416    0.074823    4.386178 v _71_/Y (sky130_fd_sc_hd__a21oi_1)
                                                         _28_ (net)
                      0.061421    0.000564    4.386742 v _74_/A2 (sky130_fd_sc_hd__o31ai_2)
     3    0.013809    0.249564    0.246676    4.633418 ^ _74_/Y (sky130_fd_sc_hd__o31ai_2)
                                                         _31_ (net)
                      0.249636    0.000952    4.634370 ^ _77_/A1 (sky130_fd_sc_hd__o211a_1)
     1    0.004985    0.043690    0.119957    4.754327 ^ _77_/X (sky130_fd_sc_hd__o211a_1)
                                                         _34_ (net)
                      0.043691    0.000235    4.754563 ^ _78_/B (sky130_fd_sc_hd__xnor2_1)
     1    0.002633    0.079846    0.066817    4.821380 ^ _78_/Y (sky130_fd_sc_hd__xnor2_1)
                                                         net26 (net)
                      0.079846    0.000173    4.821553 ^ output26/A (sky130_fd_sc_hd__buf_2)
     1    0.035209    0.131580    0.151693    4.973246 ^ output26/X (sky130_fd_sc_hd__buf_2)
                                                         sum[7] (net)
                      0.131611    0.001661    4.974907 ^ sum[7] (out)
                                              4.974907   data arrival time

                      0.000000   20.000000   20.000000   clock __VIRTUAL_CLK__ (rise edge)
                                  0.000000   20.000000   clock network delay (ideal)
                                 -0.250000   19.750002   clock uncertainty
                                  0.000000   19.750002   clock reconvergence pessimism
                                 -4.000000   15.750001   output external delay
                                             15.750001   data required time
---------------------------------------------------------------------------------------------
                                             15.750001   data required time
                                             -4.974907   data arrival time
---------------------------------------------------------------------------------------------
                                             10.775094   slack (MET)




===========================================================================
report_checks --slack_max -0.01
============================================================================
======================= max_ff_n40C_1v95 Corner ===================================

No paths found.


===========================================================================
 report_check_types -max_slew -max_cap -max_fanout -violators
============================================================================
======================= max_ff_n40C_1v95 Corner ===================================



===========================================================================
report_parasitic_annotation -report_unannotated
============================================================================
Found 0 unannotated drivers.
Found 0 partially unannotated drivers.

===========================================================================
max slew violation count 0
%OL_METRIC_I design__max_slew_violation__count__corner:max_ff_n40C_1v95 0
max fanout violation count 0
%OL_METRIC_I design__max_fanout_violation__count__corner:max_ff_n40C_1v95 0
max cap violation count 0
%OL_METRIC_I design__max_cap_violation__count__corner:max_ff_n40C_1v95 0
============================================================================

===========================================================================
check_setup -verbose -unconstrained_endpoints -multiple_clock -no_clock -no_input_delay -loops -generated_clocks
===========================================================================
%OL_END_REPORT
%OL_CREATE_REPORT power.rpt

===========================================================================
 report_power
============================================================================
======================= max_ff_n40C_1v95 Corner ===================================

Group                    Internal    Switching      Leakage        Total
                            Power        Power        Power        Power (Watts)
------------------------------------------------------------------------
Sequential           0.000000e+00 0.000000e+00 0.000000e+00 0.000000e+00   0.0%
Combinational        7.641627e-06 1.539071e-05 3.407833e-10 2.303268e-05 100.0%
Clock                0.000000e+00 0.000000e+00 1.026675e-10 1.026675e-10   0.0%
Macro                0.000000e+00 0.000000e+00 0.000000e+00 0.000000e+00   0.0%
Pad                  0.000000e+00 0.000000e+00 0.000000e+00 0.000000e+00   0.0%
------------------------------------------------------------------------
Total                7.641627e-06 1.539071e-05 4.434508e-10 2.303278e-05 100.0%
                            33.2%        66.8%         0.0%
%OL_METRIC_F power__internal__total 7.641627234988846e-6
%OL_METRIC_F power__switching__total 1.539070945000276e-5
%OL_METRIC_F power__leakage__total 4.4345083161090315e-10
%OL_METRIC_F power__total 2.303278051840607e-5

%OL_END_REPORT
%OL_CREATE_REPORT skew.min.rpt

===========================================================================
Clock Skew (Hold)
============================================================================
%OL_METRIC_F clock__skew__worst_hold__corner:max_ff_n40C_1v95 0.0
======================= max_ff_n40C_1v95 Corner ===================================

Clock __VIRTUAL_CLK__
No launch/capture paths found.

%OL_END_REPORT
%OL_CREATE_REPORT skew.max.rpt

===========================================================================
Clock Skew (Setup)
============================================================================
%OL_METRIC_F clock__skew__worst_setup__corner:max_ff_n40C_1v95 0.0
======================= max_ff_n40C_1v95 Corner ===================================

Clock __VIRTUAL_CLK__
No launch/capture paths found.

%OL_END_REPORT
%OL_CREATE_REPORT ws.min.rpt

===========================================================================
Worst Slack (Hold)
============================================================================
%OL_METRIC_F timing__hold__ws__corner:max_ff_n40C_1v95 8.00273114871782
max_ff_n40C_1v95: 8.00273114871782
%OL_END_REPORT
%OL_CREATE_REPORT ws.max.rpt

===========================================================================
Worst Slack (Setup)
============================================================================
%OL_METRIC_F timing__setup__ws__corner:max_ff_n40C_1v95 10.775094010912827
max_ff_n40C_1v95: 10.775094010912827
%OL_END_REPORT
%OL_CREATE_REPORT tns.min.rpt

===========================================================================
Total Negative Slack (Hold)
============================================================================
%OL_METRIC_F timing__hold__tns__corner:max_ff_n40C_1v95 0.0
max_ff_n40C_1v95: 0.0
%OL_END_REPORT
%OL_CREATE_REPORT tns.max.rpt

===========================================================================
Total Negative Slack (Setup)
============================================================================
%OL_METRIC_F timing__setup__tns__corner:max_ff_n40C_1v95 0.0
max_ff_n40C_1v95: 0.0
%OL_END_REPORT
%OL_CREATE_REPORT wns.min.rpt

===========================================================================
Worst Negative Slack (Hold)
============================================================================
%OL_METRIC_F timing__hold__wns__corner:max_ff_n40C_1v95 0
max_ff_n40C_1v95: 0
%OL_END_REPORT
%OL_CREATE_REPORT wns.max.rpt

===========================================================================
Worst Negative Slack (Setup)
============================================================================
%OL_METRIC_F timing__setup__wns__corner:max_ff_n40C_1v95 0.0
max_ff_n40C_1v95: 0.0
%OL_END_REPORT
%OL_CREATE_REPORT violator_list.rpt

===========================================================================
Violator List
============================================================================
%OL_METRIC_I timing__hold_vio__count__corner:max_ff_n40C_1v95 0
%OL_METRIC_F timing__hold_r2r__ws__corner:max_ff_n40C_1v95 inf
%OL_METRIC_I timing__hold_r2r_vio__count__corner:max_ff_n40C_1v95 0
%OL_METRIC_I timing__setup_vio__count__corner:max_ff_n40C_1v95 0
%OL_METRIC_F timing__setup_r2r__ws__corner:max_ff_n40C_1v95 inf
%OL_METRIC_I timing__setup_r2r_vio__count__corner:max_ff_n40C_1v95 0
%OL_END_REPORT
%OL_CREATE_REPORT unpropagated.rpt
__VIRTUAL_CLK__
%OL_END_REPORT
%OL_CREATE_REPORT clock.rpt
Clock: __VIRTUAL_CLK__
Sources: 
Generated: no
Virtual: yes
Propagated: no
Period: 20.000000

===========================================================================
report_clock_properties
============================================================================
Clock                   Period          Waveform
----------------------------------------------------
__VIRTUAL_CLK__      20.000000    0.000000 10.000000

===========================================================================
report_clock_latency
============================================================================
Clock __VIRTUAL_CLK__


===========================================================================
report_clock_min_period
============================================================================
__VIRTUAL_CLK__ period_min = 0.00 fmax = inf
%OL_END_REPORT
Writing SDF files for all corners…
Removing Clock latencies before writing libs…
Writing timing models for all corners…
Writing timing models for the max_ff_n40C_1v95 corner to /home/minhnd/projects/cla8-practice/runs/RUN_2026-09-18_10-37-11/54-openroad-stapostpnr/max_ff_n40C_1v95/cla8__max_ff_n40C_1v95.lib…
