Clock: clk
Sources: clk 
Generated: no
Virtual: yes
Propagated: no
Period: 20.000000

===========================================================================
report_clock_properties
============================================================================
Clock                   Period          Waveform
----------------------------------------------------
clk                  20.000000    0.000000 10.000000

===========================================================================
report_clock_latency
============================================================================
Clock clk
rise -> rise
    min     max
0.000000 0.000000 source latency
0.074317         network latency _95_/CLK
        0.074545 network latency _93_/CLK
---------------
0.074317 0.074545 latency
        0.000228 skew

fall -> fall
    min     max
0.000000 0.000000 source latency
0.034669         network latency _95_/CLK
        0.034884 network latency _93_/CLK
---------------
0.034669 0.034884 latency
        0.000215 skew



===========================================================================
report_clock_min_period
============================================================================
clk period_min = 2.65 fmax = 377.85
