
===========================================================================
report_checks -path_delay min (Hold)
============================================================================
======================= nom_tt_025C_1v80 Corner ===================================

Startpoint: _99_ (rising edge-triggered flip-flop clocked by clk)
Endpoint: _99_ (rising edge-triggered flip-flop clocked by clk)
Path Group: clk
Path Type: min

Fanout         Cap        Slew       Delay        Time   Description
---------------------------------------------------------------------------------------------
                                  0.000000    0.000000   clock clk (rise edge)
                                  0.000000    0.000000   clock source latency
     8    0.022852    0.108367    0.074494    0.074494 ^ clk (in)
                                                         clk (net)
                      0.108367    0.000000    0.074494 ^ _99_/CLK (sky130_fd_sc_hd__dfrtp_2)
     2    0.042708    0.213075    0.500880    0.575374 ^ _99_/Q (sky130_fd_sc_hd__dfrtp_2)
                                                         acc[7] (net)
                      0.213075    0.000014    0.575389 ^ _75_/B (sky130_fd_sc_hd__xnor2_2)
     1    0.009517    0.062987    0.155610    0.730998 ^ _75_/Y (sky130_fd_sc_hd__xnor2_2)
                                                         _37_ (net)
                      0.062987    0.000042    0.731040 ^ _76_/B (sky130_fd_sc_hd__xnor2_2)
     1    0.002039    0.026050    0.051339    0.782380 v _76_/Y (sky130_fd_sc_hd__xnor2_2)
                                                         adder.high.sum[3] (net)
                      0.026050    0.000001    0.782381 v _99_/D (sky130_fd_sc_hd__dfrtp_2)
                                              0.782381   data arrival time

                                  0.000000    0.000000   clock clk (rise edge)
                                  0.000000    0.000000   clock source latency
     8    0.022852    0.108367    0.074494    0.074494 ^ clk (in)
                                                         clk (net)
                      0.108367    0.000000    0.074494 ^ _99_/CLK (sky130_fd_sc_hd__dfrtp_2)
                                  0.250000    0.324494   clock uncertainty
                                  0.000000    0.324494   clock reconvergence pessimism
                                 -0.019950    0.304544   library hold time
                                              0.304544   data required time
---------------------------------------------------------------------------------------------
                                              0.304544   data required time
                                             -0.782381   data arrival time
---------------------------------------------------------------------------------------------
                                              0.477837   slack (MET)


Startpoint: _94_ (rising edge-triggered flip-flop clocked by clk)
Endpoint: _95_ (rising edge-triggered flip-flop clocked by clk)
Path Group: clk
Path Type: min

Fanout         Cap        Slew       Delay        Time   Description
---------------------------------------------------------------------------------------------
                                  0.000000    0.000000   clock clk (rise edge)
                                  0.000000    0.000000   clock source latency
     8    0.022852    0.108367    0.074337    0.074337 ^ clk (in)
                                                         clk (net)
                      0.108367    0.000000    0.074337 ^ _94_/CLK (sky130_fd_sc_hd__dfrtp_2)
     4    0.046114    0.224648    0.511592    0.585929 ^ _94_/Q (sky130_fd_sc_hd__dfrtp_2)
                                                         acc[2] (net)
                      0.224648    0.000035    0.585964 ^ _48_/B (sky130_fd_sc_hd__nand2_2)
     3    0.009576    0.048410    0.101506    0.687470 v _48_/Y (sky130_fd_sc_hd__nand2_2)
                                                         _13_ (net)
                      0.048410    0.000040    0.687510 v _81_/A (sky130_fd_sc_hd__nand2_2)
     1    0.008986    0.056693    0.070845    0.758355 ^ _81_/Y (sky130_fd_sc_hd__nand2_2)
                                                         _40_ (net)
                      0.056693    0.000027    0.758382 ^ _82_/B (sky130_fd_sc_hd__xnor2_2)
     1    0.003082    0.029223    0.054047    0.812428 v _82_/Y (sky130_fd_sc_hd__xnor2_2)
                                                         adder.low.sum[3] (net)
                      0.029223    0.000012    0.812440 v _95_/D (sky130_fd_sc_hd__dfrtp_2)
                                              0.812440   data arrival time

                                  0.000000    0.000000   clock clk (rise edge)
                                  0.000000    0.000000   clock source latency
     8    0.022852    0.108367    0.074317    0.074317 ^ clk (in)
                                                         clk (net)
                      0.108367    0.000000    0.074317 ^ _95_/CLK (sky130_fd_sc_hd__dfrtp_2)
                                  0.250000    0.324317   clock uncertainty
                                  0.000000    0.324317   clock reconvergence pessimism
                                 -0.021241    0.303076   library hold time
                                              0.303076   data required time
---------------------------------------------------------------------------------------------
                                              0.303076   data required time
                                             -0.812440   data arrival time
---------------------------------------------------------------------------------------------
                                              0.509365   slack (MET)


Startpoint: _92_ (rising edge-triggered flip-flop clocked by clk)
Endpoint: _92_ (rising edge-triggered flip-flop clocked by clk)
Path Group: clk
Path Type: min

Fanout         Cap        Slew       Delay        Time   Description
---------------------------------------------------------------------------------------------
                                  0.000000    0.000000   clock clk (rise edge)
                                  0.000000    0.000000   clock source latency
     8    0.022852    0.108367    0.074534    0.074534 ^ clk (in)
                                                         clk (net)
                      0.108368    0.000000    0.074534 ^ _92_/CLK (sky130_fd_sc_hd__dfrtp_2)
     3    0.040309    0.121042    0.506259    0.580793 v _92_/Q (sky130_fd_sc_hd__dfrtp_2)
                                                         acc[0] (net)
                      0.121042    0.000046    0.580839 v _53_/B (sky130_fd_sc_hd__nand2_2)
     3    0.008643    0.054655    0.111935    0.692774 ^ _53_/Y (sky130_fd_sc_hd__nand2_2)
                                                         _18_ (net)
                      0.054655    0.000007    0.692782 ^ _84_/A (sky130_fd_sc_hd__and2_2)
     1    0.002182    0.034765    0.123245    0.816027 ^ _84_/X (sky130_fd_sc_hd__and2_2)
                                                         adder.low.p[0] (net)
                      0.034765    0.000002    0.816029 ^ _92_/D (sky130_fd_sc_hd__dfrtp_2)
                                              0.816029   data arrival time

                                  0.000000    0.000000   clock clk (rise edge)
                                  0.000000    0.000000   clock source latency
     8    0.022852    0.108367    0.074534    0.074534 ^ clk (in)
                                                         clk (net)
                      0.108368    0.000000    0.074534 ^ _92_/CLK (sky130_fd_sc_hd__dfrtp_2)
                                  0.250000    0.324534   clock uncertainty
                                  0.000000    0.324534   clock reconvergence pessimism
                                 -0.023915    0.300619   library hold time
                                              0.300619   data required time
---------------------------------------------------------------------------------------------
                                              0.300619   data required time
                                             -0.816029   data arrival time
---------------------------------------------------------------------------------------------
                                              0.515410   slack (MET)


Startpoint: _96_ (rising edge-triggered flip-flop clocked by clk)
Endpoint: _97_ (rising edge-triggered flip-flop clocked by clk)
Path Group: clk
Path Type: min

Fanout         Cap        Slew       Delay        Time   Description
---------------------------------------------------------------------------------------------
                                  0.000000    0.000000   clock clk (rise edge)
                                  0.000000    0.000000   clock source latency
     8    0.022852    0.108367    0.074534    0.074534 ^ clk (in)
                                                         clk (net)
                      0.108368    0.000000    0.074534 ^ _96_/CLK (sky130_fd_sc_hd__dfrtp_2)
     3    0.041646    0.204376    0.497306    0.571839 ^ _96_/Q (sky130_fd_sc_hd__dfrtp_2)
                                                         acc[4] (net)
                      0.204376    0.000082    0.571921 ^ _43_/B (sky130_fd_sc_hd__nand2_2)
     4    0.015052    0.066459    0.117995    0.689916 v _43_/Y (sky130_fd_sc_hd__nand2_2)
                                                         _08_ (net)
                      0.066459    0.000063    0.689979 v _65_/A (sky130_fd_sc_hd__nand2_2)
     1    0.008836    0.059642    0.078175    0.768154 ^ _65_/Y (sky130_fd_sc_hd__nand2_2)
                                                         _29_ (net)
                      0.059642    0.000017    0.768171 ^ _66_/B (sky130_fd_sc_hd__xnor2_2)
     1    0.003223    0.030033    0.055123    0.823294 v _66_/Y (sky130_fd_sc_hd__xnor2_2)
                                                         adder.high.sum[1] (net)
                      0.030033    0.000016    0.823310 v _97_/D (sky130_fd_sc_hd__dfrtp_2)
                                              0.823310   data arrival time

                                  0.000000    0.000000   clock clk (rise edge)
                                  0.000000    0.000000   clock source latency
     8    0.022852    0.108367    0.074340    0.074340 ^ clk (in)
                                                         clk (net)
                      0.108367    0.000000    0.074340 ^ _97_/CLK (sky130_fd_sc_hd__dfrtp_2)
                                  0.250000    0.324340   clock uncertainty
                                  0.000000    0.324340   clock reconvergence pessimism
                                 -0.021570    0.302769   library hold time
                                              0.302769   data required time
---------------------------------------------------------------------------------------------
                                              0.302769   data required time
                                             -0.823310   data arrival time
---------------------------------------------------------------------------------------------
                                              0.520541   slack (MET)


Startpoint: _92_ (rising edge-triggered flip-flop clocked by clk)
Endpoint: _93_ (rising edge-triggered flip-flop clocked by clk)
Path Group: clk
Path Type: min

Fanout         Cap        Slew       Delay        Time   Description
---------------------------------------------------------------------------------------------
                                  0.000000    0.000000   clock clk (rise edge)
                                  0.000000    0.000000   clock source latency
     8    0.022852    0.108367    0.074534    0.074534 ^ clk (in)
                                                         clk (net)
                      0.108368    0.000000    0.074534 ^ _92_/CLK (sky130_fd_sc_hd__dfrtp_2)
     3    0.040890    0.200925    0.494968    0.569502 ^ _92_/Q (sky130_fd_sc_hd__dfrtp_2)
                                                         acc[0] (net)
                      0.200925    0.000048    0.569550 ^ _53_/B (sky130_fd_sc_hd__nand2_2)
     3    0.008153    0.041453    0.091422    0.660972 v _53_/Y (sky130_fd_sc_hd__nand2_2)
                                                         _18_ (net)
                      0.041453    0.000033    0.661004 v _77_/B1 (sky130_fd_sc_hd__o21ai_2)
     1    0.001672    0.032067    0.041974    0.702978 ^ _77_/Y (sky130_fd_sc_hd__o21ai_2)
                                                         _38_ (net)
                      0.032067    0.000001    0.702979 ^ _78_/B (sky130_fd_sc_hd__and2_2)
     1    0.002233    0.034999    0.120759    0.823738 ^ _78_/X (sky130_fd_sc_hd__and2_2)
                                                         adder.low.sum[1] (net)
                      0.034999    0.000002    0.823740 ^ _93_/D (sky130_fd_sc_hd__dfrtp_2)
                                              0.823740   data arrival time

                                  0.000000    0.000000   clock clk (rise edge)
                                  0.000000    0.000000   clock source latency
     8    0.022852    0.108367    0.074545    0.074545 ^ clk (in)
                                                         clk (net)
                      0.108368    0.000000    0.074545 ^ _93_/CLK (sky130_fd_sc_hd__dfrtp_2)
                                  0.250000    0.324545   clock uncertainty
                                  0.000000    0.324545   clock reconvergence pessimism
                                 -0.023963    0.300582   library hold time
                                              0.300582   data required time
---------------------------------------------------------------------------------------------
                                              0.300582   data required time
                                             -0.823740   data arrival time
---------------------------------------------------------------------------------------------
                                              0.523158   slack (MET)


Startpoint: _94_ (rising edge-triggered flip-flop clocked by clk)
Endpoint: _94_ (rising edge-triggered flip-flop clocked by clk)
Path Group: clk
Path Type: min

Fanout         Cap        Slew       Delay        Time   Description
---------------------------------------------------------------------------------------------
                                  0.000000    0.000000   clock clk (rise edge)
                                  0.000000    0.000000   clock source latency
     8    0.022852    0.108367    0.074337    0.074337 ^ clk (in)
                                                         clk (net)
                      0.108367    0.000000    0.074337 ^ _94_/CLK (sky130_fd_sc_hd__dfrtp_2)
     4    0.046114    0.224648    0.511592    0.585929 ^ _94_/Q (sky130_fd_sc_hd__dfrtp_2)
                                                         acc[2] (net)
                      0.224648    0.000138    0.586067 ^ _49_/B (sky130_fd_sc_hd__nor2_2)
     2    0.006416    0.029475    0.063854    0.649921 v _49_/Y (sky130_fd_sc_hd__nor2_2)
                                                         _14_ (net)
                      0.029475    0.000006    0.649927 v _79_/A2 (sky130_fd_sc_hd__o211ai_2)
     1    0.001880    0.049960    0.110767    0.760694 ^ _79_/Y (sky130_fd_sc_hd__o211ai_2)
                                                         _39_ (net)
                      0.049960    0.000003    0.760697 ^ _80_/B (sky130_fd_sc_hd__and2_2)
     1    0.003047    0.037833    0.130369    0.891067 ^ _80_/X (sky130_fd_sc_hd__and2_2)
                                                         adder.low.sum[2] (net)
                      0.037833    0.000011    0.891078 ^ _94_/D (sky130_fd_sc_hd__dfrtp_2)
                                              0.891078   data arrival time

                                  0.000000    0.000000   clock clk (rise edge)
                                  0.000000    0.000000   clock source latency
     8    0.022852    0.108367    0.074337    0.074337 ^ clk (in)
                                                         clk (net)
                      0.108367    0.000000    0.074337 ^ _94_/CLK (sky130_fd_sc_hd__dfrtp_2)
                                  0.250000    0.324337   clock uncertainty
                                  0.000000    0.324337   clock reconvergence pessimism
                                 -0.024546    0.299791   library hold time
                                              0.299791   data required time
---------------------------------------------------------------------------------------------
                                              0.299791   data required time
                                             -0.891078   data arrival time
---------------------------------------------------------------------------------------------
                                              0.591287   slack (MET)


Startpoint: _97_ (rising edge-triggered flip-flop clocked by clk)
Endpoint: _98_ (rising edge-triggered flip-flop clocked by clk)
Path Group: clk
Path Type: min

Fanout         Cap        Slew       Delay        Time   Description
---------------------------------------------------------------------------------------------
                                  0.000000    0.000000   clock clk (rise edge)
                                  0.000000    0.000000   clock source latency
     8    0.022852    0.108367    0.074340    0.074340 ^ clk (in)
                                                         clk (net)
                      0.108367    0.000000    0.074340 ^ _97_/CLK (sky130_fd_sc_hd__dfrtp_2)
     3    0.043119    0.126985    0.511313    0.585653 v _97_/Q (sky130_fd_sc_hd__dfrtp_2)
                                                         acc[5] (net)
                      0.126985    0.000055    0.585707 v _62_/B (sky130_fd_sc_hd__nor2_2)
     3    0.007754    0.112538    0.138524    0.724232 ^ _62_/Y (sky130_fd_sc_hd__nor2_2)
                                                         _26_ (net)
                      0.112538    0.000026    0.724258 ^ _70_/B1 (sky130_fd_sc_hd__a31o_2)
     1    0.009007    0.064241    0.138714    0.862972 ^ _70_/X (sky130_fd_sc_hd__a31o_2)
                                                         _33_ (net)
                      0.064241    0.000023    0.862996 ^ _71_/B (sky130_fd_sc_hd__xnor2_2)
     1    0.001992    0.025970    0.051390    0.914385 v _71_/Y (sky130_fd_sc_hd__xnor2_2)
                                                         adder.high.sum[2] (net)
                      0.025970    0.000000    0.914386 v _98_/D (sky130_fd_sc_hd__dfrtp_2)
                                              0.914386   data arrival time

                                  0.000000    0.000000   clock clk (rise edge)
                                  0.000000    0.000000   clock source latency
     8    0.022852    0.108367    0.074446    0.074446 ^ clk (in)
                                                         clk (net)
                      0.108367    0.000000    0.074446 ^ _98_/CLK (sky130_fd_sc_hd__dfrtp_2)
                                  0.250000    0.324446   clock uncertainty
                                  0.000000    0.324446   clock reconvergence pessimism
                                 -0.019918    0.304528   library hold time
                                              0.304528   data required time
---------------------------------------------------------------------------------------------
                                              0.304528   data required time
                                             -0.914386   data arrival time
---------------------------------------------------------------------------------------------
                                              0.609857   slack (MET)


Startpoint: _96_ (rising edge-triggered flip-flop clocked by clk)
Endpoint: _96_ (rising edge-triggered flip-flop clocked by clk)
Path Group: clk
Path Type: min

Fanout         Cap        Slew       Delay        Time   Description
---------------------------------------------------------------------------------------------
                                  0.000000    0.000000   clock clk (rise edge)
                                  0.000000    0.000000   clock source latency
     8    0.022852    0.108367    0.074534    0.074534 ^ clk (in)
                                                         clk (net)
                      0.108368    0.000000    0.074534 ^ _96_/CLK (sky130_fd_sc_hd__dfrtp_2)
     3    0.041646    0.204376    0.497306    0.571839 ^ _96_/Q (sky130_fd_sc_hd__dfrtp_2)
                                                         acc[4] (net)
                      0.204376    0.000081    0.571920 ^ _44_/B (sky130_fd_sc_hd__or2_2)
     1    0.005040    0.040246    0.153366    0.725286 ^ _44_/X (sky130_fd_sc_hd__or2_2)
                                                         _09_ (net)
                      0.040246    0.000009    0.725295 ^ _45_/B (sky130_fd_sc_hd__nand2_2)
     2    0.006925    0.036675    0.053673    0.778968 v _45_/Y (sky130_fd_sc_hd__nand2_2)
                                                         _10_ (net)
                      0.036675    0.000019    0.778987 v _59_/A (sky130_fd_sc_hd__nand2_2)
     1    0.001589    0.023033    0.038889    0.817875 ^ _59_/Y (sky130_fd_sc_hd__nand2_2)
                                                         _24_ (net)
                      0.023033    0.000000    0.817876 ^ _61_/A (sky130_fd_sc_hd__and2_2)
     1    0.002145    0.034528    0.111846    0.929722 ^ _61_/X (sky130_fd_sc_hd__and2_2)
                                                         adder.high.sum[0] (net)
                      0.034528    0.000002    0.929723 ^ _96_/D (sky130_fd_sc_hd__dfrtp_2)
                                              0.929723   data arrival time

                                  0.000000    0.000000   clock clk (rise edge)
                                  0.000000    0.000000   clock source latency
     8    0.022852    0.108367    0.074534    0.074534 ^ clk (in)
                                                         clk (net)
                      0.108368    0.000000    0.074534 ^ _96_/CLK (sky130_fd_sc_hd__dfrtp_2)
                                  0.250000    0.324534   clock uncertainty
                                  0.000000    0.324534   clock reconvergence pessimism
                                 -0.023866    0.300667   library hold time
                                              0.300667   data required time
---------------------------------------------------------------------------------------------
                                              0.300667   data required time
                                             -0.929723   data arrival time
---------------------------------------------------------------------------------------------
                                              0.629056   slack (MET)


Startpoint: rst (input port clocked by clk)
Endpoint: _92_ (removal check against rising-edge clock clk)
Path Group: asynchronous
Path Type: min

Fanout         Cap        Slew       Delay        Time   Description
---------------------------------------------------------------------------------------------
                                  0.000000    0.000000   clock clk (rise edge)
                                  0.000000    0.000000   clock network delay (propagated)
                                  4.000000    4.000000 v input external delay
     8    0.042017    0.093968    0.067208    4.067208 v rst (in)
                                                         rst (net)
                      0.093970    0.000000    4.067208 v _42_/A (sky130_fd_sc_hd__inv_2)
     1    0.003631    0.036246    0.060812    4.128021 ^ _42_/Y (sky130_fd_sc_hd__inv_2)
                                                         _00_ (net)
                      0.036246    0.000000    4.128021 ^ _92_/RESET_B (sky130_fd_sc_hd__dfrtp_2)
                                              4.128021   data arrival time

                                  0.000000    0.000000   clock clk (rise edge)
                                  0.000000    0.000000   clock source latency
     8    0.022852    0.108367    0.074534    0.074534 ^ clk (in)
                                                         clk (net)
                      0.108368    0.000000    0.074534 ^ _92_/CLK (sky130_fd_sc_hd__dfrtp_2)
                                  0.250000    0.324534   clock uncertainty
                                  0.000000    0.324534   clock reconvergence pessimism
                                  0.335296    0.659830   library removal time
                                              0.659830   data required time
---------------------------------------------------------------------------------------------
                                              0.659830   data required time
                                             -4.128021   data arrival time
---------------------------------------------------------------------------------------------
                                              3.468191   slack (MET)


Startpoint: rst (input port clocked by clk)
Endpoint: _99_ (removal check against rising-edge clock clk)
Path Group: asynchronous
Path Type: min

Fanout         Cap        Slew       Delay        Time   Description
---------------------------------------------------------------------------------------------
                                  0.000000    0.000000   clock clk (rise edge)
                                  0.000000    0.000000   clock network delay (propagated)
                                  4.000000    4.000000 v input external delay
     8    0.042017    0.093968    0.067131    4.067131 v rst (in)
                                                         rst (net)
                      0.093969    0.000000    4.067131 v _91_/A (sky130_fd_sc_hd__inv_2)
     1    0.003662    0.036359    0.060968    4.128099 ^ _91_/Y (sky130_fd_sc_hd__inv_2)
                                                         _07_ (net)
                      0.036359    0.000000    4.128100 ^ _99_/RESET_B (sky130_fd_sc_hd__dfrtp_2)
                                              4.128100   data arrival time

                                  0.000000    0.000000   clock clk (rise edge)
                                  0.000000    0.000000   clock source latency
     8    0.022852    0.108367    0.074494    0.074494 ^ clk (in)
                                                         clk (net)
                      0.108367    0.000000    0.074494 ^ _99_/CLK (sky130_fd_sc_hd__dfrtp_2)
                                  0.250000    0.324494   clock uncertainty
                                  0.000000    0.324494   clock reconvergence pessimism
                                  0.335327    0.659821   library removal time
                                              0.659821   data required time
---------------------------------------------------------------------------------------------
                                              0.659821   data required time
                                             -4.128100   data arrival time
---------------------------------------------------------------------------------------------
                                              3.468279   slack (MET)


Startpoint: rst (input port clocked by clk)
Endpoint: _96_ (removal check against rising-edge clock clk)
Path Group: asynchronous
Path Type: min

Fanout         Cap        Slew       Delay        Time   Description
---------------------------------------------------------------------------------------------
                                  0.000000    0.000000   clock clk (rise edge)
                                  0.000000    0.000000   clock network delay (propagated)
                                  4.000000    4.000000 v input external delay
     8    0.042017    0.093968    0.067210    4.067210 v rst (in)
                                                         rst (net)
                      0.093970    0.000000    4.067210 v _88_/A (sky130_fd_sc_hd__inv_2)
     1    0.003666    0.036373    0.060987    4.128197 ^ _88_/Y (sky130_fd_sc_hd__inv_2)
                                                         _04_ (net)
                      0.036373    0.000001    4.128198 ^ _96_/RESET_B (sky130_fd_sc_hd__dfrtp_2)
                                              4.128198   data arrival time

                                  0.000000    0.000000   clock clk (rise edge)
                                  0.000000    0.000000   clock source latency
     8    0.022852    0.108367    0.074534    0.074534 ^ clk (in)
                                                         clk (net)
                      0.108368    0.000000    0.074534 ^ _96_/CLK (sky130_fd_sc_hd__dfrtp_2)
                                  0.250000    0.324534   clock uncertainty
                                  0.000000    0.324534   clock reconvergence pessimism
                                  0.335331    0.659864   library removal time
                                              0.659864   data required time
---------------------------------------------------------------------------------------------
                                              0.659864   data required time
                                             -4.128198   data arrival time
---------------------------------------------------------------------------------------------
                                              3.468334   slack (MET)


Startpoint: rst (input port clocked by clk)
Endpoint: _98_ (removal check against rising-edge clock clk)
Path Group: asynchronous
Path Type: min

Fanout         Cap        Slew       Delay        Time   Description
---------------------------------------------------------------------------------------------
                                  0.000000    0.000000   clock clk (rise edge)
                                  0.000000    0.000000   clock network delay (propagated)
                                  4.000000    4.000000 v input external delay
     8    0.042017    0.093968    0.067066    4.067066 v rst (in)
                                                         rst (net)
                      0.093969    0.000000    4.067066 v _90_/A (sky130_fd_sc_hd__inv_2)
     1    0.003690    0.036458    0.061104    4.128170 ^ _90_/Y (sky130_fd_sc_hd__inv_2)
                                                         _06_ (net)
                      0.036458    0.000002    4.128172 ^ _98_/RESET_B (sky130_fd_sc_hd__dfrtp_2)
                                              4.128172   data arrival time

                                  0.000000    0.000000   clock clk (rise edge)
                                  0.000000    0.000000   clock source latency
     8    0.022852    0.108367    0.074446    0.074446 ^ clk (in)
                                                         clk (net)
                      0.108367    0.000000    0.074446 ^ _98_/CLK (sky130_fd_sc_hd__dfrtp_2)
                                  0.250000    0.324446   clock uncertainty
                                  0.000000    0.324446   clock reconvergence pessimism
                                  0.335354    0.659800   library removal time
                                              0.659800   data required time
---------------------------------------------------------------------------------------------
                                              0.659800   data required time
                                             -4.128172   data arrival time
---------------------------------------------------------------------------------------------
                                              3.468373   slack (MET)


Startpoint: rst (input port clocked by clk)
Endpoint: _93_ (removal check against rising-edge clock clk)
Path Group: asynchronous
Path Type: min

Fanout         Cap        Slew       Delay        Time   Description
---------------------------------------------------------------------------------------------
                                  0.000000    0.000000   clock clk (rise edge)
                                  0.000000    0.000000   clock network delay (propagated)
                                  4.000000    4.000000 v input external delay
     8    0.042017    0.093968    0.067228    4.067228 v rst (in)
                                                         rst (net)
                      0.093970    0.000000    4.067228 v _85_/A (sky130_fd_sc_hd__inv_2)
     1    0.003720    0.036570    0.061260    4.128489 ^ _85_/Y (sky130_fd_sc_hd__inv_2)
                                                         _01_ (net)
                      0.036570    0.000003    4.128491 ^ _93_/RESET_B (sky130_fd_sc_hd__dfrtp_2)
                                              4.128491   data arrival time

                                  0.000000    0.000000   clock clk (rise edge)
                                  0.000000    0.000000   clock source latency
     8    0.022852    0.108367    0.074545    0.074545 ^ clk (in)
                                                         clk (net)
                      0.108368    0.000000    0.074545 ^ _93_/CLK (sky130_fd_sc_hd__dfrtp_2)
                                  0.250000    0.324545   clock uncertainty
                                  0.000000    0.324545   clock reconvergence pessimism
                                  0.335385    0.659930   library removal time
                                              0.659930   data required time
---------------------------------------------------------------------------------------------
                                              0.659930   data required time
                                             -4.128491   data arrival time
---------------------------------------------------------------------------------------------
                                              3.468562   slack (MET)


Startpoint: rst (input port clocked by clk)
Endpoint: _94_ (removal check against rising-edge clock clk)
Path Group: asynchronous
Path Type: min

Fanout         Cap        Slew       Delay        Time   Description
---------------------------------------------------------------------------------------------
                                  0.000000    0.000000   clock clk (rise edge)
                                  0.000000    0.000000   clock network delay (propagated)
                                  4.000000    4.000000 v input external delay
     8    0.042017    0.093968    0.067285    4.067285 v rst (in)
                                                         rst (net)
                      0.093970    0.000000    4.067285 v _86_/A (sky130_fd_sc_hd__inv_2)
     1    0.003663    0.036360    0.060970    4.128255 ^ _86_/Y (sky130_fd_sc_hd__inv_2)
                                                         _02_ (net)
                      0.036360    0.000000    4.128256 ^ _94_/RESET_B (sky130_fd_sc_hd__dfrtp_2)
                                              4.128256   data arrival time

                                  0.000000    0.000000   clock clk (rise edge)
                                  0.000000    0.000000   clock source latency
     8    0.022852    0.108367    0.074337    0.074337 ^ clk (in)
                                                         clk (net)
                      0.108367    0.000000    0.074337 ^ _94_/CLK (sky130_fd_sc_hd__dfrtp_2)
                                  0.250000    0.324337   clock uncertainty
                                  0.000000    0.324337   clock reconvergence pessimism
                                  0.335327    0.659664   library removal time
                                              0.659664   data required time
---------------------------------------------------------------------------------------------
                                              0.659664   data required time
                                             -4.128256   data arrival time
---------------------------------------------------------------------------------------------
                                              3.468591   slack (MET)


Startpoint: rst (input port clocked by clk)
Endpoint: _97_ (removal check against rising-edge clock clk)
Path Group: asynchronous
Path Type: min

Fanout         Cap        Slew       Delay        Time   Description
---------------------------------------------------------------------------------------------
                                  0.000000    0.000000   clock clk (rise edge)
                                  0.000000    0.000000   clock network delay (propagated)
                                  4.000000    4.000000 v input external delay
     8    0.042017    0.093968    0.067194    4.067194 v rst (in)
                                                         rst (net)
                      0.093969    0.000000    4.067194 v _89_/A (sky130_fd_sc_hd__inv_2)
     1    0.003719    0.036567    0.061255    4.128449 ^ _89_/Y (sky130_fd_sc_hd__inv_2)
                                                         _05_ (net)
                      0.036567    0.000002    4.128451 ^ _97_/RESET_B (sky130_fd_sc_hd__dfrtp_2)
                                              4.128451   data arrival time

                                  0.000000    0.000000   clock clk (rise edge)
                                  0.000000    0.000000   clock source latency
     8    0.022852    0.108367    0.074340    0.074340 ^ clk (in)
                                                         clk (net)
                      0.108367    0.000000    0.074340 ^ _97_/CLK (sky130_fd_sc_hd__dfrtp_2)
                                  0.250000    0.324340   clock uncertainty
                                  0.000000    0.324340   clock reconvergence pessimism
                                  0.335383    0.659723   library removal time
                                              0.659723   data required time
---------------------------------------------------------------------------------------------
                                              0.659723   data required time
                                             -4.128451   data arrival time
---------------------------------------------------------------------------------------------
                                              3.468728   slack (MET)


Startpoint: rst (input port clocked by clk)
Endpoint: _95_ (removal check against rising-edge clock clk)
Path Group: asynchronous
Path Type: min

Fanout         Cap        Slew       Delay        Time   Description
---------------------------------------------------------------------------------------------
                                  0.000000    0.000000   clock clk (rise edge)
                                  0.000000    0.000000   clock network delay (propagated)
                                  4.000000    4.000000 v input external delay
     8    0.042017    0.093968    0.067253    4.067253 v rst (in)
                                                         rst (net)
                      0.093970    0.000000    4.067253 v _87_/A (sky130_fd_sc_hd__inv_2)
     1    0.003796    0.036845    0.061640    4.128893 ^ _87_/Y (sky130_fd_sc_hd__inv_2)
                                                         _03_ (net)
                      0.036845    0.000004    4.128896 ^ _95_/RESET_B (sky130_fd_sc_hd__dfrtp_2)
                                              4.128896   data arrival time

                                  0.000000    0.000000   clock clk (rise edge)
                                  0.000000    0.000000   clock source latency
     8    0.022852    0.108367    0.074317    0.074317 ^ clk (in)
                                                         clk (net)
                      0.108367    0.000000    0.074317 ^ _95_/CLK (sky130_fd_sc_hd__dfrtp_2)
                                  0.250000    0.324317   clock uncertainty
                                  0.000000    0.324317   clock reconvergence pessimism
                                  0.335459    0.659776   library removal time
                                              0.659776   data required time
---------------------------------------------------------------------------------------------
                                              0.659776   data required time
                                             -4.128896   data arrival time
---------------------------------------------------------------------------------------------
                                              3.469121   slack (MET)


Startpoint: _92_ (rising edge-triggered flip-flop clocked by clk)
Endpoint: acc[0] (output port clocked by clk)
Path Group: clk
Path Type: min

Fanout         Cap        Slew       Delay        Time   Description
---------------------------------------------------------------------------------------------
                                  0.000000    0.000000   clock clk (rise edge)
                                  0.000000    0.000000   clock source latency
     8    0.022852    0.108367    0.074534    0.074534 ^ clk (in)
                                                         clk (net)
                      0.108368    0.000000    0.074534 ^ _92_/CLK (sky130_fd_sc_hd__dfrtp_2)
     3    0.040890    0.200925    0.494968    0.569502 ^ _92_/Q (sky130_fd_sc_hd__dfrtp_2)
                                                         acc[0] (net)
                      0.200925    0.000125    0.569626 ^ acc[0] (out)
                                              0.569626   data arrival time

                                  0.000000    0.000000   clock clk (rise edge)
                                  0.000000    0.000000   clock network delay (propagated)
                                  0.250000    0.250000   clock uncertainty
                                  0.000000    0.250000   clock reconvergence pessimism
                                 -4.000000   -3.750000   output external delay
                                             -3.750000   data required time
---------------------------------------------------------------------------------------------
                                             -3.750000   data required time
                                             -0.569626   data arrival time
---------------------------------------------------------------------------------------------
                                              4.319626   slack (MET)


Startpoint: _96_ (rising edge-triggered flip-flop clocked by clk)
Endpoint: acc[4] (output port clocked by clk)
Path Group: clk
Path Type: min

Fanout         Cap        Slew       Delay        Time   Description
---------------------------------------------------------------------------------------------
                                  0.000000    0.000000   clock clk (rise edge)
                                  0.000000    0.000000   clock source latency
     8    0.022852    0.108367    0.074534    0.074534 ^ clk (in)
                                                         clk (net)
                      0.108368    0.000000    0.074534 ^ _96_/CLK (sky130_fd_sc_hd__dfrtp_2)
     3    0.041646    0.204376    0.497306    0.571839 ^ _96_/Q (sky130_fd_sc_hd__dfrtp_2)
                                                         acc[4] (net)
                      0.204376    0.000275    0.572114 ^ acc[4] (out)
                                              0.572114   data arrival time

                                  0.000000    0.000000   clock clk (rise edge)
                                  0.000000    0.000000   clock network delay (propagated)
                                  0.250000    0.250000   clock uncertainty
                                  0.000000    0.250000   clock reconvergence pessimism
                                 -4.000000   -3.750000   output external delay
                                             -3.750000   data required time
---------------------------------------------------------------------------------------------
                                             -3.750000   data required time
                                             -0.572114   data arrival time
---------------------------------------------------------------------------------------------
                                              4.322114   slack (MET)


Startpoint: _99_ (rising edge-triggered flip-flop clocked by clk)
Endpoint: acc[7] (output port clocked by clk)
Path Group: clk
Path Type: min

Fanout         Cap        Slew       Delay        Time   Description
---------------------------------------------------------------------------------------------
                                  0.000000    0.000000   clock clk (rise edge)
                                  0.000000    0.000000   clock source latency
     8    0.022852    0.108367    0.074494    0.074494 ^ clk (in)
                                                         clk (net)
                      0.108367    0.000000    0.074494 ^ _99_/CLK (sky130_fd_sc_hd__dfrtp_2)
     2    0.042708    0.213075    0.500880    0.575374 ^ _99_/Q (sky130_fd_sc_hd__dfrtp_2)
                                                         acc[7] (net)
                      0.213075    0.000080    0.575454 ^ acc[7] (out)
                                              0.575454   data arrival time

                                  0.000000    0.000000   clock clk (rise edge)
                                  0.000000    0.000000   clock network delay (propagated)
                                  0.250000    0.250000   clock uncertainty
                                  0.000000    0.250000   clock reconvergence pessimism
                                 -4.000000   -3.750000   output external delay
                                             -3.750000   data required time
---------------------------------------------------------------------------------------------
                                             -3.750000   data required time
                                             -0.575454   data arrival time
---------------------------------------------------------------------------------------------
                                              4.325454   slack (MET)


Startpoint: _97_ (rising edge-triggered flip-flop clocked by clk)
Endpoint: acc[5] (output port clocked by clk)
Path Group: clk
Path Type: min

Fanout         Cap        Slew       Delay        Time   Description
---------------------------------------------------------------------------------------------
                                  0.000000    0.000000   clock clk (rise edge)
                                  0.000000    0.000000   clock source latency
     8    0.022852    0.108367    0.074340    0.074340 ^ clk (in)
                                                         clk (net)
                      0.108367    0.000000    0.074340 ^ _97_/CLK (sky130_fd_sc_hd__dfrtp_2)
     3    0.044129    0.215631    0.505281    0.579621 ^ _97_/Q (sky130_fd_sc_hd__dfrtp_2)
                                                         acc[5] (net)
                      0.215631    0.000283    0.579904 ^ acc[5] (out)
                                              0.579904   data arrival time

                                  0.000000    0.000000   clock clk (rise edge)
                                  0.000000    0.000000   clock network delay (propagated)
                                  0.250000    0.250000   clock uncertainty
                                  0.000000    0.250000   clock reconvergence pessimism
                                 -4.000000   -3.750000   output external delay
                                             -3.750000   data required time
---------------------------------------------------------------------------------------------
                                             -3.750000   data required time
                                             -0.579904   data arrival time
---------------------------------------------------------------------------------------------
                                              4.329904   slack (MET)


Startpoint: _95_ (rising edge-triggered flip-flop clocked by clk)
Endpoint: acc[3] (output port clocked by clk)
Path Group: clk
Path Type: min

Fanout         Cap        Slew       Delay        Time   Description
---------------------------------------------------------------------------------------------
                                  0.000000    0.000000   clock clk (rise edge)
                                  0.000000    0.000000   clock source latency
     8    0.022852    0.108367    0.074317    0.074317 ^ clk (in)
                                                         clk (net)
                      0.108367    0.000000    0.074317 ^ _95_/CLK (sky130_fd_sc_hd__dfrtp_2)
     3    0.044419    0.216934    0.506256    0.580572 ^ _95_/Q (sky130_fd_sc_hd__dfrtp_2)
                                                         acc[3] (net)
                      0.216934    0.000190    0.580763 ^ acc[3] (out)
                                              0.580763   data arrival time

                                  0.000000    0.000000   clock clk (rise edge)
                                  0.000000    0.000000   clock network delay (propagated)
                                  0.250000    0.250000   clock uncertainty
                                  0.000000    0.250000   clock reconvergence pessimism
                                 -4.000000   -3.750000   output external delay
                                             -3.750000   data required time
---------------------------------------------------------------------------------------------
                                             -3.750000   data required time
                                             -0.580763   data arrival time
---------------------------------------------------------------------------------------------
                                              4.330762   slack (MET)


Startpoint: _93_ (rising edge-triggered flip-flop clocked by clk)
Endpoint: acc[1] (output port clocked by clk)
Path Group: clk
Path Type: min

Fanout         Cap        Slew       Delay        Time   Description
---------------------------------------------------------------------------------------------
                                  0.000000    0.000000   clock clk (rise edge)
                                  0.000000    0.000000   clock source latency
     8    0.022852    0.108367    0.074545    0.074545 ^ clk (in)
                                                         clk (net)
                      0.108368    0.000000    0.074545 ^ _93_/CLK (sky130_fd_sc_hd__dfrtp_2)
     3    0.044704    0.222155    0.507285    0.581830 ^ _93_/Q (sky130_fd_sc_hd__dfrtp_2)
                                                         acc[1] (net)
                      0.222155    0.000095    0.581925 ^ acc[1] (out)
                                              0.581925   data arrival time

                                  0.000000    0.000000   clock clk (rise edge)
                                  0.000000    0.000000   clock network delay (propagated)
                                  0.250000    0.250000   clock uncertainty
                                  0.000000    0.250000   clock reconvergence pessimism
                                 -4.000000   -3.750000   output external delay
                                             -3.750000   data required time
---------------------------------------------------------------------------------------------
                                             -3.750000   data required time
                                             -0.581925   data arrival time
---------------------------------------------------------------------------------------------
                                              4.331925   slack (MET)


Startpoint: _98_ (rising edge-triggered flip-flop clocked by clk)
Endpoint: acc[6] (output port clocked by clk)
Path Group: clk
Path Type: min

Fanout         Cap        Slew       Delay        Time   Description
---------------------------------------------------------------------------------------------
                                  0.000000    0.000000   clock clk (rise edge)
                                  0.000000    0.000000   clock source latency
     8    0.022852    0.108367    0.074446    0.074446 ^ clk (in)
                                                         clk (net)
                      0.108367    0.000000    0.074446 ^ _98_/CLK (sky130_fd_sc_hd__dfrtp_2)
     3    0.045220    0.220591    0.508728    0.583174 ^ _98_/Q (sky130_fd_sc_hd__dfrtp_2)
                                                         acc[6] (net)
                      0.220591    0.000358    0.583532 ^ acc[6] (out)
                                              0.583532   data arrival time

                                  0.000000    0.000000   clock clk (rise edge)
                                  0.000000    0.000000   clock network delay (propagated)
                                  0.250000    0.250000   clock uncertainty
                                  0.000000    0.250000   clock reconvergence pessimism
                                 -4.000000   -3.750000   output external delay
                                             -3.750000   data required time
---------------------------------------------------------------------------------------------
                                             -3.750000   data required time
                                             -0.583532   data arrival time
---------------------------------------------------------------------------------------------
                                              4.333532   slack (MET)


Startpoint: _94_ (rising edge-triggered flip-flop clocked by clk)
Endpoint: acc[2] (output port clocked by clk)
Path Group: clk
Path Type: min

Fanout         Cap        Slew       Delay        Time   Description
---------------------------------------------------------------------------------------------
                                  0.000000    0.000000   clock clk (rise edge)
                                  0.000000    0.000000   clock source latency
     8    0.022852    0.108367    0.074337    0.074337 ^ clk (in)
                                                         clk (net)
                      0.108367    0.000000    0.074337 ^ _94_/CLK (sky130_fd_sc_hd__dfrtp_2)
     4    0.046114    0.224648    0.511592    0.585929 ^ _94_/Q (sky130_fd_sc_hd__dfrtp_2)
                                                         acc[2] (net)
                      0.224648    0.000392    0.586321 ^ acc[2] (out)
                                              0.586321   data arrival time

                                  0.000000    0.000000   clock clk (rise edge)
                                  0.000000    0.000000   clock network delay (propagated)
                                  0.250000    0.250000   clock uncertainty
                                  0.000000    0.250000   clock reconvergence pessimism
                                 -4.000000   -3.750000   output external delay
                                             -3.750000   data required time
---------------------------------------------------------------------------------------------
                                             -3.750000   data required time
                                             -0.586321   data arrival time
---------------------------------------------------------------------------------------------
                                              4.336321   slack (MET)



