
===========================================================================
report_checks -unconstrained
===========================================================================
======================= min_ff_n40C_1v95 Corner ===================================

Startpoint: a[1] (input port clocked by __VIRTUAL_CLK__)
Endpoint: sum[30] (output port clocked by __VIRTUAL_CLK__)
Path Group: __VIRTUAL_CLK__
Path Type: max

Fanout         Cap        Slew       Delay        Time   Description
---------------------------------------------------------------------------------------------
                      0.000000    0.000000    0.000000   clock __VIRTUAL_CLK__ (rise edge)
                                  0.000000    0.000000   clock network delay (ideal)
                                  4.000000    4.000000 v input external delay
     1    0.003128    0.005207    0.002555    4.002555 v a[1] (in)
                                                         a[1] (net)
                      0.005207    0.000000    4.002555 v input12/A (sky130_fd_sc_hd__clkbuf_1)
     2    0.004654    0.024758    0.052927    4.055482 v input12/X (sky130_fd_sc_hd__clkbuf_1)
                                                         net12 (net)
                      0.024758    0.000037    4.055520 v _183_/B (sky130_fd_sc_hd__and2_1)
     3    0.008689    0.042178    0.111520    4.167039 v _183_/X (sky130_fd_sc_hd__and2_1)
                                                         _006_ (net)
                      0.042178    0.000040    4.167080 v _189_/A (sky130_fd_sc_hd__nor2_1)
     3    0.011049    0.149885    0.140439    4.307519 ^ _189_/Y (sky130_fd_sc_hd__nor2_1)
                                                         _012_ (net)
                      0.149885    0.000089    4.307608 ^ _206_/A2 (sky130_fd_sc_hd__a211oi_1)
     2    0.005384    0.057468    0.068036    4.375644 v _206_/Y (sky130_fd_sc_hd__a211oi_1)
                                                         _025_ (net)
                      0.057468    0.000052    4.375696 v _209_/A2 (sky130_fd_sc_hd__o31a_2)
     4    0.018754    0.063613    0.238351    4.614047 v _209_/X (sky130_fd_sc_hd__o31a_2)
                                                         _028_ (net)
                      0.063613    0.000201    4.614248 v _236_/A1 (sky130_fd_sc_hd__a211oi_4)
     4    0.017973    0.207275    0.212020    4.826268 ^ _236_/Y (sky130_fd_sc_hd__a211oi_4)
                                                         _051_ (net)
                      0.207275    0.000304    4.826572 ^ _261_/A2 (sky130_fd_sc_hd__o311ai_4)
     4    0.011686    0.071065    0.073615    4.900187 v _261_/Y (sky130_fd_sc_hd__o311ai_4)
                                                         _072_ (net)
                      0.071065    0.000237    4.900424 v _310_/A1 (sky130_fd_sc_hd__a2111o_1)
     3    0.010821    0.068909    0.261913    5.162337 v _310_/X (sky130_fd_sc_hd__a2111o_1)
                                                         _113_ (net)
                      0.068909    0.000179    5.162516 v _333_/A1 (sky130_fd_sc_hd__a211o_1)
     3    0.009248    0.055474    0.192073    5.354589 v _333_/X (sky130_fd_sc_hd__a211o_1)
                                                         _132_ (net)
                      0.055474    0.000093    5.354682 v _364_/A1 (sky130_fd_sc_hd__a21o_1)
     3    0.010852    0.046621    0.129284    5.483966 v _364_/X (sky130_fd_sc_hd__a21o_1)
                                                         _159_ (net)
                      0.046621    0.000207    5.484173 v _370_/A1 (sky130_fd_sc_hd__a311o_1)
     3    0.009966    0.064068    0.192538    5.676712 v _370_/X (sky130_fd_sc_hd__a311o_1)
                                                         _165_ (net)
                      0.064068    0.000147    5.676859 v _374_/A3 (sky130_fd_sc_hd__a31o_1)
     2    0.008363    0.044498    0.166869    5.843728 v _374_/X (sky130_fd_sc_hd__a31o_1)
                                                         _168_ (net)
                      0.044498    0.000047    5.843774 v _375_/B (sky130_fd_sc_hd__xnor2_1)
     1    0.002410    0.076835    0.085535    5.929310 ^ _375_/Y (sky130_fd_sc_hd__xnor2_1)
                                                         net90 (net)
                      0.076835    0.000023    5.929332 ^ output90/A (sky130_fd_sc_hd__buf_2)
     1    0.034624    0.129343    0.150404    6.079736 ^ output90/X (sky130_fd_sc_hd__buf_2)
                                                         sum[30] (net)
                      0.129343    0.000429    6.080164 ^ sum[30] (out)
                                              6.080164   data arrival time

                      0.000000   20.000000   20.000000   clock __VIRTUAL_CLK__ (rise edge)
                                  0.000000   20.000000   clock network delay (ideal)
                                 -0.250000   19.750002   clock uncertainty
                                  0.000000   19.750002   clock reconvergence pessimism
                                 -4.000000   15.750001   output external delay
                                             15.750001   data required time
---------------------------------------------------------------------------------------------
                                             15.750001   data required time
                                             -6.080164   data arrival time
---------------------------------------------------------------------------------------------
                                              9.669837   slack (MET)




===========================================================================
report_checks --slack_max -0.01
============================================================================
======================= min_ff_n40C_1v95 Corner ===================================

No paths found.


===========================================================================
 report_check_types -max_slew -max_cap -max_fanout -violators
============================================================================
======================= min_ff_n40C_1v95 Corner ===================================



===========================================================================
report_parasitic_annotation -report_unannotated
============================================================================
Found 0 unannotated drivers.
Found 0 partially unannotated drivers.

===========================================================================
max slew violation count 0
max fanout violation count 0
max cap violation count 0
============================================================================

===========================================================================
check_setup -verbose -unconstrained_endpoints -multiple_clock -no_clock -no_input_delay -loops -generated_clocks
===========================================================================
