
===========================================================================
report_checks -path_delay max (Setup)
============================================================================
======================= max_tt_025C_1v80 Corner ===================================

Startpoint: b[3] (input port clocked by __VIRTUAL_CLK__)
Endpoint: cout (output port clocked by __VIRTUAL_CLK__)
Path Group: __VIRTUAL_CLK__
Path Type: max

Fanout         Cap        Slew       Delay        Time   Description
---------------------------------------------------------------------------------------------
                      0.000000    0.000000    0.000000   clock __VIRTUAL_CLK__ (rise edge)
                                  0.000000    0.000000   clock network delay (ideal)
                                  4.000000    4.000000 v input external delay
     1    0.003276    0.009722    0.005284    4.005284 v b[3] (in)
                                                         b[3] (net)
                      0.009729    0.000000    4.005284 v input12/A (sky130_fd_sc_hd__clkbuf_1)
     3    0.007646    0.051880    0.095021    4.100306 v input12/X (sky130_fd_sc_hd__clkbuf_1)
                                                         net12 (net)
                      0.051882    0.000393    4.100698 v _40_/A (sky130_fd_sc_hd__or2_1)
     2    0.007805    0.071853    0.252435    4.353133 v _40_/X (sky130_fd_sc_hd__or2_1)
                                                         _01_ (net)
                      0.071855    0.000492    4.353625 v _70_/A1 (sky130_fd_sc_hd__a211o_1)
     1    0.002654    0.046190    0.257266    4.610891 v _70_/X (sky130_fd_sc_hd__a211o_1)
                                                         _27_ (net)
                      0.046190    0.000185    4.611076 v _71_/B1 (sky130_fd_sc_hd__a21oi_1)
     2    0.008824    0.215910    0.196114    4.807190 ^ _71_/Y (sky130_fd_sc_hd__a21oi_1)
                                                         _28_ (net)
                      0.215913    0.000627    4.807817 ^ _74_/A2 (sky130_fd_sc_hd__o31ai_2)
     3    0.012981    0.083622    0.127423    4.935240 v _74_/Y (sky130_fd_sc_hd__o31ai_2)
                                                         _31_ (net)
                      0.083628    0.000784    4.936024 v _81_/A2 (sky130_fd_sc_hd__a21bo_1)
     2    0.007851    0.056769    0.223593    5.159616 v _81_/X (sky130_fd_sc_hd__a21bo_1)
                                                         _37_ (net)
                      0.056769    0.000254    5.159870 v _86_/B1 (sky130_fd_sc_hd__o221a_1)
     1    0.001880    0.039916    0.214874    5.374744 v _86_/X (sky130_fd_sc_hd__o221a_1)
                                                         net18 (net)
                      0.039916    0.000135    5.374879 v output18/A (sky130_fd_sc_hd__buf_2)
     1    0.034432    0.090354    0.177341    5.552220 v output18/X (sky130_fd_sc_hd__buf_2)
                                                         cout (net)
                      0.090394    0.001761    5.553981 v cout (out)
                                              5.553981   data arrival time

                      0.000000   20.000000   20.000000   clock __VIRTUAL_CLK__ (rise edge)
                                  0.000000   20.000000   clock network delay (ideal)
                                 -0.250000   19.750002   clock uncertainty
                                  0.000000   19.750002   clock reconvergence pessimism
                                 -4.000000   15.750001   output external delay
                                             15.750001   data required time
---------------------------------------------------------------------------------------------
                                             15.750001   data required time
                                             -5.553981   data arrival time
---------------------------------------------------------------------------------------------
                                             10.196020   slack (MET)


Startpoint: b[3] (input port clocked by __VIRTUAL_CLK__)
Endpoint: sum[7] (output port clocked by __VIRTUAL_CLK__)
Path Group: __VIRTUAL_CLK__
Path Type: max

Fanout         Cap        Slew       Delay        Time   Description
---------------------------------------------------------------------------------------------
                      0.000000    0.000000    0.000000   clock __VIRTUAL_CLK__ (rise edge)
                                  0.000000    0.000000   clock network delay (ideal)
                                  4.000000    4.000000 v input external delay
     1    0.003276    0.009722    0.005284    4.005284 v b[3] (in)
                                                         b[3] (net)
                      0.009729    0.000000    4.005284 v input12/A (sky130_fd_sc_hd__clkbuf_1)
     3    0.007646    0.051880    0.095021    4.100306 v input12/X (sky130_fd_sc_hd__clkbuf_1)
                                                         net12 (net)
                      0.051882    0.000393    4.100698 v _40_/A (sky130_fd_sc_hd__or2_1)
     2    0.007805    0.071853    0.252435    4.353133 v _40_/X (sky130_fd_sc_hd__or2_1)
                                                         _01_ (net)
                      0.071855    0.000492    4.353625 v _70_/A1 (sky130_fd_sc_hd__a211o_1)
     1    0.002654    0.046190    0.257266    4.610891 v _70_/X (sky130_fd_sc_hd__a211o_1)
                                                         _27_ (net)
                      0.046190    0.000185    4.611076 v _71_/B1 (sky130_fd_sc_hd__a21oi_1)
     2    0.008824    0.215910    0.196114    4.807190 ^ _71_/Y (sky130_fd_sc_hd__a21oi_1)
                                                         _28_ (net)
                      0.215913    0.000627    4.807817 ^ _74_/A2 (sky130_fd_sc_hd__o31ai_2)
     3    0.012981    0.083622    0.127423    4.935240 v _74_/Y (sky130_fd_sc_hd__o31ai_2)
                                                         _31_ (net)
                      0.083631    0.000887    4.936127 v _77_/A1 (sky130_fd_sc_hd__o211a_1)
     1    0.004810    0.047536    0.242111    5.178238 v _77_/X (sky130_fd_sc_hd__o211a_1)
                                                         _34_ (net)
                      0.047568    0.000227    5.178465 v _78_/B (sky130_fd_sc_hd__xnor2_1)
     1    0.002562    0.111205    0.123310    5.301775 ^ _78_/Y (sky130_fd_sc_hd__xnor2_1)
                                                         net26 (net)
                      0.111205    0.000168    5.301943 ^ output26/A (sky130_fd_sc_hd__buf_2)
     1    0.035209    0.175096    0.224913    5.526855 ^ output26/X (sky130_fd_sc_hd__buf_2)
                                                         sum[7] (net)
                      0.175170    0.001661    5.528517 ^ sum[7] (out)
                                              5.528517   data arrival time

                      0.000000   20.000000   20.000000   clock __VIRTUAL_CLK__ (rise edge)
                                  0.000000   20.000000   clock network delay (ideal)
                                 -0.250000   19.750002   clock uncertainty
                                  0.000000   19.750002   clock reconvergence pessimism
                                 -4.000000   15.750001   output external delay
                                             15.750001   data required time
---------------------------------------------------------------------------------------------
                                             15.750001   data required time
                                             -5.528517   data arrival time
---------------------------------------------------------------------------------------------
                                             10.221484   slack (MET)


Startpoint: b[3] (input port clocked by __VIRTUAL_CLK__)
Endpoint: sum[6] (output port clocked by __VIRTUAL_CLK__)
Path Group: __VIRTUAL_CLK__
Path Type: max

Fanout         Cap        Slew       Delay        Time   Description
---------------------------------------------------------------------------------------------
                      0.000000    0.000000    0.000000   clock __VIRTUAL_CLK__ (rise edge)
                                  0.000000    0.000000   clock network delay (ideal)
                                  4.000000    4.000000 v input external delay
     1    0.003276    0.009722    0.005284    4.005284 v b[3] (in)
                                                         b[3] (net)
                      0.009729    0.000000    4.005284 v input12/A (sky130_fd_sc_hd__clkbuf_1)
     3    0.007646    0.051880    0.095021    4.100306 v input12/X (sky130_fd_sc_hd__clkbuf_1)
                                                         net12 (net)
                      0.051882    0.000393    4.100698 v _40_/A (sky130_fd_sc_hd__or2_1)
     2    0.007805    0.071853    0.252435    4.353133 v _40_/X (sky130_fd_sc_hd__or2_1)
                                                         _01_ (net)
                      0.071855    0.000492    4.353625 v _70_/A1 (sky130_fd_sc_hd__a211o_1)
     1    0.002654    0.046190    0.257266    4.610891 v _70_/X (sky130_fd_sc_hd__a211o_1)
                                                         _27_ (net)
                      0.046190    0.000185    4.611076 v _71_/B1 (sky130_fd_sc_hd__a21oi_1)
     2    0.008824    0.215910    0.196114    4.807190 ^ _71_/Y (sky130_fd_sc_hd__a21oi_1)
                                                         _28_ (net)
                      0.215913    0.000627    4.807817 ^ _74_/A2 (sky130_fd_sc_hd__o31ai_2)
     3    0.012981    0.083622    0.127423    4.935240 v _74_/Y (sky130_fd_sc_hd__o31ai_2)
                                                         _31_ (net)
                      0.083628    0.000784    4.936024 v _81_/A2 (sky130_fd_sc_hd__a21bo_1)
     2    0.007851    0.056769    0.223593    5.159616 v _81_/X (sky130_fd_sc_hd__a21bo_1)
                                                         _37_ (net)
                      0.056771    0.000449    5.160065 v _82_/B (sky130_fd_sc_hd__xnor2_1)
     1    0.001999    0.100502    0.117821    5.277886 ^ _82_/Y (sky130_fd_sc_hd__xnor2_1)
                                                         net25 (net)
                      0.100502    0.000091    5.277977 ^ output25/A (sky130_fd_sc_hd__buf_2)
     1    0.034304    0.170812    0.217963    5.495940 ^ output25/X (sky130_fd_sc_hd__buf_2)
                                                         sum[6] (net)
                      0.170885    0.001650    5.497590 ^ sum[6] (out)
                                              5.497590   data arrival time

                      0.000000   20.000000   20.000000   clock __VIRTUAL_CLK__ (rise edge)
                                  0.000000   20.000000   clock network delay (ideal)
                                 -0.250000   19.750002   clock uncertainty
                                  0.000000   19.750002   clock reconvergence pessimism
                                 -4.000000   15.750001   output external delay
                                             15.750001   data required time
---------------------------------------------------------------------------------------------
                                             15.750001   data required time
                                             -5.497590   data arrival time
---------------------------------------------------------------------------------------------
                                             10.252411   slack (MET)


Startpoint: a[1] (input port clocked by __VIRTUAL_CLK__)
Endpoint: sum[5] (output port clocked by __VIRTUAL_CLK__)
Path Group: __VIRTUAL_CLK__
Path Type: max

Fanout         Cap        Slew       Delay        Time   Description
---------------------------------------------------------------------------------------------
                      0.000000    0.000000    0.000000   clock __VIRTUAL_CLK__ (rise edge)
                                  0.000000    0.000000   clock network delay (ideal)
                                  4.000000    4.000000 v input external delay
     1    0.003587    0.010446    0.005809    4.005809 v a[1] (in)
                                                         a[1] (net)
                      0.010449    0.000000    4.005809 v input2/A (sky130_fd_sc_hd__clkbuf_1)
     2    0.004618    0.035925    0.081465    4.087274 v input2/X (sky130_fd_sc_hd__clkbuf_1)
                                                         net2 (net)
                      0.035927    0.000276    4.087551 v _46_/B (sky130_fd_sc_hd__and2_1)
     3    0.008473    0.058482    0.172337    4.259887 v _46_/X (sky130_fd_sc_hd__and2_1)
                                                         _07_ (net)
                      0.058485    0.000510    4.260397 v _52_/A (sky130_fd_sc_hd__nor2_1)
     3    0.011370    0.217683    0.206986    4.467383 ^ _52_/Y (sky130_fd_sc_hd__nor2_1)
                                                         _13_ (net)
                      0.217685    0.000536    4.467919 ^ _71_/A2 (sky130_fd_sc_hd__a21oi_1)
     2    0.008052    0.088265    0.134726    4.602645 v _71_/Y (sky130_fd_sc_hd__a21oi_1)
                                                         _28_ (net)
                      0.088267    0.000565    4.603211 v _74_/A2 (sky130_fd_sc_hd__o31ai_2)
     3    0.013804    0.338861    0.354667    4.957877 ^ _74_/Y (sky130_fd_sc_hd__o31ai_2)
                                                         _31_ (net)
                      0.338865    0.000798    4.958675 ^ _83_/A (sky130_fd_sc_hd__xnor2_1)
     1    0.002223    0.104754    0.153939    5.112614 ^ _83_/Y (sky130_fd_sc_hd__xnor2_1)
                                                         net24 (net)
                      0.104754    0.000159    5.112773 ^ output24/A (sky130_fd_sc_hd__buf_2)
     1    0.034729    0.172843    0.220828    5.333601 ^ output24/X (sky130_fd_sc_hd__buf_2)
                                                         sum[5] (net)
                      0.172921    0.001800    5.335401 ^ sum[5] (out)
                                              5.335401   data arrival time

                      0.000000   20.000000   20.000000   clock __VIRTUAL_CLK__ (rise edge)
                                  0.000000   20.000000   clock network delay (ideal)
                                 -0.250000   19.750002   clock uncertainty
                                  0.000000   19.750002   clock reconvergence pessimism
                                 -4.000000   15.750001   output external delay
                                             15.750001   data required time
---------------------------------------------------------------------------------------------
                                             15.750001   data required time
                                             -5.335401   data arrival time
---------------------------------------------------------------------------------------------
                                             10.414600   slack (MET)


Startpoint: b[0] (input port clocked by __VIRTUAL_CLK__)
Endpoint: sum[3] (output port clocked by __VIRTUAL_CLK__)
Path Group: __VIRTUAL_CLK__
Path Type: max

Fanout         Cap        Slew       Delay        Time   Description
---------------------------------------------------------------------------------------------
                      0.000000    0.000000    0.000000   clock __VIRTUAL_CLK__ (rise edge)
                                  0.000000    0.000000   clock network delay (ideal)
                                  4.000000    4.000000 v input external delay
     1    0.003476    0.010189    0.005625    4.005625 v b[0] (in)
                                                         b[0] (net)
                      0.010192    0.000000    4.005625 v input9/A (sky130_fd_sc_hd__clkbuf_1)
     2    0.004799    0.036883    0.082190    4.087815 v input9/X (sky130_fd_sc_hd__clkbuf_1)
                                                         net9 (net)
                      0.036884    0.000245    4.088059 v _48_/A (sky130_fd_sc_hd__or2_1)
     2    0.006151    0.063115    0.237843    4.325902 v _48_/X (sky130_fd_sc_hd__or2_1)
                                                         _09_ (net)
                      0.063115    0.000218    4.326121 v _50_/A2 (sky130_fd_sc_hd__a21bo_1)
     3    0.012059    0.072630    0.233015    4.559136 v _50_/X (sky130_fd_sc_hd__a21bo_1)
                                                         _11_ (net)
                      0.072635    0.000714    4.559850 v _53_/A1 (sky130_fd_sc_hd__a21oi_1)
     2    0.008157    0.203208    0.204030    4.763880 ^ _53_/Y (sky130_fd_sc_hd__a21oi_1)
                                                         _14_ (net)
                      0.203210    0.000520    4.764400 ^ _54_/A2 (sky130_fd_sc_hd__o21ba_1)
     1    0.004945    0.062608    0.156832    4.921232 ^ _54_/X (sky130_fd_sc_hd__o21ba_1)
                                                         _15_ (net)
                      0.062608    0.000234    4.921466 ^ _55_/B (sky130_fd_sc_hd__xnor2_1)
     1    0.003045    0.120384    0.111249    5.032715 ^ _55_/Y (sky130_fd_sc_hd__xnor2_1)
                                                         net22 (net)
                      0.120385    0.000197    5.032912 ^ output22/A (sky130_fd_sc_hd__buf_2)
     1    0.034460    0.171645    0.225838    5.258749 ^ output22/X (sky130_fd_sc_hd__buf_2)
                                                         sum[3] (net)
                      0.171658    0.001614    5.260364 ^ sum[3] (out)
                                              5.260364   data arrival time

                      0.000000   20.000000   20.000000   clock __VIRTUAL_CLK__ (rise edge)
                                  0.000000   20.000000   clock network delay (ideal)
                                 -0.250000   19.750002   clock uncertainty
                                  0.000000   19.750002   clock reconvergence pessimism
                                 -4.000000   15.750001   output external delay
                                             15.750001   data required time
---------------------------------------------------------------------------------------------
                                             15.750001   data required time
                                             -5.260364   data arrival time
---------------------------------------------------------------------------------------------
                                             10.489637   slack (MET)


Startpoint: b[3] (input port clocked by __VIRTUAL_CLK__)
Endpoint: sum[4] (output port clocked by __VIRTUAL_CLK__)
Path Group: __VIRTUAL_CLK__
Path Type: max

Fanout         Cap        Slew       Delay        Time   Description
---------------------------------------------------------------------------------------------
                      0.000000    0.000000    0.000000   clock __VIRTUAL_CLK__ (rise edge)
                                  0.000000    0.000000   clock network delay (ideal)
                                  4.000000    4.000000 v input external delay
     1    0.003276    0.009722    0.005284    4.005284 v b[3] (in)
                                                         b[3] (net)
                      0.009729    0.000000    4.005284 v input12/A (sky130_fd_sc_hd__clkbuf_1)
     3    0.007646    0.051880    0.095021    4.100306 v input12/X (sky130_fd_sc_hd__clkbuf_1)
                                                         net12 (net)
                      0.051882    0.000393    4.100698 v _40_/A (sky130_fd_sc_hd__or2_1)
     2    0.007805    0.071853    0.252435    4.353133 v _40_/X (sky130_fd_sc_hd__or2_1)
                                                         _01_ (net)
                      0.071855    0.000492    4.353625 v _70_/A1 (sky130_fd_sc_hd__a211o_1)
     1    0.002654    0.046190    0.257266    4.610891 v _70_/X (sky130_fd_sc_hd__a211o_1)
                                                         _27_ (net)
                      0.046190    0.000185    4.611076 v _71_/B1 (sky130_fd_sc_hd__a21oi_1)
     2    0.008824    0.215910    0.196114    4.807190 ^ _71_/Y (sky130_fd_sc_hd__a21oi_1)
                                                         _28_ (net)
                      0.215913    0.000570    4.807760 ^ _73_/A (sky130_fd_sc_hd__nor2_1)
     1    0.005535    0.071643    0.093405    4.901165 v _73_/Y (sky130_fd_sc_hd__nor2_1)
                                                         _30_ (net)
                      0.071671    0.000436    4.901601 v _84_/B (sky130_fd_sc_hd__xnor2_1)
     1    0.002556    0.111096    0.132575    5.034176 ^ _84_/Y (sky130_fd_sc_hd__xnor2_1)
                                                         net23 (net)
                      0.111096    0.000168    5.034344 ^ output23/A (sky130_fd_sc_hd__buf_2)
     1    0.034226    0.170506    0.221599    5.255943 ^ output23/X (sky130_fd_sc_hd__buf_2)
                                                         sum[4] (net)
                      0.170520    0.001664    5.257607 ^ sum[4] (out)
                                              5.257607   data arrival time

                      0.000000   20.000000   20.000000   clock __VIRTUAL_CLK__ (rise edge)
                                  0.000000   20.000000   clock network delay (ideal)
                                 -0.250000   19.750002   clock uncertainty
                                  0.000000   19.750002   clock reconvergence pessimism
                                 -4.000000   15.750001   output external delay
                                             15.750001   data required time
---------------------------------------------------------------------------------------------
                                             15.750001   data required time
                                             -5.257607   data arrival time
---------------------------------------------------------------------------------------------
                                             10.492394   slack (MET)


Startpoint: b[0] (input port clocked by __VIRTUAL_CLK__)
Endpoint: sum[2] (output port clocked by __VIRTUAL_CLK__)
Path Group: __VIRTUAL_CLK__
Path Type: max

Fanout         Cap        Slew       Delay        Time   Description
---------------------------------------------------------------------------------------------
                      0.000000    0.000000    0.000000   clock __VIRTUAL_CLK__ (rise edge)
                                  0.000000    0.000000   clock network delay (ideal)
                                  4.000000    4.000000 v input external delay
     1    0.003476    0.010189    0.005625    4.005625 v b[0] (in)
                                                         b[0] (net)
                      0.010192    0.000000    4.005625 v input9/A (sky130_fd_sc_hd__clkbuf_1)
     2    0.004799    0.036883    0.082190    4.087815 v input9/X (sky130_fd_sc_hd__clkbuf_1)
                                                         net9 (net)
                      0.036884    0.000245    4.088059 v _48_/A (sky130_fd_sc_hd__or2_1)
     2    0.006151    0.063115    0.237843    4.325902 v _48_/X (sky130_fd_sc_hd__or2_1)
                                                         _09_ (net)
                      0.063115    0.000218    4.326121 v _50_/A2 (sky130_fd_sc_hd__a21bo_1)
     3    0.012059    0.072630    0.233015    4.559136 v _50_/X (sky130_fd_sc_hd__a21bo_1)
                                                         _11_ (net)
                      0.072635    0.000714    4.559850 v _53_/A1 (sky130_fd_sc_hd__a21oi_1)
     2    0.008157    0.203208    0.204030    4.763880 ^ _53_/Y (sky130_fd_sc_hd__a21oi_1)
                                                         _14_ (net)
                      0.203210    0.000548    4.764429 ^ _56_/B (sky130_fd_sc_hd__xnor2_1)
     1    0.002314    0.106515    0.137385    4.901814 ^ _56_/Y (sky130_fd_sc_hd__xnor2_1)
                                                         net21 (net)
                      0.106515    0.000157    4.901970 ^ output21/A (sky130_fd_sc_hd__buf_2)
     1    0.034358    0.171101    0.220347    5.122317 ^ output21/X (sky130_fd_sc_hd__buf_2)
                                                         sum[2] (net)
                      0.171175    0.001673    5.123990 ^ sum[2] (out)
                                              5.123990   data arrival time

                      0.000000   20.000000   20.000000   clock __VIRTUAL_CLK__ (rise edge)
                                  0.000000   20.000000   clock network delay (ideal)
                                 -0.250000   19.750002   clock uncertainty
                                  0.000000   19.750002   clock reconvergence pessimism
                                 -4.000000   15.750001   output external delay
                                             15.750001   data required time
---------------------------------------------------------------------------------------------
                                             15.750001   data required time
                                             -5.123990   data arrival time
---------------------------------------------------------------------------------------------
                                             10.626011   slack (MET)


Startpoint: b[0] (input port clocked by __VIRTUAL_CLK__)
Endpoint: sum[1] (output port clocked by __VIRTUAL_CLK__)
Path Group: __VIRTUAL_CLK__
Path Type: max

Fanout         Cap        Slew       Delay        Time   Description
---------------------------------------------------------------------------------------------
                      0.000000    0.000000    0.000000   clock __VIRTUAL_CLK__ (rise edge)
                                  0.000000    0.000000   clock network delay (ideal)
                                  4.000000    4.000000 v input external delay
     1    0.003476    0.010189    0.005625    4.005625 v b[0] (in)
                                                         b[0] (net)
                      0.010192    0.000000    4.005625 v input9/A (sky130_fd_sc_hd__clkbuf_1)
     2    0.004799    0.036883    0.082190    4.087815 v input9/X (sky130_fd_sc_hd__clkbuf_1)
                                                         net9 (net)
                      0.036884    0.000245    4.088059 v _48_/A (sky130_fd_sc_hd__or2_1)
     2    0.006151    0.063115    0.237843    4.325902 v _48_/X (sky130_fd_sc_hd__or2_1)
                                                         _09_ (net)
                      0.063115    0.000218    4.326121 v _50_/A2 (sky130_fd_sc_hd__a21bo_1)
     3    0.012059    0.072630    0.233015    4.559136 v _50_/X (sky130_fd_sc_hd__a21bo_1)
                                                         _11_ (net)
                      0.072637    0.000798    4.559934 v _57_/A (sky130_fd_sc_hd__xor2_1)
     1    0.002923    0.113735    0.154369    4.714303 ^ _57_/X (sky130_fd_sc_hd__xor2_1)
                                                         net20 (net)
                      0.113735    0.000121    4.714424 ^ output20/A (sky130_fd_sc_hd__buf_2)
     1    0.034102    0.169936    0.222196    4.936620 ^ output20/X (sky130_fd_sc_hd__buf_2)
                                                         sum[1] (net)
                      0.169950    0.001608    4.938229 ^ sum[1] (out)
                                              4.938229   data arrival time

                      0.000000   20.000000   20.000000   clock __VIRTUAL_CLK__ (rise edge)
                                  0.000000   20.000000   clock network delay (ideal)
                                 -0.250000   19.750002   clock uncertainty
                                  0.000000   19.750002   clock reconvergence pessimism
                                 -4.000000   15.750001   output external delay
                                             15.750001   data required time
---------------------------------------------------------------------------------------------
                                             15.750001   data required time
                                             -4.938229   data arrival time
---------------------------------------------------------------------------------------------
                                             10.811772   slack (MET)


Startpoint: b[0] (input port clocked by __VIRTUAL_CLK__)
Endpoint: sum[0] (output port clocked by __VIRTUAL_CLK__)
Path Group: __VIRTUAL_CLK__
Path Type: max

Fanout         Cap        Slew       Delay        Time   Description
---------------------------------------------------------------------------------------------
                      0.000000    0.000000    0.000000   clock __VIRTUAL_CLK__ (rise edge)
                                  0.000000    0.000000   clock network delay (ideal)
                                  4.000000    4.000000 v input external delay
     1    0.003476    0.010189    0.005625    4.005625 v b[0] (in)
                                                         b[0] (net)
                      0.010192    0.000000    4.005625 v input9/A (sky130_fd_sc_hd__clkbuf_1)
     2    0.004799    0.036883    0.082190    4.087815 v input9/X (sky130_fd_sc_hd__clkbuf_1)
                                                         net9 (net)
                      0.036884    0.000245    4.088059 v _48_/A (sky130_fd_sc_hd__or2_1)
     2    0.006151    0.063115    0.237843    4.325902 v _48_/X (sky130_fd_sc_hd__or2_1)
                                                         _09_ (net)
                      0.063116    0.000304    4.326207 v _49_/B (sky130_fd_sc_hd__nand2_1)
     1    0.005728    0.068123    0.087326    4.413532 ^ _49_/Y (sky130_fd_sc_hd__nand2_1)
                                                         _10_ (net)
                      0.068124    0.000425    4.413958 ^ _58_/B (sky130_fd_sc_hd__xnor2_1)
     1    0.002204    0.104410    0.106145    4.520103 ^ _58_/Y (sky130_fd_sc_hd__xnor2_1)
                                                         net19 (net)
                      0.104410    0.000100    4.520203 ^ output19/A (sky130_fd_sc_hd__buf_2)
     1    0.034396    0.171278    0.219632    4.739835 ^ output19/X (sky130_fd_sc_hd__buf_2)
                                                         sum[0] (net)
                      0.171355    0.001754    4.741589 ^ sum[0] (out)
                                              4.741589   data arrival time

                      0.000000   20.000000   20.000000   clock __VIRTUAL_CLK__ (rise edge)
                                  0.000000   20.000000   clock network delay (ideal)
                                 -0.250000   19.750002   clock uncertainty
                                  0.000000   19.750002   clock reconvergence pessimism
                                 -4.000000   15.750001   output external delay
                                             15.750001   data required time
---------------------------------------------------------------------------------------------
                                             15.750001   data required time
                                             -4.741589   data arrival time
---------------------------------------------------------------------------------------------
                                             11.008412   slack (MET)



