
===========================================================================
report_checks -path_delay min (Hold)
============================================================================
======================= max_tt_025C_1v80 Corner ===================================

Startpoint: cin (input port clocked by __VIRTUAL_CLK__)
Endpoint: sum[0] (output port clocked by __VIRTUAL_CLK__)
Path Group: __VIRTUAL_CLK__
Path Type: min

Fanout         Cap        Slew       Delay        Time   Description
---------------------------------------------------------------------------------------------
                      0.000000    0.000000    0.000000   clock __VIRTUAL_CLK__ (rise edge)
                                  0.000000    0.000000   clock network delay (ideal)
                                  4.000000    4.000000 ^ input external delay
     1    0.004199    0.025811    0.015289    4.015289 ^ cin (in)
                                                         cin (net)
                      0.025813    0.000000    4.015289 ^ input17/A (sky130_fd_sc_hd__buf_1)
     2    0.008821    0.111327    0.121589    4.136878 ^ input17/X (sky130_fd_sc_hd__buf_1)
                                                         net17 (net)
                      0.111332    0.000588    4.137465 ^ _58_/A (sky130_fd_sc_hd__xnor2_1)
     1    0.002044    0.029024    0.076449    4.213914 v _58_/Y (sky130_fd_sc_hd__xnor2_1)
                                                         net19 (net)
                      0.029024    0.000092    4.214006 v output19/A (sky130_fd_sc_hd__buf_2)
     1    0.034396    0.090353    0.172586    4.386592 v output19/X (sky130_fd_sc_hd__buf_2)
                                                         sum[0] (net)
                      0.090393    0.001751    4.388344 v sum[0] (out)
                                              4.388344   data arrival time

                      0.000000    0.000000    0.000000   clock __VIRTUAL_CLK__ (rise edge)
                                  0.000000    0.000000   clock network delay (ideal)
                                  0.250000    0.250000   clock uncertainty
                                  0.000000    0.250000   clock reconvergence pessimism
                                 -4.000000   -3.750000   output external delay
                                             -3.750000   data required time
---------------------------------------------------------------------------------------------
                                             -3.750000   data required time
                                             -4.388344   data arrival time
---------------------------------------------------------------------------------------------
                                              8.138344   slack (MET)


Startpoint: b[5] (input port clocked by __VIRTUAL_CLK__)
Endpoint: sum[5] (output port clocked by __VIRTUAL_CLK__)
Path Group: __VIRTUAL_CLK__
Path Type: min

Fanout         Cap        Slew       Delay        Time   Description
---------------------------------------------------------------------------------------------
                      0.000000    0.000000    0.000000   clock __VIRTUAL_CLK__ (rise edge)
                                  0.000000    0.000000   clock network delay (ideal)
                                  4.000000    4.000000 ^ input external delay
     1    0.002963    0.020434    0.010937    4.010937 ^ b[5] (in)
                                                         b[5] (net)
                      0.020435    0.000000    4.010937 ^ input14/A (sky130_fd_sc_hd__clkbuf_1)
     2    0.004769    0.065802    0.087685    4.098621 ^ input14/X (sky130_fd_sc_hd__clkbuf_1)
                                                         net14 (net)
                      0.065803    0.000307    4.098929 ^ _75_/A (sky130_fd_sc_hd__nand2_1)
     3    0.009564    0.074977    0.086116    4.185045 v _75_/Y (sky130_fd_sc_hd__nand2_1)
                                                         _32_ (net)
                      0.074979    0.000351    4.185396 v _80_/B (sky130_fd_sc_hd__nand2_1)
     1    0.005058    0.058680    0.088600    4.273995 ^ _80_/Y (sky130_fd_sc_hd__nand2_1)
                                                         _36_ (net)
                      0.058680    0.000243    4.274239 ^ _83_/B (sky130_fd_sc_hd__xnor2_1)
     1    0.002063    0.028781    0.054797    4.329035 v _83_/Y (sky130_fd_sc_hd__xnor2_1)
                                                         net24 (net)
                      0.028781    0.000147    4.329182 v output24/A (sky130_fd_sc_hd__buf_2)
     1    0.034729    0.091091    0.173061    4.502243 v output24/X (sky130_fd_sc_hd__buf_2)
                                                         sum[5] (net)
                      0.091134    0.001798    4.504041 v sum[5] (out)
                                              4.504041   data arrival time

                      0.000000    0.000000    0.000000   clock __VIRTUAL_CLK__ (rise edge)
                                  0.000000    0.000000   clock network delay (ideal)
                                  0.250000    0.250000   clock uncertainty
                                  0.000000    0.250000   clock reconvergence pessimism
                                 -4.000000   -3.750000   output external delay
                                             -3.750000   data required time
---------------------------------------------------------------------------------------------
                                             -3.750000   data required time
                                             -4.504041   data arrival time
---------------------------------------------------------------------------------------------
                                              8.254042   slack (MET)


Startpoint: b[6] (input port clocked by __VIRTUAL_CLK__)
Endpoint: sum[6] (output port clocked by __VIRTUAL_CLK__)
Path Group: __VIRTUAL_CLK__
Path Type: min

Fanout         Cap        Slew       Delay        Time   Description
---------------------------------------------------------------------------------------------
                      0.000000    0.000000    0.000000   clock __VIRTUAL_CLK__ (rise edge)
                                  0.000000    0.000000   clock network delay (ideal)
                                  4.000000    4.000000 ^ input external delay
     1    0.002919    0.020242    0.010777    4.010777 ^ b[6] (in)
                                                         b[6] (net)
                      0.020243    0.000000    4.010777 ^ input15/A (sky130_fd_sc_hd__clkbuf_1)
     2    0.004892    0.067174    0.088603    4.099380 ^ input15/X (sky130_fd_sc_hd__clkbuf_1)
                                                         net15 (net)
                      0.067174    0.000282    4.099662 ^ _64_/A (sky130_fd_sc_hd__nand2_1)
     4    0.013144    0.099232    0.104544    4.204206 v _64_/Y (sky130_fd_sc_hd__nand2_1)
                                                         _21_ (net)
                      0.099236    0.000536    4.204742 v _79_/B (sky130_fd_sc_hd__nand2_1)
     1    0.005736    0.064568    0.103714    4.308456 ^ _79_/Y (sky130_fd_sc_hd__nand2_1)
                                                         _35_ (net)
                      0.064569    0.000430    4.308886 ^ _82_/A (sky130_fd_sc_hd__xnor2_1)
     1    0.001839    0.029383    0.062931    4.371817 v _82_/Y (sky130_fd_sc_hd__xnor2_1)
                                                         net25 (net)
                      0.029383    0.000083    4.371900 v output25/A (sky130_fd_sc_hd__buf_2)
     1    0.034304    0.090112    0.172654    4.544554 v output25/X (sky130_fd_sc_hd__buf_2)
                                                         sum[6] (net)
                      0.090147    0.001648    4.546202 v sum[6] (out)
                                              4.546202   data arrival time

                      0.000000    0.000000    0.000000   clock __VIRTUAL_CLK__ (rise edge)
                                  0.000000    0.000000   clock network delay (ideal)
                                  0.250000    0.250000   clock uncertainty
                                  0.000000    0.250000   clock reconvergence pessimism
                                 -4.000000   -3.750000   output external delay
                                             -3.750000   data required time
---------------------------------------------------------------------------------------------
                                             -3.750000   data required time
                                             -4.546202   data arrival time
---------------------------------------------------------------------------------------------
                                              8.296202   slack (MET)


Startpoint: a[4] (input port clocked by __VIRTUAL_CLK__)
Endpoint: sum[4] (output port clocked by __VIRTUAL_CLK__)
Path Group: __VIRTUAL_CLK__
Path Type: min

Fanout         Cap        Slew       Delay        Time   Description
---------------------------------------------------------------------------------------------
                      0.000000    0.000000    0.000000   clock __VIRTUAL_CLK__ (rise edge)
                                  0.000000    0.000000   clock network delay (ideal)
                                  4.000000    4.000000 ^ input external delay
     1    0.002968    0.020456    0.010952    4.010952 ^ a[4] (in)
                                                         a[4] (net)
                      0.020456    0.000000    4.010952 ^ input5/A (sky130_fd_sc_hd__clkbuf_1)
     2    0.004761    0.065714    0.087631    4.098583 ^ input5/X (sky130_fd_sc_hd__clkbuf_1)
                                                         net5 (net)
                      0.065714    0.000319    4.098902 ^ _67_/B (sky130_fd_sc_hd__nand2_1)
     2    0.008699    0.069574    0.084730    4.183633 v _67_/Y (sky130_fd_sc_hd__nand2_1)
                                                         _24_ (net)
                      0.069598    0.000351    4.183983 v _69_/A (sky130_fd_sc_hd__nand2_1)
     2    0.010105    0.100172    0.110070    4.294053 ^ _69_/Y (sky130_fd_sc_hd__nand2_1)
                                                         _26_ (net)
                      0.100178    0.000606    4.294660 ^ _84_/A (sky130_fd_sc_hd__xnor2_1)
     1    0.002396    0.034494    0.075898    4.370558 v _84_/Y (sky130_fd_sc_hd__xnor2_1)
                                                         net23 (net)
                      0.034494    0.000155    4.370713 v output23/A (sky130_fd_sc_hd__buf_2)
     1    0.034226    0.089910    0.174701    4.545414 v output23/X (sky130_fd_sc_hd__buf_2)
                                                         sum[4] (net)
                      0.089946    0.001661    4.547075 v sum[4] (out)
                                              4.547075   data arrival time

                      0.000000    0.000000    0.000000   clock __VIRTUAL_CLK__ (rise edge)
                                  0.000000    0.000000   clock network delay (ideal)
                                  0.250000    0.250000   clock uncertainty
                                  0.000000    0.250000   clock reconvergence pessimism
                                 -4.000000   -3.750000   output external delay
                                             -3.750000   data required time
---------------------------------------------------------------------------------------------
                                             -3.750000   data required time
                                             -4.547075   data arrival time
---------------------------------------------------------------------------------------------
                                              8.297075   slack (MET)


Startpoint: b[7] (input port clocked by __VIRTUAL_CLK__)
Endpoint: sum[7] (output port clocked by __VIRTUAL_CLK__)
Path Group: __VIRTUAL_CLK__
Path Type: min

Fanout         Cap        Slew       Delay        Time   Description
---------------------------------------------------------------------------------------------
                      0.000000    0.000000    0.000000   clock __VIRTUAL_CLK__ (rise edge)
                                  0.000000    0.000000   clock network delay (ideal)
                                  4.000000    4.000000 ^ input external delay
     1    0.003416    0.022410    0.012526    4.012526 ^ b[7] (in)
                                                         b[7] (net)
                      0.022411    0.000000    4.012526 ^ input16/A (sky130_fd_sc_hd__clkbuf_1)
     3    0.008476    0.107416    0.117609    4.130135 ^ input16/X (sky130_fd_sc_hd__clkbuf_1)
                                                         net16 (net)
                      0.107422    0.000685    4.130820 ^ _60_/A (sky130_fd_sc_hd__nand2_1)
     2    0.008420    0.071129    0.094285    4.225105 v _60_/Y (sky130_fd_sc_hd__nand2_1)
                                                         _17_ (net)
                      0.071130    0.000404    4.225509 v _62_/A (sky130_fd_sc_hd__nand2_1)
     1    0.006084    0.066792    0.085494    4.311003 ^ _62_/Y (sky130_fd_sc_hd__nand2_1)
                                                         _19_ (net)
                      0.066821    0.000444    4.311447 ^ _78_/A (sky130_fd_sc_hd__xnor2_1)
     1    0.002402    0.030694    0.067016    4.378463 v _78_/Y (sky130_fd_sc_hd__xnor2_1)
                                                         net26 (net)
                      0.030694    0.000155    4.378618 v output26/A (sky130_fd_sc_hd__buf_2)
     1    0.035209    0.092049    0.174909    4.553526 v output26/X (sky130_fd_sc_hd__buf_2)
                                                         sum[7] (net)
                      0.092084    0.001659    4.555186 v sum[7] (out)
                                              4.555186   data arrival time

                      0.000000    0.000000    0.000000   clock __VIRTUAL_CLK__ (rise edge)
                                  0.000000    0.000000   clock network delay (ideal)
                                  0.250000    0.250000   clock uncertainty
                                  0.000000    0.250000   clock reconvergence pessimism
                                 -4.000000   -3.750000   output external delay
                                             -3.750000   data required time
---------------------------------------------------------------------------------------------
                                             -3.750000   data required time
                                             -4.555186   data arrival time
---------------------------------------------------------------------------------------------
                                              8.305186   slack (MET)


Startpoint: a[3] (input port clocked by __VIRTUAL_CLK__)
Endpoint: sum[3] (output port clocked by __VIRTUAL_CLK__)
Path Group: __VIRTUAL_CLK__
Path Type: min

Fanout         Cap        Slew       Delay        Time   Description
---------------------------------------------------------------------------------------------
                      0.000000    0.000000    0.000000   clock __VIRTUAL_CLK__ (rise edge)
                                  0.000000    0.000000   clock network delay (ideal)
                                  4.000000    4.000000 v input external delay
     1    0.003572    0.010409    0.005789    4.005789 v a[3] (in)
                                                         a[3] (net)
                      0.010412    0.000000    4.005789 v input4/A (sky130_fd_sc_hd__clkbuf_1)
     3    0.007250    0.050025    0.093439    4.099227 v input4/X (sky130_fd_sc_hd__clkbuf_1)
                                                         net4 (net)
                      0.050027    0.000371    4.099598 v _39_/B (sky130_fd_sc_hd__nor2_1)
     1    0.003917    0.093452    0.096803    4.196401 ^ _39_/Y (sky130_fd_sc_hd__nor2_1)
                                                         _00_ (net)
                      0.093452    0.000256    4.196657 ^ _42_/A (sky130_fd_sc_hd__nor2_1)
     1    0.005129    0.040995    0.063991    4.260648 v _42_/Y (sky130_fd_sc_hd__nor2_1)
                                                         _03_ (net)
                      0.040998    0.000370    4.261018 v _55_/A (sky130_fd_sc_hd__xnor2_1)
     1    0.002885    0.034398    0.117580    4.378598 v _55_/Y (sky130_fd_sc_hd__xnor2_1)
                                                         net22 (net)
                      0.034398    0.000184    4.378781 v output22/A (sky130_fd_sc_hd__buf_2)
     1    0.034460    0.090394    0.175139    4.553920 v output22/X (sky130_fd_sc_hd__buf_2)
                                                         sum[3] (net)
                      0.090428    0.001612    4.555532 v sum[3] (out)
                                              4.555532   data arrival time

                      0.000000    0.000000    0.000000   clock __VIRTUAL_CLK__ (rise edge)
                                  0.000000    0.000000   clock network delay (ideal)
                                  0.250000    0.250000   clock uncertainty
                                  0.000000    0.250000   clock reconvergence pessimism
                                 -4.000000   -3.750000   output external delay
                                             -3.750000   data required time
---------------------------------------------------------------------------------------------
                                             -3.750000   data required time
                                             -4.555532   data arrival time
---------------------------------------------------------------------------------------------
                                              8.305532   slack (MET)


Startpoint: a[1] (input port clocked by __VIRTUAL_CLK__)
Endpoint: sum[1] (output port clocked by __VIRTUAL_CLK__)
Path Group: __VIRTUAL_CLK__
Path Type: min

Fanout         Cap        Slew       Delay        Time   Description
---------------------------------------------------------------------------------------------
                      0.000000    0.000000    0.000000   clock __VIRTUAL_CLK__ (rise edge)
                                  0.000000    0.000000   clock network delay (ideal)
                                  4.000000    4.000000 v input external delay
     1    0.003587    0.010446    0.005809    4.005809 v a[1] (in)
                                                         a[1] (net)
                      0.010449    0.000000    4.005809 v input2/A (sky130_fd_sc_hd__clkbuf_1)
     2    0.004618    0.035925    0.081465    4.087274 v input2/X (sky130_fd_sc_hd__clkbuf_1)
                                                         net2 (net)
                      0.035927    0.000306    4.087580 v _51_/B (sky130_fd_sc_hd__nor2_1)
     1    0.003353    0.084441    0.085074    4.172654 ^ _51_/Y (sky130_fd_sc_hd__nor2_1)
                                                         _12_ (net)
                      0.084441    0.000227    4.172881 ^ _52_/B (sky130_fd_sc_hd__nor2_1)
     3    0.010617    0.056722    0.075588    4.248468 v _52_/Y (sky130_fd_sc_hd__nor2_1)
                                                         _13_ (net)
                      0.056723    0.000362    4.248831 v _57_/B (sky130_fd_sc_hd__xor2_1)
     1    0.002763    0.036121    0.139666    4.388497 v _57_/X (sky130_fd_sc_hd__xor2_1)
                                                         net20 (net)
                      0.036121    0.000113    4.388610 v output20/A (sky130_fd_sc_hd__buf_2)
     1    0.034102    0.089614    0.175211    4.563821 v output20/X (sky130_fd_sc_hd__buf_2)
                                                         sum[1] (net)
                      0.089648    0.001606    4.565427 v sum[1] (out)
                                              4.565427   data arrival time

                      0.000000    0.000000    0.000000   clock __VIRTUAL_CLK__ (rise edge)
                                  0.000000    0.000000   clock network delay (ideal)
                                  0.250000    0.250000   clock uncertainty
                                  0.000000    0.250000   clock reconvergence pessimism
                                 -4.000000   -3.750000   output external delay
                                             -3.750000   data required time
---------------------------------------------------------------------------------------------
                                             -3.750000   data required time
                                             -4.565427   data arrival time
---------------------------------------------------------------------------------------------
                                              8.315427   slack (MET)


Startpoint: a[2] (input port clocked by __VIRTUAL_CLK__)
Endpoint: sum[2] (output port clocked by __VIRTUAL_CLK__)
Path Group: __VIRTUAL_CLK__
Path Type: min

Fanout         Cap        Slew       Delay        Time   Description
---------------------------------------------------------------------------------------------
                      0.000000    0.000000    0.000000   clock __VIRTUAL_CLK__ (rise edge)
                                  0.000000    0.000000   clock network delay (ideal)
                                  4.000000    4.000000 ^ input external delay
     1    0.003708    0.023681    0.013555    4.013556 ^ a[2] (in)
                                                         a[2] (net)
                      0.023682    0.000000    4.013556 ^ input3/A (sky130_fd_sc_hd__buf_1)
     3    0.011262    0.139034    0.139948    4.153503 ^ input3/X (sky130_fd_sc_hd__buf_1)
                                                         net3 (net)
                      0.139037    0.000581    4.154085 ^ _44_/B (sky130_fd_sc_hd__nor2_1)
     2    0.006396    0.052166    0.076067    4.230152 v _44_/Y (sky130_fd_sc_hd__nor2_1)
                                                         _05_ (net)
                      0.052167    0.000324    4.230475 v _45_/B (sky130_fd_sc_hd__nor2_1)
     1    0.005434    0.118129    0.116358    4.346833 ^ _45_/Y (sky130_fd_sc_hd__nor2_1)
                                                         _06_ (net)
                      0.118131    0.000397    4.347230 ^ _56_/A (sky130_fd_sc_hd__xnor2_1)
     1    0.002154    0.032896    0.078994    4.426224 v _56_/Y (sky130_fd_sc_hd__xnor2_1)
                                                         net21 (net)
                      0.032896    0.000144    4.426368 v output21/A (sky130_fd_sc_hd__buf_2)
     1    0.034358    0.090209    0.174256    4.600624 v output21/X (sky130_fd_sc_hd__buf_2)
                                                         sum[2] (net)
                      0.090246    0.001672    4.602295 v sum[2] (out)
                                              4.602295   data arrival time

                      0.000000    0.000000    0.000000   clock __VIRTUAL_CLK__ (rise edge)
                                  0.000000    0.000000   clock network delay (ideal)
                                  0.250000    0.250000   clock uncertainty
                                  0.000000    0.250000   clock reconvergence pessimism
                                 -4.000000   -3.750000   output external delay
                                             -3.750000   data required time
---------------------------------------------------------------------------------------------
                                             -3.750000   data required time
                                             -4.602295   data arrival time
---------------------------------------------------------------------------------------------
                                              8.352295   slack (MET)


Startpoint: b[6] (input port clocked by __VIRTUAL_CLK__)
Endpoint: cout (output port clocked by __VIRTUAL_CLK__)
Path Group: __VIRTUAL_CLK__
Path Type: min

Fanout         Cap        Slew       Delay        Time   Description
---------------------------------------------------------------------------------------------
                      0.000000    0.000000    0.000000   clock __VIRTUAL_CLK__ (rise edge)
                                  0.000000    0.000000   clock network delay (ideal)
                                  4.000000    4.000000 ^ input external delay
     1    0.002919    0.020242    0.010777    4.010777 ^ b[6] (in)
                                                         b[6] (net)
                      0.020243    0.000000    4.010777 ^ input15/A (sky130_fd_sc_hd__clkbuf_1)
     2    0.004892    0.067174    0.088603    4.099380 ^ input15/X (sky130_fd_sc_hd__clkbuf_1)
                                                         net15 (net)
                      0.067174    0.000281    4.099660 ^ _63_/A (sky130_fd_sc_hd__or2_1)
     3    0.010040    0.102659    0.143874    4.243534 ^ _63_/X (sky130_fd_sc_hd__or2_1)
                                                         _20_ (net)
                      0.102661    0.000583    4.244117 ^ _86_/A2 (sky130_fd_sc_hd__o221a_1)
     1    0.002040    0.045209    0.176439    4.420557 ^ _86_/X (sky130_fd_sc_hd__o221a_1)
                                                         net18 (net)
                      0.045209    0.000147    4.420703 ^ output18/A (sky130_fd_sc_hd__buf_2)
     1    0.034432    0.171122    0.197812    4.618516 ^ output18/X (sky130_fd_sc_hd__buf_2)
                                                         cout (net)
                      0.171149    0.001763    4.620279 ^ cout (out)
                                              4.620279   data arrival time

                      0.000000    0.000000    0.000000   clock __VIRTUAL_CLK__ (rise edge)
                                  0.000000    0.000000   clock network delay (ideal)
                                  0.250000    0.250000   clock uncertainty
                                  0.000000    0.250000   clock reconvergence pessimism
                                 -4.000000   -3.750000   output external delay
                                             -3.750000   data required time
---------------------------------------------------------------------------------------------
                                             -3.750000   data required time
                                             -4.620279   data arrival time
---------------------------------------------------------------------------------------------
                                              8.370279   slack (MET)



