
===========================================================================
report_checks -unconstrained
===========================================================================
======================= nom_tt_025C_1v80 Corner ===================================

Startpoint: b[3] (input port clocked by __VIRTUAL_CLK__)
Endpoint: sum[7] (output port clocked by __VIRTUAL_CLK__)
Path Group: __VIRTUAL_CLK__
Path Type: max

Fanout         Cap        Slew       Delay        Time   Description
---------------------------------------------------------------------------------------------
                      0.000000    0.000000    0.000000   clock __VIRTUAL_CLK__ (rise edge)
                                  0.000000    0.000000   clock network delay (ideal)
                                  4.000000    4.000000 v input external delay
     3    0.007023    0.018431    0.011342    4.011342 v b[3] (in)
                                                         b[3] (net)
                      0.018431    0.000000    4.011342 v _40_/A (sky130_fd_sc_hd__or2_2)
     2    0.006507    0.066963    0.296178    4.307520 v _40_/X (sky130_fd_sc_hd__or2_2)
                                                         _01_ (net)
                      0.066963    0.000000    4.307520 v _70_/A1 (sky130_fd_sc_hd__a211o_2)
     1    0.004119    0.052665    0.300501    4.608020 v _70_/X (sky130_fd_sc_hd__a211o_2)
                                                         _27_ (net)
                      0.052665    0.000000    4.608020 v _71_/B1 (sky130_fd_sc_hd__a21oi_2)
     2    0.009273    0.149335    0.145336    4.753356 ^ _71_/Y (sky130_fd_sc_hd__a21oi_2)
                                                         _28_ (net)
                      0.149335    0.000000    4.753356 ^ _74_/A2 (sky130_fd_sc_hd__o31ai_2)
     3    0.012863    0.086776    0.113143    4.866499 v _74_/Y (sky130_fd_sc_hd__o31ai_2)
                                                         _31_ (net)
                      0.086776    0.000000    4.866499 v _77_/A1 (sky130_fd_sc_hd__o211a_2)
     1    0.008077    0.055337    0.288792    5.155291 v _77_/X (sky130_fd_sc_hd__o211a_2)
                                                         _34_ (net)
                      0.055337    0.000000    5.155291 v _78_/B (sky130_fd_sc_hd__xnor2_2)
     1    0.033442    0.453757    0.368129    5.523420 ^ _78_/Y (sky130_fd_sc_hd__xnor2_2)
                                                         sum[7] (net)
                      0.453757    0.000000    5.523420 ^ sum[7] (out)
                                              5.523420   data arrival time

                      0.000000   20.000000   20.000000   clock __VIRTUAL_CLK__ (rise edge)
                                  0.000000   20.000000   clock network delay (ideal)
                                 -0.250000   19.750002   clock uncertainty
                                  0.000000   19.750002   clock reconvergence pessimism
                                 -4.000000   15.750001   output external delay
                                             15.750001   data required time
---------------------------------------------------------------------------------------------
                                             15.750001   data required time
                                             -5.523420   data arrival time
---------------------------------------------------------------------------------------------
                                             10.226581   slack (MET)




===========================================================================
report_checks --slack_max -0.01
============================================================================
======================= nom_tt_025C_1v80 Corner ===================================

No paths found.


===========================================================================
 report_check_types -max_slew -max_cap -max_fanout -violators
============================================================================
======================= nom_tt_025C_1v80 Corner ===================================



===========================================================================
report_parasitic_annotation -report_unannotated
============================================================================
Found 65 unannotated drivers.
 a[0]
 a[1]
 a[2]
 a[3]
 a[4]
 a[5]
 a[6]
 a[7]
 b[0]
 b[1]
 b[2]
 b[3]
 b[4]
 b[5]
 b[6]
 b[7]
 cin
 _39_/Y
 _40_/X
 _41_/X
 _42_/Y
 _43_/X
 _44_/Y
 _45_/Y
 _46_/X
 _47_/Y
 _48_/X
 _49_/Y
 _50_/X
 _51_/Y
 _52_/Y
 _53_/Y
 _54_/X
 _55_/Y
 _56_/Y
 _57_/X
 _58_/Y
 _59_/X
 _60_/Y
 _61_/X
 _62_/Y
 _63_/X
 _64_/Y
 _65_/X
 _66_/Y
 _67_/Y
 _68_/X
 _69_/Y
 _70_/X
 _71_/Y
 _72_/Y
 _73_/Y
 _74_/Y
 _75_/Y
 _76_/Y
 _77_/X
 _78_/Y
 _79_/Y
 _80_/Y
 _81_/X
 _82_/Y
 _83_/Y
 _84_/Y
 _85_/Y
 _86_/X
Found 0 partially unannotated drivers.

===========================================================================
max slew violation count 0
max fanout violation count 0
max cap violation count 0
============================================================================

===========================================================================
check_setup -verbose -unconstrained_endpoints -multiple_clock -no_clock -no_input_delay -loops -generated_clocks
===========================================================================
