
===========================================================================
report_checks -path_delay max (Setup)
============================================================================
======================= min_tt_025C_1v80 Corner ===================================

Startpoint: b[3] (input port clocked by __VIRTUAL_CLK__)
Endpoint: cout (output port clocked by __VIRTUAL_CLK__)
Path Group: __VIRTUAL_CLK__
Path Type: max

Fanout         Cap        Slew       Delay        Time   Description
---------------------------------------------------------------------------------------------
                      0.000000    0.000000    0.000000   clock __VIRTUAL_CLK__ (rise edge)
                                  0.000000    0.000000   clock network delay (ideal)
                                  4.000000    4.000000 v input external delay
     1    0.002661    0.008310    0.004184    4.004184 v b[3] (in)
                                                         b[3] (net)
                      0.008310    0.000000    4.004184 v input12/A (sky130_fd_sc_hd__clkbuf_1)
     3    0.006293    0.044830    0.088465    4.092649 v input12/X (sky130_fd_sc_hd__clkbuf_1)
                                                         net12 (net)
                      0.044830    0.000046    4.092695 v _40_/A (sky130_fd_sc_hd__or2_1)
     2    0.008133    0.073035    0.252147    4.344842 v _40_/X (sky130_fd_sc_hd__or2_1)
                                                         _01_ (net)
                      0.073035    0.000103    4.344945 v _70_/A1 (sky130_fd_sc_hd__a211o_1)
     1    0.002407    0.044820    0.255836    4.600781 v _70_/X (sky130_fd_sc_hd__a211o_1)
                                                         _27_ (net)
                      0.044820    0.000020    4.600801 v _71_/B1 (sky130_fd_sc_hd__a21oi_1)
     2    0.008595    0.211514    0.192665    4.793467 ^ _71_/Y (sky130_fd_sc_hd__a21oi_1)
                                                         _28_ (net)
                      0.211514    0.000111    4.793578 ^ _74_/A2 (sky130_fd_sc_hd__o31ai_2)
     3    0.011041    0.076061    0.120142    4.913720 v _74_/Y (sky130_fd_sc_hd__o31ai_2)
                                                         _31_ (net)
                      0.076062    0.000154    4.913874 v _81_/A2 (sky130_fd_sc_hd__a21bo_1)
     2    0.008290    0.058670    0.223002    5.136876 v _81_/X (sky130_fd_sc_hd__a21bo_1)
                                                         _37_ (net)
                      0.058670    0.000052    5.136928 v _86_/B1 (sky130_fd_sc_hd__o221a_1)
     1    0.002272    0.042037    0.218803    5.355731 v _86_/X (sky130_fd_sc_hd__o221a_1)
                                                         net18 (net)
                      0.042037    0.000023    5.355754 v output18/A (sky130_fd_sc_hd__buf_2)
     1    0.033994    0.088736    0.178680    5.534433 v output18/X (sky130_fd_sc_hd__buf_2)
                                                         cout (net)
                      0.088736    0.000198    5.534632 v cout (out)
                                              5.534632   data arrival time

                      0.000000   20.000000   20.000000   clock __VIRTUAL_CLK__ (rise edge)
                                  0.000000   20.000000   clock network delay (ideal)
                                 -0.250000   19.750002   clock uncertainty
                                  0.000000   19.750002   clock reconvergence pessimism
                                 -4.000000   15.750001   output external delay
                                             15.750001   data required time
---------------------------------------------------------------------------------------------
                                             15.750001   data required time
                                             -5.534632   data arrival time
---------------------------------------------------------------------------------------------
                                             10.215369   slack (MET)


Startpoint: b[3] (input port clocked by __VIRTUAL_CLK__)
Endpoint: sum[6] (output port clocked by __VIRTUAL_CLK__)
Path Group: __VIRTUAL_CLK__
Path Type: max

Fanout         Cap        Slew       Delay        Time   Description
---------------------------------------------------------------------------------------------
                      0.000000    0.000000    0.000000   clock __VIRTUAL_CLK__ (rise edge)
                                  0.000000    0.000000   clock network delay (ideal)
                                  4.000000    4.000000 v input external delay
     1    0.002661    0.008310    0.004184    4.004184 v b[3] (in)
                                                         b[3] (net)
                      0.008310    0.000000    4.004184 v input12/A (sky130_fd_sc_hd__clkbuf_1)
     3    0.006293    0.044830    0.088465    4.092649 v input12/X (sky130_fd_sc_hd__clkbuf_1)
                                                         net12 (net)
                      0.044830    0.000046    4.092695 v _40_/A (sky130_fd_sc_hd__or2_1)
     2    0.008133    0.073035    0.252147    4.344842 v _40_/X (sky130_fd_sc_hd__or2_1)
                                                         _01_ (net)
                      0.073035    0.000103    4.344945 v _70_/A1 (sky130_fd_sc_hd__a211o_1)
     1    0.002407    0.044820    0.255836    4.600781 v _70_/X (sky130_fd_sc_hd__a211o_1)
                                                         _27_ (net)
                      0.044820    0.000020    4.600801 v _71_/B1 (sky130_fd_sc_hd__a21oi_1)
     2    0.008595    0.211514    0.192665    4.793467 ^ _71_/Y (sky130_fd_sc_hd__a21oi_1)
                                                         _28_ (net)
                      0.211514    0.000111    4.793578 ^ _74_/A2 (sky130_fd_sc_hd__o31ai_2)
     3    0.011041    0.076061    0.120142    4.913720 v _74_/Y (sky130_fd_sc_hd__o31ai_2)
                                                         _31_ (net)
                      0.076062    0.000154    4.913874 v _81_/A2 (sky130_fd_sc_hd__a21bo_1)
     2    0.008290    0.058670    0.223002    5.136876 v _81_/X (sky130_fd_sc_hd__a21bo_1)
                                                         _37_ (net)
                      0.058670    0.000068    5.136944 v _82_/B (sky130_fd_sc_hd__xnor2_1)
     1    0.003360    0.126295    0.139714    5.276658 ^ _82_/Y (sky130_fd_sc_hd__xnor2_1)
                                                         net25 (net)
                      0.126295    0.000047    5.276705 ^ output25/A (sky130_fd_sc_hd__buf_2)
     1    0.034139    0.169905    0.227567    5.504272 ^ output25/X (sky130_fd_sc_hd__buf_2)
                                                         sum[6] (net)
                      0.169905    0.000194    5.504466 ^ sum[6] (out)
                                              5.504466   data arrival time

                      0.000000   20.000000   20.000000   clock __VIRTUAL_CLK__ (rise edge)
                                  0.000000   20.000000   clock network delay (ideal)
                                 -0.250000   19.750002   clock uncertainty
                                  0.000000   19.750002   clock reconvergence pessimism
                                 -4.000000   15.750001   output external delay
                                             15.750001   data required time
---------------------------------------------------------------------------------------------
                                             15.750001   data required time
                                             -5.504466   data arrival time
---------------------------------------------------------------------------------------------
                                             10.245535   slack (MET)


Startpoint: b[3] (input port clocked by __VIRTUAL_CLK__)
Endpoint: sum[7] (output port clocked by __VIRTUAL_CLK__)
Path Group: __VIRTUAL_CLK__
Path Type: max

Fanout         Cap        Slew       Delay        Time   Description
---------------------------------------------------------------------------------------------
                      0.000000    0.000000    0.000000   clock __VIRTUAL_CLK__ (rise edge)
                                  0.000000    0.000000   clock network delay (ideal)
                                  4.000000    4.000000 v input external delay
     1    0.002661    0.008310    0.004184    4.004184 v b[3] (in)
                                                         b[3] (net)
                      0.008310    0.000000    4.004184 v input12/A (sky130_fd_sc_hd__clkbuf_1)
     3    0.006293    0.044830    0.088465    4.092649 v input12/X (sky130_fd_sc_hd__clkbuf_1)
                                                         net12 (net)
                      0.044830    0.000046    4.092695 v _40_/A (sky130_fd_sc_hd__or2_1)
     2    0.008133    0.073035    0.252147    4.344842 v _40_/X (sky130_fd_sc_hd__or2_1)
                                                         _01_ (net)
                      0.073035    0.000103    4.344945 v _70_/A1 (sky130_fd_sc_hd__a211o_1)
     1    0.002407    0.044820    0.255836    4.600781 v _70_/X (sky130_fd_sc_hd__a211o_1)
                                                         _27_ (net)
                      0.044820    0.000020    4.600801 v _71_/B1 (sky130_fd_sc_hd__a21oi_1)
     2    0.008595    0.211514    0.192665    4.793467 ^ _71_/Y (sky130_fd_sc_hd__a21oi_1)
                                                         _28_ (net)
                      0.211514    0.000111    4.793578 ^ _74_/A2 (sky130_fd_sc_hd__o31ai_2)
     3    0.011041    0.076061    0.120142    4.913720 v _74_/Y (sky130_fd_sc_hd__o31ai_2)
                                                         _31_ (net)
                      0.076062    0.000164    4.913884 v _77_/A1 (sky130_fd_sc_hd__o211a_1)
     1    0.005822    0.052065    0.244694    5.158577 v _77_/X (sky130_fd_sc_hd__o211a_1)
                                                         _34_ (net)
                      0.052065    0.000099    5.158676 v _78_/B (sky130_fd_sc_hd__xnor2_1)
     1    0.002220    0.106533    0.119500    5.278176 ^ _78_/Y (sky130_fd_sc_hd__xnor2_1)
                                                         net26 (net)
                      0.106533    0.000012    5.278188 ^ output26/A (sky130_fd_sc_hd__buf_2)
     1    0.033933    0.168845    0.219986    5.498174 ^ output26/X (sky130_fd_sc_hd__buf_2)
                                                         sum[7] (net)
                      0.168845    0.000181    5.498355 ^ sum[7] (out)
                                              5.498355   data arrival time

                      0.000000   20.000000   20.000000   clock __VIRTUAL_CLK__ (rise edge)
                                  0.000000   20.000000   clock network delay (ideal)
                                 -0.250000   19.750002   clock uncertainty
                                  0.000000   19.750002   clock reconvergence pessimism
                                 -4.000000   15.750001   output external delay
                                             15.750001   data required time
---------------------------------------------------------------------------------------------
                                             15.750001   data required time
                                             -5.498355   data arrival time
---------------------------------------------------------------------------------------------
                                             10.251646   slack (MET)


Startpoint: b[3] (input port clocked by __VIRTUAL_CLK__)
Endpoint: sum[5] (output port clocked by __VIRTUAL_CLK__)
Path Group: __VIRTUAL_CLK__
Path Type: max

Fanout         Cap        Slew       Delay        Time   Description
---------------------------------------------------------------------------------------------
                      0.000000    0.000000    0.000000   clock __VIRTUAL_CLK__ (rise edge)
                                  0.000000    0.000000   clock network delay (ideal)
                                  4.000000    4.000000 v input external delay
     1    0.002661    0.008310    0.004184    4.004184 v b[3] (in)
                                                         b[3] (net)
                      0.008310    0.000000    4.004184 v input12/A (sky130_fd_sc_hd__clkbuf_1)
     3    0.006293    0.044830    0.088465    4.092649 v input12/X (sky130_fd_sc_hd__clkbuf_1)
                                                         net12 (net)
                      0.044830    0.000046    4.092695 v _40_/A (sky130_fd_sc_hd__or2_1)
     2    0.008133    0.073035    0.252147    4.344842 v _40_/X (sky130_fd_sc_hd__or2_1)
                                                         _01_ (net)
                      0.073035    0.000103    4.344945 v _70_/A1 (sky130_fd_sc_hd__a211o_1)
     1    0.002407    0.044820    0.255836    4.600781 v _70_/X (sky130_fd_sc_hd__a211o_1)
                                                         _27_ (net)
                      0.044820    0.000020    4.600801 v _71_/B1 (sky130_fd_sc_hd__a21oi_1)
     2    0.008595    0.211514    0.192665    4.793467 ^ _71_/Y (sky130_fd_sc_hd__a21oi_1)
                                                         _28_ (net)
                      0.211514    0.000111    4.793578 ^ _74_/A2 (sky130_fd_sc_hd__o31ai_2)
     3    0.011041    0.076061    0.120142    4.913720 v _74_/Y (sky130_fd_sc_hd__o31ai_2)
                                                         _31_ (net)
                      0.076062    0.000135    4.913855 v _83_/A (sky130_fd_sc_hd__xnor2_1)
     1    0.002666    0.113200    0.154671    5.068526 ^ _83_/Y (sky130_fd_sc_hd__xnor2_1)
                                                         net24 (net)
                      0.113200    0.000029    5.068555 ^ output24/A (sky130_fd_sc_hd__buf_2)
     1    0.034320    0.170725    0.223603    5.292158 ^ output24/X (sky130_fd_sc_hd__buf_2)
                                                         sum[5] (net)
                      0.170725    0.000357    5.292515 ^ sum[5] (out)
                                              5.292515   data arrival time

                      0.000000   20.000000   20.000000   clock __VIRTUAL_CLK__ (rise edge)
                                  0.000000   20.000000   clock network delay (ideal)
                                 -0.250000   19.750002   clock uncertainty
                                  0.000000   19.750002   clock reconvergence pessimism
                                 -4.000000   15.750001   output external delay
                                             15.750001   data required time
---------------------------------------------------------------------------------------------
                                             15.750001   data required time
                                             -5.292515   data arrival time
---------------------------------------------------------------------------------------------
                                             10.457486   slack (MET)


Startpoint: b[0] (input port clocked by __VIRTUAL_CLK__)
Endpoint: sum[3] (output port clocked by __VIRTUAL_CLK__)
Path Group: __VIRTUAL_CLK__
Path Type: max

Fanout         Cap        Slew       Delay        Time   Description
---------------------------------------------------------------------------------------------
                      0.000000    0.000000    0.000000   clock __VIRTUAL_CLK__ (rise edge)
                                  0.000000    0.000000   clock network delay (ideal)
                                  4.000000    4.000000 v input external delay
     1    0.002381    0.007666    0.003709    4.003709 v b[0] (in)
                                                         b[0] (net)
                      0.007666    0.000000    4.003709 v input9/A (sky130_fd_sc_hd__clkbuf_1)
     2    0.004225    0.033787    0.078747    4.082456 v input9/X (sky130_fd_sc_hd__clkbuf_1)
                                                         net9 (net)
                      0.033787    0.000020    4.082476 v _48_/A (sky130_fd_sc_hd__or2_1)
     2    0.005423    0.059702    0.232639    4.315115 v _48_/X (sky130_fd_sc_hd__or2_1)
                                                         _09_ (net)
                      0.059702    0.000039    4.315154 v _50_/A2 (sky130_fd_sc_hd__a21bo_1)
     3    0.011592    0.070591    0.230308    4.545462 v _50_/X (sky130_fd_sc_hd__a21bo_1)
                                                         _11_ (net)
                      0.070591    0.000147    4.545609 v _53_/A1 (sky130_fd_sc_hd__a21oi_1)
     2    0.008370    0.214238    0.206517    4.752125 ^ _53_/Y (sky130_fd_sc_hd__a21oi_1)
                                                         _14_ (net)
                      0.214238    0.000047    4.752172 ^ _54_/A2 (sky130_fd_sc_hd__o21ba_1)
     1    0.004926    0.062481    0.158698    4.910870 ^ _54_/X (sky130_fd_sc_hd__o21ba_1)
                                                         _15_ (net)
                      0.062481    0.000044    4.910913 ^ _55_/B (sky130_fd_sc_hd__xnor2_1)
     1    0.002767    0.115149    0.109102    5.020016 ^ _55_/Y (sky130_fd_sc_hd__xnor2_1)
                                                         net22 (net)
                      0.115149    0.000031    5.020047 ^ output22/A (sky130_fd_sc_hd__buf_2)
     1    0.034319    0.170731    0.224317    5.244364 ^ output22/X (sky130_fd_sc_hd__buf_2)
                                                         sum[3] (net)
                      0.170731    0.000357    5.244721 ^ sum[3] (out)
                                              5.244721   data arrival time

                      0.000000   20.000000   20.000000   clock __VIRTUAL_CLK__ (rise edge)
                                  0.000000   20.000000   clock network delay (ideal)
                                 -0.250000   19.750002   clock uncertainty
                                  0.000000   19.750002   clock reconvergence pessimism
                                 -4.000000   15.750001   output external delay
                                             15.750001   data required time
---------------------------------------------------------------------------------------------
                                             15.750001   data required time
                                             -5.244721   data arrival time
---------------------------------------------------------------------------------------------
                                             10.505280   slack (MET)


Startpoint: b[3] (input port clocked by __VIRTUAL_CLK__)
Endpoint: sum[4] (output port clocked by __VIRTUAL_CLK__)
Path Group: __VIRTUAL_CLK__
Path Type: max

Fanout         Cap        Slew       Delay        Time   Description
---------------------------------------------------------------------------------------------
                      0.000000    0.000000    0.000000   clock __VIRTUAL_CLK__ (rise edge)
                                  0.000000    0.000000   clock network delay (ideal)
                                  4.000000    4.000000 v input external delay
     1    0.002661    0.008310    0.004184    4.004184 v b[3] (in)
                                                         b[3] (net)
                      0.008310    0.000000    4.004184 v input12/A (sky130_fd_sc_hd__clkbuf_1)
     3    0.006293    0.044830    0.088465    4.092649 v input12/X (sky130_fd_sc_hd__clkbuf_1)
                                                         net12 (net)
                      0.044830    0.000046    4.092695 v _40_/A (sky130_fd_sc_hd__or2_1)
     2    0.008133    0.073035    0.252147    4.344842 v _40_/X (sky130_fd_sc_hd__or2_1)
                                                         _01_ (net)
                      0.073035    0.000103    4.344945 v _70_/A1 (sky130_fd_sc_hd__a211o_1)
     1    0.002407    0.044820    0.255836    4.600781 v _70_/X (sky130_fd_sc_hd__a211o_1)
                                                         _27_ (net)
                      0.044820    0.000020    4.600801 v _71_/B1 (sky130_fd_sc_hd__a21oi_1)
     2    0.008595    0.211514    0.192665    4.793467 ^ _71_/Y (sky130_fd_sc_hd__a21oi_1)
                                                         _28_ (net)
                      0.211514    0.000115    4.793582 ^ _73_/A (sky130_fd_sc_hd__nor2_1)
     1    0.004714    0.065681    0.087593    4.881175 v _73_/Y (sky130_fd_sc_hd__nor2_1)
                                                         _30_ (net)
                      0.065681    0.000041    4.881216 v _84_/B (sky130_fd_sc_hd__xnor2_1)
     1    0.002476    0.109593    0.128956    5.010171 ^ _84_/Y (sky130_fd_sc_hd__xnor2_1)
                                                         net23 (net)
                      0.109593    0.000026    5.010197 ^ output23/A (sky130_fd_sc_hd__buf_2)
     1    0.034099    0.169651    0.221622    5.231819 ^ output23/X (sky130_fd_sc_hd__buf_2)
                                                         sum[4] (net)
                      0.169651    0.000242    5.232061 ^ sum[4] (out)
                                              5.232061   data arrival time

                      0.000000   20.000000   20.000000   clock __VIRTUAL_CLK__ (rise edge)
                                  0.000000   20.000000   clock network delay (ideal)
                                 -0.250000   19.750002   clock uncertainty
                                  0.000000   19.750002   clock reconvergence pessimism
                                 -4.000000   15.750001   output external delay
                                             15.750001   data required time
---------------------------------------------------------------------------------------------
                                             15.750001   data required time
                                             -5.232061   data arrival time
---------------------------------------------------------------------------------------------
                                             10.517939   slack (MET)


Startpoint: b[0] (input port clocked by __VIRTUAL_CLK__)
Endpoint: sum[2] (output port clocked by __VIRTUAL_CLK__)
Path Group: __VIRTUAL_CLK__
Path Type: max

Fanout         Cap        Slew       Delay        Time   Description
---------------------------------------------------------------------------------------------
                      0.000000    0.000000    0.000000   clock __VIRTUAL_CLK__ (rise edge)
                                  0.000000    0.000000   clock network delay (ideal)
                                  4.000000    4.000000 v input external delay
     1    0.002381    0.007666    0.003709    4.003709 v b[0] (in)
                                                         b[0] (net)
                      0.007666    0.000000    4.003709 v input9/A (sky130_fd_sc_hd__clkbuf_1)
     2    0.004225    0.033787    0.078747    4.082456 v input9/X (sky130_fd_sc_hd__clkbuf_1)
                                                         net9 (net)
                      0.033787    0.000020    4.082476 v _48_/A (sky130_fd_sc_hd__or2_1)
     2    0.005423    0.059702    0.232639    4.315115 v _48_/X (sky130_fd_sc_hd__or2_1)
                                                         _09_ (net)
                      0.059702    0.000039    4.315154 v _50_/A2 (sky130_fd_sc_hd__a21bo_1)
     3    0.011592    0.070591    0.230308    4.545462 v _50_/X (sky130_fd_sc_hd__a21bo_1)
                                                         _11_ (net)
                      0.070591    0.000147    4.545609 v _53_/A1 (sky130_fd_sc_hd__a21oi_1)
     2    0.008370    0.214238    0.206517    4.752125 ^ _53_/Y (sky130_fd_sc_hd__a21oi_1)
                                                         _14_ (net)
                      0.214238    0.000075    4.752201 ^ _56_/B (sky130_fd_sc_hd__xnor2_1)
     1    0.002657    0.113049    0.142273    4.894474 ^ _56_/Y (sky130_fd_sc_hd__xnor2_1)
                                                         net21 (net)
                      0.113049    0.000029    4.894503 ^ output21/A (sky130_fd_sc_hd__buf_2)
     1    0.034254    0.170428    0.223298    5.117802 ^ output21/X (sky130_fd_sc_hd__buf_2)
                                                         sum[2] (net)
                      0.170428    0.000401    5.118203 ^ sum[2] (out)
                                              5.118203   data arrival time

                      0.000000   20.000000   20.000000   clock __VIRTUAL_CLK__ (rise edge)
                                  0.000000   20.000000   clock network delay (ideal)
                                 -0.250000   19.750002   clock uncertainty
                                  0.000000   19.750002   clock reconvergence pessimism
                                 -4.000000   15.750001   output external delay
                                             15.750001   data required time
---------------------------------------------------------------------------------------------
                                             15.750001   data required time
                                             -5.118203   data arrival time
---------------------------------------------------------------------------------------------
                                             10.631798   slack (MET)


Startpoint: b[0] (input port clocked by __VIRTUAL_CLK__)
Endpoint: sum[1] (output port clocked by __VIRTUAL_CLK__)
Path Group: __VIRTUAL_CLK__
Path Type: max

Fanout         Cap        Slew       Delay        Time   Description
---------------------------------------------------------------------------------------------
                      0.000000    0.000000    0.000000   clock __VIRTUAL_CLK__ (rise edge)
                                  0.000000    0.000000   clock network delay (ideal)
                                  4.000000    4.000000 v input external delay
     1    0.002381    0.007666    0.003709    4.003709 v b[0] (in)
                                                         b[0] (net)
                      0.007666    0.000000    4.003709 v input9/A (sky130_fd_sc_hd__clkbuf_1)
     2    0.004225    0.033787    0.078747    4.082456 v input9/X (sky130_fd_sc_hd__clkbuf_1)
                                                         net9 (net)
                      0.033787    0.000020    4.082476 v _48_/A (sky130_fd_sc_hd__or2_1)
     2    0.005423    0.059702    0.232639    4.315115 v _48_/X (sky130_fd_sc_hd__or2_1)
                                                         _09_ (net)
                      0.059702    0.000039    4.315154 v _50_/A2 (sky130_fd_sc_hd__a21bo_1)
     3    0.011592    0.070591    0.230308    4.545462 v _50_/X (sky130_fd_sc_hd__a21bo_1)
                                                         _11_ (net)
                      0.070591    0.000179    4.545641 v _57_/A (sky130_fd_sc_hd__xor2_1)
     1    0.003888    0.130449    0.166769    4.712410 ^ _57_/X (sky130_fd_sc_hd__xor2_1)
                                                         net20 (net)
                      0.130449    0.000056    4.712467 ^ output20/A (sky130_fd_sc_hd__buf_2)
     1    0.033870    0.168648    0.227818    4.940285 ^ output20/X (sky130_fd_sc_hd__buf_2)
                                                         sum[1] (net)
                      0.168648    0.000163    4.940448 ^ sum[1] (out)
                                              4.940448   data arrival time

                      0.000000   20.000000   20.000000   clock __VIRTUAL_CLK__ (rise edge)
                                  0.000000   20.000000   clock network delay (ideal)
                                 -0.250000   19.750002   clock uncertainty
                                  0.000000   19.750002   clock reconvergence pessimism
                                 -4.000000   15.750001   output external delay
                                             15.750001   data required time
---------------------------------------------------------------------------------------------
                                             15.750001   data required time
                                             -4.940448   data arrival time
---------------------------------------------------------------------------------------------
                                             10.809553   slack (MET)


Startpoint: b[0] (input port clocked by __VIRTUAL_CLK__)
Endpoint: sum[0] (output port clocked by __VIRTUAL_CLK__)
Path Group: __VIRTUAL_CLK__
Path Type: max

Fanout         Cap        Slew       Delay        Time   Description
---------------------------------------------------------------------------------------------
                      0.000000    0.000000    0.000000   clock __VIRTUAL_CLK__ (rise edge)
                                  0.000000    0.000000   clock network delay (ideal)
                                  4.000000    4.000000 v input external delay
     1    0.002381    0.007666    0.003709    4.003709 v b[0] (in)
                                                         b[0] (net)
                      0.007666    0.000000    4.003709 v input9/A (sky130_fd_sc_hd__clkbuf_1)
     2    0.004225    0.033787    0.078747    4.082456 v input9/X (sky130_fd_sc_hd__clkbuf_1)
                                                         net9 (net)
                      0.033787    0.000020    4.082476 v _48_/A (sky130_fd_sc_hd__or2_1)
     2    0.005423    0.059702    0.232639    4.315115 v _48_/X (sky130_fd_sc_hd__or2_1)
                                                         _09_ (net)
                      0.059702    0.000042    4.315157 v _49_/B (sky130_fd_sc_hd__nand2_1)
     1    0.005093    0.062574    0.081995    4.397152 ^ _49_/Y (sky130_fd_sc_hd__nand2_1)
                                                         _10_ (net)
                      0.062574    0.000049    4.397201 ^ _58_/B (sky130_fd_sc_hd__xnor2_1)
     1    0.003199    0.123259    0.112486    4.509686 ^ _58_/Y (sky130_fd_sc_hd__xnor2_1)
                                                         net19 (net)
                      0.123259    0.000043    4.509729 ^ output19/A (sky130_fd_sc_hd__buf_2)
     1    0.033948    0.169006    0.226121    4.735850 ^ output19/X (sky130_fd_sc_hd__buf_2)
                                                         sum[0] (net)
                      0.169006    0.000181    4.736031 ^ sum[0] (out)
                                              4.736031   data arrival time

                      0.000000   20.000000   20.000000   clock __VIRTUAL_CLK__ (rise edge)
                                  0.000000   20.000000   clock network delay (ideal)
                                 -0.250000   19.750002   clock uncertainty
                                  0.000000   19.750002   clock reconvergence pessimism
                                 -4.000000   15.750001   output external delay
                                             15.750001   data required time
---------------------------------------------------------------------------------------------
                                             15.750001   data required time
                                             -4.736031   data arrival time
---------------------------------------------------------------------------------------------
                                             11.013969   slack (MET)



