
===========================================================================
report_checks -unconstrained
===========================================================================
======================= nom_tt_025C_1v80 Corner ===================================

Startpoint: b[3] (input port clocked by __VIRTUAL_CLK__)
Endpoint: cout (output port clocked by __VIRTUAL_CLK__)
Path Group: __VIRTUAL_CLK__
Path Type: max

Fanout         Cap        Slew       Delay        Time   Description
---------------------------------------------------------------------------------------------
                      0.000000    0.000000    0.000000   clock __VIRTUAL_CLK__ (rise edge)
                                  0.000000    0.000000   clock network delay (ideal)
                                  4.000000    4.000000 v input external delay
     1    0.003161    0.009460    0.005049    4.005049 v b[3] (in)
                                                         b[3] (net)
                      0.009460    0.000000    4.005049 v input12/A (sky130_fd_sc_hd__clkbuf_1)
     3    0.007430    0.050799    0.094063    4.099113 v input12/X (sky130_fd_sc_hd__clkbuf_1)
                                                         net12 (net)
                      0.050799    0.000162    4.099274 v _40_/A (sky130_fd_sc_hd__or2_1)
     2    0.007702    0.071166    0.251652    4.350926 v _40_/X (sky130_fd_sc_hd__or2_1)
                                                         _01_ (net)
                      0.071166    0.000195    4.351121 v _70_/A1 (sky130_fd_sc_hd__a211o_1)
     1    0.002596    0.045841    0.256576    4.607697 v _70_/X (sky130_fd_sc_hd__a211o_1)
                                                         _27_ (net)
                      0.045841    0.000075    4.607771 v _71_/B1 (sky130_fd_sc_hd__a21oi_1)
     2    0.008654    0.212646    0.193763    4.801535 ^ _71_/Y (sky130_fd_sc_hd__a21oi_1)
                                                         _28_ (net)
                      0.212646    0.000262    4.801797 ^ _74_/A2 (sky130_fd_sc_hd__o31ai_2)
     3    0.012668    0.082117    0.125857    4.927654 v _74_/Y (sky130_fd_sc_hd__o31ai_2)
                                                         _31_ (net)
                      0.082118    0.000349    4.928003 v _81_/A2 (sky130_fd_sc_hd__a21bo_1)
     2    0.007745    0.056164    0.222654    5.150657 v _81_/X (sky130_fd_sc_hd__a21bo_1)
                                                         _37_ (net)
                      0.056164    0.000109    5.150766 v _86_/B1 (sky130_fd_sc_hd__o221a_1)
     1    0.001856    0.039779    0.214470    5.365236 v _86_/X (sky130_fd_sc_hd__o221a_1)
                                                         net18 (net)
                      0.039779    0.000052    5.365289 v output18/A (sky130_fd_sc_hd__buf_2)
     1    0.034370    0.089814    0.177964    5.543252 v output18/X (sky130_fd_sc_hd__buf_2)
                                                         cout (net)
                      0.089819    0.000752    5.544005 v cout (out)
                                              5.544005   data arrival time

                      0.000000   20.000000   20.000000   clock __VIRTUAL_CLK__ (rise edge)
                                  0.000000   20.000000   clock network delay (ideal)
                                 -0.250000   19.750002   clock uncertainty
                                  0.000000   19.750002   clock reconvergence pessimism
                                 -4.000000   15.750001   output external delay
                                             15.750001   data required time
---------------------------------------------------------------------------------------------
                                             15.750001   data required time
                                             -5.544005   data arrival time
---------------------------------------------------------------------------------------------
                                             10.205997   slack (MET)




===========================================================================
report_checks --slack_max -0.01
============================================================================
======================= nom_tt_025C_1v80 Corner ===================================

No paths found.


===========================================================================
 report_check_types -max_slew -max_cap -max_fanout -violators
============================================================================
======================= nom_tt_025C_1v80 Corner ===================================



===========================================================================
report_parasitic_annotation -report_unannotated
============================================================================
Found 0 unannotated drivers.
Found 0 partially unannotated drivers.

===========================================================================
max slew violation count 0
max fanout violation count 0
max cap violation count 0
============================================================================

===========================================================================
check_setup -verbose -unconstrained_endpoints -multiple_clock -no_clock -no_input_delay -loops -generated_clocks
===========================================================================
