
===========================================================================
report_checks -unconstrained
===========================================================================
======================= nom_tt_025C_1v80 Corner ===================================

Startpoint: rst (input port clocked by clk)
Endpoint: _459_ (recovery check against rising-edge clock clk)
Path Group: asynchronous
Path Type: max

Fanout         Cap        Slew       Delay        Time   Description
---------------------------------------------------------------------------------------------
                                  0.000000    0.000000   clock clk (rise edge)
                                  0.000000    0.000000   clock network delay (propagated)
                                  4.000000    4.000000 v input external delay
     1    0.002585    0.008135    0.004053    4.004053 v rst (in)
                                                         rst (net)
                      0.008135    0.000000    4.004053 v input33/A (sky130_fd_sc_hd__dlymetal6s2s_1)
     4    0.015014    0.087976    0.167625    4.171679 v input33/X (sky130_fd_sc_hd__dlymetal6s2s_1)
                                                         net33 (net)
                      0.087976    0.000172    4.171851 v fanout68/A (sky130_fd_sc_hd__buf_4)
    10    0.051645    0.078759    0.206607    4.378458 v fanout68/X (sky130_fd_sc_hd__buf_4)
                                                         net68 (net)
                      0.078760    0.000364    4.378822 v _218_/A (sky130_fd_sc_hd__inv_2)
     1    0.004610    0.035380    0.059665    4.438487 ^ _218_/Y (sky130_fd_sc_hd__inv_2)
                                                         _027_ (net)
                      0.035380    0.000019    4.438506 ^ _459_/RESET_B (sky130_fd_sc_hd__dfrtp_1)
                                              4.438506   data arrival time

                                 20.000000   20.000000   clock clk (rise edge)
                                  0.000000   20.000000   clock source latency
     1    0.012934    0.064224    0.043572   20.043573 ^ clk (in)
                                                         clk (net)
                      0.064226    0.000000   20.043573 ^ clkbuf_0_clk/A (sky130_fd_sc_hd__clkbuf_16)
     4    0.036129    0.056398    0.146166   20.189739 ^ clkbuf_0_clk/X (sky130_fd_sc_hd__clkbuf_16)
                                                         clknet_0_clk (net)
                      0.056398    0.000156   20.189896 ^ clkbuf_2_3__f_clk/A (sky130_fd_sc_hd__clkbuf_16)
     8    0.021403    0.043053    0.130990   20.320885 ^ clkbuf_2_3__f_clk/X (sky130_fd_sc_hd__clkbuf_16)
                                                         clknet_2_3__leaf_clk (net)
                      0.043053    0.000050   20.320934 ^ _459_/CLK (sky130_fd_sc_hd__dfrtp_1)
                                 -0.250000   20.070936   clock uncertainty
                                  0.000000   20.070936   clock reconvergence pessimism
                                  0.232227   20.303162   library recovery time
                                             20.303162   data required time
---------------------------------------------------------------------------------------------
                                             20.303162   data required time
                                             -4.438506   data arrival time
---------------------------------------------------------------------------------------------
                                             15.864657   slack (MET)


Startpoint: data_in[6] (input port clocked by clk)
Endpoint: _462_ (rising edge-triggered flip-flop clocked by clk)
Path Group: clk
Path Type: max

Fanout         Cap        Slew       Delay        Time   Description
---------------------------------------------------------------------------------------------
                                  0.000000    0.000000   clock clk (rise edge)
                                  0.000000    0.000000   clock network delay (propagated)
                                  4.000000    4.000000 ^ input external delay
     1    0.004328    0.026364    0.015655    4.015655 ^ data_in[6] (in)
                                                         data_in[6] (net)
                      0.026364    0.000000    4.015655 ^ input29/A (sky130_fd_sc_hd__buf_1)
     3    0.011905    0.146278    0.146311    4.161966 ^ input29/X (sky130_fd_sc_hd__buf_1)
                                                         net29 (net)
                      0.146278    0.000067    4.162033 ^ _272_/A (sky130_fd_sc_hd__xnor2_1)
     3    0.006101    0.072786    0.110331    4.272364 v _272_/Y (sky130_fd_sc_hd__xnor2_1)
                                                         _080_ (net)
                      0.072786    0.000017    4.272381 v _276_/A (sky130_fd_sc_hd__or3_1)
     3    0.007480    0.093808    0.407957    4.680337 v _276_/X (sky130_fd_sc_hd__or3_1)
                                                         _084_ (net)
                      0.093808    0.000020    4.680357 v _283_/A (sky130_fd_sc_hd__nor3_1)
     1    0.009269    0.321211    0.321451    5.001809 ^ _283_/Y (sky130_fd_sc_hd__nor3_1)
                                                         _091_ (net)
                      0.321211    0.000036    5.001844 ^ _284_/C1 (sky130_fd_sc_hd__o221ai_4)
     3    0.007935    0.111125    0.163547    5.165391 v _284_/Y (sky130_fd_sc_hd__o221ai_4)
                                                         _092_ (net)
                      0.111125    0.000025    5.165416 v _289_/A1 (sky130_fd_sc_hd__a211oi_1)
     2    0.005497    0.262495    0.275922    5.441338 ^ _289_/Y (sky130_fd_sc_hd__a211oi_1)
                                                         _097_ (net)
                      0.262495    0.000023    5.441361 ^ _307_/A1 (sky130_fd_sc_hd__o211a_1)
     2    0.004604    0.059002    0.206788    5.648149 ^ _307_/X (sky130_fd_sc_hd__o211a_1)
                                                         _115_ (net)
                      0.059002    0.000015    5.648164 ^ _321_/A1 (sky130_fd_sc_hd__o211ai_1)
     2    0.006051    0.095404    0.116303    5.764467 v _321_/Y (sky130_fd_sc_hd__o211ai_1)
                                                         _129_ (net)
                      0.095404    0.000040    5.764506 v _341_/A1 (sky130_fd_sc_hd__a211o_1)
     3    0.007525    0.070284    0.297040    6.061546 v _341_/X (sky130_fd_sc_hd__a211o_1)
                                                         _149_ (net)
                      0.070284    0.000035    6.061581 v _347_/A1 (sky130_fd_sc_hd__a21o_1)
     4    0.010207    0.063241    0.194024    6.255605 v _347_/X (sky130_fd_sc_hd__a21o_1)
                                                         _155_ (net)
                      0.063241    0.000040    6.255645 v _349_/A3 (sky130_fd_sc_hd__a311o_1)
     3    0.008955    0.083050    0.388613    6.644258 v _349_/X (sky130_fd_sc_hd__a311o_1)
                                                         _157_ (net)
                      0.083050    0.000035    6.644293 v _359_/A2 (sky130_fd_sc_hd__a31o_1)
     1    0.004717    0.046903    0.224786    6.869079 v _359_/X (sky130_fd_sc_hd__a31o_1)
                                                         _165_ (net)
                      0.046903    0.000008    6.869087 v _360_/B (sky130_fd_sc_hd__xnor2_1)
     1    0.002257    0.042440    0.114833    6.983920 v _360_/Y (sky130_fd_sc_hd__xnor2_1)
                                                         adder.cla_blocks[7].block.sum[2] (net)
                      0.042440    0.000004    6.983923 v _462_/D (sky130_fd_sc_hd__dfrtp_1)
                                              6.983923   data arrival time

                                 20.000000   20.000000   clock clk (rise edge)
                                  0.000000   20.000000   clock source latency
     1    0.012934    0.064224    0.043572   20.043573 ^ clk (in)
                                                         clk (net)
                      0.064226    0.000000   20.043573 ^ clkbuf_0_clk/A (sky130_fd_sc_hd__clkbuf_16)
     4    0.036129    0.056398    0.146166   20.189739 ^ clkbuf_0_clk/X (sky130_fd_sc_hd__clkbuf_16)
                                                         clknet_0_clk (net)
                      0.056398    0.000156   20.189896 ^ clkbuf_2_3__f_clk/A (sky130_fd_sc_hd__clkbuf_16)
     8    0.021403    0.043053    0.130990   20.320885 ^ clkbuf_2_3__f_clk/X (sky130_fd_sc_hd__clkbuf_16)
                                                         clknet_2_3__leaf_clk (net)
                      0.043053    0.000027   20.320911 ^ _462_/CLK (sky130_fd_sc_hd__dfrtp_1)
                                 -0.250000   20.070913   clock uncertainty
                                  0.000000   20.070913   clock reconvergence pessimism
                                 -0.113602   19.957312   library setup time
                                             19.957312   data required time
---------------------------------------------------------------------------------------------
                                             19.957312   data required time
                                             -6.983923   data arrival time
---------------------------------------------------------------------------------------------
                                             12.973388   slack (MET)




===========================================================================
report_checks --slack_max -0.01
============================================================================
======================= nom_tt_025C_1v80 Corner ===================================

No paths found.


===========================================================================
 report_check_types -max_slew -max_cap -max_fanout -violators
============================================================================
======================= nom_tt_025C_1v80 Corner ===================================



===========================================================================
report_parasitic_annotation -report_unannotated
============================================================================
Found 3 unannotated drivers.
 clkload0/X
 clkload1/X
 clkload2/X
Found 0 partially unannotated drivers.

===========================================================================
max slew violation count 0
Writing metric design__max_slew_violation__count__corner:nom_tt_025C_1v80: 0
max fanout violation count 0
Writing metric design__max_fanout_violation__count__corner:nom_tt_025C_1v80: 0
max cap violation count 0
Writing metric design__max_cap_violation__count__corner:nom_tt_025C_1v80: 0
============================================================================

===========================================================================
check_setup -verbose -unconstrained_endpoints -multiple_clock -no_clock -no_input_delay -loops -generated_clocks
===========================================================================
