Clock: clk
Sources: clk 
Generated: no
Virtual: yes
Propagated: no
Period: 20.000000

===========================================================================
report_clock_properties
============================================================================
Clock                   Period          Waveform
----------------------------------------------------
clk                  20.000000    0.000000 10.000000

===========================================================================
report_clock_latency
============================================================================
Clock clk
rise -> rise
    min     max
0.000000 0.000000 source latency
0.340020         network latency _461_/CLK
        0.346873 network latency _439_/CLK
---------------
0.340020 0.346873 latency
        0.006854 skew

fall -> fall
    min     max
0.000000 0.000000 source latency
0.325941         network latency _461_/CLK
        0.331784 network latency _439_/CLK
---------------
0.325941 0.331784 latency
        0.005842 skew



===========================================================================
report_clock_min_period
============================================================================
clk period_min = 3.77 fmax = 265.00
