Clock: clk
Sources: clk 
Generated: no
Virtual: yes
Propagated: no
Period: 20.000000

===========================================================================
report_clock_properties
============================================================================
Clock                   Period          Waveform
----------------------------------------------------
clk                  20.000000    0.000000 10.000000

===========================================================================
report_clock_latency
============================================================================
Clock clk
rise -> rise
    min     max
0.000000 0.000000 source latency
0.322481         network latency _441_/CLK
        0.324531 network latency _446_/CLK
---------------
0.322481 0.324531 latency
        0.002050 skew

fall -> fall
    min     max
0.000000 0.000000 source latency
0.314705         network latency _441_/CLK
        0.316436 network latency _446_/CLK
---------------
0.314705 0.316436 latency
        0.001731 skew



===========================================================================
report_clock_min_period
============================================================================
clk period_min = 3.64 fmax = 275.08
