
===========================================================================
report_checks -path_delay max (Setup)
============================================================================
======================= nom_tt_025C_1v80 Corner ===================================

Startpoint: data_in[1] (input port clocked by clk)
Endpoint: _98_ (rising edge-triggered flip-flop clocked by clk)
Path Group: clk
Path Type: max

Fanout         Cap        Slew       Delay        Time   Description
---------------------------------------------------------------------------------------------
                                  0.000000    0.000000   clock clk (rise edge)
                                  0.000000    0.000000   clock network delay (propagated)
                                  4.000000    4.000000 v input external delay
     1    0.003226    0.009622    0.005163    4.005163 v data_in[1] (in)
                                                         data_in[1] (net)
                      0.009623    0.000000    4.005163 v input2/A (sky130_fd_sc_hd__clkbuf_1)
     2    0.005903    0.042766    0.087100    4.092263 v input2/X (sky130_fd_sc_hd__clkbuf_1)
                                                         net2 (net)
                      0.042766    0.000179    4.092443 v _50_/A (sky130_fd_sc_hd__nand2_1)
     4    0.013825    0.136766    0.121537    4.213980 ^ _50_/Y (sky130_fd_sc_hd__nand2_1)
                                                         _15_ (net)
                      0.136767    0.000254    4.214233 ^ _54_/C_N (sky130_fd_sc_hd__or3b_1)
     3    0.008305    0.096754    0.400311    4.614544 v _54_/X (sky130_fd_sc_hd__or3b_1)
                                                         _19_ (net)
                      0.096754    0.000167    4.614711 v _55_/A2 (sky130_fd_sc_hd__a211o_1)
     4    0.011278    0.085227    0.351899    4.966610 v _55_/X (sky130_fd_sc_hd__a211o_1)
                                                         _20_ (net)
                      0.085227    0.000340    4.966950 v _60_/A2 (sky130_fd_sc_hd__a311o_1)
     4    0.011939    0.096204    0.372896    5.339846 v _60_/X (sky130_fd_sc_hd__a311o_1)
                                                         _25_ (net)
                      0.096205    0.000425    5.340271 v _70_/A2 (sky130_fd_sc_hd__a31o_1)
     1    0.004854    0.045854    0.230889    5.571160 v _70_/X (sky130_fd_sc_hd__a31o_1)
                                                         _33_ (net)
                      0.045854    0.000104    5.571264 v _71_/B (sky130_fd_sc_hd__xnor2_1)
     1    0.002413    0.042790    0.115380    5.686644 v _71_/Y (sky130_fd_sc_hd__xnor2_1)
                                                         adder.high.sum[2] (net)
                      0.042790    0.000052    5.686696 v _98_/D (sky130_fd_sc_hd__dfrtp_1)
                                              5.686696   data arrival time

                                 20.000000   20.000000   clock clk (rise edge)
                                  0.000000   20.000000   clock source latency
     1    0.010978    0.055789    0.037247   20.037247 ^ clk (in)
                                                         clk (net)
                      0.055791    0.000000   20.037247 ^ clkbuf_0_clk/A (sky130_fd_sc_hd__clkbuf_16)
     2    0.019050    0.041035    0.128294   20.165541 ^ clkbuf_0_clk/X (sky130_fd_sc_hd__clkbuf_16)
                                                         clknet_0_clk (net)
                      0.041038    0.000624   20.166164 ^ clkbuf_1_1__f_clk/A (sky130_fd_sc_hd__clkbuf_16)
     4    0.011760    0.034845    0.116051   20.282215 ^ clkbuf_1_1__f_clk/X (sky130_fd_sc_hd__clkbuf_16)
                                                         clknet_1_1__leaf_clk (net)
                      0.034845    0.000158   20.282373 ^ _98_/CLK (sky130_fd_sc_hd__dfrtp_1)
                                 -0.250000   20.032375   clock uncertainty
                                  0.000000   20.032375   clock reconvergence pessimism
                                 -0.115633   19.916742   library setup time
                                             19.916742   data required time
---------------------------------------------------------------------------------------------
                                             19.916742   data required time
                                             -5.686696   data arrival time
---------------------------------------------------------------------------------------------
                                             14.230047   slack (MET)


Startpoint: data_in[1] (input port clocked by clk)
Endpoint: _99_ (rising edge-triggered flip-flop clocked by clk)
Path Group: clk
Path Type: max

Fanout         Cap        Slew       Delay        Time   Description
---------------------------------------------------------------------------------------------
                                  0.000000    0.000000   clock clk (rise edge)
                                  0.000000    0.000000   clock network delay (propagated)
                                  4.000000    4.000000 v input external delay
     1    0.003226    0.009622    0.005163    4.005163 v data_in[1] (in)
                                                         data_in[1] (net)
                      0.009623    0.000000    4.005163 v input2/A (sky130_fd_sc_hd__clkbuf_1)
     2    0.005903    0.042766    0.087100    4.092263 v input2/X (sky130_fd_sc_hd__clkbuf_1)
                                                         net2 (net)
                      0.042766    0.000179    4.092443 v _50_/A (sky130_fd_sc_hd__nand2_1)
     4    0.013825    0.136766    0.121537    4.213980 ^ _50_/Y (sky130_fd_sc_hd__nand2_1)
                                                         _15_ (net)
                      0.136767    0.000254    4.214233 ^ _54_/C_N (sky130_fd_sc_hd__or3b_1)
     3    0.008305    0.096754    0.400311    4.614544 v _54_/X (sky130_fd_sc_hd__or3b_1)
                                                         _19_ (net)
                      0.096754    0.000167    4.614711 v _55_/A2 (sky130_fd_sc_hd__a211o_1)
     4    0.011278    0.085227    0.351899    4.966610 v _55_/X (sky130_fd_sc_hd__a211o_1)
                                                         _20_ (net)
                      0.085227    0.000340    4.966950 v _60_/A2 (sky130_fd_sc_hd__a311o_1)
     4    0.011939    0.096204    0.372896    5.339846 v _60_/X (sky130_fd_sc_hd__a311o_1)
                                                         _25_ (net)
                      0.096205    0.000419    5.340265 v _74_/A1 (sky130_fd_sc_hd__a21oi_1)
     1    0.006387    0.169885    0.188869    5.529134 ^ _74_/Y (sky130_fd_sc_hd__a21oi_1)
                                                         _36_ (net)
                      0.169886    0.000253    5.529387 ^ _76_/A (sky130_fd_sc_hd__xnor2_1)
     1    0.003386    0.126799    0.139266    5.668653 ^ _76_/Y (sky130_fd_sc_hd__xnor2_1)
                                                         adder.high.sum[3] (net)
                      0.126799    0.000119    5.668772 ^ _99_/D (sky130_fd_sc_hd__dfrtp_1)
                                              5.668772   data arrival time

                                 20.000000   20.000000   clock clk (rise edge)
                                  0.000000   20.000000   clock source latency
     1    0.010978    0.055789    0.037247   20.037247 ^ clk (in)
                                                         clk (net)
                      0.055791    0.000000   20.037247 ^ clkbuf_0_clk/A (sky130_fd_sc_hd__clkbuf_16)
     2    0.019050    0.041035    0.128294   20.165541 ^ clkbuf_0_clk/X (sky130_fd_sc_hd__clkbuf_16)
                                                         clknet_0_clk (net)
                      0.041038    0.000624   20.166164 ^ clkbuf_1_1__f_clk/A (sky130_fd_sc_hd__clkbuf_16)
     4    0.011760    0.034845    0.116051   20.282215 ^ clkbuf_1_1__f_clk/X (sky130_fd_sc_hd__clkbuf_16)
                                                         clknet_1_1__leaf_clk (net)
                      0.034845    0.000353   20.282570 ^ _99_/CLK (sky130_fd_sc_hd__dfrtp_1)
                                 -0.250000   20.032570   clock uncertainty
                                  0.000000   20.032570   clock reconvergence pessimism
                                 -0.080291   19.952278   library setup time
                                             19.952278   data required time
---------------------------------------------------------------------------------------------
                                             19.952278   data required time
                                             -5.668772   data arrival time
---------------------------------------------------------------------------------------------
                                             14.283506   slack (MET)


Startpoint: data_in[1] (input port clocked by clk)
Endpoint: _97_ (rising edge-triggered flip-flop clocked by clk)
Path Group: clk
Path Type: max

Fanout         Cap        Slew       Delay        Time   Description
---------------------------------------------------------------------------------------------
                                  0.000000    0.000000   clock clk (rise edge)
                                  0.000000    0.000000   clock network delay (propagated)
                                  4.000000    4.000000 v input external delay
     1    0.003226    0.009622    0.005163    4.005163 v data_in[1] (in)
                                                         data_in[1] (net)
                      0.009623    0.000000    4.005163 v input2/A (sky130_fd_sc_hd__clkbuf_1)
     2    0.005903    0.042766    0.087100    4.092263 v input2/X (sky130_fd_sc_hd__clkbuf_1)
                                                         net2 (net)
                      0.042766    0.000179    4.092443 v _50_/A (sky130_fd_sc_hd__nand2_1)
     4    0.013825    0.136766    0.121537    4.213980 ^ _50_/Y (sky130_fd_sc_hd__nand2_1)
                                                         _15_ (net)
                      0.136767    0.000254    4.214233 ^ _54_/C_N (sky130_fd_sc_hd__or3b_1)
     3    0.008305    0.096754    0.400311    4.614544 v _54_/X (sky130_fd_sc_hd__or3b_1)
                                                         _19_ (net)
                      0.096754    0.000167    4.614711 v _55_/A2 (sky130_fd_sc_hd__a211o_1)
     4    0.011278    0.085227    0.351899    4.966610 v _55_/X (sky130_fd_sc_hd__a211o_1)
                                                         _20_ (net)
                      0.085227    0.000340    4.966950 v _60_/A2 (sky130_fd_sc_hd__a311o_1)
     4    0.011939    0.096204    0.372896    5.339846 v _60_/X (sky130_fd_sc_hd__a311o_1)
                                                         _25_ (net)
                      0.096205    0.000422    5.340269 v _65_/B (sky130_fd_sc_hd__nand2_1)
     1    0.005439    0.068790    0.100614    5.440883 ^ _65_/Y (sky130_fd_sc_hd__nand2_1)
                                                         _29_ (net)
                      0.068790    0.000136    5.441019 ^ _66_/B (sky130_fd_sc_hd__xnor2_1)
     1    0.002849    0.116655    0.111613    5.552632 ^ _66_/Y (sky130_fd_sc_hd__xnor2_1)
                                                         adder.high.sum[1] (net)
                      0.116655    0.000089    5.552722 ^ _97_/D (sky130_fd_sc_hd__dfrtp_1)
                                              5.552722   data arrival time

                                 20.000000   20.000000   clock clk (rise edge)
                                  0.000000   20.000000   clock source latency
     1    0.010978    0.055789    0.037247   20.037247 ^ clk (in)
                                                         clk (net)
                      0.055791    0.000000   20.037247 ^ clkbuf_0_clk/A (sky130_fd_sc_hd__clkbuf_16)
     2    0.019050    0.041035    0.128294   20.165541 ^ clkbuf_0_clk/X (sky130_fd_sc_hd__clkbuf_16)
                                                         clknet_0_clk (net)
                      0.041038    0.000624   20.166164 ^ clkbuf_1_1__f_clk/A (sky130_fd_sc_hd__clkbuf_16)
     4    0.011760    0.034845    0.116051   20.282215 ^ clkbuf_1_1__f_clk/X (sky130_fd_sc_hd__clkbuf_16)
                                                         clknet_1_1__leaf_clk (net)
                      0.034845    0.000469   20.282684 ^ _97_/CLK (sky130_fd_sc_hd__dfrtp_1)
                                 -0.250000   20.032686   clock uncertainty
                                  0.000000   20.032686   clock reconvergence pessimism
                                 -0.077942   19.954742   library setup time
                                             19.954742   data required time
---------------------------------------------------------------------------------------------
                                             19.954742   data required time
                                             -5.552722   data arrival time
---------------------------------------------------------------------------------------------
                                             14.402021   slack (MET)


Startpoint: data_in[1] (input port clocked by clk)
Endpoint: _96_ (rising edge-triggered flip-flop clocked by clk)
Path Group: clk
Path Type: max

Fanout         Cap        Slew       Delay        Time   Description
---------------------------------------------------------------------------------------------
                                  0.000000    0.000000   clock clk (rise edge)
                                  0.000000    0.000000   clock network delay (propagated)
                                  4.000000    4.000000 v input external delay
     1    0.003226    0.009622    0.005163    4.005163 v data_in[1] (in)
                                                         data_in[1] (net)
                      0.009623    0.000000    4.005163 v input2/A (sky130_fd_sc_hd__clkbuf_1)
     2    0.005903    0.042766    0.087100    4.092263 v input2/X (sky130_fd_sc_hd__clkbuf_1)
                                                         net2 (net)
                      0.042766    0.000179    4.092443 v _50_/A (sky130_fd_sc_hd__nand2_1)
     4    0.013825    0.136766    0.121537    4.213980 ^ _50_/Y (sky130_fd_sc_hd__nand2_1)
                                                         _15_ (net)
                      0.136767    0.000254    4.214233 ^ _54_/C_N (sky130_fd_sc_hd__or3b_1)
     3    0.008305    0.096754    0.400311    4.614544 v _54_/X (sky130_fd_sc_hd__or3b_1)
                                                         _19_ (net)
                      0.096754    0.000167    4.614711 v _55_/A2 (sky130_fd_sc_hd__a211o_1)
     4    0.011278    0.085227    0.351899    4.966610 v _55_/X (sky130_fd_sc_hd__a211o_1)
                                                         _20_ (net)
                      0.085227    0.000340    4.966950 v _60_/A2 (sky130_fd_sc_hd__a311o_1)
     4    0.011939    0.096204    0.372896    5.339846 v _60_/X (sky130_fd_sc_hd__a311o_1)
                                                         _25_ (net)
                      0.096204    0.000238    5.340084 v _61_/B (sky130_fd_sc_hd__and2_1)
     1    0.002728    0.034702    0.172958    5.513042 v _61_/X (sky130_fd_sc_hd__and2_1)
                                                         adder.high.sum[0] (net)
                      0.034702    0.000062    5.513104 v _96_/D (sky130_fd_sc_hd__dfrtp_1)
                                              5.513104   data arrival time

                                 20.000000   20.000000   clock clk (rise edge)
                                  0.000000   20.000000   clock source latency
     1    0.010978    0.055789    0.037247   20.037247 ^ clk (in)
                                                         clk (net)
                      0.055791    0.000000   20.037247 ^ clkbuf_0_clk/A (sky130_fd_sc_hd__clkbuf_16)
     2    0.019050    0.041035    0.128294   20.165541 ^ clkbuf_0_clk/X (sky130_fd_sc_hd__clkbuf_16)
                                                         clknet_0_clk (net)
                      0.041038    0.000599   20.166140 ^ clkbuf_1_0__f_clk/A (sky130_fd_sc_hd__clkbuf_16)
     4    0.011318    0.034463    0.115664   20.281803 ^ clkbuf_1_0__f_clk/X (sky130_fd_sc_hd__clkbuf_16)
                                                         clknet_1_0__leaf_clk (net)
                      0.034463    0.000254   20.282057 ^ _96_/CLK (sky130_fd_sc_hd__dfrtp_1)
                                 -0.250000   20.032059   clock uncertainty
                                  0.000000   20.032059   clock reconvergence pessimism
                                 -0.112189   19.919868   library setup time
                                             19.919868   data required time
---------------------------------------------------------------------------------------------
                                             19.919868   data required time
                                             -5.513104   data arrival time
---------------------------------------------------------------------------------------------
                                             14.406765   slack (MET)


Startpoint: data_in[1] (input port clocked by clk)
Endpoint: _95_ (rising edge-triggered flip-flop clocked by clk)
Path Group: clk
Path Type: max

Fanout         Cap        Slew       Delay        Time   Description
---------------------------------------------------------------------------------------------
                                  0.000000    0.000000   clock clk (rise edge)
                                  0.000000    0.000000   clock network delay (propagated)
                                  4.000000    4.000000 v input external delay
     1    0.003226    0.009622    0.005163    4.005163 v data_in[1] (in)
                                                         data_in[1] (net)
                      0.009623    0.000000    4.005163 v input2/A (sky130_fd_sc_hd__clkbuf_1)
     2    0.005903    0.042766    0.087100    4.092263 v input2/X (sky130_fd_sc_hd__clkbuf_1)
                                                         net2 (net)
                      0.042766    0.000179    4.092443 v _50_/A (sky130_fd_sc_hd__nand2_1)
     4    0.013825    0.136766    0.121537    4.213980 ^ _50_/Y (sky130_fd_sc_hd__nand2_1)
                                                         _15_ (net)
                      0.136767    0.000254    4.214233 ^ _54_/C_N (sky130_fd_sc_hd__or3b_1)
     3    0.008305    0.096754    0.400311    4.614544 v _54_/X (sky130_fd_sc_hd__or3b_1)
                                                         _19_ (net)
                      0.096754    0.000167    4.614711 v _55_/A2 (sky130_fd_sc_hd__a211o_1)
     4    0.011278    0.085227    0.351899    4.966610 v _55_/X (sky130_fd_sc_hd__a211o_1)
                                                         _20_ (net)
                      0.085227    0.000384    4.966994 v _81_/B (sky130_fd_sc_hd__nand2_1)
     1    0.005202    0.065931    0.094185    5.061179 ^ _81_/Y (sky130_fd_sc_hd__nand2_1)
                                                         _40_ (net)
                      0.065931    0.000118    5.061297 ^ _82_/B (sky130_fd_sc_hd__xnor2_1)
     1    0.002424    0.108592    0.107351    5.168648 ^ _82_/Y (sky130_fd_sc_hd__xnor2_1)
                                                         adder.low.sum[3] (net)
                      0.108592    0.000052    5.168699 ^ _95_/D (sky130_fd_sc_hd__dfrtp_1)
                                              5.168699   data arrival time

                                 20.000000   20.000000   clock clk (rise edge)
                                  0.000000   20.000000   clock source latency
     1    0.010978    0.055789    0.037247   20.037247 ^ clk (in)
                                                         clk (net)
                      0.055791    0.000000   20.037247 ^ clkbuf_0_clk/A (sky130_fd_sc_hd__clkbuf_16)
     2    0.019050    0.041035    0.128294   20.165541 ^ clkbuf_0_clk/X (sky130_fd_sc_hd__clkbuf_16)
                                                         clknet_0_clk (net)
                      0.041038    0.000624   20.166164 ^ clkbuf_1_1__f_clk/A (sky130_fd_sc_hd__clkbuf_16)
     4    0.011760    0.034845    0.116051   20.282215 ^ clkbuf_1_1__f_clk/X (sky130_fd_sc_hd__clkbuf_16)
                                                         clknet_1_1__leaf_clk (net)
                      0.034845    0.000417   20.282633 ^ _95_/CLK (sky130_fd_sc_hd__dfrtp_1)
                                 -0.250000   20.032635   clock uncertainty
                                  0.000000   20.032635   clock reconvergence pessimism
                                 -0.076076   19.956558   library setup time
                                             19.956558   data required time
---------------------------------------------------------------------------------------------
                                             19.956558   data required time
                                             -5.168699   data arrival time
---------------------------------------------------------------------------------------------
                                             14.787858   slack (MET)


Startpoint: data_in[1] (input port clocked by clk)
Endpoint: _94_ (rising edge-triggered flip-flop clocked by clk)
Path Group: clk
Path Type: max

Fanout         Cap        Slew       Delay        Time   Description
---------------------------------------------------------------------------------------------
                                  0.000000    0.000000   clock clk (rise edge)
                                  0.000000    0.000000   clock network delay (propagated)
                                  4.000000    4.000000 v input external delay
     1    0.003226    0.009622    0.005163    4.005163 v data_in[1] (in)
                                                         data_in[1] (net)
                      0.009623    0.000000    4.005163 v input2/A (sky130_fd_sc_hd__clkbuf_1)
     2    0.005903    0.042766    0.087100    4.092263 v input2/X (sky130_fd_sc_hd__clkbuf_1)
                                                         net2 (net)
                      0.042766    0.000179    4.092443 v _50_/A (sky130_fd_sc_hd__nand2_1)
     4    0.013825    0.136766    0.121537    4.213980 ^ _50_/Y (sky130_fd_sc_hd__nand2_1)
                                                         _15_ (net)
                      0.136767    0.000254    4.214233 ^ _54_/C_N (sky130_fd_sc_hd__or3b_1)
     3    0.008305    0.096754    0.400311    4.614544 v _54_/X (sky130_fd_sc_hd__or3b_1)
                                                         _19_ (net)
                      0.096754    0.000167    4.614711 v _55_/A2 (sky130_fd_sc_hd__a211o_1)
     4    0.011278    0.085227    0.351899    4.966610 v _55_/X (sky130_fd_sc_hd__a211o_1)
                                                         _20_ (net)
                      0.085227    0.000154    4.966764 v _80_/A (sky130_fd_sc_hd__and2_1)
     1    0.002530    0.033907    0.148002    5.114766 v _80_/X (sky130_fd_sc_hd__and2_1)
                                                         adder.low.sum[2] (net)
                      0.033907    0.000056    5.114822 v _94_/D (sky130_fd_sc_hd__dfrtp_1)
                                              5.114822   data arrival time

                                 20.000000   20.000000   clock clk (rise edge)
                                  0.000000   20.000000   clock source latency
     1    0.010978    0.055789    0.037247   20.037247 ^ clk (in)
                                                         clk (net)
                      0.055791    0.000000   20.037247 ^ clkbuf_0_clk/A (sky130_fd_sc_hd__clkbuf_16)
     2    0.019050    0.041035    0.128294   20.165541 ^ clkbuf_0_clk/X (sky130_fd_sc_hd__clkbuf_16)
                                                         clknet_0_clk (net)
                      0.041038    0.000599   20.166140 ^ clkbuf_1_0__f_clk/A (sky130_fd_sc_hd__clkbuf_16)
     4    0.011318    0.034463    0.115664   20.281803 ^ clkbuf_1_0__f_clk/X (sky130_fd_sc_hd__clkbuf_16)
                                                         clknet_1_0__leaf_clk (net)
                      0.034463    0.000197   20.282001 ^ _94_/CLK (sky130_fd_sc_hd__dfrtp_1)
                                 -0.250000   20.032001   clock uncertainty
                                  0.000000   20.032001   clock reconvergence pessimism
                                 -0.111842   19.920160   library setup time
                                             19.920160   data required time
---------------------------------------------------------------------------------------------
                                             19.920160   data required time
                                             -5.114822   data arrival time
---------------------------------------------------------------------------------------------
                                             14.805338   slack (MET)


Startpoint: _94_ (rising edge-triggered flip-flop clocked by clk)
Endpoint: acc[2] (output port clocked by clk)
Path Group: clk
Path Type: max

Fanout         Cap        Slew       Delay        Time   Description
---------------------------------------------------------------------------------------------
                                  0.000000    0.000000   clock clk (rise edge)
                                  0.000000    0.000000   clock source latency
     1    0.010978    0.055789    0.037247    0.037247 ^ clk (in)
                                                         clk (net)
                      0.055791    0.000000    0.037247 ^ clkbuf_0_clk/A (sky130_fd_sc_hd__clkbuf_16)
     2    0.019050    0.041035    0.128294    0.165541 ^ clkbuf_0_clk/X (sky130_fd_sc_hd__clkbuf_16)
                                                         clknet_0_clk (net)
                      0.041038    0.000598    0.166138 ^ clkbuf_1_0__f_clk/A (sky130_fd_sc_hd__clkbuf_16)
     4    0.011318    0.034463    0.115664    0.281802 ^ clkbuf_1_0__f_clk/X (sky130_fd_sc_hd__clkbuf_16)
                                                         clknet_1_0__leaf_clk (net)
                      0.034463    0.000198    0.282000 ^ _94_/CLK (sky130_fd_sc_hd__dfrtp_1)
     4    0.011691    0.114093    0.369366    0.651366 ^ _94_/Q (sky130_fd_sc_hd__dfrtp_1)
                                                         net12 (net)
                      0.114093    0.000331    0.651697 ^ output12/A (sky130_fd_sc_hd__buf_2)
     1    0.034441    0.171395    0.223976    0.875673 ^ output12/X (sky130_fd_sc_hd__buf_2)
                                                         acc[2] (net)
                      0.171396    0.000860    0.876533 ^ acc[2] (out)
                                              0.876533   data arrival time

                                 20.000000   20.000000   clock clk (rise edge)
                                  0.000000   20.000000   clock network delay (propagated)
                                 -0.250000   19.750002   clock uncertainty
                                  0.000000   19.750002   clock reconvergence pessimism
                                 -4.000000   15.750001   output external delay
                                             15.750001   data required time
---------------------------------------------------------------------------------------------
                                             15.750001   data required time
                                             -0.876533   data arrival time
---------------------------------------------------------------------------------------------
                                             14.873467   slack (MET)


Startpoint: _98_ (rising edge-triggered flip-flop clocked by clk)
Endpoint: acc[6] (output port clocked by clk)
Path Group: clk
Path Type: max

Fanout         Cap        Slew       Delay        Time   Description
---------------------------------------------------------------------------------------------
                                  0.000000    0.000000   clock clk (rise edge)
                                  0.000000    0.000000   clock source latency
     1    0.010978    0.055789    0.037247    0.037247 ^ clk (in)
                                                         clk (net)
                      0.055791    0.000000    0.037247 ^ clkbuf_0_clk/A (sky130_fd_sc_hd__clkbuf_16)
     2    0.019050    0.041035    0.128294    0.165541 ^ clkbuf_0_clk/X (sky130_fd_sc_hd__clkbuf_16)
                                                         clknet_0_clk (net)
                      0.041038    0.000623    0.166164 ^ clkbuf_1_1__f_clk/A (sky130_fd_sc_hd__clkbuf_16)
     4    0.011760    0.034845    0.116051    0.282215 ^ clkbuf_1_1__f_clk/X (sky130_fd_sc_hd__clkbuf_16)
                                                         clknet_1_1__leaf_clk (net)
                      0.034845    0.000159    0.282373 ^ _98_/CLK (sky130_fd_sc_hd__dfrtp_1)
     3    0.009266    0.094397    0.354764    0.637137 ^ _98_/Q (sky130_fd_sc_hd__dfrtp_1)
                                                         net16 (net)
                      0.094397    0.000197    0.637334 ^ output16/A (sky130_fd_sc_hd__buf_2)
     1    0.034943    0.173657    0.218253    0.855587 ^ output16/X (sky130_fd_sc_hd__buf_2)
                                                         acc[6] (net)
                      0.173661    0.001053    0.856640 ^ acc[6] (out)
                                              0.856640   data arrival time

                                 20.000000   20.000000   clock clk (rise edge)
                                  0.000000   20.000000   clock network delay (propagated)
                                 -0.250000   19.750002   clock uncertainty
                                  0.000000   19.750002   clock reconvergence pessimism
                                 -4.000000   15.750001   output external delay
                                             15.750001   data required time
---------------------------------------------------------------------------------------------
                                             15.750001   data required time
                                             -0.856640   data arrival time
---------------------------------------------------------------------------------------------
                                             14.893361   slack (MET)


Startpoint: _97_ (rising edge-triggered flip-flop clocked by clk)
Endpoint: acc[5] (output port clocked by clk)
Path Group: clk
Path Type: max

Fanout         Cap        Slew       Delay        Time   Description
---------------------------------------------------------------------------------------------
                                  0.000000    0.000000   clock clk (rise edge)
                                  0.000000    0.000000   clock source latency
     1    0.010978    0.055789    0.037247    0.037247 ^ clk (in)
                                                         clk (net)
                      0.055791    0.000000    0.037247 ^ clkbuf_0_clk/A (sky130_fd_sc_hd__clkbuf_16)
     2    0.019050    0.041035    0.128294    0.165541 ^ clkbuf_0_clk/X (sky130_fd_sc_hd__clkbuf_16)
                                                         clknet_0_clk (net)
                      0.041038    0.000623    0.166164 ^ clkbuf_1_1__f_clk/A (sky130_fd_sc_hd__clkbuf_16)
     4    0.011760    0.034845    0.116051    0.282215 ^ clkbuf_1_1__f_clk/X (sky130_fd_sc_hd__clkbuf_16)
                                                         clknet_1_1__leaf_clk (net)
                      0.034845    0.000470    0.282684 ^ _97_/CLK (sky130_fd_sc_hd__dfrtp_1)
     3    0.009084    0.093148    0.353559    0.636243 ^ _97_/Q (sky130_fd_sc_hd__dfrtp_1)
                                                         net15 (net)
                      0.093148    0.000216    0.636459 ^ output15/A (sky130_fd_sc_hd__buf_2)
     1    0.035049    0.174152    0.218120    0.854579 ^ output15/X (sky130_fd_sc_hd__buf_2)
                                                         acc[5] (net)
                      0.174156    0.001092    0.855671 ^ acc[5] (out)
                                              0.855671   data arrival time

                                 20.000000   20.000000   clock clk (rise edge)
                                  0.000000   20.000000   clock network delay (propagated)
                                 -0.250000   19.750002   clock uncertainty
                                  0.000000   19.750002   clock reconvergence pessimism
                                 -4.000000   15.750001   output external delay
                                             15.750001   data required time
---------------------------------------------------------------------------------------------
                                             15.750001   data required time
                                             -0.855671   data arrival time
---------------------------------------------------------------------------------------------
                                             14.894331   slack (MET)


Startpoint: _93_ (rising edge-triggered flip-flop clocked by clk)
Endpoint: acc[1] (output port clocked by clk)
Path Group: clk
Path Type: max

Fanout         Cap        Slew       Delay        Time   Description
---------------------------------------------------------------------------------------------
                                  0.000000    0.000000   clock clk (rise edge)
                                  0.000000    0.000000   clock source latency
     1    0.010978    0.055789    0.037247    0.037247 ^ clk (in)
                                                         clk (net)
                      0.055791    0.000000    0.037247 ^ clkbuf_0_clk/A (sky130_fd_sc_hd__clkbuf_16)
     2    0.019050    0.041035    0.128294    0.165541 ^ clkbuf_0_clk/X (sky130_fd_sc_hd__clkbuf_16)
                                                         clknet_0_clk (net)
                      0.041038    0.000598    0.166138 ^ clkbuf_1_0__f_clk/A (sky130_fd_sc_hd__clkbuf_16)
     4    0.011318    0.034463    0.115664    0.281802 ^ clkbuf_1_0__f_clk/X (sky130_fd_sc_hd__clkbuf_16)
                                                         clknet_1_0__leaf_clk (net)
                      0.034463    0.000169    0.281972 ^ _93_/CLK (sky130_fd_sc_hd__dfrtp_1)
     3    0.008431    0.065711    0.380175    0.662147 v _93_/Q (sky130_fd_sc_hd__dfrtp_1)
                                                         net11 (net)
                      0.065711    0.000177    0.662324 v output11/A (sky130_fd_sc_hd__buf_2)
     1    0.033822    0.088627    0.188285    0.850608 v output11/X (sky130_fd_sc_hd__buf_2)
                                                         acc[1] (net)
                      0.088636    0.000917    0.851526 v acc[1] (out)
                                              0.851526   data arrival time

                                 20.000000   20.000000   clock clk (rise edge)
                                  0.000000   20.000000   clock network delay (propagated)
                                 -0.250000   19.750002   clock uncertainty
                                  0.000000   19.750002   clock reconvergence pessimism
                                 -4.000000   15.750001   output external delay
                                             15.750001   data required time
---------------------------------------------------------------------------------------------
                                             15.750001   data required time
                                             -0.851526   data arrival time
---------------------------------------------------------------------------------------------
                                             14.898475   slack (MET)


Startpoint: _95_ (rising edge-triggered flip-flop clocked by clk)
Endpoint: acc[3] (output port clocked by clk)
Path Group: clk
Path Type: max

Fanout         Cap        Slew       Delay        Time   Description
---------------------------------------------------------------------------------------------
                                  0.000000    0.000000   clock clk (rise edge)
                                  0.000000    0.000000   clock source latency
     1    0.010978    0.055789    0.037247    0.037247 ^ clk (in)
                                                         clk (net)
                      0.055791    0.000000    0.037247 ^ clkbuf_0_clk/A (sky130_fd_sc_hd__clkbuf_16)
     2    0.019050    0.041035    0.128294    0.165541 ^ clkbuf_0_clk/X (sky130_fd_sc_hd__clkbuf_16)
                                                         clknet_0_clk (net)
                      0.041038    0.000623    0.166164 ^ clkbuf_1_1__f_clk/A (sky130_fd_sc_hd__clkbuf_16)
     4    0.011760    0.034845    0.116051    0.282215 ^ clkbuf_1_1__f_clk/X (sky130_fd_sc_hd__clkbuf_16)
                                                         clknet_1_1__leaf_clk (net)
                      0.034845    0.000418    0.282632 ^ _95_/CLK (sky130_fd_sc_hd__dfrtp_1)
     3    0.007915    0.063330    0.377551    0.660184 v _95_/Q (sky130_fd_sc_hd__dfrtp_1)
                                                         net13 (net)
                      0.063330    0.000126    0.660310 v output13/A (sky130_fd_sc_hd__buf_2)
     1    0.034910    0.091002    0.189156    0.849465 v output13/X (sky130_fd_sc_hd__buf_2)
                                                         acc[3] (net)
                      0.091013    0.001020    0.850485 v acc[3] (out)
                                              0.850485   data arrival time

                                 20.000000   20.000000   clock clk (rise edge)
                                  0.000000   20.000000   clock network delay (propagated)
                                 -0.250000   19.750002   clock uncertainty
                                  0.000000   19.750002   clock reconvergence pessimism
                                 -4.000000   15.750001   output external delay
                                             15.750001   data required time
---------------------------------------------------------------------------------------------
                                             15.750001   data required time
                                             -0.850485   data arrival time
---------------------------------------------------------------------------------------------
                                             14.899516   slack (MET)


Startpoint: _99_ (rising edge-triggered flip-flop clocked by clk)
Endpoint: acc[7] (output port clocked by clk)
Path Group: clk
Path Type: max

Fanout         Cap        Slew       Delay        Time   Description
---------------------------------------------------------------------------------------------
                                  0.000000    0.000000   clock clk (rise edge)
                                  0.000000    0.000000   clock source latency
     1    0.010978    0.055789    0.037247    0.037247 ^ clk (in)
                                                         clk (net)
                      0.055791    0.000000    0.037247 ^ clkbuf_0_clk/A (sky130_fd_sc_hd__clkbuf_16)
     2    0.019050    0.041035    0.128294    0.165541 ^ clkbuf_0_clk/X (sky130_fd_sc_hd__clkbuf_16)
                                                         clknet_0_clk (net)
                      0.041038    0.000623    0.166164 ^ clkbuf_1_1__f_clk/A (sky130_fd_sc_hd__clkbuf_16)
     4    0.011760    0.034845    0.116051    0.282215 ^ clkbuf_1_1__f_clk/X (sky130_fd_sc_hd__clkbuf_16)
                                                         clknet_1_1__leaf_clk (net)
                      0.034845    0.000353    0.282568 ^ _99_/CLK (sky130_fd_sc_hd__dfrtp_1)
     2    0.007585    0.061689    0.375733    0.658300 v _99_/Q (sky130_fd_sc_hd__dfrtp_1)
                                                         net17 (net)
                      0.061689    0.000230    0.658530 v output17/A (sky130_fd_sc_hd__buf_2)
     1    0.034610    0.090319    0.187917    0.846447 v output17/X (sky130_fd_sc_hd__buf_2)
                                                         acc[7] (net)
                      0.090328    0.000928    0.847375 v acc[7] (out)
                                              0.847375   data arrival time

                                 20.000000   20.000000   clock clk (rise edge)
                                  0.000000   20.000000   clock network delay (propagated)
                                 -0.250000   19.750002   clock uncertainty
                                  0.000000   19.750002   clock reconvergence pessimism
                                 -4.000000   15.750001   output external delay
                                             15.750001   data required time
---------------------------------------------------------------------------------------------
                                             15.750001   data required time
                                             -0.847375   data arrival time
---------------------------------------------------------------------------------------------
                                             14.902625   slack (MET)


Startpoint: _96_ (rising edge-triggered flip-flop clocked by clk)
Endpoint: acc[4] (output port clocked by clk)
Path Group: clk
Path Type: max

Fanout         Cap        Slew       Delay        Time   Description
---------------------------------------------------------------------------------------------
                                  0.000000    0.000000   clock clk (rise edge)
                                  0.000000    0.000000   clock source latency
     1    0.010978    0.055789    0.037247    0.037247 ^ clk (in)
                                                         clk (net)
                      0.055791    0.000000    0.037247 ^ clkbuf_0_clk/A (sky130_fd_sc_hd__clkbuf_16)
     2    0.019050    0.041035    0.128294    0.165541 ^ clkbuf_0_clk/X (sky130_fd_sc_hd__clkbuf_16)
                                                         clknet_0_clk (net)
                      0.041038    0.000598    0.166138 ^ clkbuf_1_0__f_clk/A (sky130_fd_sc_hd__clkbuf_16)
     4    0.011318    0.034463    0.115664    0.281802 ^ clkbuf_1_0__f_clk/X (sky130_fd_sc_hd__clkbuf_16)
                                                         clknet_1_0__leaf_clk (net)
                      0.034463    0.000254    0.282057 ^ _96_/CLK (sky130_fd_sc_hd__dfrtp_1)
     3    0.007667    0.062102    0.376040    0.658097 v _96_/Q (sky130_fd_sc_hd__dfrtp_1)
                                                         net14 (net)
                      0.062102    0.000243    0.658340 v output14/A (sky130_fd_sc_hd__buf_2)
     1    0.033844    0.088673    0.186681    0.845021 v output14/X (sky130_fd_sc_hd__buf_2)
                                                         acc[4] (net)
                      0.088682    0.000921    0.845942 v acc[4] (out)
                                              0.845942   data arrival time

                                 20.000000   20.000000   clock clk (rise edge)
                                  0.000000   20.000000   clock network delay (propagated)
                                 -0.250000   19.750002   clock uncertainty
                                  0.000000   19.750002   clock reconvergence pessimism
                                 -4.000000   15.750001   output external delay
                                             15.750001   data required time
---------------------------------------------------------------------------------------------
                                             15.750001   data required time
                                             -0.845942   data arrival time
---------------------------------------------------------------------------------------------
                                             14.904058   slack (MET)


Startpoint: _92_ (rising edge-triggered flip-flop clocked by clk)
Endpoint: acc[0] (output port clocked by clk)
Path Group: clk
Path Type: max

Fanout         Cap        Slew       Delay        Time   Description
---------------------------------------------------------------------------------------------
                                  0.000000    0.000000   clock clk (rise edge)
                                  0.000000    0.000000   clock source latency
     1    0.010978    0.055789    0.037247    0.037247 ^ clk (in)
                                                         clk (net)
                      0.055791    0.000000    0.037247 ^ clkbuf_0_clk/A (sky130_fd_sc_hd__clkbuf_16)
     2    0.019050    0.041035    0.128294    0.165541 ^ clkbuf_0_clk/X (sky130_fd_sc_hd__clkbuf_16)
                                                         clknet_0_clk (net)
                      0.041038    0.000598    0.166138 ^ clkbuf_1_0__f_clk/A (sky130_fd_sc_hd__clkbuf_16)
     4    0.011318    0.034463    0.115664    0.281802 ^ clkbuf_1_0__f_clk/X (sky130_fd_sc_hd__clkbuf_16)
                                                         clknet_1_0__leaf_clk (net)
                      0.034463    0.000244    0.282046 ^ _92_/CLK (sky130_fd_sc_hd__dfrtp_1)
     3    0.007161    0.059533    0.373363    0.655410 v _92_/Q (sky130_fd_sc_hd__dfrtp_1)
                                                         net10 (net)
                      0.059533    0.000158    0.655568 v output10/A (sky130_fd_sc_hd__buf_2)
     1    0.034211    0.089485    0.186146    0.841714 v output10/X (sky130_fd_sc_hd__buf_2)
                                                         acc[0] (net)
                      0.089496    0.000987    0.842701 v acc[0] (out)
                                              0.842701   data arrival time

                                 20.000000   20.000000   clock clk (rise edge)
                                  0.000000   20.000000   clock network delay (propagated)
                                 -0.250000   19.750002   clock uncertainty
                                  0.000000   19.750002   clock reconvergence pessimism
                                 -4.000000   15.750001   output external delay
                                             15.750001   data required time
---------------------------------------------------------------------------------------------
                                             15.750001   data required time
                                             -0.842701   data arrival time
---------------------------------------------------------------------------------------------
                                             14.907301   slack (MET)


Startpoint: data_in[1] (input port clocked by clk)
Endpoint: _93_ (rising edge-triggered flip-flop clocked by clk)
Path Group: clk
Path Type: max

Fanout         Cap        Slew       Delay        Time   Description
---------------------------------------------------------------------------------------------
                                  0.000000    0.000000   clock clk (rise edge)
                                  0.000000    0.000000   clock network delay (propagated)
                                  4.000000    4.000000 v input external delay
     1    0.003226    0.009622    0.005163    4.005163 v data_in[1] (in)
                                                         data_in[1] (net)
                      0.009623    0.000000    4.005163 v input2/A (sky130_fd_sc_hd__clkbuf_1)
     2    0.005903    0.042766    0.087100    4.092263 v input2/X (sky130_fd_sc_hd__clkbuf_1)
                                                         net2 (net)
                      0.042766    0.000179    4.092443 v _50_/A (sky130_fd_sc_hd__nand2_1)
     4    0.013825    0.136766    0.121537    4.213980 ^ _50_/Y (sky130_fd_sc_hd__nand2_1)
                                                         _15_ (net)
                      0.136767    0.000254    4.214233 ^ _54_/C_N (sky130_fd_sc_hd__or3b_1)
     3    0.008305    0.096754    0.400311    4.614544 v _54_/X (sky130_fd_sc_hd__or3b_1)
                                                         _19_ (net)
                      0.096754    0.000155    4.614698 v _78_/A (sky130_fd_sc_hd__and2_1)
     1    0.003807    0.039316    0.160082    4.774780 v _78_/X (sky130_fd_sc_hd__and2_1)
                                                         adder.low.sum[1] (net)
                      0.039316    0.000136    4.774917 v _93_/D (sky130_fd_sc_hd__dfrtp_1)
                                              4.774917   data arrival time

                                 20.000000   20.000000   clock clk (rise edge)
                                  0.000000   20.000000   clock source latency
     1    0.010978    0.055789    0.037247   20.037247 ^ clk (in)
                                                         clk (net)
                      0.055791    0.000000   20.037247 ^ clkbuf_0_clk/A (sky130_fd_sc_hd__clkbuf_16)
     2    0.019050    0.041035    0.128294   20.165541 ^ clkbuf_0_clk/X (sky130_fd_sc_hd__clkbuf_16)
                                                         clknet_0_clk (net)
                      0.041038    0.000599   20.166140 ^ clkbuf_1_0__f_clk/A (sky130_fd_sc_hd__clkbuf_16)
     4    0.011318    0.034463    0.115664   20.281803 ^ clkbuf_1_0__f_clk/X (sky130_fd_sc_hd__clkbuf_16)
                                                         clknet_1_0__leaf_clk (net)
                      0.034463    0.000169   20.281973 ^ _93_/CLK (sky130_fd_sc_hd__dfrtp_1)
                                 -0.250000   20.031973   clock uncertainty
                                  0.000000   20.031973   clock reconvergence pessimism
                                 -0.114203   19.917768   library setup time
                                             19.917768   data required time
---------------------------------------------------------------------------------------------
                                             19.917768   data required time
                                             -4.774917   data arrival time
---------------------------------------------------------------------------------------------
                                             15.142853   slack (MET)


Startpoint: data_in[0] (input port clocked by clk)
Endpoint: _92_ (rising edge-triggered flip-flop clocked by clk)
Path Group: clk
Path Type: max

Fanout         Cap        Slew       Delay        Time   Description
---------------------------------------------------------------------------------------------
                                  0.000000    0.000000   clock clk (rise edge)
                                  0.000000    0.000000   clock network delay (propagated)
                                  4.000000    4.000000 v input external delay
     1    0.003574    0.010416    0.005762    4.005762 v data_in[0] (in)
                                                         data_in[0] (net)
                      0.010421    0.000000    4.005762 v input1/A (sky130_fd_sc_hd__clkbuf_1)
     2    0.004945    0.037629    0.083031    4.088792 v input1/X (sky130_fd_sc_hd__clkbuf_1)
                                                         net1 (net)
                      0.037629    0.000143    4.088936 v _83_/A (sky130_fd_sc_hd__or2_1)
     1    0.001943    0.043212    0.210585    4.299521 v _83_/X (sky130_fd_sc_hd__or2_1)
                                                         _41_ (net)
                      0.043212    0.000041    4.299562 v _84_/B (sky130_fd_sc_hd__and2_1)
     1    0.002744    0.034819    0.148884    4.448446 v _84_/X (sky130_fd_sc_hd__and2_1)
                                                         adder.low.p[0] (net)
                      0.034819    0.000063    4.448509 v _92_/D (sky130_fd_sc_hd__dfrtp_1)
                                              4.448509   data arrival time

                                 20.000000   20.000000   clock clk (rise edge)
                                  0.000000   20.000000   clock source latency
     1    0.010978    0.055789    0.037247   20.037247 ^ clk (in)
                                                         clk (net)
                      0.055791    0.000000   20.037247 ^ clkbuf_0_clk/A (sky130_fd_sc_hd__clkbuf_16)
     2    0.019050    0.041035    0.128294   20.165541 ^ clkbuf_0_clk/X (sky130_fd_sc_hd__clkbuf_16)
                                                         clknet_0_clk (net)
                      0.041038    0.000599   20.166140 ^ clkbuf_1_0__f_clk/A (sky130_fd_sc_hd__clkbuf_16)
     4    0.011318    0.034463    0.115664   20.281803 ^ clkbuf_1_0__f_clk/X (sky130_fd_sc_hd__clkbuf_16)
                                                         clknet_1_0__leaf_clk (net)
                      0.034463    0.000243   20.282047 ^ _92_/CLK (sky130_fd_sc_hd__dfrtp_1)
                                 -0.250000   20.032047   clock uncertainty
                                  0.000000   20.032047   clock reconvergence pessimism
                                 -0.112240   19.919809   library setup time
                                             19.919809   data required time
---------------------------------------------------------------------------------------------
                                             19.919809   data required time
                                             -4.448509   data arrival time
---------------------------------------------------------------------------------------------
                                             15.471299   slack (MET)


Startpoint: rst (input port clocked by clk)
Endpoint: _94_ (recovery check against rising-edge clock clk)
Path Group: asynchronous
Path Type: max

Fanout         Cap        Slew       Delay        Time   Description
---------------------------------------------------------------------------------------------
                                  0.000000    0.000000   clock clk (rise edge)
                                  0.000000    0.000000   clock network delay (propagated)
                                  4.000000    4.000000 v input external delay
     1    0.003308    0.009814    0.005304    4.005304 v rst (in)
                                                         rst (net)
                      0.009814    0.000000    4.005304 v input9/A (sky130_fd_sc_hd__clkbuf_4)
     8    0.046658    0.102060    0.186006    4.191310 v input9/X (sky130_fd_sc_hd__clkbuf_4)
                                                         net9 (net)
                      0.102086    0.001553    4.192863 v _86_/A (sky130_fd_sc_hd__inv_2)
     1    0.005437    0.043030    0.071320    4.264184 ^ _86_/Y (sky130_fd_sc_hd__inv_2)
                                                         _02_ (net)
                      0.043030    0.000180    4.264363 ^ _94_/RESET_B (sky130_fd_sc_hd__dfrtp_1)
                                              4.264363   data arrival time

                                 20.000000   20.000000   clock clk (rise edge)
                                  0.000000   20.000000   clock source latency
     1    0.010978    0.055789    0.037247   20.037247 ^ clk (in)
                                                         clk (net)
                      0.055791    0.000000   20.037247 ^ clkbuf_0_clk/A (sky130_fd_sc_hd__clkbuf_16)
     2    0.019050    0.041035    0.128294   20.165541 ^ clkbuf_0_clk/X (sky130_fd_sc_hd__clkbuf_16)
                                                         clknet_0_clk (net)
                      0.041038    0.000599   20.166140 ^ clkbuf_1_0__f_clk/A (sky130_fd_sc_hd__clkbuf_16)
     4    0.011318    0.034463    0.115664   20.281803 ^ clkbuf_1_0__f_clk/X (sky130_fd_sc_hd__clkbuf_16)
                                                         clknet_1_0__leaf_clk (net)
                      0.034463    0.000197   20.282001 ^ _94_/CLK (sky130_fd_sc_hd__dfrtp_1)
                                 -0.250000   20.032001   clock uncertainty
                                  0.000000   20.032001   clock reconvergence pessimism
                                  0.227613   20.259615   library recovery time
                                             20.259615   data required time
---------------------------------------------------------------------------------------------
                                             20.259615   data required time
                                             -4.264363   data arrival time
---------------------------------------------------------------------------------------------
                                             15.995252   slack (MET)


Startpoint: rst (input port clocked by clk)
Endpoint: _92_ (recovery check against rising-edge clock clk)
Path Group: asynchronous
Path Type: max

Fanout         Cap        Slew       Delay        Time   Description
---------------------------------------------------------------------------------------------
                                  0.000000    0.000000   clock clk (rise edge)
                                  0.000000    0.000000   clock network delay (propagated)
                                  4.000000    4.000000 v input external delay
     1    0.003308    0.009814    0.005304    4.005304 v rst (in)
                                                         rst (net)
                      0.009814    0.000000    4.005304 v input9/A (sky130_fd_sc_hd__clkbuf_4)
     8    0.046658    0.102060    0.186006    4.191310 v input9/X (sky130_fd_sc_hd__clkbuf_4)
                                                         net9 (net)
                      0.102075    0.001215    4.192525 v _42_/A (sky130_fd_sc_hd__inv_2)
     1    0.005064    0.041866    0.069979    4.262504 ^ _42_/Y (sky130_fd_sc_hd__inv_2)
                                                         _00_ (net)
                      0.041866    0.000152    4.262656 ^ _92_/RESET_B (sky130_fd_sc_hd__dfrtp_1)
                                              4.262656   data arrival time

                                 20.000000   20.000000   clock clk (rise edge)
                                  0.000000   20.000000   clock source latency
     1    0.010978    0.055789    0.037247   20.037247 ^ clk (in)
                                                         clk (net)
                      0.055791    0.000000   20.037247 ^ clkbuf_0_clk/A (sky130_fd_sc_hd__clkbuf_16)
     2    0.019050    0.041035    0.128294   20.165541 ^ clkbuf_0_clk/X (sky130_fd_sc_hd__clkbuf_16)
                                                         clknet_0_clk (net)
                      0.041038    0.000599   20.166140 ^ clkbuf_1_0__f_clk/A (sky130_fd_sc_hd__clkbuf_16)
     4    0.011318    0.034463    0.115664   20.281803 ^ clkbuf_1_0__f_clk/X (sky130_fd_sc_hd__clkbuf_16)
                                                         clknet_1_0__leaf_clk (net)
                      0.034463    0.000243   20.282047 ^ _92_/CLK (sky130_fd_sc_hd__dfrtp_1)
                                 -0.250000   20.032047   clock uncertainty
                                  0.000000   20.032047   clock reconvergence pessimism
                                  0.227915   20.259962   library recovery time
                                             20.259962   data required time
---------------------------------------------------------------------------------------------
                                             20.259962   data required time
                                             -4.262656   data arrival time
---------------------------------------------------------------------------------------------
                                             15.997305   slack (MET)


Startpoint: rst (input port clocked by clk)
Endpoint: _93_ (recovery check against rising-edge clock clk)
Path Group: asynchronous
Path Type: max

Fanout         Cap        Slew       Delay        Time   Description
---------------------------------------------------------------------------------------------
                                  0.000000    0.000000   clock clk (rise edge)
                                  0.000000    0.000000   clock network delay (propagated)
                                  4.000000    4.000000 v input external delay
     1    0.003308    0.009814    0.005304    4.005304 v rst (in)
                                                         rst (net)
                      0.009814    0.000000    4.005304 v input9/A (sky130_fd_sc_hd__clkbuf_4)
     8    0.046658    0.102060    0.186006    4.191310 v input9/X (sky130_fd_sc_hd__clkbuf_4)
                                                         net9 (net)
                      0.102079    0.001357    4.192667 v _85_/A (sky130_fd_sc_hd__inv_2)
     1    0.004782    0.040990    0.068967    4.261634 ^ _85_/Y (sky130_fd_sc_hd__inv_2)
                                                         _01_ (net)
                      0.040990    0.000135    4.261770 ^ _93_/RESET_B (sky130_fd_sc_hd__dfrtp_1)
                                              4.261770   data arrival time

                                 20.000000   20.000000   clock clk (rise edge)
                                  0.000000   20.000000   clock source latency
     1    0.010978    0.055789    0.037247   20.037247 ^ clk (in)
                                                         clk (net)
                      0.055791    0.000000   20.037247 ^ clkbuf_0_clk/A (sky130_fd_sc_hd__clkbuf_16)
     2    0.019050    0.041035    0.128294   20.165541 ^ clkbuf_0_clk/X (sky130_fd_sc_hd__clkbuf_16)
                                                         clknet_0_clk (net)
                      0.041038    0.000599   20.166140 ^ clkbuf_1_0__f_clk/A (sky130_fd_sc_hd__clkbuf_16)
     4    0.011318    0.034463    0.115664   20.281803 ^ clkbuf_1_0__f_clk/X (sky130_fd_sc_hd__clkbuf_16)
                                                         clknet_1_0__leaf_clk (net)
                      0.034463    0.000169   20.281973 ^ _93_/CLK (sky130_fd_sc_hd__dfrtp_1)
                                 -0.250000   20.031973   clock uncertainty
                                  0.000000   20.031973   clock reconvergence pessimism
                                  0.228142   20.260115   library recovery time
                                             20.260115   data required time
---------------------------------------------------------------------------------------------
                                             20.260115   data required time
                                             -4.261770   data arrival time
---------------------------------------------------------------------------------------------
                                             15.998344   slack (MET)


Startpoint: rst (input port clocked by clk)
Endpoint: _99_ (recovery check against rising-edge clock clk)
Path Group: asynchronous
Path Type: max

Fanout         Cap        Slew       Delay        Time   Description
---------------------------------------------------------------------------------------------
                                  0.000000    0.000000   clock clk (rise edge)
                                  0.000000    0.000000   clock network delay (propagated)
                                  4.000000    4.000000 v input external delay
     1    0.003308    0.009814    0.005304    4.005304 v rst (in)
                                                         rst (net)
                      0.009814    0.000000    4.005304 v input9/A (sky130_fd_sc_hd__clkbuf_4)
     8    0.046658    0.102060    0.186006    4.191310 v input9/X (sky130_fd_sc_hd__clkbuf_4)
                                                         net9 (net)
                      0.102076    0.001250    4.192560 v _91_/A (sky130_fd_sc_hd__inv_2)
     1    0.004953    0.041522    0.069595    4.262155 ^ _91_/Y (sky130_fd_sc_hd__inv_2)
                                                         _07_ (net)
                      0.041522    0.000104    4.262259 ^ _99_/RESET_B (sky130_fd_sc_hd__dfrtp_1)
                                              4.262259   data arrival time

                                 20.000000   20.000000   clock clk (rise edge)
                                  0.000000   20.000000   clock source latency
     1    0.010978    0.055789    0.037247   20.037247 ^ clk (in)
                                                         clk (net)
                      0.055791    0.000000   20.037247 ^ clkbuf_0_clk/A (sky130_fd_sc_hd__clkbuf_16)
     2    0.019050    0.041035    0.128294   20.165541 ^ clkbuf_0_clk/X (sky130_fd_sc_hd__clkbuf_16)
                                                         clknet_0_clk (net)
                      0.041038    0.000624   20.166164 ^ clkbuf_1_1__f_clk/A (sky130_fd_sc_hd__clkbuf_16)
     4    0.011760    0.034845    0.116051   20.282215 ^ clkbuf_1_1__f_clk/X (sky130_fd_sc_hd__clkbuf_16)
                                                         clknet_1_1__leaf_clk (net)
                      0.034845    0.000353   20.282570 ^ _99_/CLK (sky130_fd_sc_hd__dfrtp_1)
                                 -0.250000   20.032570   clock uncertainty
                                  0.000000   20.032570   clock reconvergence pessimism
                                  0.228121   20.260691   library recovery time
                                             20.260691   data required time
---------------------------------------------------------------------------------------------
                                             20.260691   data required time
                                             -4.262259   data arrival time
---------------------------------------------------------------------------------------------
                                             15.998431   slack (MET)


Startpoint: rst (input port clocked by clk)
Endpoint: _97_ (recovery check against rising-edge clock clk)
Path Group: asynchronous
Path Type: max

Fanout         Cap        Slew       Delay        Time   Description
---------------------------------------------------------------------------------------------
                                  0.000000    0.000000   clock clk (rise edge)
                                  0.000000    0.000000   clock network delay (propagated)
                                  4.000000    4.000000 v input external delay
     1    0.003308    0.009814    0.005304    4.005304 v rst (in)
                                                         rst (net)
                      0.009814    0.000000    4.005304 v input9/A (sky130_fd_sc_hd__clkbuf_4)
     8    0.046658    0.102060    0.186006    4.191310 v input9/X (sky130_fd_sc_hd__clkbuf_4)
                                                         net9 (net)
                      0.102067    0.000906    4.192216 v _89_/A (sky130_fd_sc_hd__inv_2)
     1    0.004660    0.040607    0.068539    4.260755 ^ _89_/Y (sky130_fd_sc_hd__inv_2)
                                                         _05_ (net)
                      0.040607    0.000087    4.260841 ^ _97_/RESET_B (sky130_fd_sc_hd__dfrtp_1)
                                              4.260841   data arrival time

                                 20.000000   20.000000   clock clk (rise edge)
                                  0.000000   20.000000   clock source latency
     1    0.010978    0.055789    0.037247   20.037247 ^ clk (in)
                                                         clk (net)
                      0.055791    0.000000   20.037247 ^ clkbuf_0_clk/A (sky130_fd_sc_hd__clkbuf_16)
     2    0.019050    0.041035    0.128294   20.165541 ^ clkbuf_0_clk/X (sky130_fd_sc_hd__clkbuf_16)
                                                         clknet_0_clk (net)
                      0.041038    0.000624   20.166164 ^ clkbuf_1_1__f_clk/A (sky130_fd_sc_hd__clkbuf_16)
     4    0.011760    0.034845    0.116051   20.282215 ^ clkbuf_1_1__f_clk/X (sky130_fd_sc_hd__clkbuf_16)
                                                         clknet_1_1__leaf_clk (net)
                      0.034845    0.000469   20.282684 ^ _97_/CLK (sky130_fd_sc_hd__dfrtp_1)
                                 -0.250000   20.032686   clock uncertainty
                                  0.000000   20.032686   clock reconvergence pessimism
                                  0.228358   20.261044   library recovery time
                                             20.261044   data required time
---------------------------------------------------------------------------------------------
                                             20.261044   data required time
                                             -4.260841   data arrival time
---------------------------------------------------------------------------------------------
                                             16.000202   slack (MET)


Startpoint: rst (input port clocked by clk)
Endpoint: _96_ (recovery check against rising-edge clock clk)
Path Group: asynchronous
Path Type: max

Fanout         Cap        Slew       Delay        Time   Description
---------------------------------------------------------------------------------------------
                                  0.000000    0.000000   clock clk (rise edge)
                                  0.000000    0.000000   clock network delay (propagated)
                                  4.000000    4.000000 v input external delay
     1    0.003308    0.009814    0.005304    4.005304 v rst (in)
                                                         rst (net)
                      0.009814    0.000000    4.005304 v input9/A (sky130_fd_sc_hd__clkbuf_4)
     8    0.046658    0.102060    0.186006    4.191310 v input9/X (sky130_fd_sc_hd__clkbuf_4)
                                                         net9 (net)
                      0.102080    0.001389    4.192699 v _88_/A (sky130_fd_sc_hd__inv_2)
     1    0.004125    0.038688    0.066198    4.258896 ^ _88_/Y (sky130_fd_sc_hd__inv_2)
                                                         _04_ (net)
                      0.038688    0.000092    4.258988 ^ _96_/RESET_B (sky130_fd_sc_hd__dfrtp_1)
                                              4.258988   data arrival time

                                 20.000000   20.000000   clock clk (rise edge)
                                  0.000000   20.000000   clock source latency
     1    0.010978    0.055789    0.037247   20.037247 ^ clk (in)
                                                         clk (net)
                      0.055791    0.000000   20.037247 ^ clkbuf_0_clk/A (sky130_fd_sc_hd__clkbuf_16)
     2    0.019050    0.041035    0.128294   20.165541 ^ clkbuf_0_clk/X (sky130_fd_sc_hd__clkbuf_16)
                                                         clknet_0_clk (net)
                      0.041038    0.000599   20.166140 ^ clkbuf_1_0__f_clk/A (sky130_fd_sc_hd__clkbuf_16)
     4    0.011318    0.034463    0.115664   20.281803 ^ clkbuf_1_0__f_clk/X (sky130_fd_sc_hd__clkbuf_16)
                                                         clknet_1_0__leaf_clk (net)
                      0.034463    0.000254   20.282057 ^ _96_/CLK (sky130_fd_sc_hd__dfrtp_1)
                                 -0.250000   20.032059   clock uncertainty
                                  0.000000   20.032059   clock reconvergence pessimism
                                  0.228739   20.260796   library recovery time
                                             20.260796   data required time
---------------------------------------------------------------------------------------------
                                             20.260796   data required time
                                             -4.258988   data arrival time
---------------------------------------------------------------------------------------------
                                             16.001808   slack (MET)


Startpoint: rst (input port clocked by clk)
Endpoint: _95_ (recovery check against rising-edge clock clk)
Path Group: asynchronous
Path Type: max

Fanout         Cap        Slew       Delay        Time   Description
---------------------------------------------------------------------------------------------
                                  0.000000    0.000000   clock clk (rise edge)
                                  0.000000    0.000000   clock network delay (propagated)
                                  4.000000    4.000000 v input external delay
     1    0.003308    0.009814    0.005304    4.005304 v rst (in)
                                                         rst (net)
                      0.009814    0.000000    4.005304 v input9/A (sky130_fd_sc_hd__clkbuf_4)
     8    0.046658    0.102060    0.186006    4.191310 v input9/X (sky130_fd_sc_hd__clkbuf_4)
                                                         net9 (net)
                      0.102071    0.001069    4.192379 v _87_/A (sky130_fd_sc_hd__inv_2)
     1    0.004218    0.039076    0.066688    4.259068 ^ _87_/Y (sky130_fd_sc_hd__inv_2)
                                                         _03_ (net)
                      0.039076    0.000096    4.259164 ^ _95_/RESET_B (sky130_fd_sc_hd__dfrtp_1)
                                              4.259164   data arrival time

                                 20.000000   20.000000   clock clk (rise edge)
                                  0.000000   20.000000   clock source latency
     1    0.010978    0.055789    0.037247   20.037247 ^ clk (in)
                                                         clk (net)
                      0.055791    0.000000   20.037247 ^ clkbuf_0_clk/A (sky130_fd_sc_hd__clkbuf_16)
     2    0.019050    0.041035    0.128294   20.165541 ^ clkbuf_0_clk/X (sky130_fd_sc_hd__clkbuf_16)
                                                         clknet_0_clk (net)
                      0.041038    0.000624   20.166164 ^ clkbuf_1_1__f_clk/A (sky130_fd_sc_hd__clkbuf_16)
     4    0.011760    0.034845    0.116051   20.282215 ^ clkbuf_1_1__f_clk/X (sky130_fd_sc_hd__clkbuf_16)
                                                         clknet_1_1__leaf_clk (net)
                      0.034845    0.000417   20.282633 ^ _95_/CLK (sky130_fd_sc_hd__dfrtp_1)
                                 -0.250000   20.032635   clock uncertainty
                                  0.000000   20.032635   clock reconvergence pessimism
                                  0.228755   20.261389   library recovery time
                                             20.261389   data required time
---------------------------------------------------------------------------------------------
                                             20.261389   data required time
                                             -4.259164   data arrival time
---------------------------------------------------------------------------------------------
                                             16.002226   slack (MET)


Startpoint: rst (input port clocked by clk)
Endpoint: _98_ (recovery check against rising-edge clock clk)
Path Group: asynchronous
Path Type: max

Fanout         Cap        Slew       Delay        Time   Description
---------------------------------------------------------------------------------------------
                                  0.000000    0.000000   clock clk (rise edge)
                                  0.000000    0.000000   clock network delay (propagated)
                                  4.000000    4.000000 v input external delay
     1    0.003308    0.009814    0.005304    4.005304 v rst (in)
                                                         rst (net)
                      0.009814    0.000000    4.005304 v input9/A (sky130_fd_sc_hd__clkbuf_4)
     8    0.046658    0.102060    0.186006    4.191310 v input9/X (sky130_fd_sc_hd__clkbuf_4)
                                                         net9 (net)
                      0.102063    0.000679    4.191989 v _90_/A (sky130_fd_sc_hd__inv_2)
     1    0.004051    0.038380    0.065802    4.257792 ^ _90_/Y (sky130_fd_sc_hd__inv_2)
                                                         _06_ (net)
                      0.038380    0.000088    4.257880 ^ _98_/RESET_B (sky130_fd_sc_hd__dfrtp_1)
                                              4.257880   data arrival time

                                 20.000000   20.000000   clock clk (rise edge)
                                  0.000000   20.000000   clock source latency
     1    0.010978    0.055789    0.037247   20.037247 ^ clk (in)
                                                         clk (net)
                      0.055791    0.000000   20.037247 ^ clkbuf_0_clk/A (sky130_fd_sc_hd__clkbuf_16)
     2    0.019050    0.041035    0.128294   20.165541 ^ clkbuf_0_clk/X (sky130_fd_sc_hd__clkbuf_16)
                                                         clknet_0_clk (net)
                      0.041038    0.000624   20.166164 ^ clkbuf_1_1__f_clk/A (sky130_fd_sc_hd__clkbuf_16)
     4    0.011760    0.034845    0.116051   20.282215 ^ clkbuf_1_1__f_clk/X (sky130_fd_sc_hd__clkbuf_16)
                                                         clknet_1_1__leaf_clk (net)
                      0.034845    0.000158   20.282373 ^ _98_/CLK (sky130_fd_sc_hd__dfrtp_1)
                                 -0.250000   20.032375   clock uncertainty
                                  0.000000   20.032375   clock reconvergence pessimism
                                  0.228935   20.261311   library recovery time
                                             20.261311   data required time
---------------------------------------------------------------------------------------------
                                             20.261311   data required time
                                             -4.257880   data arrival time
---------------------------------------------------------------------------------------------
                                             16.003429   slack (MET)



