Reading OpenROAD database at '/home/minhnd/projects/CLA32_Floorplanning/runs/acc32_sram_v10/16-odb-manualmacroplacement/acc32_sram.odb'…
Reading library file at '/home/minhnd/.volare/volare/sky130/versions/0fe599b2afb6708d281543108caf8310912f54af/sky130A/libs.ref/sky130_fd_sc_hd/lib/sky130_fd_sc_hd__tt_025C_1v80.lib'…
Reading library file at '/home/minhnd/projects/CLA32_Floorplanning/macros/sky130_sram_macros/sky130_sram_1kbyte_1rw1r_32x256_8/sky130_sram_1kbyte_1rw1r_32x256_8_TT_1p8V_25C.lib'…
Reading macro library file at '/home/minhnd/projects/CLA32_Floorplanning/macros/sky130_sram_macros/sky130_sram_1kbyte_1rw1r_32x256_8/sky130_sram_1kbyte_1rw1r_32x256_8_TT_1p8V_25C.lib'…
[WARNING STA-1140] /home/minhnd/projects/CLA32_Floorplanning/macros/sky130_sram_macros/sky130_sram_1kbyte_1rw1r_32x256_8/sky130_sram_1kbyte_1rw1r_32x256_8_TT_1p8V_25C.lib line 1, library sky130_sram_1kbyte_1rw1r_32x256_8_TT_1p8V_25C_lib already exists.
Reading design constraints file at '/nix/store/ss2cw3sxbrwwx9jl0rrppbw4kgcmgi2n-python3-3.11.9-env/lib/python3.11/site-packages/openlane/scripts/base.sdc'…
[INFO] Using clock clk…
[INFO] Setting output delay to: 10
[INFO] Setting input delay to: 10
[INFO] Setting load to: 0.033442
[INFO] Setting clock uncertainty to: 0.25
[INFO] Setting clock transition to: 0.1499999999999999944488848768742172978818416595458984375
[INFO] Setting timing derate to: 5%
[INFO ODB-0303] The initial 256 rows (388608 sites) were cut with 1 shapes for a total of 411 rows (219968 sites).
Setting global connections for newly added cells…
[INFO] Setting global connections...
sram0 matched with sram0
Updating metrics…
Cell type report:                       Count       Area
  Macro                                     1  190712.55
  Inverter                                 85     319.06
  Sequential cell                          74    1944.36
  Multi-Input combinational cell          239    2184.60
  Total                                   399  195160.57
Writing OpenROAD database to '/home/minhnd/projects/CLA32_Floorplanning/runs/acc32_sram_v10/17-openroad-cutrows/acc32_sram.odb'…
Writing layout to '/home/minhnd/projects/CLA32_Floorplanning/runs/acc32_sram_v10/17-openroad-cutrows/acc32_sram.def'…
