95. Printing statistics.

=== cla8 ===

   Number of wires:                 73
   Number of wire bits:             94
   Number of public wires:           5
   Number of public wire bits:      26
   Number of ports:                  5
   Number of port bits:             26
   Number of memories:               0
   Number of memory bits:            0
   Number of processes:              0
   Number of cells:                 77
     $_ANDNOT_                      25
     $_AND_                          2
     $_NAND_                         6
     $_NOR_                         12
     $_NOT_                          1
     $_OR_                          15
     $_XNOR_                         8
     $_XOR_                          8

   Area for cell type $_NOT_ is unknown!
   Area for cell type $_AND_ is unknown!
   Area for cell type $_NAND_ is unknown!
   Area for cell type $_OR_ is unknown!
   Area for cell type $_NOR_ is unknown!
   Area for cell type $_XOR_ is unknown!
   Area for cell type $_XNOR_ is unknown!
   Area for cell type $_ANDNOT_ is unknown!

