Reading timing models for corner nom_tt_025C_1v80…
Reading timing library for the 'nom_tt_025C_1v80' corner at '/home/minhnd/.volare/volare/sky130/versions/0fe599b2afb6708d281543108caf8310912f54af/sky130A/libs.ref/sky130_fd_sc_hd/lib/sky130_fd_sc_hd__tt_025C_1v80.lib'…
Reading timing models for corner nom_ff_n40C_1v95…
Reading timing library for the 'nom_ff_n40C_1v95' corner at '/home/minhnd/.volare/volare/sky130/versions/0fe599b2afb6708d281543108caf8310912f54af/sky130A/libs.ref/sky130_fd_sc_hd/lib/sky130_fd_sc_hd__ff_n40C_1v95.lib'…
Reading timing models for corner nom_ss_100C_1v60…
Reading timing library for the 'nom_ss_100C_1v60' corner at '/home/minhnd/.volare/volare/sky130/versions/0fe599b2afb6708d281543108caf8310912f54af/sky130A/libs.ref/sky130_fd_sc_hd/lib/sky130_fd_sc_hd__ss_100C_1v60.lib'…
Reading OpenROAD database at '/home/minhnd/projects/CLA32_Floorplanning/runs/acc32_util80/27-openroad-globalplacement/acc32.odb'…
Reading design constraints file at '/nix/store/ss2cw3sxbrwwx9jl0rrppbw4kgcmgi2n-python3-3.11.9-env/lib/python3.11/site-packages/openlane/scripts/base.sdc'…
[INFO] Using clock clk…
[INFO] Setting output delay to: 4
[INFO] Setting input delay to: 4
[INFO] Setting load to: 0.033442
[INFO] Setting clock uncertainty to: 0.25
[INFO] Setting clock transition to: 0.1499999999999999944488848768742172978818416595458984375
[INFO] Setting timing derate to: 5%
[INFO] Setting RC values…
[INFO RSZ-0027] Inserted 33 input buffers.
[INFO RSZ-0028] Inserted 32 output buffers.
[INFO RSZ-0058] Using max wire length 6335um.
Iteration | Resized | Buffers | Nets repaired | Remaining
---------------------------------------------------------
        0 |       0 |       0 |             0 |       363
       10 |       9 |       0 |             0 |       353
       20 |      19 |       0 |             0 |       343
       30 |      29 |       0 |             0 |       333
       40 |      39 |       0 |             0 |       323
       50 |      49 |       0 |             0 |       313
       60 |      59 |       0 |             0 |       303
       70 |      68 |       0 |             0 |       293
       80 |      78 |       0 |             0 |       283
       90 |      87 |       0 |             0 |       273
      100 |      97 |       0 |             0 |       263
      110 |     106 |       0 |             0 |       253
      120 |     116 |       0 |             0 |       243
      130 |     125 |       0 |             0 |       233
      140 |     135 |       0 |             0 |       223
      150 |     145 |       0 |             0 |       213
      160 |     155 |       0 |             0 |       203
      170 |     165 |       0 |             0 |       193
      180 |     175 |       0 |             0 |       183
      190 |     185 |       0 |             0 |       173
      200 |     195 |       0 |             0 |       163
      210 |     205 |       0 |             0 |       153
      220 |     215 |       0 |             0 |       143
      230 |     225 |       0 |             0 |       133
      240 |     235 |       0 |             0 |       123
      250 |     245 |       0 |             0 |       113
      260 |     255 |       0 |             0 |       103
      270 |     260 |       0 |             0 |        93
      280 |     260 |       0 |             0 |        83
      290 |     260 |       0 |             0 |        73
      300 |     260 |       0 |             0 |        63
      310 |     272 |       4 |             1 |        53
      320 |     280 |       4 |             1 |        43
      330 |     288 |       4 |             1 |        33
      340 |     288 |       4 |             1 |        23
      350 |     288 |       4 |             1 |        13
      360 |     288 |       4 |             1 |         3
    final |     288 |       4 |             1 |         0
---------------------------------------------------------
[INFO RSZ-0035] Found 1 fanout violations.
[INFO RSZ-0038] Inserted 4 buffers in 1 nets.
[INFO RSZ-0039] Resized 288 instances.
Placement Analysis
---------------------------------
total displacement       1398.4 u
average displacement        3.3 u
max displacement           32.2 u
original HPWL            3199.7 u
legalized HPWL           4615.2 u
delta HPWL                   44 %

[INFO DPL-0020] Mirrored 150 instances
[INFO DPL-0021] HPWL before            4615.2 u
[INFO DPL-0022] HPWL after             4408.6 u
[INFO DPL-0023] HPWL delta               -4.5 %
[INFO] Setting RC values…
Setting global connections for newly added cells…
[INFO] Setting global connections...
Updating metrics…
Cell type report:                       Count       Area
  Fill cell                                42     157.65
  Tap cell                                 46      57.56
  Timing Repair Buffer                     69     319.06
  Inverter                                 35     131.38
  Sequential cell                          32     804.52
  Multi-Input combinational cell          197    1256.20
  Total                                   421    2726.36
Writing OpenROAD database to '/home/minhnd/projects/CLA32_Floorplanning/runs/acc32_util80/31-openroad-repairdesignpostgpl/acc32.odb'…
Writing netlist to '/home/minhnd/projects/CLA32_Floorplanning/runs/acc32_util80/31-openroad-repairdesignpostgpl/acc32.nl.v'…
Writing powered netlist to '/home/minhnd/projects/CLA32_Floorplanning/runs/acc32_util80/31-openroad-repairdesignpostgpl/acc32.pnl.v'…
Writing layout to '/home/minhnd/projects/CLA32_Floorplanning/runs/acc32_util80/31-openroad-repairdesignpostgpl/acc32.def'…
Writing timing constraints to '/home/minhnd/projects/CLA32_Floorplanning/runs/acc32_util80/31-openroad-repairdesignpostgpl/acc32.sdc'…
