Clock: clk
Sources: clk 
Generated: no
Virtual: no
Propagated: no
Period: 50.000000

===========================================================================
report_clock_properties
============================================================================
Clock                   Period          Waveform
----------------------------------------------------
clk                  50.000000    0.000000 25.000000

===========================================================================
report_clock_latency
============================================================================
Clock clk
rise -> rise
    min     max
0.000000 0.000000 source latency
0.450005         network latency _592_/CLK
        0.450005 network latency _592_/CLK
---------------
0.450005 0.450005 latency
        0.000000 skew

fall -> fall
    min     max
0.000000 0.000000 source latency
0.216692         network latency _592_/CLK
        0.216692 network latency _592_/CLK
---------------
0.216692 0.216692 latency
        0.000000 skew



===========================================================================
report_clock_min_period
============================================================================
clk period_min = 4.74 fmax = 211.14
