
===========================================================================
report_checks -unconstrained
===========================================================================
======================= nom_ff_n40C_1v95 Corner ===================================

Startpoint: b[0] (input port clocked by __VIRTUAL_CLK__)
Endpoint: cout (output port clocked by __VIRTUAL_CLK__)
Path Group: __VIRTUAL_CLK__
Path Type: max

Fanout         Cap        Slew       Delay        Time   Description
---------------------------------------------------------------------------------------------
                      0.000000    0.000000    0.000000   clock __VIRTUAL_CLK__ (rise edge)
                                  0.000000    0.000000   clock network delay (ideal)
                                  4.000000    4.000000 v input external delay
     1    0.002457    0.004220    0.001973    4.001973 v b[0] (in)
                                                         b[0] (net)
                      0.004220    0.000000    4.001973 v input9/A (sky130_fd_sc_hd__clkbuf_1)
     2    0.004383    0.023797    0.051705    4.053678 v input9/X (sky130_fd_sc_hd__clkbuf_1)
                                                         net9 (net)
                      0.023797    0.000069    4.053747 v _48_/A (sky130_fd_sc_hd__or2_1)
     2    0.005541    0.041262    0.139869    4.193616 v _48_/X (sky130_fd_sc_hd__or2_1)
                                                         _09_ (net)
                      0.041262    0.000124    4.193740 v _50_/A2 (sky130_fd_sc_hd__a21bo_1)
     3    0.011922    0.051101    0.151551    4.345291 v _50_/X (sky130_fd_sc_hd__a21bo_1)
                                                         _11_ (net)
                      0.051103    0.000356    4.345647 v _71_/A1 (sky130_fd_sc_hd__a21oi_1)
     2    0.008748    0.156420    0.146577    4.492224 ^ _71_/Y (sky130_fd_sc_hd__a21oi_1)
                                                         _28_ (net)
                      0.156421    0.000265    4.492489 ^ _74_/A2 (sky130_fd_sc_hd__o31ai_2)
     3    0.011262    0.057062    0.066219    4.558708 v _74_/Y (sky130_fd_sc_hd__o31ai_2)
                                                         _31_ (net)
                      0.057065    0.000331    4.559039 v _81_/A2 (sky130_fd_sc_hd__a21bo_1)
     2    0.008479    0.042317    0.146664    4.705703 v _81_/X (sky130_fd_sc_hd__a21bo_1)
                                                         _37_ (net)
                      0.042317    0.000145    4.705848 v _86_/B1 (sky130_fd_sc_hd__o221a_1)
     1    0.002410    0.031401    0.134070    4.839918 v _86_/X (sky130_fd_sc_hd__o221a_1)
                                                         net18 (net)
                      0.031401    0.000070    4.839988 v output18/A (sky130_fd_sc_hd__buf_2)
     1    0.034034    0.062431    0.117480    4.957468 v output18/X (sky130_fd_sc_hd__buf_2)
                                                         cout (net)
                      0.062438    0.000652    4.958120 v cout (out)
                                              4.958120   data arrival time

                      0.000000   20.000000   20.000000   clock __VIRTUAL_CLK__ (rise edge)
                                  0.000000   20.000000   clock network delay (ideal)
                                 -0.250000   19.750002   clock uncertainty
                                  0.000000   19.750002   clock reconvergence pessimism
                                 -4.000000   15.750001   output external delay
                                             15.750001   data required time
---------------------------------------------------------------------------------------------
                                             15.750001   data required time
                                             -4.958120   data arrival time
---------------------------------------------------------------------------------------------
                                             10.791881   slack (MET)




===========================================================================
report_checks --slack_max -0.01
============================================================================
======================= nom_ff_n40C_1v95 Corner ===================================

No paths found.


===========================================================================
 report_check_types -max_slew -max_cap -max_fanout -violators
============================================================================
======================= nom_ff_n40C_1v95 Corner ===================================



===========================================================================
report_parasitic_annotation -report_unannotated
============================================================================
Found 0 unannotated drivers.
Found 0 partially unannotated drivers.

===========================================================================
max slew violation count 0
max fanout violation count 0
max cap violation count 0
============================================================================

===========================================================================
check_setup -verbose -unconstrained_endpoints -multiple_clock -no_clock -no_input_delay -loops -generated_clocks
===========================================================================
