
===========================================================================
report_checks -path_delay max (Setup)
============================================================================
======================= nom_ff_n40C_1v95 Corner ===================================

Startpoint: b[0] (input port clocked by __VIRTUAL_CLK__)
Endpoint: cout (output port clocked by __VIRTUAL_CLK__)
Path Group: __VIRTUAL_CLK__
Path Type: max

Fanout         Cap        Slew       Delay        Time   Description
---------------------------------------------------------------------------------------------
                      0.000000    0.000000    0.000000   clock __VIRTUAL_CLK__ (rise edge)
                                  0.000000    0.000000   clock network delay (ideal)
                                  4.000000    4.000000 v input external delay
     1    0.002457    0.004220    0.001973    4.001973 v b[0] (in)
                                                         b[0] (net)
                      0.004220    0.000000    4.001973 v input9/A (sky130_fd_sc_hd__clkbuf_1)
     2    0.004383    0.023797    0.051705    4.053678 v input9/X (sky130_fd_sc_hd__clkbuf_1)
                                                         net9 (net)
                      0.023797    0.000069    4.053747 v _48_/A (sky130_fd_sc_hd__or2_1)
     2    0.005541    0.041262    0.139869    4.193616 v _48_/X (sky130_fd_sc_hd__or2_1)
                                                         _09_ (net)
                      0.041262    0.000124    4.193740 v _50_/A2 (sky130_fd_sc_hd__a21bo_1)
     3    0.011922    0.051101    0.151551    4.345291 v _50_/X (sky130_fd_sc_hd__a21bo_1)
                                                         _11_ (net)
                      0.051103    0.000356    4.345647 v _71_/A1 (sky130_fd_sc_hd__a21oi_1)
     2    0.008748    0.156420    0.146577    4.492224 ^ _71_/Y (sky130_fd_sc_hd__a21oi_1)
                                                         _28_ (net)
                      0.156421    0.000265    4.492489 ^ _74_/A2 (sky130_fd_sc_hd__o31ai_2)
     3    0.011262    0.057062    0.066219    4.558708 v _74_/Y (sky130_fd_sc_hd__o31ai_2)
                                                         _31_ (net)
                      0.057065    0.000331    4.559039 v _81_/A2 (sky130_fd_sc_hd__a21bo_1)
     2    0.008479    0.042317    0.146664    4.705703 v _81_/X (sky130_fd_sc_hd__a21bo_1)
                                                         _37_ (net)
                      0.042317    0.000145    4.705848 v _86_/B1 (sky130_fd_sc_hd__o221a_1)
     1    0.002410    0.031401    0.134070    4.839918 v _86_/X (sky130_fd_sc_hd__o221a_1)
                                                         net18 (net)
                      0.031401    0.000070    4.839988 v output18/A (sky130_fd_sc_hd__buf_2)
     1    0.034034    0.062431    0.117480    4.957468 v output18/X (sky130_fd_sc_hd__buf_2)
                                                         cout (net)
                      0.062438    0.000652    4.958120 v cout (out)
                                              4.958120   data arrival time

                      0.000000   20.000000   20.000000   clock __VIRTUAL_CLK__ (rise edge)
                                  0.000000   20.000000   clock network delay (ideal)
                                 -0.250000   19.750002   clock uncertainty
                                  0.000000   19.750002   clock reconvergence pessimism
                                 -4.000000   15.750001   output external delay
                                             15.750001   data required time
---------------------------------------------------------------------------------------------
                                             15.750001   data required time
                                             -4.958120   data arrival time
---------------------------------------------------------------------------------------------
                                             10.791881   slack (MET)


Startpoint: b[0] (input port clocked by __VIRTUAL_CLK__)
Endpoint: sum[6] (output port clocked by __VIRTUAL_CLK__)
Path Group: __VIRTUAL_CLK__
Path Type: max

Fanout         Cap        Slew       Delay        Time   Description
---------------------------------------------------------------------------------------------
                      0.000000    0.000000    0.000000   clock __VIRTUAL_CLK__ (rise edge)
                                  0.000000    0.000000   clock network delay (ideal)
                                  4.000000    4.000000 v input external delay
     1    0.002457    0.004220    0.001973    4.001973 v b[0] (in)
                                                         b[0] (net)
                      0.004220    0.000000    4.001973 v input9/A (sky130_fd_sc_hd__clkbuf_1)
     2    0.004383    0.023797    0.051705    4.053678 v input9/X (sky130_fd_sc_hd__clkbuf_1)
                                                         net9 (net)
                      0.023797    0.000069    4.053747 v _48_/A (sky130_fd_sc_hd__or2_1)
     2    0.005541    0.041262    0.139869    4.193616 v _48_/X (sky130_fd_sc_hd__or2_1)
                                                         _09_ (net)
                      0.041262    0.000124    4.193740 v _50_/A2 (sky130_fd_sc_hd__a21bo_1)
     3    0.011922    0.051101    0.151551    4.345291 v _50_/X (sky130_fd_sc_hd__a21bo_1)
                                                         _11_ (net)
                      0.051103    0.000356    4.345647 v _71_/A1 (sky130_fd_sc_hd__a21oi_1)
     2    0.008748    0.156420    0.146577    4.492224 ^ _71_/Y (sky130_fd_sc_hd__a21oi_1)
                                                         _28_ (net)
                      0.156421    0.000265    4.492489 ^ _74_/A2 (sky130_fd_sc_hd__o31ai_2)
     3    0.011262    0.057062    0.066219    4.558708 v _74_/Y (sky130_fd_sc_hd__o31ai_2)
                                                         _31_ (net)
                      0.057065    0.000331    4.559039 v _81_/A2 (sky130_fd_sc_hd__a21bo_1)
     2    0.008479    0.042317    0.146664    4.705703 v _81_/X (sky130_fd_sc_hd__a21bo_1)
                                                         _37_ (net)
                      0.042317    0.000197    4.705900 v _82_/B (sky130_fd_sc_hd__xnor2_1)
     1    0.003593    0.092805    0.097384    4.803284 ^ _82_/Y (sky130_fd_sc_hd__xnor2_1)
                                                         net25 (net)
                      0.092805    0.000119    4.803403 ^ output25/A (sky130_fd_sc_hd__buf_2)
     1    0.034186    0.127859    0.152834    4.956236 ^ output25/X (sky130_fd_sc_hd__buf_2)
                                                         sum[6] (net)
                      0.127901    0.000650    4.956887 ^ sum[6] (out)
                                              4.956887   data arrival time

                      0.000000   20.000000   20.000000   clock __VIRTUAL_CLK__ (rise edge)
                                  0.000000   20.000000   clock network delay (ideal)
                                 -0.250000   19.750002   clock uncertainty
                                  0.000000   19.750002   clock reconvergence pessimism
                                 -4.000000   15.750001   output external delay
                                             15.750001   data required time
---------------------------------------------------------------------------------------------
                                             15.750001   data required time
                                             -4.956887   data arrival time
---------------------------------------------------------------------------------------------
                                             10.793115   slack (MET)


Startpoint: b[0] (input port clocked by __VIRTUAL_CLK__)
Endpoint: sum[7] (output port clocked by __VIRTUAL_CLK__)
Path Group: __VIRTUAL_CLK__
Path Type: max

Fanout         Cap        Slew       Delay        Time   Description
---------------------------------------------------------------------------------------------
                      0.000000    0.000000    0.000000   clock __VIRTUAL_CLK__ (rise edge)
                                  0.000000    0.000000   clock network delay (ideal)
                                  4.000000    4.000000 v input external delay
     1    0.002457    0.004220    0.001973    4.001973 v b[0] (in)
                                                         b[0] (net)
                      0.004220    0.000000    4.001973 v input9/A (sky130_fd_sc_hd__clkbuf_1)
     2    0.004383    0.023797    0.051705    4.053678 v input9/X (sky130_fd_sc_hd__clkbuf_1)
                                                         net9 (net)
                      0.023797    0.000069    4.053747 v _48_/A (sky130_fd_sc_hd__or2_1)
     2    0.005541    0.041262    0.139869    4.193616 v _48_/X (sky130_fd_sc_hd__or2_1)
                                                         _09_ (net)
                      0.041262    0.000124    4.193740 v _50_/A2 (sky130_fd_sc_hd__a21bo_1)
     3    0.011922    0.051101    0.151551    4.345291 v _50_/X (sky130_fd_sc_hd__a21bo_1)
                                                         _11_ (net)
                      0.051103    0.000356    4.345647 v _71_/A1 (sky130_fd_sc_hd__a21oi_1)
     2    0.008748    0.156420    0.146577    4.492224 ^ _71_/Y (sky130_fd_sc_hd__a21oi_1)
                                                         _28_ (net)
                      0.156421    0.000265    4.492489 ^ _74_/A2 (sky130_fd_sc_hd__o31ai_2)
     3    0.011262    0.057062    0.066219    4.558708 v _74_/Y (sky130_fd_sc_hd__o31ai_2)
                                                         _31_ (net)
                      0.057065    0.000345    4.559052 v _77_/A1 (sky130_fd_sc_hd__o211a_1)
     1    0.005955    0.037588    0.157733    4.716785 v _77_/X (sky130_fd_sc_hd__o211a_1)
                                                         _34_ (net)
                      0.037589    0.000251    4.717037 v _78_/B (sky130_fd_sc_hd__xnor2_1)
     1    0.002328    0.075738    0.082230    4.799267 ^ _78_/Y (sky130_fd_sc_hd__xnor2_1)
                                                         net26 (net)
                      0.075738    0.000048    4.799314 ^ output26/A (sky130_fd_sc_hd__buf_2)
     1    0.033967    0.127040    0.148392    4.947707 ^ output26/X (sky130_fd_sc_hd__buf_2)
                                                         sum[7] (net)
                      0.127082    0.000633    4.948339 ^ sum[7] (out)
                                              4.948339   data arrival time

                      0.000000   20.000000   20.000000   clock __VIRTUAL_CLK__ (rise edge)
                                  0.000000   20.000000   clock network delay (ideal)
                                 -0.250000   19.750002   clock uncertainty
                                  0.000000   19.750002   clock reconvergence pessimism
                                 -4.000000   15.750001   output external delay
                                             15.750001   data required time
---------------------------------------------------------------------------------------------
                                             15.750001   data required time
                                             -4.948339   data arrival time
---------------------------------------------------------------------------------------------
                                             10.801661   slack (MET)


Startpoint: a[1] (input port clocked by __VIRTUAL_CLK__)
Endpoint: sum[5] (output port clocked by __VIRTUAL_CLK__)
Path Group: __VIRTUAL_CLK__
Path Type: max

Fanout         Cap        Slew       Delay        Time   Description
---------------------------------------------------------------------------------------------
                      0.000000    0.000000    0.000000   clock __VIRTUAL_CLK__ (rise edge)
                                  0.000000    0.000000   clock network delay (ideal)
                                  4.000000    4.000000 v input external delay
     1    0.003017    0.005038    0.002473    4.002473 v a[1] (in)
                                                         a[1] (net)
                      0.005038    0.000000    4.002473 v input2/A (sky130_fd_sc_hd__clkbuf_1)
     2    0.005089    0.026331    0.054168    4.056641 v input2/X (sky130_fd_sc_hd__clkbuf_1)
                                                         net2 (net)
                      0.026331    0.000141    4.056781 v _46_/B (sky130_fd_sc_hd__and2_1)
     3    0.007771    0.039447    0.109222    4.166004 v _46_/X (sky130_fd_sc_hd__and2_1)
                                                         _07_ (net)
                      0.039448    0.000188    4.166192 v _52_/A (sky130_fd_sc_hd__nor2_1)
     3    0.010534    0.143893    0.135034    4.301225 ^ _52_/Y (sky130_fd_sc_hd__nor2_1)
                                                         _13_ (net)
                      0.143893    0.000226    4.301451 ^ _71_/A2 (sky130_fd_sc_hd__a21oi_1)
     2    0.007965    0.059574    0.073837    4.375288 v _71_/Y (sky130_fd_sc_hd__a21oi_1)
                                                         _28_ (net)
                      0.059574    0.000238    4.375526 v _74_/A2 (sky130_fd_sc_hd__o31ai_2)
     3    0.012091    0.229537    0.230917    4.606442 ^ _74_/Y (sky130_fd_sc_hd__o31ai_2)
                                                         _31_ (net)
                      0.229537    0.000346    4.606789 ^ _83_/A (sky130_fd_sc_hd__xnor2_1)
     1    0.002838    0.082720    0.080352    4.687140 ^ _83_/Y (sky130_fd_sc_hd__xnor2_1)
                                                         net24 (net)
                      0.082720    0.000083    4.687223 ^ output24/A (sky130_fd_sc_hd__buf_2)
     1    0.034393    0.128556    0.150968    4.838192 ^ output24/X (sky130_fd_sc_hd__buf_2)
                                                         sum[5] (net)
                      0.128600    0.000747    4.838939 ^ sum[5] (out)
                                              4.838939   data arrival time

                      0.000000   20.000000   20.000000   clock __VIRTUAL_CLK__ (rise edge)
                                  0.000000   20.000000   clock network delay (ideal)
                                 -0.250000   19.750002   clock uncertainty
                                  0.000000   19.750002   clock reconvergence pessimism
                                 -4.000000   15.750001   output external delay
                                             15.750001   data required time
---------------------------------------------------------------------------------------------
                                             15.750001   data required time
                                             -4.838939   data arrival time
---------------------------------------------------------------------------------------------
                                             10.911061   slack (MET)


Startpoint: b[0] (input port clocked by __VIRTUAL_CLK__)
Endpoint: sum[3] (output port clocked by __VIRTUAL_CLK__)
Path Group: __VIRTUAL_CLK__
Path Type: max

Fanout         Cap        Slew       Delay        Time   Description
---------------------------------------------------------------------------------------------
                      0.000000    0.000000    0.000000   clock __VIRTUAL_CLK__ (rise edge)
                                  0.000000    0.000000   clock network delay (ideal)
                                  4.000000    4.000000 v input external delay
     1    0.002457    0.004220    0.001973    4.001973 v b[0] (in)
                                                         b[0] (net)
                      0.004220    0.000000    4.001973 v input9/A (sky130_fd_sc_hd__clkbuf_1)
     2    0.004383    0.023797    0.051705    4.053678 v input9/X (sky130_fd_sc_hd__clkbuf_1)
                                                         net9 (net)
                      0.023797    0.000069    4.053747 v _48_/A (sky130_fd_sc_hd__or2_1)
     2    0.005541    0.041262    0.139869    4.193616 v _48_/X (sky130_fd_sc_hd__or2_1)
                                                         _09_ (net)
                      0.041262    0.000124    4.193740 v _50_/A2 (sky130_fd_sc_hd__a21bo_1)
     3    0.011922    0.051101    0.151551    4.345291 v _50_/X (sky130_fd_sc_hd__a21bo_1)
                                                         _11_ (net)
                      0.051102    0.000306    4.345596 v _53_/A1 (sky130_fd_sc_hd__a21oi_1)
     2    0.008524    0.153331    0.144404    4.490001 ^ _53_/Y (sky130_fd_sc_hd__a21oi_1)
                                                         _14_ (net)
                      0.153331    0.000139    4.490139 ^ _54_/A2 (sky130_fd_sc_hd__o21ba_1)
     1    0.004947    0.046486    0.091084    4.581223 ^ _54_/X (sky130_fd_sc_hd__o21ba_1)
                                                         _15_ (net)
                      0.046486    0.000144    4.581367 ^ _55_/B (sky130_fd_sc_hd__xnor2_1)
     1    0.002948    0.084153    0.069366    4.650733 ^ _55_/Y (sky130_fd_sc_hd__xnor2_1)
                                                         net22 (net)
                      0.084153    0.000087    4.650820 ^ output22/A (sky130_fd_sc_hd__buf_2)
     1    0.034393    0.128553    0.151295    4.802115 ^ output22/X (sky130_fd_sc_hd__buf_2)
                                                         sum[3] (net)
                      0.128597    0.000747    4.802863 ^ sum[3] (out)
                                              4.802863   data arrival time

                      0.000000   20.000000   20.000000   clock __VIRTUAL_CLK__ (rise edge)
                                  0.000000   20.000000   clock network delay (ideal)
                                 -0.250000   19.750002   clock uncertainty
                                  0.000000   19.750002   clock reconvergence pessimism
                                 -4.000000   15.750001   output external delay
                                             15.750001   data required time
---------------------------------------------------------------------------------------------
                                             15.750001   data required time
                                             -4.802863   data arrival time
---------------------------------------------------------------------------------------------
                                             10.947139   slack (MET)


Startpoint: b[0] (input port clocked by __VIRTUAL_CLK__)
Endpoint: sum[4] (output port clocked by __VIRTUAL_CLK__)
Path Group: __VIRTUAL_CLK__
Path Type: max

Fanout         Cap        Slew       Delay        Time   Description
---------------------------------------------------------------------------------------------
                      0.000000    0.000000    0.000000   clock __VIRTUAL_CLK__ (rise edge)
                                  0.000000    0.000000   clock network delay (ideal)
                                  4.000000    4.000000 v input external delay
     1    0.002457    0.004220    0.001973    4.001973 v b[0] (in)
                                                         b[0] (net)
                      0.004220    0.000000    4.001973 v input9/A (sky130_fd_sc_hd__clkbuf_1)
     2    0.004383    0.023797    0.051705    4.053678 v input9/X (sky130_fd_sc_hd__clkbuf_1)
                                                         net9 (net)
                      0.023797    0.000069    4.053747 v _48_/A (sky130_fd_sc_hd__or2_1)
     2    0.005541    0.041262    0.139869    4.193616 v _48_/X (sky130_fd_sc_hd__or2_1)
                                                         _09_ (net)
                      0.041262    0.000124    4.193740 v _50_/A2 (sky130_fd_sc_hd__a21bo_1)
     3    0.011922    0.051101    0.151551    4.345291 v _50_/X (sky130_fd_sc_hd__a21bo_1)
                                                         _11_ (net)
                      0.051103    0.000356    4.345647 v _71_/A1 (sky130_fd_sc_hd__a21oi_1)
     2    0.008748    0.156420    0.146577    4.492224 ^ _71_/Y (sky130_fd_sc_hd__a21oi_1)
                                                         _28_ (net)
                      0.156421    0.000255    4.492479 ^ _73_/A (sky130_fd_sc_hd__nor2_1)
     1    0.004713    0.048193    0.042152    4.534631 v _73_/Y (sky130_fd_sc_hd__nor2_1)
                                                         _30_ (net)
                      0.048194    0.000136    4.534767 v _84_/B (sky130_fd_sc_hd__xnor2_1)
     1    0.002613    0.079573    0.088988    4.623755 ^ _84_/Y (sky130_fd_sc_hd__xnor2_1)
                                                         net23 (net)
                      0.079573    0.000076    4.623832 ^ output23/A (sky130_fd_sc_hd__buf_2)
     1    0.034164    0.127742    0.149708    4.773540 ^ output23/X (sky130_fd_sc_hd__buf_2)
                                                         sum[4] (net)
                      0.127785    0.000706    4.774246 ^ sum[4] (out)
                                              4.774246   data arrival time

                      0.000000   20.000000   20.000000   clock __VIRTUAL_CLK__ (rise edge)
                                  0.000000   20.000000   clock network delay (ideal)
                                 -0.250000   19.750002   clock uncertainty
                                  0.000000   19.750002   clock reconvergence pessimism
                                 -4.000000   15.750001   output external delay
                                             15.750001   data required time
---------------------------------------------------------------------------------------------
                                             15.750001   data required time
                                             -4.774246   data arrival time
---------------------------------------------------------------------------------------------
                                             10.975755   slack (MET)


Startpoint: b[0] (input port clocked by __VIRTUAL_CLK__)
Endpoint: sum[2] (output port clocked by __VIRTUAL_CLK__)
Path Group: __VIRTUAL_CLK__
Path Type: max

Fanout         Cap        Slew       Delay        Time   Description
---------------------------------------------------------------------------------------------
                      0.000000    0.000000    0.000000   clock __VIRTUAL_CLK__ (rise edge)
                                  0.000000    0.000000   clock network delay (ideal)
                                  4.000000    4.000000 v input external delay
     1    0.002457    0.004220    0.001973    4.001973 v b[0] (in)
                                                         b[0] (net)
                      0.004220    0.000000    4.001973 v input9/A (sky130_fd_sc_hd__clkbuf_1)
     2    0.004383    0.023797    0.051705    4.053678 v input9/X (sky130_fd_sc_hd__clkbuf_1)
                                                         net9 (net)
                      0.023797    0.000069    4.053747 v _48_/A (sky130_fd_sc_hd__or2_1)
     2    0.005541    0.041262    0.139869    4.193616 v _48_/X (sky130_fd_sc_hd__or2_1)
                                                         _09_ (net)
                      0.041262    0.000124    4.193740 v _50_/A2 (sky130_fd_sc_hd__a21bo_1)
     3    0.011922    0.051101    0.151551    4.345291 v _50_/X (sky130_fd_sc_hd__a21bo_1)
                                                         _11_ (net)
                      0.051102    0.000306    4.345596 v _53_/A1 (sky130_fd_sc_hd__a21oi_1)
     2    0.008524    0.153331    0.144404    4.490001 ^ _53_/Y (sky130_fd_sc_hd__a21oi_1)
                                                         _14_ (net)
                      0.153331    0.000209    4.490210 ^ _56_/B (sky130_fd_sc_hd__xnor2_1)
     1    0.002818    0.082602    0.077347    4.567557 ^ _56_/Y (sky130_fd_sc_hd__xnor2_1)
                                                         net21 (net)
                      0.082602    0.000081    4.567638 ^ output21/A (sky130_fd_sc_hd__buf_2)
     1    0.034309    0.128263    0.150696    4.718334 ^ output21/X (sky130_fd_sc_hd__buf_2)
                                                         sum[2] (net)
                      0.128308    0.000800    4.719134 ^ sum[2] (out)
                                              4.719134   data arrival time

                      0.000000   20.000000   20.000000   clock __VIRTUAL_CLK__ (rise edge)
                                  0.000000   20.000000   clock network delay (ideal)
                                 -0.250000   19.750002   clock uncertainty
                                  0.000000   19.750002   clock reconvergence pessimism
                                 -4.000000   15.750001   output external delay
                                             15.750001   data required time
---------------------------------------------------------------------------------------------
                                             15.750001   data required time
                                             -4.719134   data arrival time
---------------------------------------------------------------------------------------------
                                             11.030867   slack (MET)


Startpoint: b[0] (input port clocked by __VIRTUAL_CLK__)
Endpoint: sum[1] (output port clocked by __VIRTUAL_CLK__)
Path Group: __VIRTUAL_CLK__
Path Type: max

Fanout         Cap        Slew       Delay        Time   Description
---------------------------------------------------------------------------------------------
                      0.000000    0.000000    0.000000   clock __VIRTUAL_CLK__ (rise edge)
                                  0.000000    0.000000   clock network delay (ideal)
                                  4.000000    4.000000 v input external delay
     1    0.002457    0.004220    0.001973    4.001973 v b[0] (in)
                                                         b[0] (net)
                      0.004220    0.000000    4.001973 v input9/A (sky130_fd_sc_hd__clkbuf_1)
     2    0.004383    0.023797    0.051705    4.053678 v input9/X (sky130_fd_sc_hd__clkbuf_1)
                                                         net9 (net)
                      0.023797    0.000069    4.053747 v _48_/A (sky130_fd_sc_hd__or2_1)
     2    0.005541    0.041262    0.139869    4.193616 v _48_/X (sky130_fd_sc_hd__or2_1)
                                                         _09_ (net)
                      0.041262    0.000124    4.193740 v _50_/A2 (sky130_fd_sc_hd__a21bo_1)
     3    0.011922    0.051101    0.151551    4.345291 v _50_/X (sky130_fd_sc_hd__a21bo_1)
                                                         _11_ (net)
                      0.051103    0.000370    4.345661 v _57_/A (sky130_fd_sc_hd__xor2_1)
     1    0.004205    0.097852    0.117965    4.463626 ^ _57_/X (sky130_fd_sc_hd__xor2_1)
                                                         net20 (net)
                      0.097852    0.000131    4.463758 ^ output20/A (sky130_fd_sc_hd__buf_2)
     1    0.033895    0.126825    0.153302    4.617060 ^ output20/X (sky130_fd_sc_hd__buf_2)
                                                         sum[1] (net)
                      0.126826    0.000612    4.617671 ^ sum[1] (out)
                                              4.617671   data arrival time

                      0.000000   20.000000   20.000000   clock __VIRTUAL_CLK__ (rise edge)
                                  0.000000   20.000000   clock network delay (ideal)
                                 -0.250000   19.750002   clock uncertainty
                                  0.000000   19.750002   clock reconvergence pessimism
                                 -4.000000   15.750001   output external delay
                                             15.750001   data required time
---------------------------------------------------------------------------------------------
                                             15.750001   data required time
                                             -4.617671   data arrival time
---------------------------------------------------------------------------------------------
                                             11.132329   slack (MET)


Startpoint: b[0] (input port clocked by __VIRTUAL_CLK__)
Endpoint: sum[0] (output port clocked by __VIRTUAL_CLK__)
Path Group: __VIRTUAL_CLK__
Path Type: max

Fanout         Cap        Slew       Delay        Time   Description
---------------------------------------------------------------------------------------------
                      0.000000    0.000000    0.000000   clock __VIRTUAL_CLK__ (rise edge)
                                  0.000000    0.000000   clock network delay (ideal)
                                  4.000000    4.000000 v input external delay
     1    0.002457    0.004220    0.001973    4.001973 v b[0] (in)
                                                         b[0] (net)
                      0.004220    0.000000    4.001973 v input9/A (sky130_fd_sc_hd__clkbuf_1)
     2    0.004383    0.023797    0.051705    4.053678 v input9/X (sky130_fd_sc_hd__clkbuf_1)
                                                         net9 (net)
                      0.023797    0.000069    4.053747 v _48_/A (sky130_fd_sc_hd__or2_1)
     2    0.005541    0.041262    0.139869    4.193616 v _48_/X (sky130_fd_sc_hd__or2_1)
                                                         _09_ (net)
                      0.041262    0.000127    4.193742 v _49_/B (sky130_fd_sc_hd__nand2_1)
     1    0.005139    0.047424    0.057853    4.251595 ^ _49_/Y (sky130_fd_sc_hd__nand2_1)
                                                         _10_ (net)
                      0.047424    0.000152    4.251748 ^ _58_/B (sky130_fd_sc_hd__xnor2_1)
     1    0.003419    0.090522    0.072269    4.324017 ^ _58_/Y (sky130_fd_sc_hd__xnor2_1)
                                                         net19 (net)
                      0.090522    0.000111    4.324127 ^ output19/A (sky130_fd_sc_hd__buf_2)
     1    0.033985    0.127147    0.151826    4.475954 ^ output19/X (sky130_fd_sc_hd__buf_2)
                                                         sum[0] (net)
                      0.127189    0.000633    4.476586 ^ sum[0] (out)
                                              4.476586   data arrival time

                      0.000000   20.000000   20.000000   clock __VIRTUAL_CLK__ (rise edge)
                                  0.000000   20.000000   clock network delay (ideal)
                                 -0.250000   19.750002   clock uncertainty
                                  0.000000   19.750002   clock reconvergence pessimism
                                 -4.000000   15.750001   output external delay
                                             15.750001   data required time
---------------------------------------------------------------------------------------------
                                             15.750001   data required time
                                             -4.476586   data arrival time
---------------------------------------------------------------------------------------------
                                             11.273415   slack (MET)



