
===========================================================================
report_checks -path_delay min (Hold)
============================================================================
======================= nom_ff_n40C_1v95 Corner ===================================

Startpoint: cin (input port clocked by __VIRTUAL_CLK__)
Endpoint: sum[0] (output port clocked by __VIRTUAL_CLK__)
Path Group: __VIRTUAL_CLK__
Path Type: min

Fanout         Cap        Slew       Delay        Time   Description
---------------------------------------------------------------------------------------------
                      0.000000    0.000000    0.000000   clock __VIRTUAL_CLK__ (rise edge)
                                  0.000000    0.000000   clock network delay (ideal)
                                  4.000000    4.000000 ^ input external delay
     1    0.002868    0.014156    0.007416    4.007416 ^ cin (in)
                                                         cin (net)
                      0.014156    0.000000    4.007416 ^ input17/A (sky130_fd_sc_hd__buf_1)
     2    0.008396    0.079009    0.080581    4.087997 ^ input17/X (sky130_fd_sc_hd__buf_1)
                                                         net17 (net)
                      0.079011    0.000250    4.088247 ^ _58_/A (sky130_fd_sc_hd__xnor2_1)
     1    0.003260    0.023514    0.046995    4.135242 v _58_/Y (sky130_fd_sc_hd__xnor2_1)
                                                         net19 (net)
                      0.023514    0.000105    4.135347 v output19/A (sky130_fd_sc_hd__buf_2)
     1    0.033985    0.062350    0.114272    4.249619 v output19/X (sky130_fd_sc_hd__buf_2)
                                                         sum[0] (net)
                      0.062356    0.000632    4.250251 v sum[0] (out)
                                              4.250251   data arrival time

                      0.000000    0.000000    0.000000   clock __VIRTUAL_CLK__ (rise edge)
                                  0.000000    0.000000   clock network delay (ideal)
                                  0.250000    0.250000   clock uncertainty
                                  0.000000    0.250000   clock reconvergence pessimism
                                 -4.000000   -3.750000   output external delay
                                             -3.750000   data required time
---------------------------------------------------------------------------------------------
                                             -3.750000   data required time
                                             -4.250251   data arrival time
---------------------------------------------------------------------------------------------
                                              8.000252   slack (MET)


Startpoint: b[5] (input port clocked by __VIRTUAL_CLK__)
Endpoint: sum[5] (output port clocked by __VIRTUAL_CLK__)
Path Group: __VIRTUAL_CLK__
Path Type: min

Fanout         Cap        Slew       Delay        Time   Description
---------------------------------------------------------------------------------------------
                      0.000000    0.000000    0.000000   clock __VIRTUAL_CLK__ (rise edge)
                                  0.000000    0.000000   clock network delay (ideal)
                                  4.000000    4.000000 ^ input external delay
     1    0.003099    0.014985    0.008027    4.008027 ^ b[5] (in)
                                                         b[5] (net)
                      0.014991    0.000000    4.008027 ^ input14/A (sky130_fd_sc_hd__clkbuf_1)
     2    0.005720    0.056437    0.065165    4.073192 ^ input14/X (sky130_fd_sc_hd__clkbuf_1)
                                                         net14 (net)
                      0.056456    0.000144    4.073336 ^ _75_/A (sky130_fd_sc_hd__nand2_1)
     3    0.007666    0.039375    0.046274    4.119610 v _75_/Y (sky130_fd_sc_hd__nand2_1)
                                                         _32_ (net)
                      0.039375    0.000177    4.119787 v _80_/B (sky130_fd_sc_hd__nand2_1)
     1    0.005163    0.043505    0.057182    4.176970 ^ _80_/Y (sky130_fd_sc_hd__nand2_1)
                                                         _36_ (net)
                      0.043505    0.000153    4.177122 ^ _83_/B (sky130_fd_sc_hd__xnor2_1)
     1    0.002679    0.021491    0.034706    4.211829 v _83_/Y (sky130_fd_sc_hd__xnor2_1)
                                                         net24 (net)
                      0.021491    0.000078    4.211906 v output24/A (sky130_fd_sc_hd__buf_2)
     1    0.034393    0.062986    0.113971    4.325877 v output24/X (sky130_fd_sc_hd__buf_2)
                                                         sum[5] (net)
                      0.062995    0.000747    4.326624 v sum[5] (out)
                                              4.326624   data arrival time

                      0.000000    0.000000    0.000000   clock __VIRTUAL_CLK__ (rise edge)
                                  0.000000    0.000000   clock network delay (ideal)
                                  0.250000    0.250000   clock uncertainty
                                  0.000000    0.250000   clock reconvergence pessimism
                                 -4.000000   -3.750000   output external delay
                                             -3.750000   data required time
---------------------------------------------------------------------------------------------
                                             -3.750000   data required time
                                             -4.326624   data arrival time
---------------------------------------------------------------------------------------------
                                              8.076624   slack (MET)


Startpoint: b[7] (input port clocked by __VIRTUAL_CLK__)
Endpoint: sum[7] (output port clocked by __VIRTUAL_CLK__)
Path Group: __VIRTUAL_CLK__
Path Type: min

Fanout         Cap        Slew       Delay        Time   Description
---------------------------------------------------------------------------------------------
                      0.000000    0.000000    0.000000   clock __VIRTUAL_CLK__ (rise edge)
                                  0.000000    0.000000   clock network delay (ideal)
                                  4.000000    4.000000 ^ input external delay
     1    0.002932    0.014387    0.007586    4.007586 ^ b[7] (in)
                                                         b[7] (net)
                      0.014387    0.000000    4.007586 ^ input16/A (sky130_fd_sc_hd__clkbuf_1)
     3    0.007134    0.068373    0.073293    4.080879 ^ input16/X (sky130_fd_sc_hd__clkbuf_1)
                                                         net16 (net)
                      0.068373    0.000109    4.080988 ^ _60_/A (sky130_fd_sc_hd__nand2_1)
     2    0.007412    0.040956    0.047260    4.128249 v _60_/Y (sky130_fd_sc_hd__nand2_1)
                                                         _17_ (net)
                      0.040971    0.000253    4.128502 v _62_/A (sky130_fd_sc_hd__nand2_1)
     1    0.005348    0.044294    0.053247    4.181749 ^ _62_/Y (sky130_fd_sc_hd__nand2_1)
                                                         _19_ (net)
                      0.044294    0.000165    4.181913 ^ _78_/A (sky130_fd_sc_hd__xnor2_1)
     1    0.002169    0.019995    0.037559    4.219472 v _78_/Y (sky130_fd_sc_hd__xnor2_1)
                                                         net26 (net)
                      0.019995    0.000044    4.219516 v output26/A (sky130_fd_sc_hd__buf_2)
     1    0.033967    0.062304    0.112981    4.332498 v output26/X (sky130_fd_sc_hd__buf_2)
                                                         sum[7] (net)
                      0.062310    0.000632    4.333130 v sum[7] (out)
                                              4.333130   data arrival time

                      0.000000    0.000000    0.000000   clock __VIRTUAL_CLK__ (rise edge)
                                  0.000000    0.000000   clock network delay (ideal)
                                  0.250000    0.250000   clock uncertainty
                                  0.000000    0.250000   clock reconvergence pessimism
                                 -4.000000   -3.750000   output external delay
                                             -3.750000   data required time
---------------------------------------------------------------------------------------------
                                             -3.750000   data required time
                                             -4.333130   data arrival time
---------------------------------------------------------------------------------------------
                                              8.083130   slack (MET)


Startpoint: a[3] (input port clocked by __VIRTUAL_CLK__)
Endpoint: sum[3] (output port clocked by __VIRTUAL_CLK__)
Path Group: __VIRTUAL_CLK__
Path Type: min

Fanout         Cap        Slew       Delay        Time   Description
---------------------------------------------------------------------------------------------
                      0.000000    0.000000    0.000000   clock __VIRTUAL_CLK__ (rise edge)
                                  0.000000    0.000000   clock network delay (ideal)
                                  4.000000    4.000000 v input external delay
     1    0.002683    0.004550    0.002176    4.002176 v a[3] (in)
                                                         a[3] (net)
                      0.004550    0.000000    4.002176 v input4/A (sky130_fd_sc_hd__clkbuf_1)
     3    0.006078    0.029900    0.057085    4.059260 v input4/X (sky130_fd_sc_hd__clkbuf_1)
                                                         net4 (net)
                      0.029900    0.000087    4.059348 v _39_/B (sky130_fd_sc_hd__nor2_1)
     1    0.002673    0.051743    0.053315    4.112663 ^ _39_/Y (sky130_fd_sc_hd__nor2_1)
                                                         _00_ (net)
                      0.051743    0.000052    4.112715 ^ _42_/A (sky130_fd_sc_hd__nor2_1)
     1    0.004595    0.026377    0.033654    4.146368 v _42_/Y (sky130_fd_sc_hd__nor2_1)
                                                         _03_ (net)
                      0.026377    0.000093    4.146461 v _55_/A (sky130_fd_sc_hd__xnor2_1)
     1    0.002789    0.022126    0.074571    4.221033 v _55_/Y (sky130_fd_sc_hd__xnor2_1)
                                                         net22 (net)
                      0.022126    0.000081    4.221113 v output22/A (sky130_fd_sc_hd__buf_2)
     1    0.034393    0.062989    0.114195    4.335309 v output22/X (sky130_fd_sc_hd__buf_2)
                                                         sum[3] (net)
                      0.062998    0.000747    4.336056 v sum[3] (out)
                                              4.336056   data arrival time

                      0.000000    0.000000    0.000000   clock __VIRTUAL_CLK__ (rise edge)
                                  0.000000    0.000000   clock network delay (ideal)
                                  0.250000    0.250000   clock uncertainty
                                  0.000000    0.250000   clock reconvergence pessimism
                                 -4.000000   -3.750000   output external delay
                                             -3.750000   data required time
---------------------------------------------------------------------------------------------
                                             -3.750000   data required time
                                             -4.336056   data arrival time
---------------------------------------------------------------------------------------------
                                              8.086056   slack (MET)


Startpoint: a[4] (input port clocked by __VIRTUAL_CLK__)
Endpoint: sum[4] (output port clocked by __VIRTUAL_CLK__)
Path Group: __VIRTUAL_CLK__
Path Type: min

Fanout         Cap        Slew       Delay        Time   Description
---------------------------------------------------------------------------------------------
                      0.000000    0.000000    0.000000   clock __VIRTUAL_CLK__ (rise edge)
                                  0.000000    0.000000   clock network delay (ideal)
                                  4.000000    4.000000 ^ input external delay
     1    0.002828    0.014015    0.007312    4.007312 ^ a[4] (in)
                                                         a[4] (net)
                      0.014015    0.000000    4.007312 ^ input5/A (sky130_fd_sc_hd__clkbuf_1)
     2    0.005086    0.051105    0.061191    4.068503 ^ input5/X (sky130_fd_sc_hd__clkbuf_1)
                                                         net5 (net)
                      0.051105    0.000124    4.068627 ^ _67_/B (sky130_fd_sc_hd__nand2_1)
     2    0.008374    0.041822    0.050729    4.119357 v _67_/Y (sky130_fd_sc_hd__nand2_1)
                                                         _24_ (net)
                      0.041822    0.000158    4.119514 v _69_/A (sky130_fd_sc_hd__nand2_1)
     2    0.010268    0.075572    0.076717    4.196231 ^ _69_/Y (sky130_fd_sc_hd__nand2_1)
                                                         _26_ (net)
                      0.075573    0.000173    4.196404 ^ _84_/A (sky130_fd_sc_hd__xnor2_1)
     1    0.002454    0.022350    0.043027    4.239431 v _84_/Y (sky130_fd_sc_hd__xnor2_1)
                                                         net23 (net)
                      0.022356    0.000071    4.239502 v output23/A (sky130_fd_sc_hd__buf_2)
     1    0.034164    0.062637    0.114015    4.353517 v output23/X (sky130_fd_sc_hd__buf_2)
                                                         sum[4] (net)
                      0.062645    0.000706    4.354222 v sum[4] (out)
                                              4.354222   data arrival time

                      0.000000    0.000000    0.000000   clock __VIRTUAL_CLK__ (rise edge)
                                  0.000000    0.000000   clock network delay (ideal)
                                  0.250000    0.250000   clock uncertainty
                                  0.000000    0.250000   clock reconvergence pessimism
                                 -4.000000   -3.750000   output external delay
                                             -3.750000   data required time
---------------------------------------------------------------------------------------------
                                             -3.750000   data required time
                                             -4.354222   data arrival time
---------------------------------------------------------------------------------------------
                                              8.104222   slack (MET)


Startpoint: b[6] (input port clocked by __VIRTUAL_CLK__)
Endpoint: sum[6] (output port clocked by __VIRTUAL_CLK__)
Path Group: __VIRTUAL_CLK__
Path Type: min

Fanout         Cap        Slew       Delay        Time   Description
---------------------------------------------------------------------------------------------
                      0.000000    0.000000    0.000000   clock __VIRTUAL_CLK__ (rise edge)
                                  0.000000    0.000000   clock network delay (ideal)
                                  4.000000    4.000000 ^ input external delay
     1    0.003086    0.014937    0.007991    4.007991 ^ b[6] (in)
                                                         b[6] (net)
                      0.014942    0.000000    4.007991 ^ input15/A (sky130_fd_sc_hd__clkbuf_1)
     2    0.005710    0.056352    0.065094    4.073085 ^ input15/X (sky130_fd_sc_hd__clkbuf_1)
                                                         net15 (net)
                      0.056371    0.000156    4.073241 ^ _64_/A (sky130_fd_sc_hd__nand2_1)
     4    0.011523    0.053946    0.058971    4.132212 v _64_/Y (sky130_fd_sc_hd__nand2_1)
                                                         _21_ (net)
                      0.053963    0.000271    4.132483 v _79_/B (sky130_fd_sc_hd__nand2_1)
     1    0.005707    0.047090    0.065746    4.198228 ^ _79_/Y (sky130_fd_sc_hd__nand2_1)
                                                         _35_ (net)
                      0.047090    0.000183    4.198412 ^ _82_/A (sky130_fd_sc_hd__xnor2_1)
     1    0.003434    0.026004    0.043077    4.241489 v _82_/Y (sky130_fd_sc_hd__xnor2_1)
                                                         net25 (net)
                      0.026004    0.000113    4.241602 v output25/A (sky130_fd_sc_hd__buf_2)
     1    0.034186    0.062654    0.115513    4.357116 v output25/X (sky130_fd_sc_hd__buf_2)
                                                         sum[6] (net)
                      0.062661    0.000650    4.357765 v sum[6] (out)
                                              4.357765   data arrival time

                      0.000000    0.000000    0.000000   clock __VIRTUAL_CLK__ (rise edge)
                                  0.000000    0.000000   clock network delay (ideal)
                                  0.250000    0.250000   clock uncertainty
                                  0.000000    0.250000   clock reconvergence pessimism
                                 -4.000000   -3.750000   output external delay
                                             -3.750000   data required time
---------------------------------------------------------------------------------------------
                                             -3.750000   data required time
                                             -4.357765   data arrival time
---------------------------------------------------------------------------------------------
                                              8.107765   slack (MET)


Startpoint: a[1] (input port clocked by __VIRTUAL_CLK__)
Endpoint: sum[1] (output port clocked by __VIRTUAL_CLK__)
Path Group: __VIRTUAL_CLK__
Path Type: min

Fanout         Cap        Slew       Delay        Time   Description
---------------------------------------------------------------------------------------------
                      0.000000    0.000000    0.000000   clock __VIRTUAL_CLK__ (rise edge)
                                  0.000000    0.000000   clock network delay (ideal)
                                  4.000000    4.000000 v input external delay
     1    0.003017    0.005038    0.002473    4.002473 v a[1] (in)
                                                         a[1] (net)
                      0.005038    0.000000    4.002473 v input2/A (sky130_fd_sc_hd__clkbuf_1)
     2    0.005089    0.026331    0.054168    4.056641 v input2/X (sky130_fd_sc_hd__clkbuf_1)
                                                         net2 (net)
                      0.026331    0.000143    4.056783 v _51_/B (sky130_fd_sc_hd__nor2_1)
     1    0.002954    0.054767    0.054492    4.111276 ^ _51_/Y (sky130_fd_sc_hd__nor2_1)
                                                         _12_ (net)
                      0.054769    0.000084    4.111360 ^ _52_/B (sky130_fd_sc_hd__nor2_1)
     3    0.009775    0.036739    0.044330    4.155690 v _52_/Y (sky130_fd_sc_hd__nor2_1)
                                                         _13_ (net)
                      0.036754    0.000211    4.155901 v _57_/B (sky130_fd_sc_hd__xor2_1)
     1    0.004046    0.028444    0.090498    4.246399 v _57_/X (sky130_fd_sc_hd__xor2_1)
                                                         net20 (net)
                      0.028444    0.000125    4.246524 v output20/A (sky130_fd_sc_hd__buf_2)
     1    0.033895    0.062210    0.116148    4.362672 v output20/X (sky130_fd_sc_hd__buf_2)
                                                         sum[1] (net)
                      0.062215    0.000611    4.363283 v sum[1] (out)
                                              4.363283   data arrival time

                      0.000000    0.000000    0.000000   clock __VIRTUAL_CLK__ (rise edge)
                                  0.000000    0.000000   clock network delay (ideal)
                                  0.250000    0.250000   clock uncertainty
                                  0.000000    0.250000   clock reconvergence pessimism
                                 -4.000000   -3.750000   output external delay
                                             -3.750000   data required time
---------------------------------------------------------------------------------------------
                                             -3.750000   data required time
                                             -4.363283   data arrival time
---------------------------------------------------------------------------------------------
                                              8.113283   slack (MET)


Startpoint: a[7] (input port clocked by __VIRTUAL_CLK__)
Endpoint: cout (output port clocked by __VIRTUAL_CLK__)
Path Group: __VIRTUAL_CLK__
Path Type: min

Fanout         Cap        Slew       Delay        Time   Description
---------------------------------------------------------------------------------------------
                      0.000000    0.000000    0.000000   clock __VIRTUAL_CLK__ (rise edge)
                                  0.000000    0.000000   clock network delay (ideal)
                                  4.000000    4.000000 ^ input external delay
     1    0.002849    0.014091    0.007366    4.007366 ^ a[7] (in)
                                                         a[7] (net)
                      0.014091    0.000000    4.007366 ^ input8/A (sky130_fd_sc_hd__clkbuf_1)
     3    0.007128    0.068320    0.073176    4.080541 ^ input8/X (sky130_fd_sc_hd__clkbuf_1)
                                                         net8 (net)
                      0.068320    0.000132    4.080673 ^ _61_/B (sky130_fd_sc_hd__or2_1)
     2    0.007065    0.057019    0.086838    4.167511 ^ _61_/X (sky130_fd_sc_hd__or2_1)
                                                         _18_ (net)
                      0.057019    0.000154    4.167665 ^ _86_/C1 (sky130_fd_sc_hd__o221a_1)
     1    0.002569    0.031706    0.073641    4.241306 ^ _86_/X (sky130_fd_sc_hd__o221a_1)
                                                         net18 (net)
                      0.031706    0.000075    4.241381 ^ output18/A (sky130_fd_sc_hd__buf_2)
     1    0.034034    0.127422    0.136863    4.378243 ^ output18/X (sky130_fd_sc_hd__buf_2)
                                                         cout (net)
                      0.127426    0.000653    4.378897 ^ cout (out)
                                              4.378897   data arrival time

                      0.000000    0.000000    0.000000   clock __VIRTUAL_CLK__ (rise edge)
                                  0.000000    0.000000   clock network delay (ideal)
                                  0.250000    0.250000   clock uncertainty
                                  0.000000    0.250000   clock reconvergence pessimism
                                 -4.000000   -3.750000   output external delay
                                             -3.750000   data required time
---------------------------------------------------------------------------------------------
                                             -3.750000   data required time
                                             -4.378897   data arrival time
---------------------------------------------------------------------------------------------
                                              8.128897   slack (MET)


Startpoint: a[2] (input port clocked by __VIRTUAL_CLK__)
Endpoint: sum[2] (output port clocked by __VIRTUAL_CLK__)
Path Group: __VIRTUAL_CLK__
Path Type: min

Fanout         Cap        Slew       Delay        Time   Description
---------------------------------------------------------------------------------------------
                      0.000000    0.000000    0.000000   clock __VIRTUAL_CLK__ (rise edge)
                                  0.000000    0.000000   clock network delay (ideal)
                                  4.000000    4.000000 ^ input external delay
     1    0.002790    0.013882    0.007212    4.007212 ^ a[2] (in)
                                                         a[2] (net)
                      0.013882    0.000000    4.007212 ^ input3/A (sky130_fd_sc_hd__buf_1)
     3    0.010769    0.099087    0.094329    4.101541 ^ input3/X (sky130_fd_sc_hd__buf_1)
                                                         net3 (net)
                      0.099088    0.000238    4.101779 ^ _44_/B (sky130_fd_sc_hd__nor2_1)
     2    0.007121    0.040725    0.043349    4.145128 v _44_/Y (sky130_fd_sc_hd__nor2_1)
                                                         _05_ (net)
                      0.040727    0.000212    4.145340 v _45_/B (sky130_fd_sc_hd__nor2_1)
     1    0.005052    0.079025    0.077923    4.223263 ^ _45_/Y (sky130_fd_sc_hd__nor2_1)
                                                         _06_ (net)
                      0.079026    0.000149    4.223412 ^ _56_/A (sky130_fd_sc_hd__xnor2_1)
     1    0.002659    0.023120    0.044386    4.267798 v _56_/Y (sky130_fd_sc_hd__xnor2_1)
                                                         net21 (net)
                      0.023120    0.000075    4.267874 v output21/A (sky130_fd_sc_hd__buf_2)
     1    0.034309    0.062891    0.114403    4.382277 v output21/X (sky130_fd_sc_hd__buf_2)
                                                         sum[2] (net)
                      0.062902    0.000800    4.383077 v sum[2] (out)
                                              4.383077   data arrival time

                      0.000000    0.000000    0.000000   clock __VIRTUAL_CLK__ (rise edge)
                                  0.000000    0.000000   clock network delay (ideal)
                                  0.250000    0.250000   clock uncertainty
                                  0.000000    0.250000   clock reconvergence pessimism
                                 -4.000000   -3.750000   output external delay
                                             -3.750000   data required time
---------------------------------------------------------------------------------------------
                                             -3.750000   data required time
                                             -4.383077   data arrival time
---------------------------------------------------------------------------------------------
                                              8.133077   slack (MET)



