
===========================================================================
report_checks -path_delay min (Hold)
============================================================================
======================= nom_tt_025C_1v80 Corner ===================================

Startpoint: cin (input port clocked by __VIRTUAL_CLK__)
Endpoint: sum[0] (output port clocked by __VIRTUAL_CLK__)
Path Group: __VIRTUAL_CLK__
Path Type: min

Fanout         Cap        Slew       Delay        Time   Description
---------------------------------------------------------------------------------------------
                      0.000000    0.000000    0.000000   clock __VIRTUAL_CLK__ (rise edge)
                                  0.000000    0.000000   clock network delay (ideal)
                                  4.000000    4.000000 ^ input external delay
     2    0.012693    0.063180    0.042686    4.042686 ^ cin (in)
                                                         cin (net)
                      0.063181    0.000000    4.042686 ^ _58_/A (sky130_fd_sc_hd__xnor2_2)
     1    0.034614    0.157447    0.164520    4.207206 v _58_/Y (sky130_fd_sc_hd__xnor2_2)
                                                         sum[0] (net)
                      0.157447    0.000222    4.207429 v sum[0] (out)
                                              4.207429   data arrival time

                      0.000000    0.000000    0.000000   clock __VIRTUAL_CLK__ (rise edge)
                                  0.000000    0.000000   clock network delay (ideal)
                                  0.250000    0.250000   clock uncertainty
                                  0.000000    0.250000   clock reconvergence pessimism
                                 -4.000000   -3.750000   output external delay
                                             -3.750000   data required time
---------------------------------------------------------------------------------------------
                                             -3.750000   data required time
                                             -4.207429   data arrival time
---------------------------------------------------------------------------------------------
                                              7.957429   slack (MET)


Startpoint: b[7] (input port clocked by __VIRTUAL_CLK__)
Endpoint: sum[7] (output port clocked by __VIRTUAL_CLK__)
Path Group: __VIRTUAL_CLK__
Path Type: min

Fanout         Cap        Slew       Delay        Time   Description
---------------------------------------------------------------------------------------------
                      0.000000    0.000000    0.000000   clock __VIRTUAL_CLK__ (rise edge)
                                  0.000000    0.000000   clock network delay (ideal)
                                  4.000000    4.000000 ^ input external delay
     3    0.008454    0.044526    0.028978    4.028978 ^ b[7] (in)
                                                         b[7] (net)
                      0.044526    0.000000    4.028978 ^ _60_/A (sky130_fd_sc_hd__nand2_2)
     2    0.008786    0.044964    0.054428    4.083405 v _60_/Y (sky130_fd_sc_hd__nand2_2)
                                                         _17_ (net)
                      0.044964    0.000007    4.083412 v _62_/A (sky130_fd_sc_hd__nand2_2)
     1    0.009135    0.059359    0.069936    4.153348 ^ _62_/Y (sky130_fd_sc_hd__nand2_2)
                                                         _19_ (net)
                      0.059359    0.000004    4.153353 ^ _78_/A (sky130_fd_sc_hd__xnor2_2)
     1    0.034050    0.155359    0.161851    4.315203 v _78_/Y (sky130_fd_sc_hd__xnor2_2)
                                                         sum[7] (net)
                      0.155359    0.000091    4.315294 v sum[7] (out)
                                              4.315294   data arrival time

                      0.000000    0.000000    0.000000   clock __VIRTUAL_CLK__ (rise edge)
                                  0.000000    0.000000   clock network delay (ideal)
                                  0.250000    0.250000   clock uncertainty
                                  0.000000    0.250000   clock reconvergence pessimism
                                 -4.000000   -3.750000   output external delay
                                             -3.750000   data required time
---------------------------------------------------------------------------------------------
                                             -3.750000   data required time
                                             -4.315294   data arrival time
---------------------------------------------------------------------------------------------
                                              8.065294   slack (MET)


Startpoint: b[5] (input port clocked by __VIRTUAL_CLK__)
Endpoint: sum[5] (output port clocked by __VIRTUAL_CLK__)
Path Group: __VIRTUAL_CLK__
Path Type: min

Fanout         Cap        Slew       Delay        Time   Description
---------------------------------------------------------------------------------------------
                      0.000000    0.000000    0.000000   clock __VIRTUAL_CLK__ (rise edge)
                                  0.000000    0.000000   clock network delay (ideal)
                                  4.000000    4.000000 ^ input external delay
     2    0.006874    0.037524    0.023872    4.023871 ^ b[5] (in)
                                                         b[5] (net)
                      0.037524    0.000000    4.023871 ^ _75_/A (sky130_fd_sc_hd__nand2_2)
     3    0.010830    0.050797    0.057923    4.081795 v _75_/Y (sky130_fd_sc_hd__nand2_2)
                                                         _32_ (net)
                      0.050797    0.000016    4.081811 v _80_/B (sky130_fd_sc_hd__nand2_2)
     1    0.008493    0.059043    0.079409    4.161221 ^ _80_/Y (sky130_fd_sc_hd__nand2_2)
                                                         _36_ (net)
                      0.059043    0.000002    4.161222 ^ _83_/B (sky130_fd_sc_hd__xnor2_2)
     1    0.034714    0.157921    0.154238    4.315461 v _83_/Y (sky130_fd_sc_hd__xnor2_2)
                                                         sum[5] (net)
                      0.157922    0.000287    4.315748 v sum[5] (out)
                                              4.315748   data arrival time

                      0.000000    0.000000    0.000000   clock __VIRTUAL_CLK__ (rise edge)
                                  0.000000    0.000000   clock network delay (ideal)
                                  0.250000    0.250000   clock uncertainty
                                  0.000000    0.250000   clock reconvergence pessimism
                                 -4.000000   -3.750000   output external delay
                                             -3.750000   data required time
---------------------------------------------------------------------------------------------
                                             -3.750000   data required time
                                             -4.315748   data arrival time
---------------------------------------------------------------------------------------------
                                              8.065748   slack (MET)


Startpoint: b[4] (input port clocked by __VIRTUAL_CLK__)
Endpoint: sum[4] (output port clocked by __VIRTUAL_CLK__)
Path Group: __VIRTUAL_CLK__
Path Type: min

Fanout         Cap        Slew       Delay        Time   Description
---------------------------------------------------------------------------------------------
                      0.000000    0.000000    0.000000   clock __VIRTUAL_CLK__ (rise edge)
                                  0.000000    0.000000   clock network delay (ideal)
                                  4.000000    4.000000 ^ input external delay
     2    0.006988    0.038029    0.024243    4.024243 ^ b[4] (in)
                                                         b[4] (net)
                      0.038029    0.000000    4.024243 ^ _67_/A (sky130_fd_sc_hd__nand2_2)
     2    0.008992    0.045560    0.052882    4.077125 v _67_/Y (sky130_fd_sc_hd__nand2_2)
                                                         _24_ (net)
                      0.045560    0.000004    4.077128 v _69_/A (sky130_fd_sc_hd__nand2_2)
     2    0.013965    0.083110    0.087311    4.164439 ^ _69_/Y (sky130_fd_sc_hd__nand2_2)
                                                         _26_ (net)
                      0.083110    0.000010    4.164449 ^ _84_/A (sky130_fd_sc_hd__xnor2_2)
     1    0.034932    0.159413    0.170759    4.335208 v _84_/Y (sky130_fd_sc_hd__xnor2_2)
                                                         sum[4] (net)
                      0.159413    0.000257    4.335465 v sum[4] (out)
                                              4.335465   data arrival time

                      0.000000    0.000000    0.000000   clock __VIRTUAL_CLK__ (rise edge)
                                  0.000000    0.000000   clock network delay (ideal)
                                  0.250000    0.250000   clock uncertainty
                                  0.000000    0.250000   clock reconvergence pessimism
                                 -4.000000   -3.750000   output external delay
                                             -3.750000   data required time
---------------------------------------------------------------------------------------------
                                             -3.750000   data required time
                                             -4.335465   data arrival time
---------------------------------------------------------------------------------------------
                                              8.085465   slack (MET)


Startpoint: b[6] (input port clocked by __VIRTUAL_CLK__)
Endpoint: sum[6] (output port clocked by __VIRTUAL_CLK__)
Path Group: __VIRTUAL_CLK__
Path Type: min

Fanout         Cap        Slew       Delay        Time   Description
---------------------------------------------------------------------------------------------
                      0.000000    0.000000    0.000000   clock __VIRTUAL_CLK__ (rise edge)
                                  0.000000    0.000000   clock network delay (ideal)
                                  4.000000    4.000000 ^ input external delay
     2    0.007468    0.040154    0.025803    4.025804 ^ b[6] (in)
                                                         b[6] (net)
                      0.040154    0.000000    4.025804 ^ _64_/A (sky130_fd_sc_hd__nand2_2)
     4    0.017566    0.077406    0.077526    4.103329 v _64_/Y (sky130_fd_sc_hd__nand2_2)
                                                         _21_ (net)
                      0.077406    0.000022    4.103351 v _79_/B (sky130_fd_sc_hd__nand2_2)
     1    0.009093    0.061820    0.093654    4.197004 ^ _79_/Y (sky130_fd_sc_hd__nand2_2)
                                                         _35_ (net)
                      0.061820    0.000003    4.197007 ^ _82_/A (sky130_fd_sc_hd__xnor2_2)
     1    0.034268    0.156280    0.163145    4.360152 v _82_/Y (sky130_fd_sc_hd__xnor2_2)
                                                         sum[6] (net)
                      0.156280    0.000138    4.360290 v sum[6] (out)
                                              4.360290   data arrival time

                      0.000000    0.000000    0.000000   clock __VIRTUAL_CLK__ (rise edge)
                                  0.000000    0.000000   clock network delay (ideal)
                                  0.250000    0.250000   clock uncertainty
                                  0.000000    0.250000   clock reconvergence pessimism
                                 -4.000000   -3.750000   output external delay
                                             -3.750000   data required time
---------------------------------------------------------------------------------------------
                                             -3.750000   data required time
                                             -4.360290   data arrival time
---------------------------------------------------------------------------------------------
                                              8.110290   slack (MET)


Startpoint: a[3] (input port clocked by __VIRTUAL_CLK__)
Endpoint: sum[3] (output port clocked by __VIRTUAL_CLK__)
Path Group: __VIRTUAL_CLK__
Path Type: min

Fanout         Cap        Slew       Delay        Time   Description
---------------------------------------------------------------------------------------------
                      0.000000    0.000000    0.000000   clock __VIRTUAL_CLK__ (rise edge)
                                  0.000000    0.000000   clock network delay (ideal)
                                  4.000000    4.000000 v input external delay
     3    0.007812    0.019714    0.012632    4.012632 v a[3] (in)
                                                         a[3] (net)
                      0.019714    0.000000    4.012632 v _39_/B (sky130_fd_sc_hd__nor2_2)
     1    0.004697    0.081313    0.075395    4.088027 ^ _39_/Y (sky130_fd_sc_hd__nor2_2)
                                                         _00_ (net)
                      0.081313    0.000002    4.088028 ^ _42_/A (sky130_fd_sc_hd__nor2_2)
     1    0.008448    0.034016    0.056087    4.144115 v _42_/Y (sky130_fd_sc_hd__nor2_2)
                                                         _03_ (net)
                      0.034016    0.000006    4.144121 v _55_/A (sky130_fd_sc_hd__xnor2_2)
     1    0.034489    0.157080    0.221843    4.365964 v _55_/Y (sky130_fd_sc_hd__xnor2_2)
                                                         sum[3] (net)
                      0.157081    0.000241    4.366205 v sum[3] (out)
                                              4.366205   data arrival time

                      0.000000    0.000000    0.000000   clock __VIRTUAL_CLK__ (rise edge)
                                  0.000000    0.000000   clock network delay (ideal)
                                  0.250000    0.250000   clock uncertainty
                                  0.000000    0.250000   clock reconvergence pessimism
                                 -4.000000   -3.750000   output external delay
                                             -3.750000   data required time
---------------------------------------------------------------------------------------------
                                             -3.750000   data required time
                                             -4.366205   data arrival time
---------------------------------------------------------------------------------------------
                                              8.116205   slack (MET)


Startpoint: a[1] (input port clocked by __VIRTUAL_CLK__)
Endpoint: sum[1] (output port clocked by __VIRTUAL_CLK__)
Path Group: __VIRTUAL_CLK__
Path Type: min

Fanout         Cap        Slew       Delay        Time   Description
---------------------------------------------------------------------------------------------
                      0.000000    0.000000    0.000000   clock __VIRTUAL_CLK__ (rise edge)
                                  0.000000    0.000000   clock network delay (ideal)
                                  4.000000    4.000000 v input external delay
     2    0.006773    0.017458    0.010957    4.010957 v a[1] (in)
                                                         a[1] (net)
                      0.017459    0.000000    4.010957 v _51_/B (sky130_fd_sc_hd__nor2_2)
     1    0.005016    0.084578    0.077417    4.088374 ^ _51_/Y (sky130_fd_sc_hd__nor2_2)
                                                         _12_ (net)
                      0.084578    0.000007    4.088381 ^ _52_/B (sky130_fd_sc_hd__nor2_2)
     3    0.017941    0.051203    0.069782    4.158164 v _52_/Y (sky130_fd_sc_hd__nor2_2)
                                                         _13_ (net)
                      0.051203    0.000009    4.158173 v _57_/B (sky130_fd_sc_hd__xor2_2)
     1    0.034367    0.101470    0.210189    4.368362 v _57_/X (sky130_fd_sc_hd__xor2_2)
                                                         sum[1] (net)
                      0.101470    0.000131    4.368493 v sum[1] (out)
                                              4.368493   data arrival time

                      0.000000    0.000000    0.000000   clock __VIRTUAL_CLK__ (rise edge)
                                  0.000000    0.000000   clock network delay (ideal)
                                  0.250000    0.250000   clock uncertainty
                                  0.000000    0.250000   clock reconvergence pessimism
                                 -4.000000   -3.750000   output external delay
                                             -3.750000   data required time
---------------------------------------------------------------------------------------------
                                             -3.750000   data required time
                                             -4.368493   data arrival time
---------------------------------------------------------------------------------------------
                                              8.118493   slack (MET)


Startpoint: a[2] (input port clocked by __VIRTUAL_CLK__)
Endpoint: sum[2] (output port clocked by __VIRTUAL_CLK__)
Path Group: __VIRTUAL_CLK__
Path Type: min

Fanout         Cap        Slew       Delay        Time   Description
---------------------------------------------------------------------------------------------
                      0.000000    0.000000    0.000000   clock __VIRTUAL_CLK__ (rise edge)
                                  0.000000    0.000000   clock network delay (ideal)
                                  4.000000    4.000000 ^ input external delay
     3    0.012311    0.061592    0.041456    4.041456 ^ a[2] (in)
                                                         a[2] (net)
                      0.061592    0.000000    4.041456 ^ _44_/B (sky130_fd_sc_hd__nor2_2)
     2    0.006837    0.026726    0.042097    4.083554 v _44_/Y (sky130_fd_sc_hd__nor2_2)
                                                         _05_ (net)
                      0.026726    0.000010    4.083563 v _45_/B (sky130_fd_sc_hd__nor2_2)
     1    0.009231    0.127430    0.112302    4.195865 ^ _45_/Y (sky130_fd_sc_hd__nor2_2)
                                                         _06_ (net)
                      0.127430    0.000009    4.195874 ^ _56_/A (sky130_fd_sc_hd__xnor2_2)
     1    0.034518    0.157649    0.181152    4.377027 v _56_/Y (sky130_fd_sc_hd__xnor2_2)
                                                         sum[2] (net)
                      0.157649    0.000245    4.377272 v sum[2] (out)
                                              4.377272   data arrival time

                      0.000000    0.000000    0.000000   clock __VIRTUAL_CLK__ (rise edge)
                                  0.000000    0.000000   clock network delay (ideal)
                                  0.250000    0.250000   clock uncertainty
                                  0.000000    0.250000   clock reconvergence pessimism
                                 -4.000000   -3.750000   output external delay
                                             -3.750000   data required time
---------------------------------------------------------------------------------------------
                                             -3.750000   data required time
                                             -4.377272   data arrival time
---------------------------------------------------------------------------------------------
                                              8.127272   slack (MET)


Startpoint: b[7] (input port clocked by __VIRTUAL_CLK__)
Endpoint: cout (output port clocked by __VIRTUAL_CLK__)
Path Group: __VIRTUAL_CLK__
Path Type: min

Fanout         Cap        Slew       Delay        Time   Description
---------------------------------------------------------------------------------------------
                      0.000000    0.000000    0.000000   clock __VIRTUAL_CLK__ (rise edge)
                                  0.000000    0.000000   clock network delay (ideal)
                                  4.000000    4.000000 v input external delay
     3    0.007981    0.020080    0.012901    4.012901 v b[7] (in)
                                                         b[7] (net)
                      0.020080    0.000000    4.012901 v _60_/A (sky130_fd_sc_hd__nand2_2)
     2    0.009292    0.059794    0.060061    4.072963 ^ _60_/Y (sky130_fd_sc_hd__nand2_2)
                                                         _17_ (net)
                      0.059794    0.000008    4.072970 ^ _85_/A (sky130_fd_sc_hd__nand2_2)
     1    0.002261    0.025760    0.038560    4.111530 v _85_/Y (sky130_fd_sc_hd__nand2_2)
                                                         _38_ (net)
                      0.025760    0.000000    4.111531 v _86_/B2 (sky130_fd_sc_hd__o221a_2)
     1    0.034620    0.098624    0.313935    4.425467 v _86_/X (sky130_fd_sc_hd__o221a_2)
                                                         cout (net)
                      0.098624    0.000220    4.425687 v cout (out)
                                              4.425687   data arrival time

                      0.000000    0.000000    0.000000   clock __VIRTUAL_CLK__ (rise edge)
                                  0.000000    0.000000   clock network delay (ideal)
                                  0.250000    0.250000   clock uncertainty
                                  0.000000    0.250000   clock reconvergence pessimism
                                 -4.000000   -3.750000   output external delay
                                             -3.750000   data required time
---------------------------------------------------------------------------------------------
                                             -3.750000   data required time
                                             -4.425687   data arrival time
---------------------------------------------------------------------------------------------
                                              8.175686   slack (MET)



