Clock: clk
Sources: clk 
Generated: no
Virtual: yes
Propagated: no
Period: 50.000000

===========================================================================
report_clock_properties
============================================================================
Clock                   Period          Waveform
----------------------------------------------------
clk                  50.000000    0.000000 25.000000

===========================================================================
report_clock_latency
============================================================================
Clock clk
rise -> rise
    min     max
0.000000 0.000000 source latency
0.672434         network latency _593_/CLK
        0.686249 network latency _665_/CLK
---------------
0.672434 0.686249 latency
        0.013815 skew

fall -> fall
    min     max
0.000000 0.000000 source latency
0.331504         network latency _593_/CLK
        0.344510 network latency _665_/CLK
---------------
0.331504 0.344510 latency
        0.013006 skew



===========================================================================
report_clock_min_period
============================================================================
clk period_min = 5.05 fmax = 197.88
