Starting…
Running 'Verilator.Lint' at 'runs/cla32_util60/01-verilator-lint'…
Logging subprocess to [repr.filename]'runs/cla32_util60/01-verilator-lint/verilator-lint.log'[/repr.filename]…
Running 'Checker.LintTimingConstructs' at 'runs/cla32_util60/02-checker-linttimingconstructs'…
Check for Lint Timing Errors clear.
Running 'Checker.LintErrors' at 'runs/cla32_util60/03-checker-linterrors'…
Check for Lint errors clear.
Running 'Checker.LintWarnings' at 'runs/cla32_util60/04-checker-lintwarnings'…
Check for Lint warnings clear.
Running 'Yosys.JsonHeader' at 'runs/cla32_util60/05-yosys-jsonheader'…
Logging subprocess to [repr.filename]'runs/cla32_util60/05-yosys-jsonheader/yosys-jsonheader.log'[/repr.filename]…
Running 'Yosys.Synthesis' at 'runs/cla32_util60/06-yosys-synthesis'…
Logging subprocess to [repr.filename]'runs/cla32_util60/06-yosys-synthesis/yosys-synthesis.log'[/repr.filename]…
Parsing synthesis checks…
Running 'Checker.YosysUnmappedCells' at 'runs/cla32_util60/07-checker-yosysunmappedcells'…
Check for Unmapped Yosys instances clear.
Running 'Checker.YosysSynthChecks' at 'runs/cla32_util60/08-checker-yosyssynthchecks'…
Check for Yosys check errors clear.
Running 'Checker.NetlistAssignStatements' at 'runs/cla32_util60/09-checker-netlistassignstatements'…
Running 'OpenROAD.CheckSDCFiles' at 'runs/cla32_util60/10-openroad-checksdcfiles'…
'PNR_SDC_FILE' is not defined. Using generic fallback SDC for OpenROAD PnR steps.
'SIGNOFF_SDC_FILE' is not defined. Using generic fallback SDC for OpenROAD PnR steps.
Running 'OpenROAD.CheckMacroInstances' at 'runs/cla32_util60/11-openroad-checkmacroinstances'…
No macros found, skipping instance check…
Running 'OpenROAD.STAPrePNR' at 'runs/cla32_util60/12-openroad-staprepnr'…
Starting STA for the nom_tt_025C_1v80 timing corner…
Starting STA for the nom_ss_100C_1v60 timing corner…
Starting STA for the nom_ff_n40C_1v95 timing corner…
Skipping corner min_tt_025C_1v80 for STA (identical to nom_tt_025C_1v80 at this stage)…
Skipping corner min_ss_100C_1v60 for STA (identical to nom_ss_100C_1v60 at this stage)…
Logging subprocess to [repr.filename]'runs/cla32_util60/12-openroad-staprepnr/nom_tt_025C_1v80/sta.log'[/repr.filename]…
Logging subprocess to [repr.filename]'runs/cla32_util60/12-openroad-staprepnr/nom_ss_100C_1v60/sta.log'[/repr.filename]…
Skipping corner min_ff_n40C_1v95 for STA (identical to nom_ff_n40C_1v95 at this stage)…
Skipping corner max_tt_025C_1v80 for STA (identical to nom_tt_025C_1v80 at this stage)…
Logging subprocess to [repr.filename]'runs/cla32_util60/12-openroad-staprepnr/nom_ff_n40C_1v95/sta.log'[/repr.filename]…
Skipping corner max_ss_100C_1v60 for STA (identical to nom_ss_100C_1v60 at this stage)…
Skipping corner max_ff_n40C_1v95 for STA (identical to nom_ff_n40C_1v95 at this stage)…
Finished STA for the nom_tt_025C_1v80 timing corner.
Finished STA for the nom_ff_n40C_1v95 timing corner.
Finished STA for the nom_ss_100C_1v60 timing corner.
Running 'OpenROAD.Floorplan' at 'runs/cla32_util60/13-openroad-floorplan'…
Logging subprocess to [repr.filename]'runs/cla32_util60/13-openroad-floorplan/openroad-floorplan.log'[/repr.filename]…
[STA-0366] port '__VIRTUAL_CLK__' not found.
[STA-0366] port '__VIRTUAL_CLK__' not found.
[STA-0419] transition time can not be specified for virtual clocks.
[STA-0450] virtual clock __VIRTUAL_CLK__ can not be propagated.
Running 'Odb.CheckMacroAntennaProperties' at 'runs/cla32_util60/14-odb-checkmacroantennaproperties'…
No cells provided, skipping…
Running 'Odb.SetPowerConnections' at 'runs/cla32_util60/15-odb-setpowerconnections'…
Logging subprocess to [repr.filename]'runs/cla32_util60/15-odb-setpowerconnections/odb-setpowerconnections.log'[/repr.filename]…
Running 'Odb.ManualMacroPlacement' at 'runs/cla32_util60/16-odb-manualmacroplacement'…
No instances found, skipping 'Odb.ManualMacroPlacement'…
Running 'OpenROAD.CutRows' at 'runs/cla32_util60/17-openroad-cutrows'…
Logging subprocess to [repr.filename]'runs/cla32_util60/17-openroad-cutrows/openroad-cutrows.log'[/repr.filename]…
[STA-0366] port '__VIRTUAL_CLK__' not found.
[STA-0366] port '__VIRTUAL_CLK__' not found.
[STA-0419] transition time can not be specified for virtual clocks.
[STA-0450] virtual clock __VIRTUAL_CLK__ can not be propagated.
Running 'OpenROAD.TapEndcapInsertion' at 'runs/cla32_util60/18-openroad-tapendcapinsertion'…
Logging subprocess to [repr.filename]'runs/cla32_util60/18-openroad-tapendcapinsertion/openroad-tapendcapinsertion.log'[/repr.filename]…
[STA-0366] port '__VIRTUAL_CLK__' not found.
[STA-0366] port '__VIRTUAL_CLK__' not found.
[STA-0419] transition time can not be specified for virtual clocks.
[STA-0450] virtual clock __VIRTUAL_CLK__ can not be propagated.
Running 'Odb.AddPDNObstructions' at 'runs/cla32_util60/19-odb-addpdnobstructions'…
'PDN_OBSTRUCTIONS' is not defined. Skipping 'Odb.AddPDNObstructions'…
Running 'OpenROAD.GeneratePDN' at 'runs/cla32_util60/20-openroad-generatepdn'…
'FP_PDN_CFG' not explicitly set, setting it to /nix/store/ss2cw3sxbrwwx9jl0rrppbw4kgcmgi2n-python3-3.11.9-env/lib/python3.11/site-packages/openlane/scripts/openroad/common/pdn_cfg.tcl…
Logging subprocess to [repr.filename]'runs/cla32_util60/20-openroad-generatepdn/openroad-generatepdn.log'[/repr.filename]…
[STA-0366] port '__VIRTUAL_CLK__' not found.
[STA-0366] port '__VIRTUAL_CLK__' not found.
[STA-0419] transition time can not be specified for virtual clocks.
[STA-0450] virtual clock __VIRTUAL_CLK__ can not be propagated.
Running 'Odb.RemovePDNObstructions' at 'runs/cla32_util60/21-odb-removepdnobstructions'…
'PDN_OBSTRUCTIONS' is not defined. Skipping 'Odb.RemovePDNObstructions'…
Running 'Odb.AddRoutingObstructions' at 'runs/cla32_util60/22-odb-addroutingobstructions'…
'ROUTING_OBSTRUCTIONS' is not defined. Skipping 'Odb.AddRoutingObstructions'…
Running 'OpenROAD.GlobalPlacementSkipIO' at 'runs/cla32_util60/23-openroad-globalplacementskipio'…
'PL_TARGET_DENSITY_PCT' not explicitly set, using dynamically calculated target density: 73.083300…
Logging subprocess to [repr.filename]'runs/cla32_util60/23-openroad-globalplacementskipio/openroad-globalplacementskipio.log'[/repr.filename]…
[STA-0366] port '__VIRTUAL_CLK__' not found.
[STA-0366] port '__VIRTUAL_CLK__' not found.
[STA-0419] transition time can not be specified for virtual clocks.
[STA-0450] virtual clock __VIRTUAL_CLK__ can not be propagated.
Running 'OpenROAD.IOPlacement' at 'runs/cla32_util60/24-openroad-ioplacement'…
Logging subprocess to [repr.filename]'runs/cla32_util60/24-openroad-ioplacement/openroad-ioplacement.log'[/repr.filename]…
[STA-0366] port '__VIRTUAL_CLK__' not found.
[STA-0366] port '__VIRTUAL_CLK__' not found.
[STA-0419] transition time can not be specified for virtual clocks.
[STA-0450] virtual clock __VIRTUAL_CLK__ can not be propagated.
[PPL-0024] Number of IO pins (98) exceeds maximum number of available positions (88). Increase the die perimeter from 287.06um to 333.20um.
