Reading OpenROAD database at '/home/minhnd/projects/CLA32_Floorplanning/runs/acc8_util40/41-openroad-repairantennas/1-diodeinsertion/acc8.odb'…
Reading library file at '/home/minhnd/.volare/volare/sky130/versions/0fe599b2afb6708d281543108caf8310912f54af/sky130A/libs.ref/sky130_fd_sc_hd/lib/sky130_fd_sc_hd__tt_025C_1v80.lib'…
Reading design constraints file at '/nix/store/ss2cw3sxbrwwx9jl0rrppbw4kgcmgi2n-python3-3.11.9-env/lib/python3.11/site-packages/openlane/scripts/base.sdc'…
[INFO] Using clock clk…
[INFO] Setting output delay to: 4
[INFO] Setting input delay to: 4
[INFO] Setting load to: 0.033442
[INFO] Setting clock uncertainty to: 0.25
[INFO] Setting clock transition to: 0.1499999999999999944488848768742172978818416595458984375
[INFO] Setting timing derate to: 5%
[INFO ORD-0030] Using 16 thread(s).
[INFO DRT-0149] Reading tech and libs.
[WARNING DRT-0349] LEF58_ENCLOSURE with no CUTCLASS is not supported. Skipping for layer mcon
[WARNING DRT-0349] LEF58_ENCLOSURE with no CUTCLASS is not supported. Skipping for layer mcon
[WARNING DRT-0349] LEF58_ENCLOSURE with no CUTCLASS is not supported. Skipping for layer via
[WARNING DRT-0349] LEF58_ENCLOSURE with no CUTCLASS is not supported. Skipping for layer via
[WARNING DRT-0349] LEF58_ENCLOSURE with no CUTCLASS is not supported. Skipping for layer via2
[WARNING DRT-0349] LEF58_ENCLOSURE with no CUTCLASS is not supported. Skipping for layer via2
[WARNING DRT-0349] LEF58_ENCLOSURE with no CUTCLASS is not supported. Skipping for layer via3
[WARNING DRT-0349] LEF58_ENCLOSURE with no CUTCLASS is not supported. Skipping for layer via3
[WARNING DRT-0349] LEF58_ENCLOSURE with no CUTCLASS is not supported. Skipping for layer via4
[WARNING DRT-0349] LEF58_ENCLOSURE with no CUTCLASS is not supported. Skipping for layer via4

Units:                1000
Number of layers:     13
Number of macros:     441
Number of vias:       28
Number of viarulegen: 25

[INFO DRT-0150] Reading design.

Design:                   acc8
Die area:                 ( 0 0 ) ( 49705 60425 )
Number of track patterns: 12
Number of DEF vias:       0
Number of components:     122
Number of terminals:      20
Number of snets:          2
Number of nets:           88

[INFO DRT-0167] List of default vias:
  Layer via
    default via: M1M2_PR
  Layer via2
    default via: M2M3_PR
  Layer via3
    default via: M3M4_PR
  Layer via4
    default via: M4M5_PR
[INFO DRT-0162] Library cell analysis.
[INFO DRT-0163] Instance analysis.
[INFO DRT-0164] Number of unique instances = 52.
[INFO DRT-0168] Init region query.
[INFO DRT-0024]   Complete FR_MASTERSLICE.
[INFO DRT-0024]   Complete licon.
[INFO DRT-0024]   Complete li1.
[INFO DRT-0024]   Complete mcon.
[INFO DRT-0024]   Complete met1.
[INFO DRT-0024]   Complete via.
[INFO DRT-0024]   Complete met2.
[INFO DRT-0024]   Complete via2.
[INFO DRT-0024]   Complete met3.
[INFO DRT-0024]   Complete via3.
[INFO DRT-0024]   Complete met4.
[INFO DRT-0024]   Complete via4.
[INFO DRT-0024]   Complete met5.
[INFO DRT-0033] FR_MASTERSLICE shape region query size = 0.
[INFO DRT-0033] licon shape region query size = 0.
[INFO DRT-0033] li1 shape region query size = 2074.
[INFO DRT-0033] mcon shape region query size = 0.
[INFO DRT-0033] met1 shape region query size = 386.
[INFO DRT-0033] via shape region query size = 75.
[INFO DRT-0033] met2 shape region query size = 52.
[INFO DRT-0033] via2 shape region query size = 60.
[INFO DRT-0033] met3 shape region query size = 56.
[INFO DRT-0033] via3 shape region query size = 60.
[INFO DRT-0033] met4 shape region query size = 19.
[INFO DRT-0033] via4 shape region query size = 0.
[INFO DRT-0033] met5 shape region query size = 0.
[INFO DRT-0165] Start pin access.
[INFO DRT-0078]   Complete 144 pins.
[INFO DRT-0081]   Complete 46 unique inst patterns.
[INFO DRT-0084]   Complete 50 groups.
#scanned instances     = 122
#unique  instances     = 52
#stdCellGenAp          = 1295
#stdCellValidPlanarAp  = 16
#stdCellValidViaAp     = 995
#stdCellPinNoAp        = 0
#stdCellPinCnt         = 230
#instTermValidViaApCnt = 0
#macroGenAp            = 0
#macroValidPlanarAp    = 0
#macroValidViaAp       = 0
#macroNoAp             = 0
[INFO DRT-0166] Complete pin access.
[INFO DRT-0267] cpu time = 00:00:04, elapsed time = 00:00:00, memory = 139.79 (MB), peak = 138.43 (MB)

[INFO DRT-0157] Number of guides:     453

[INFO DRT-0169] Post process guides.
[INFO DRT-0176] GCELLGRID X 0 DO 7 STEP 6900 ;
[INFO DRT-0177] GCELLGRID Y 0 DO 8 STEP 6900 ;
[INFO DRT-0028]   Complete FR_MASTERSLICE.
[INFO DRT-0028]   Complete licon.
[INFO DRT-0028]   Complete li1.
[INFO DRT-0028]   Complete mcon.
[INFO DRT-0028]   Complete met1.
[INFO DRT-0028]   Complete via.
[INFO DRT-0028]   Complete met2.
[INFO DRT-0028]   Complete via2.
[INFO DRT-0028]   Complete met3.
[INFO DRT-0028]   Complete via3.
[INFO DRT-0028]   Complete met4.
[INFO DRT-0028]   Complete via4.
[INFO DRT-0028]   Complete met5.
[INFO DRT-0178] Init guide query.
[INFO DRT-0035]   Complete FR_MASTERSLICE (guide).
[INFO DRT-0035]   Complete licon (guide).
[INFO DRT-0035]   Complete li1 (guide).
[INFO DRT-0035]   Complete mcon (guide).
[INFO DRT-0035]   Complete met1 (guide).
[INFO DRT-0035]   Complete via (guide).
[INFO DRT-0035]   Complete met2 (guide).
[INFO DRT-0035]   Complete via2 (guide).
[INFO DRT-0035]   Complete met3 (guide).
[INFO DRT-0035]   Complete via3 (guide).
[INFO DRT-0035]   Complete met4 (guide).
[INFO DRT-0035]   Complete via4 (guide).
[INFO DRT-0035]   Complete met5 (guide).
[INFO DRT-0036] FR_MASTERSLICE guide region query size = 0.
[INFO DRT-0036] licon guide region query size = 0.
[INFO DRT-0036] li1 guide region query size = 163.
[INFO DRT-0036] mcon guide region query size = 0.
[INFO DRT-0036] met1 guide region query size = 112.
[INFO DRT-0036] via guide region query size = 0.
[INFO DRT-0036] met2 guide region query size = 58.
[INFO DRT-0036] via2 guide region query size = 0.
[INFO DRT-0036] met3 guide region query size = 11.
[INFO DRT-0036] via3 guide region query size = 0.
[INFO DRT-0036] met4 guide region query size = 0.
[INFO DRT-0036] via4 guide region query size = 0.
[INFO DRT-0036] met5 guide region query size = 0.
[INFO DRT-0179] Init gr pin query.
[INFO DRT-0245] skipped writing guide updates to database.
[INFO DRT-0185] Post process initialize RPin region query.
[INFO DRT-0181] Start track assignment.
[INFO DRT-0184] Done with 221 vertical wires in 1 frboxes and 123 horizontal wires in 1 frboxes.
[INFO DRT-0186] Done with 16 vertical wires in 1 frboxes and 27 horizontal wires in 1 frboxes.
[INFO DRT-0182] Complete track assignment.
[INFO DRT-0267] cpu time = 00:00:00, elapsed time = 00:00:00, memory = 141.07 (MB), peak = 139.82 (MB)
[INFO DRT-0187] Start routing data preparation.
[INFO DRT-0267] cpu time = 00:00:00, elapsed time = 00:00:00, memory = 141.12 (MB), peak = 139.82 (MB)
[INFO DRT-0194] Start detail routing.
[INFO DRT-0195] Start 0th optimization iteration.
    Completing 10% with 0 violations.
    elapsed time = 00:00:00, memory = 147.93 (MB).
    Completing 20% with 5 violations.
    elapsed time = 00:00:00, memory = 148.14 (MB).
[INFO DRT-0199]   Number of violations = 5.
Viol/Layer        met1   met2
Metal Spacing        2      1
Short                1      1
[INFO DRT-0267] cpu time = 00:00:07, elapsed time = 00:00:00, memory = 504.50 (MB), peak = 503.10 (MB)
Total wire length = 952 um.
Total wire length on LAYER li1 = 0 um.
Total wire length on LAYER met1 = 470 um.
Total wire length on LAYER met2 = 418 um.
Total wire length on LAYER met3 = 64 um.
Total wire length on LAYER met4 = 0 um.
Total wire length on LAYER met5 = 0 um.
Total number of vias = 422.
Up-via summary (total 422):

----------------------
 FR_MASTERSLICE      0
            li1    222
           met1    189
           met2     11
           met3      0
           met4      0
----------------------
                   422


[INFO DRT-0195] Start 1st optimization iteration.
    Completing 10% with 5 violations.
    elapsed time = 00:00:00, memory = 514.65 (MB).
    Completing 20% with 3 violations.
    elapsed time = 00:00:00, memory = 514.65 (MB).
    Completing 30% with 3 violations.
    elapsed time = 00:00:00, memory = 514.65 (MB).
    Completing 40% with 3 violations.
    elapsed time = 00:00:00, memory = 514.65 (MB).
[INFO DRT-0199]   Number of violations = 3.
Viol/Layer        met1
Short                3
[INFO DRT-0267] cpu time = 00:00:06, elapsed time = 00:00:00, memory = 460.65 (MB), peak = 513.40 (MB)
Total wire length = 955 um.
Total wire length on LAYER li1 = 0 um.
Total wire length on LAYER met1 = 472 um.
Total wire length on LAYER met2 = 418 um.
Total wire length on LAYER met3 = 64 um.
Total wire length on LAYER met4 = 0 um.
Total wire length on LAYER met5 = 0 um.
Total number of vias = 433.
Up-via summary (total 433):

----------------------
 FR_MASTERSLICE      0
            li1    222
           met1    200
           met2     11
           met3      0
           met4      0
----------------------
                   433


[INFO DRT-0195] Start 2nd optimization iteration.
    Completing 10% with 3 violations.
    elapsed time = 00:00:00, memory = 460.65 (MB).
    Completing 20% with 3 violations.
    elapsed time = 00:00:00, memory = 460.65 (MB).
    Completing 30% with 3 violations.
    elapsed time = 00:00:00, memory = 460.65 (MB).
    Completing 40% with 3 violations.
    elapsed time = 00:00:00, memory = 478.86 (MB).
[INFO DRT-0199]   Number of violations = 6.
Viol/Layer        met1   met2
Metal Spacing        0      4
Short                1      1
[INFO DRT-0267] cpu time = 00:00:04, elapsed time = 00:00:00, memory = 532.77 (MB), peak = 531.61 (MB)
Total wire length = 952 um.
Total wire length on LAYER li1 = 0 um.
Total wire length on LAYER met1 = 469 um.
Total wire length on LAYER met2 = 420 um.
Total wire length on LAYER met3 = 61 um.
Total wire length on LAYER met4 = 0 um.
Total wire length on LAYER met5 = 0 um.
Total number of vias = 420.
Up-via summary (total 420):

----------------------
 FR_MASTERSLICE      0
            li1    222
           met1    187
           met2     11
           met3      0
           met4      0
----------------------
                   420


[INFO DRT-0195] Start 3rd optimization iteration.
    Completing 10% with 6 violations.
    elapsed time = 00:00:00, memory = 540.32 (MB).
    Completing 20% with 0 violations.
    elapsed time = 00:00:00, memory = 540.32 (MB).
[INFO DRT-0199]   Number of violations = 0.
[INFO DRT-0267] cpu time = 00:00:04, elapsed time = 00:00:00, memory = 479.32 (MB), peak = 552.36 (MB)
Total wire length = 952 um.
Total wire length on LAYER li1 = 0 um.
Total wire length on LAYER met1 = 451 um.
Total wire length on LAYER met2 = 428 um.
Total wire length on LAYER met3 = 72 um.
Total wire length on LAYER met4 = 0 um.
Total wire length on LAYER met5 = 0 um.
Total number of vias = 426.
Up-via summary (total 426):

----------------------
 FR_MASTERSLICE      0
            li1    222
           met1    190
           met2     14
           met3      0
           met4      0
----------------------
                   426


[INFO DRT-0198] Complete detail routing.
Total wire length = 952 um.
Total wire length on LAYER li1 = 0 um.
Total wire length on LAYER met1 = 451 um.
Total wire length on LAYER met2 = 428 um.
Total wire length on LAYER met3 = 72 um.
Total wire length on LAYER met4 = 0 um.
Total wire length on LAYER met5 = 0 um.
Total number of vias = 426.
Up-via summary (total 426):

----------------------
 FR_MASTERSLICE      0
            li1    222
           met1    190
           met2     14
           met3      0
           met4      0
----------------------
                   426


[INFO DRT-0267] cpu time = 00:00:23, elapsed time = 00:00:02, memory = 479.32 (MB), peak = 552.36 (MB)

[INFO DRT-0180] Post processing.
Setting global connections for newly added cells…
[INFO] Setting global connections...
Updating metrics…
Cell type report:                       Count       Area
  Fill cell                                28     105.10
  Tap cell                                 16      20.02
  Clock buffer                              3      75.07
  Timing Repair Buffer                     17      77.57
  Inverter                                  9      33.78
  Sequential cell                           8     200.19
  Multi-Input combinational cell           41     247.74
  Total                                   122     759.48
Writing OpenROAD database to '/home/minhnd/projects/CLA32_Floorplanning/runs/acc8_util40/43-openroad-detailedrouting/acc8.odb'…
Writing netlist to '/home/minhnd/projects/CLA32_Floorplanning/runs/acc8_util40/43-openroad-detailedrouting/acc8.nl.v'…
Writing powered netlist to '/home/minhnd/projects/CLA32_Floorplanning/runs/acc8_util40/43-openroad-detailedrouting/acc8.pnl.v'…
Writing layout to '/home/minhnd/projects/CLA32_Floorplanning/runs/acc8_util40/43-openroad-detailedrouting/acc8.def'…
Writing timing constraints to '/home/minhnd/projects/CLA32_Floorplanning/runs/acc8_util40/43-openroad-detailedrouting/acc8.sdc'…
