
===========================================================================
report_checks -unconstrained
===========================================================================
======================= nom_ff_n40C_1v95 Corner ===================================

Startpoint: a[1] (input port clocked by __VIRTUAL_CLK__)
Endpoint: sum[7] (output port clocked by __VIRTUAL_CLK__)
Path Group: __VIRTUAL_CLK__
Path Type: max

Fanout         Cap        Slew       Delay        Time   Description
---------------------------------------------------------------------------------------------
                      0.000000    0.000000    0.000000   clock __VIRTUAL_CLK__ (rise edge)
                                  0.000000    0.000000   clock network delay (ideal)
                                  4.000000    4.000000 v input external delay
     1    0.003519    0.005771    0.002921    4.002921 v a[1] (in)
                                                         a[1] (net)
                      0.005772    0.000000    4.002921 v input2/A (sky130_fd_sc_hd__clkbuf_1)
     2    0.004636    0.024715    0.053037    4.055958 v input2/X (sky130_fd_sc_hd__clkbuf_1)
                                                         net2 (net)
                      0.024715    0.000110    4.056067 v _46_/B (sky130_fd_sc_hd__and2_1)
     3    0.008448    0.041503    0.110660    4.166728 v _46_/X (sky130_fd_sc_hd__and2_1)
                                                         _07_ (net)
                      0.041503    0.000190    4.166917 v _52_/A (sky130_fd_sc_hd__nor2_1)
     3    0.011215    0.151911    0.141588    4.308505 ^ _52_/Y (sky130_fd_sc_hd__nor2_1)
                                                         _13_ (net)
                      0.151911    0.000229    4.308733 ^ _71_/A2 (sky130_fd_sc_hd__a21oi_1)
     2    0.007874    0.060585    0.074176    4.382909 v _71_/Y (sky130_fd_sc_hd__a21oi_1)
                                                         _28_ (net)
                      0.060586    0.000236    4.383145 v _74_/A2 (sky130_fd_sc_hd__o31ai_2)
     3    0.013496    0.245951    0.243815    4.626960 ^ _74_/Y (sky130_fd_sc_hd__o31ai_2)
                                                         _31_ (net)
                      0.245951    0.000424    4.627384 ^ _77_/A1 (sky130_fd_sc_hd__o211a_1)
     1    0.004954    0.043492    0.119619    4.747004 ^ _77_/X (sky130_fd_sc_hd__o211a_1)
                                                         _34_ (net)
                      0.043492    0.000099    4.747103 ^ _78_/B (sky130_fd_sc_hd__xnor2_1)
     1    0.002563    0.078909    0.066382    4.813485 ^ _78_/Y (sky130_fd_sc_hd__xnor2_1)
                                                         net26 (net)
                      0.078909    0.000074    4.813560 ^ output26/A (sky130_fd_sc_hd__buf_2)
     1    0.035058    0.130901    0.151795    4.965354 ^ output26/X (sky130_fd_sc_hd__buf_2)
                                                         sum[7] (net)
                      0.130944    0.000657    4.966012 ^ sum[7] (out)
                                              4.966012   data arrival time

                      0.000000   20.000000   20.000000   clock __VIRTUAL_CLK__ (rise edge)
                                  0.000000   20.000000   clock network delay (ideal)
                                 -0.250000   19.750002   clock uncertainty
                                  0.000000   19.750002   clock reconvergence pessimism
                                 -4.000000   15.750001   output external delay
                                             15.750001   data required time
---------------------------------------------------------------------------------------------
                                             15.750001   data required time
                                             -4.966012   data arrival time
---------------------------------------------------------------------------------------------
                                             10.783989   slack (MET)




===========================================================================
report_checks --slack_max -0.01
============================================================================
======================= nom_ff_n40C_1v95 Corner ===================================

No paths found.


===========================================================================
 report_check_types -max_slew -max_cap -max_fanout -violators
============================================================================
======================= nom_ff_n40C_1v95 Corner ===================================



===========================================================================
report_parasitic_annotation -report_unannotated
============================================================================
Found 0 unannotated drivers.
Found 0 partially unannotated drivers.

===========================================================================
max slew violation count 0
max fanout violation count 0
max cap violation count 0
============================================================================

===========================================================================
check_setup -verbose -unconstrained_endpoints -multiple_clock -no_clock -no_input_delay -loops -generated_clocks
===========================================================================
