Reading timing models for corner nom_ff_n40C_1v95…
Reading cell library for the 'nom_ff_n40C_1v95' corner at '/home/minhnd/.volare/volare/sky130/versions/0fe599b2afb6708d281543108caf8310912f54af/sky130A/libs.ref/sky130_fd_sc_hd/lib/sky130_fd_sc_hd__ff_n40C_1v95.lib'…
Reading top-level netlist at '/home/minhnd/projects/cla8-practice/runs/RUN_2026-09-18_10-37-11/51-openroad-fillinsertion/cla8.nl.v'…
Linking design 'cla8' from netlist…
Warning: /home/minhnd/projects/cla8-practice/runs/RUN_2026-09-18_10-37-11/51-openroad-fillinsertion/cla8.nl.v line 256, module sky130_fd_sc_hd__tapvpwrvgnd_1 not found. Creating black box for TAP_TAPCELL_ROW_0_18.
Warning: /home/minhnd/projects/cla8-practice/runs/RUN_2026-09-18_10-37-11/51-openroad-fillinsertion/cla8.nl.v line 313, module sky130_fd_sc_hd__fill_2 not found. Creating black box for FILLER_0_6.
Warning: /home/minhnd/projects/cla8-practice/runs/RUN_2026-09-18_10-37-11/51-openroad-fillinsertion/cla8.nl.v line 316, module sky130_fd_sc_hd__fill_1 not found. Creating black box for FILLER_1_3.
Warning: /home/minhnd/projects/cla8-practice/runs/RUN_2026-09-18_10-37-11/51-openroad-fillinsertion/cla8.nl.v line 321, module sky130_ef_sc_hd__decap_12 not found. Creating black box for FILLER_3_22.
Reading design constraints file at '/nix/store/ss2cw3sxbrwwx9jl0rrppbw4kgcmgi2n-python3-3.11.9-env/lib/python3.11/site-packages/openlane/scripts/base.sdc'…
Warning: base.sdc line 15, port '__VIRTUAL_CLK__' not found.
[INFO] Using clock __VIRTUAL_CLK__…
[INFO] Setting output delay to: 4
[INFO] Setting input delay to: 4
Warning: base.sdc line 32, port '__VIRTUAL_CLK__' not found.
[INFO] Setting load to: 0.033442
[INFO] Setting clock uncertainty to: 0.25
[INFO] Setting clock transition to: 0.1499999999999999944488848768742172978818416595458984375
Warning: base.sdc line 69, transition time can not be specified for virtual clocks.
[INFO] Setting timing derate to: 5%
Warning: base.sdc line 79, virtual clock __VIRTUAL_CLK__ can not be propagated.
Reading top-level design parasitics for the 'nom_ff_n40C_1v95' corner at '/home/minhnd/projects/cla8-practice/runs/RUN_2026-09-18_10-37-11/53-openroad-rcx/nom/cla8.nom.spef'…
%OL_CREATE_REPORT min.rpt

===========================================================================
report_checks -path_delay min (Hold)
============================================================================
======================= nom_ff_n40C_1v95 Corner ===================================

Startpoint: cin (input port clocked by __VIRTUAL_CLK__)
Endpoint: sum[0] (output port clocked by __VIRTUAL_CLK__)
Path Group: __VIRTUAL_CLK__
Path Type: min

Fanout         Cap        Slew       Delay        Time   Description
---------------------------------------------------------------------------------------------
                      0.000000    0.000000    0.000000   clock __VIRTUAL_CLK__ (rise edge)
                                  0.000000    0.000000   clock network delay (ideal)
                                  4.000000    4.000000 ^ input external delay
     1    0.004096    0.018559    0.010658    4.010658 ^ cin (in)
                                                         cin (net)
                      0.018560    0.000000    4.010658 ^ input17/A (sky130_fd_sc_hd__buf_1)
     2    0.008644    0.081088    0.083290    4.093948 ^ input17/X (sky130_fd_sc_hd__buf_1)
                                                         net17 (net)
                      0.081089    0.000244    4.094193 ^ _58_/A (sky130_fd_sc_hd__xnor2_1)
     1    0.002082    0.019575    0.041844    4.136036 v _58_/Y (sky130_fd_sc_hd__xnor2_1)
                                                         net19 (net)
                      0.019575    0.000041    4.136078 v output19/A (sky130_fd_sc_hd__buf_2)
     1    0.034343    0.062898    0.113228    4.249305 v output19/X (sky130_fd_sc_hd__buf_2)
                                                         sum[0] (net)
                      0.062907    0.000743    4.250049 v sum[0] (out)
                                              4.250049   data arrival time

                      0.000000    0.000000    0.000000   clock __VIRTUAL_CLK__ (rise edge)
                                  0.000000    0.000000   clock network delay (ideal)
                                  0.250000    0.250000   clock uncertainty
                                  0.000000    0.250000   clock reconvergence pessimism
                                 -4.000000   -3.750000   output external delay
                                             -3.750000   data required time
---------------------------------------------------------------------------------------------
                                             -3.750000   data required time
                                             -4.250049   data arrival time
---------------------------------------------------------------------------------------------
                                              8.000049   slack (MET)


Startpoint: b[5] (input port clocked by __VIRTUAL_CLK__)
Endpoint: sum[5] (output port clocked by __VIRTUAL_CLK__)
Path Group: __VIRTUAL_CLK__
Path Type: min

Fanout         Cap        Slew       Delay        Time   Description
---------------------------------------------------------------------------------------------
                      0.000000    0.000000    0.000000   clock __VIRTUAL_CLK__ (rise edge)
                                  0.000000    0.000000   clock network delay (ideal)
                                  4.000000    4.000000 ^ input external delay
     1    0.002980    0.014556    0.007713    4.007713 ^ b[5] (in)
                                                         b[5] (net)
                      0.014561    0.000000    4.007713 ^ input14/A (sky130_fd_sc_hd__clkbuf_1)
     2    0.004784    0.048569    0.059575    4.067287 ^ input14/X (sky130_fd_sc_hd__clkbuf_1)
                                                         net14 (net)
                      0.048569    0.000117    4.067405 ^ _75_/A (sky130_fd_sc_hd__nand2_1)
     3    0.009440    0.045649    0.050445    4.117850 v _75_/Y (sky130_fd_sc_hd__nand2_1)
                                                         _32_ (net)
                      0.045663    0.000182    4.118032 v _80_/B (sky130_fd_sc_hd__nand2_1)
     1    0.005031    0.042850    0.059205    4.177238 ^ _80_/Y (sky130_fd_sc_hd__nand2_1)
                                                         _36_ (net)
                      0.042850    0.000103    4.177341 ^ _83_/B (sky130_fd_sc_hd__xnor2_1)
     1    0.002093    0.019288    0.032136    4.209476 v _83_/Y (sky130_fd_sc_hd__xnor2_1)
                                                         net24 (net)
                      0.019288    0.000059    4.209535 v output24/A (sky130_fd_sc_hd__buf_2)
     1    0.034666    0.063424    0.113436    4.322971 v output24/X (sky130_fd_sc_hd__buf_2)
                                                         sum[5] (net)
                      0.063438    0.000884    4.323855 v sum[5] (out)
                                              4.323855   data arrival time

                      0.000000    0.000000    0.000000   clock __VIRTUAL_CLK__ (rise edge)
                                  0.000000    0.000000   clock network delay (ideal)
                                  0.250000    0.250000   clock uncertainty
                                  0.000000    0.250000   clock reconvergence pessimism
                                 -4.000000   -3.750000   output external delay
                                             -3.750000   data required time
---------------------------------------------------------------------------------------------
                                             -3.750000   data required time
                                             -4.323855   data arrival time
---------------------------------------------------------------------------------------------
                                              8.073854   slack (MET)


Startpoint: b[6] (input port clocked by __VIRTUAL_CLK__)
Endpoint: sum[6] (output port clocked by __VIRTUAL_CLK__)
Path Group: __VIRTUAL_CLK__
Path Type: min

Fanout         Cap        Slew       Delay        Time   Description
---------------------------------------------------------------------------------------------
                      0.000000    0.000000    0.000000   clock __VIRTUAL_CLK__ (rise edge)
                                  0.000000    0.000000   clock network delay (ideal)
                                  4.000000    4.000000 ^ input external delay
     1    0.002954    0.014466    0.007641    4.007641 ^ b[6] (in)
                                                         b[6] (net)
                      0.014466    0.000000    4.007641 ^ input15/A (sky130_fd_sc_hd__clkbuf_1)
     2    0.004876    0.049339    0.060091    4.067732 ^ input15/X (sky130_fd_sc_hd__clkbuf_1)
                                                         net15 (net)
                      0.049339    0.000107    4.067840 ^ _64_/A (sky130_fd_sc_hd__nand2_1)
     4    0.012707    0.058651    0.060973    4.128812 v _64_/Y (sky130_fd_sc_hd__nand2_1)
                                                         _21_ (net)
                      0.058652    0.000223    4.129036 v _79_/B (sky130_fd_sc_hd__nand2_1)
     1    0.005609    0.046606    0.067197    4.196233 ^ _79_/Y (sky130_fd_sc_hd__nand2_1)
                                                         _35_ (net)
                      0.046606    0.000179    4.196412 ^ _82_/A (sky130_fd_sc_hd__xnor2_1)
     1    0.001899    0.020242    0.036930    4.233342 v _82_/Y (sky130_fd_sc_hd__xnor2_1)
                                                         net25 (net)
                      0.020242    0.000036    4.233378 v output25/A (sky130_fd_sc_hd__buf_2)
     1    0.034250    0.062733    0.113410    4.346788 v output25/X (sky130_fd_sc_hd__buf_2)
                                                         sum[6] (net)
                      0.062740    0.000658    4.347446 v sum[6] (out)
                                              4.347446   data arrival time

                      0.000000    0.000000    0.000000   clock __VIRTUAL_CLK__ (rise edge)
                                  0.000000    0.000000   clock network delay (ideal)
                                  0.250000    0.250000   clock uncertainty
                                  0.000000    0.250000   clock reconvergence pessimism
                                 -4.000000   -3.750000   output external delay
                                             -3.750000   data required time
---------------------------------------------------------------------------------------------
                                             -3.750000   data required time
                                             -4.347446   data arrival time
---------------------------------------------------------------------------------------------
                                              8.097446   slack (MET)


Startpoint: b[4] (input port clocked by __VIRTUAL_CLK__)
Endpoint: sum[4] (output port clocked by __VIRTUAL_CLK__)
Path Group: __VIRTUAL_CLK__
Path Type: min

Fanout         Cap        Slew       Delay        Time   Description
---------------------------------------------------------------------------------------------
                      0.000000    0.000000    0.000000   clock __VIRTUAL_CLK__ (rise edge)
                                  0.000000    0.000000   clock network delay (ideal)
                                  4.000000    4.000000 ^ input external delay
     1    0.003621    0.016865    0.009392    4.009392 ^ b[4] (in)
                                                         b[4] (net)
                      0.016866    0.000000    4.009392 ^ input13/A (sky130_fd_sc_hd__clkbuf_1)
     2    0.004791    0.048642    0.060245    4.069637 ^ input13/X (sky130_fd_sc_hd__clkbuf_1)
                                                         net13 (net)
                      0.048642    0.000129    4.069766 ^ _67_/A (sky130_fd_sc_hd__nand2_1)
     2    0.008572    0.042407    0.047645    4.117411 v _67_/Y (sky130_fd_sc_hd__nand2_1)
                                                         _24_ (net)
                      0.042407    0.000144    4.117554 v _69_/A (sky130_fd_sc_hd__nand2_1)
     2    0.009983    0.073795    0.075576    4.193131 ^ _69_/Y (sky130_fd_sc_hd__nand2_1)
                                                         _26_ (net)
                      0.073796    0.000237    4.193367 ^ _84_/A (sky130_fd_sc_hd__xnor2_1)
     1    0.002387    0.022093    0.042521    4.235888 v _84_/Y (sky130_fd_sc_hd__xnor2_1)
                                                         net23 (net)
                      0.022093    0.000069    4.235958 v output23/A (sky130_fd_sc_hd__buf_2)
     1    0.034173    0.062637    0.113957    4.349915 v output23/X (sky130_fd_sc_hd__buf_2)
                                                         sum[4] (net)
                      0.062644    0.000673    4.350588 v sum[4] (out)
                                              4.350588   data arrival time

                      0.000000    0.000000    0.000000   clock __VIRTUAL_CLK__ (rise edge)
                                  0.000000    0.000000   clock network delay (ideal)
                                  0.250000    0.250000   clock uncertainty
                                  0.000000    0.250000   clock reconvergence pessimism
                                 -4.000000   -3.750000   output external delay
                                             -3.750000   data required time
---------------------------------------------------------------------------------------------
                                             -3.750000   data required time
                                             -4.350588   data arrival time
---------------------------------------------------------------------------------------------
                                              8.100588   slack (MET)


Startpoint: b[7] (input port clocked by __VIRTUAL_CLK__)
Endpoint: sum[7] (output port clocked by __VIRTUAL_CLK__)
Path Group: __VIRTUAL_CLK__
Path Type: min

Fanout         Cap        Slew       Delay        Time   Description
---------------------------------------------------------------------------------------------
                      0.000000    0.000000    0.000000   clock __VIRTUAL_CLK__ (rise edge)
                                  0.000000    0.000000   clock network delay (ideal)
                                  4.000000    4.000000 ^ input external delay
     1    0.003360    0.015925    0.008711    4.008711 ^ b[7] (in)
                                                         b[7] (net)
                      0.015925    0.000000    4.008711 ^ input16/A (sky130_fd_sc_hd__clkbuf_1)
     3    0.008360    0.078757    0.080845    4.089556 ^ input16/X (sky130_fd_sc_hd__clkbuf_1)
                                                         net16 (net)
                      0.078759    0.000285    4.089840 ^ _60_/A (sky130_fd_sc_hd__nand2_1)
     2    0.008098    0.046837    0.051545    4.141385 v _60_/Y (sky130_fd_sc_hd__nand2_1)
                                                         _17_ (net)
                      0.046837    0.000185    4.141570 v _62_/A (sky130_fd_sc_hd__nand2_1)
     1    0.005872    0.047869    0.058060    4.199630 ^ _62_/Y (sky130_fd_sc_hd__nand2_1)
                                                         _19_ (net)
                      0.047869    0.000188    4.199819 ^ _78_/A (sky130_fd_sc_hd__xnor2_1)
     1    0.002404    0.019961    0.039257    4.239075 v _78_/Y (sky130_fd_sc_hd__xnor2_1)
                                                         net26 (net)
                      0.019961    0.000069    4.239144 v output26/A (sky130_fd_sc_hd__buf_2)
     1    0.035058    0.063926    0.114347    4.353491 v output26/X (sky130_fd_sc_hd__buf_2)
                                                         sum[7] (net)
                      0.063932    0.000657    4.354148 v sum[7] (out)
                                              4.354148   data arrival time

                      0.000000    0.000000    0.000000   clock __VIRTUAL_CLK__ (rise edge)
                                  0.000000    0.000000   clock network delay (ideal)
                                  0.250000    0.250000   clock uncertainty
                                  0.000000    0.250000   clock reconvergence pessimism
                                 -4.000000   -3.750000   output external delay
                                             -3.750000   data required time
---------------------------------------------------------------------------------------------
                                             -3.750000   data required time
                                             -4.354148   data arrival time
---------------------------------------------------------------------------------------------
                                              8.104148   slack (MET)


Startpoint: a[3] (input port clocked by __VIRTUAL_CLK__)
Endpoint: sum[3] (output port clocked by __VIRTUAL_CLK__)
Path Group: __VIRTUAL_CLK__
Path Type: min

Fanout         Cap        Slew       Delay        Time   Description
---------------------------------------------------------------------------------------------
                      0.000000    0.000000    0.000000   clock __VIRTUAL_CLK__ (rise edge)
                                  0.000000    0.000000   clock network delay (ideal)
                                  4.000000    4.000000 v input external delay
     1    0.003526    0.005778    0.002926    4.002926 v a[3] (in)
                                                         a[3] (net)
                      0.005779    0.000000    4.002926 v input4/A (sky130_fd_sc_hd__clkbuf_1)
     3    0.007205    0.034057    0.061009    4.063935 v input4/X (sky130_fd_sc_hd__clkbuf_1)
                                                         net4 (net)
                      0.034057    0.000143    4.064078 v _39_/B (sky130_fd_sc_hd__nor2_1)
     1    0.003750    0.063914    0.064253    4.128331 ^ _39_/Y (sky130_fd_sc_hd__nor2_1)
                                                         _00_ (net)
                      0.063914    0.000117    4.128448 ^ _42_/A (sky130_fd_sc_hd__nor2_1)
     1    0.005018    0.029731    0.036355    4.164804 v _42_/Y (sky130_fd_sc_hd__nor2_1)
                                                         _03_ (net)
                      0.029731    0.000149    4.164953 v _55_/A (sky130_fd_sc_hd__xnor2_1)
     1    0.002851    0.022333    0.076244    4.241197 v _55_/Y (sky130_fd_sc_hd__xnor2_1)
                                                         net22 (net)
                      0.022333    0.000087    4.241285 v output22/A (sky130_fd_sc_hd__buf_2)
     1    0.034404    0.063007    0.114282    4.355567 v output22/X (sky130_fd_sc_hd__buf_2)
                                                         sum[3] (net)
                      0.063016    0.000747    4.356314 v sum[3] (out)
                                              4.356314   data arrival time

                      0.000000    0.000000    0.000000   clock __VIRTUAL_CLK__ (rise edge)
                                  0.000000    0.000000   clock network delay (ideal)
                                  0.250000    0.250000   clock uncertainty
                                  0.000000    0.250000   clock reconvergence pessimism
                                 -4.000000   -3.750000   output external delay
                                             -3.750000   data required time
---------------------------------------------------------------------------------------------
                                             -3.750000   data required time
                                             -4.356314   data arrival time
---------------------------------------------------------------------------------------------
                                              8.106314   slack (MET)


Startpoint: a[1] (input port clocked by __VIRTUAL_CLK__)
Endpoint: sum[1] (output port clocked by __VIRTUAL_CLK__)
Path Group: __VIRTUAL_CLK__
Path Type: min

Fanout         Cap        Slew       Delay        Time   Description
---------------------------------------------------------------------------------------------
                      0.000000    0.000000    0.000000   clock __VIRTUAL_CLK__ (rise edge)
                                  0.000000    0.000000   clock network delay (ideal)
                                  4.000000    4.000000 v input external delay
     1    0.003519    0.005771    0.002921    4.002921 v a[1] (in)
                                                         a[1] (net)
                      0.005772    0.000000    4.002921 v input2/A (sky130_fd_sc_hd__clkbuf_1)
     2    0.004636    0.024715    0.053037    4.055958 v input2/X (sky130_fd_sc_hd__clkbuf_1)
                                                         net2 (net)
                      0.024715    0.000123    4.056080 v _51_/B (sky130_fd_sc_hd__nor2_1)
     1    0.003306    0.058730    0.057012    4.113092 ^ _51_/Y (sky130_fd_sc_hd__nor2_1)
                                                         _12_ (net)
                      0.058730    0.000097    4.113190 ^ _52_/B (sky130_fd_sc_hd__nor2_1)
     3    0.010456    0.039403    0.046543    4.159733 v _52_/Y (sky130_fd_sc_hd__nor2_1)
                                                         _13_ (net)
                      0.039404    0.000155    4.159888 v _57_/B (sky130_fd_sc_hd__xor2_1)
     1    0.002755    0.024969    0.087122    4.247010 v _57_/X (sky130_fd_sc_hd__xor2_1)
                                                         net20 (net)
                      0.024969    0.000062    4.247072 v output20/A (sky130_fd_sc_hd__buf_2)
     1    0.034053    0.062449    0.114947    4.362020 v output20/X (sky130_fd_sc_hd__buf_2)
                                                         sum[1] (net)
                      0.062455    0.000626    4.362645 v sum[1] (out)
                                              4.362645   data arrival time

                      0.000000    0.000000    0.000000   clock __VIRTUAL_CLK__ (rise edge)
                                  0.000000    0.000000   clock network delay (ideal)
                                  0.250000    0.250000   clock uncertainty
                                  0.000000    0.250000   clock reconvergence pessimism
                                 -4.000000   -3.750000   output external delay
                                             -3.750000   data required time
---------------------------------------------------------------------------------------------
                                             -3.750000   data required time
                                             -4.362645   data arrival time
---------------------------------------------------------------------------------------------
                                              8.112645   slack (MET)


Startpoint: a[2] (input port clocked by __VIRTUAL_CLK__)
Endpoint: sum[2] (output port clocked by __VIRTUAL_CLK__)
Path Group: __VIRTUAL_CLK__
Path Type: min

Fanout         Cap        Slew       Delay        Time   Description
---------------------------------------------------------------------------------------------
                      0.000000    0.000000    0.000000   clock __VIRTUAL_CLK__ (rise edge)
                                  0.000000    0.000000   clock network delay (ideal)
                                  4.000000    4.000000 ^ input external delay
     1    0.003686    0.017102    0.009572    4.009572 ^ a[2] (in)
                                                         a[2] (net)
                      0.017102    0.000000    4.009572 ^ input3/A (sky130_fd_sc_hd__buf_1)
     3    0.011143    0.102257    0.097431    4.107003 ^ input3/X (sky130_fd_sc_hd__buf_1)
                                                         net3 (net)
                      0.102258    0.000240    4.107244 ^ _44_/B (sky130_fd_sc_hd__nor2_1)
     2    0.006238    0.039198    0.040215    4.147459 v _44_/Y (sky130_fd_sc_hd__nor2_1)
                                                         _05_ (net)
                      0.039199    0.000149    4.147608 v _45_/B (sky130_fd_sc_hd__nor2_1)
     1    0.005334    0.082305    0.079837    4.227445 ^ _45_/Y (sky130_fd_sc_hd__nor2_1)
                                                         _06_ (net)
                      0.082305    0.000160    4.227605 ^ _56_/A (sky130_fd_sc_hd__xnor2_1)
     1    0.002179    0.021283    0.042433    4.270038 v _56_/Y (sky130_fd_sc_hd__xnor2_1)
                                                         net21 (net)
                      0.021283    0.000062    4.270100 v output21/A (sky130_fd_sc_hd__buf_2)
     1    0.034309    0.062879    0.113749    4.383849 v output21/X (sky130_fd_sc_hd__buf_2)
                                                         sum[2] (net)
                      0.062890    0.000800    4.384649 v sum[2] (out)
                                              4.384649   data arrival time

                      0.000000    0.000000    0.000000   clock __VIRTUAL_CLK__ (rise edge)
                                  0.000000    0.000000   clock network delay (ideal)
                                  0.250000    0.250000   clock uncertainty
                                  0.000000    0.250000   clock reconvergence pessimism
                                 -4.000000   -3.750000   output external delay
                                             -3.750000   data required time
---------------------------------------------------------------------------------------------
                                             -3.750000   data required time
                                             -4.384649   data arrival time
---------------------------------------------------------------------------------------------
                                              8.134648   slack (MET)


Startpoint: b[7] (input port clocked by __VIRTUAL_CLK__)
Endpoint: cout (output port clocked by __VIRTUAL_CLK__)
Path Group: __VIRTUAL_CLK__
Path Type: min

Fanout         Cap        Slew       Delay        Time   Description
---------------------------------------------------------------------------------------------
                      0.000000    0.000000    0.000000   clock __VIRTUAL_CLK__ (rise edge)
                                  0.000000    0.000000   clock network delay (ideal)
                                  4.000000    4.000000 ^ input external delay
     1    0.003360    0.015925    0.008711    4.008711 ^ b[7] (in)
                                                         b[7] (net)
                      0.015925    0.000000    4.008711 ^ input16/A (sky130_fd_sc_hd__clkbuf_1)
     3    0.008360    0.078757    0.080845    4.089556 ^ input16/X (sky130_fd_sc_hd__clkbuf_1)
                                                         net16 (net)
                      0.078758    0.000209    4.089765 ^ _61_/A (sky130_fd_sc_hd__or2_1)
     2    0.006504    0.053394    0.087645    4.177410 ^ _61_/X (sky130_fd_sc_hd__or2_1)
                                                         _18_ (net)
                      0.053394    0.000150    4.177560 ^ _86_/C1 (sky130_fd_sc_hd__o221a_1)
     1    0.002087    0.028601    0.070341    4.247901 ^ _86_/X (sky130_fd_sc_hd__o221a_1)
                                                         net18 (net)
                      0.028601    0.000059    4.247960 ^ output18/A (sky130_fd_sc_hd__buf_2)
     1    0.034370    0.128636    0.136680    4.384640 ^ output18/X (sky130_fd_sc_hd__buf_2)
                                                         cout (net)
                      0.128643    0.000753    4.385393 ^ cout (out)
                                              4.385393   data arrival time

                      0.000000    0.000000    0.000000   clock __VIRTUAL_CLK__ (rise edge)
                                  0.000000    0.000000   clock network delay (ideal)
                                  0.250000    0.250000   clock uncertainty
                                  0.000000    0.250000   clock reconvergence pessimism
                                 -4.000000   -3.750000   output external delay
                                             -3.750000   data required time
---------------------------------------------------------------------------------------------
                                             -3.750000   data required time
                                             -4.385393   data arrival time
---------------------------------------------------------------------------------------------
                                              8.135393   slack (MET)



%OL_END_REPORT
%OL_CREATE_REPORT max.rpt

===========================================================================
report_checks -path_delay max (Setup)
============================================================================
======================= nom_ff_n40C_1v95 Corner ===================================

Startpoint: a[1] (input port clocked by __VIRTUAL_CLK__)
Endpoint: sum[7] (output port clocked by __VIRTUAL_CLK__)
Path Group: __VIRTUAL_CLK__
Path Type: max

Fanout         Cap        Slew       Delay        Time   Description
---------------------------------------------------------------------------------------------
                      0.000000    0.000000    0.000000   clock __VIRTUAL_CLK__ (rise edge)
                                  0.000000    0.000000   clock network delay (ideal)
                                  4.000000    4.000000 v input external delay
     1    0.003519    0.005771    0.002921    4.002921 v a[1] (in)
                                                         a[1] (net)
                      0.005772    0.000000    4.002921 v input2/A (sky130_fd_sc_hd__clkbuf_1)
     2    0.004636    0.024715    0.053037    4.055958 v input2/X (sky130_fd_sc_hd__clkbuf_1)
                                                         net2 (net)
                      0.024715    0.000110    4.056067 v _46_/B (sky130_fd_sc_hd__and2_1)
     3    0.008448    0.041503    0.110660    4.166728 v _46_/X (sky130_fd_sc_hd__and2_1)
                                                         _07_ (net)
                      0.041503    0.000190    4.166917 v _52_/A (sky130_fd_sc_hd__nor2_1)
     3    0.011215    0.151911    0.141588    4.308505 ^ _52_/Y (sky130_fd_sc_hd__nor2_1)
                                                         _13_ (net)
                      0.151911    0.000229    4.308733 ^ _71_/A2 (sky130_fd_sc_hd__a21oi_1)
     2    0.007874    0.060585    0.074176    4.382909 v _71_/Y (sky130_fd_sc_hd__a21oi_1)
                                                         _28_ (net)
                      0.060586    0.000236    4.383145 v _74_/A2 (sky130_fd_sc_hd__o31ai_2)
     3    0.013496    0.245951    0.243815    4.626960 ^ _74_/Y (sky130_fd_sc_hd__o31ai_2)
                                                         _31_ (net)
                      0.245951    0.000424    4.627384 ^ _77_/A1 (sky130_fd_sc_hd__o211a_1)
     1    0.004954    0.043492    0.119619    4.747004 ^ _77_/X (sky130_fd_sc_hd__o211a_1)
                                                         _34_ (net)
                      0.043492    0.000099    4.747103 ^ _78_/B (sky130_fd_sc_hd__xnor2_1)
     1    0.002563    0.078909    0.066382    4.813485 ^ _78_/Y (sky130_fd_sc_hd__xnor2_1)
                                                         net26 (net)
                      0.078909    0.000074    4.813560 ^ output26/A (sky130_fd_sc_hd__buf_2)
     1    0.035058    0.130901    0.151795    4.965354 ^ output26/X (sky130_fd_sc_hd__buf_2)
                                                         sum[7] (net)
                      0.130944    0.000657    4.966012 ^ sum[7] (out)
                                              4.966012   data arrival time

                      0.000000   20.000000   20.000000   clock __VIRTUAL_CLK__ (rise edge)
                                  0.000000   20.000000   clock network delay (ideal)
                                 -0.250000   19.750002   clock uncertainty
                                  0.000000   19.750002   clock reconvergence pessimism
                                 -4.000000   15.750001   output external delay
                                             15.750001   data required time
---------------------------------------------------------------------------------------------
                                             15.750001   data required time
                                             -4.966012   data arrival time
---------------------------------------------------------------------------------------------
                                             10.783989   slack (MET)


Startpoint: b[0] (input port clocked by __VIRTUAL_CLK__)
Endpoint: cout (output port clocked by __VIRTUAL_CLK__)
Path Group: __VIRTUAL_CLK__
Path Type: max

Fanout         Cap        Slew       Delay        Time   Description
---------------------------------------------------------------------------------------------
                      0.000000    0.000000    0.000000   clock __VIRTUAL_CLK__ (rise edge)
                                  0.000000    0.000000   clock network delay (ideal)
                                  4.000000    4.000000 v input external delay
     1    0.003388    0.005577    0.002802    4.002802 v b[0] (in)
                                                         b[0] (net)
                      0.005578    0.000000    4.002802 v input9/A (sky130_fd_sc_hd__clkbuf_1)
     2    0.004746    0.025104    0.053310    4.056112 v input9/X (sky130_fd_sc_hd__clkbuf_1)
                                                         net9 (net)
                      0.025104    0.000094    4.056206 v _48_/A (sky130_fd_sc_hd__or2_1)
     2    0.005968    0.042589    0.141902    4.198109 v _48_/X (sky130_fd_sc_hd__or2_1)
                                                         _09_ (net)
                      0.042589    0.000097    4.198206 v _50_/A2 (sky130_fd_sc_hd__a21bo_1)
     3    0.011813    0.050803    0.151761    4.349967 v _50_/X (sky130_fd_sc_hd__a21bo_1)
                                                         _11_ (net)
                      0.050804    0.000309    4.350276 v _71_/A1 (sky130_fd_sc_hd__a21oi_1)
     2    0.008657    0.155131    0.145564    4.495840 ^ _71_/Y (sky130_fd_sc_hd__a21oi_1)
                                                         _28_ (net)
                      0.155131    0.000262    4.496102 ^ _74_/A2 (sky130_fd_sc_hd__o31ai_2)
     3    0.012667    0.060552    0.069511    4.565613 v _74_/Y (sky130_fd_sc_hd__o31ai_2)
                                                         _31_ (net)
                      0.060555    0.000350    4.565963 v _81_/A2 (sky130_fd_sc_hd__a21bo_1)
     2    0.007739    0.039987    0.145447    4.711410 v _81_/X (sky130_fd_sc_hd__a21bo_1)
                                                         _37_ (net)
                      0.039987    0.000109    4.711519 v _86_/B1 (sky130_fd_sc_hd__o221a_1)
     1    0.001928    0.029892    0.130825    4.842343 v _86_/X (sky130_fd_sc_hd__o221a_1)
                                                         net18 (net)
                      0.029892    0.000054    4.842398 v output18/A (sky130_fd_sc_hd__buf_2)
     1    0.034370    0.062965    0.117228    4.959626 v output18/X (sky130_fd_sc_hd__buf_2)
                                                         cout (net)
                      0.062974    0.000752    4.960378 v cout (out)
                                              4.960378   data arrival time

                      0.000000   20.000000   20.000000   clock __VIRTUAL_CLK__ (rise edge)
                                  0.000000   20.000000   clock network delay (ideal)
                                 -0.250000   19.750002   clock uncertainty
                                  0.000000   19.750002   clock reconvergence pessimism
                                 -4.000000   15.750001   output external delay
                                             15.750001   data required time
---------------------------------------------------------------------------------------------
                                             15.750001   data required time
                                             -4.960378   data arrival time
---------------------------------------------------------------------------------------------
                                             10.789623   slack (MET)


Startpoint: a[1] (input port clocked by __VIRTUAL_CLK__)
Endpoint: sum[6] (output port clocked by __VIRTUAL_CLK__)
Path Group: __VIRTUAL_CLK__
Path Type: max

Fanout         Cap        Slew       Delay        Time   Description
---------------------------------------------------------------------------------------------
                      0.000000    0.000000    0.000000   clock __VIRTUAL_CLK__ (rise edge)
                                  0.000000    0.000000   clock network delay (ideal)
                                  4.000000    4.000000 v input external delay
     1    0.003519    0.005771    0.002921    4.002921 v a[1] (in)
                                                         a[1] (net)
                      0.005772    0.000000    4.002921 v input2/A (sky130_fd_sc_hd__clkbuf_1)
     2    0.004636    0.024715    0.053037    4.055958 v input2/X (sky130_fd_sc_hd__clkbuf_1)
                                                         net2 (net)
                      0.024715    0.000110    4.056067 v _46_/B (sky130_fd_sc_hd__and2_1)
     3    0.008448    0.041503    0.110660    4.166728 v _46_/X (sky130_fd_sc_hd__and2_1)
                                                         _07_ (net)
                      0.041503    0.000190    4.166917 v _52_/A (sky130_fd_sc_hd__nor2_1)
     3    0.011215    0.151911    0.141588    4.308505 ^ _52_/Y (sky130_fd_sc_hd__nor2_1)
                                                         _13_ (net)
                      0.151911    0.000229    4.308733 ^ _71_/A2 (sky130_fd_sc_hd__a21oi_1)
     2    0.007874    0.060585    0.074176    4.382909 v _71_/Y (sky130_fd_sc_hd__a21oi_1)
                                                         _28_ (net)
                      0.060586    0.000236    4.383145 v _74_/A2 (sky130_fd_sc_hd__o31ai_2)
     3    0.013496    0.245951    0.243815    4.626960 ^ _74_/Y (sky130_fd_sc_hd__o31ai_2)
                                                         _31_ (net)
                      0.245951    0.000375    4.627336 ^ _81_/A2 (sky130_fd_sc_hd__a21bo_1)
     2    0.008132    0.058640    0.104614    4.731950 ^ _81_/X (sky130_fd_sc_hd__a21bo_1)
                                                         _37_ (net)
                      0.058640    0.000186    4.732136 ^ _82_/B (sky130_fd_sc_hd__xnor2_1)
     1    0.002058    0.072084    0.066017    4.798152 ^ _82_/Y (sky130_fd_sc_hd__xnor2_1)
                                                         net25 (net)
                      0.072084    0.000039    4.798192 ^ output25/A (sky130_fd_sc_hd__buf_2)
     1    0.034250    0.128045    0.148233    4.946425 ^ output25/X (sky130_fd_sc_hd__buf_2)
                                                         sum[6] (net)
                      0.128087    0.000659    4.947084 ^ sum[6] (out)
                                              4.947084   data arrival time

                      0.000000   20.000000   20.000000   clock __VIRTUAL_CLK__ (rise edge)
                                  0.000000   20.000000   clock network delay (ideal)
                                 -0.250000   19.750002   clock uncertainty
                                  0.000000   19.750002   clock reconvergence pessimism
                                 -4.000000   15.750001   output external delay
                                             15.750001   data required time
---------------------------------------------------------------------------------------------
                                             15.750001   data required time
                                             -4.947084   data arrival time
---------------------------------------------------------------------------------------------
                                             10.802917   slack (MET)


Startpoint: a[1] (input port clocked by __VIRTUAL_CLK__)
Endpoint: sum[5] (output port clocked by __VIRTUAL_CLK__)
Path Group: __VIRTUAL_CLK__
Path Type: max

Fanout         Cap        Slew       Delay        Time   Description
---------------------------------------------------------------------------------------------
                      0.000000    0.000000    0.000000   clock __VIRTUAL_CLK__ (rise edge)
                                  0.000000    0.000000   clock network delay (ideal)
                                  4.000000    4.000000 v input external delay
     1    0.003519    0.005771    0.002921    4.002921 v a[1] (in)
                                                         a[1] (net)
                      0.005772    0.000000    4.002921 v input2/A (sky130_fd_sc_hd__clkbuf_1)
     2    0.004636    0.024715    0.053037    4.055958 v input2/X (sky130_fd_sc_hd__clkbuf_1)
                                                         net2 (net)
                      0.024715    0.000110    4.056067 v _46_/B (sky130_fd_sc_hd__and2_1)
     3    0.008448    0.041503    0.110660    4.166728 v _46_/X (sky130_fd_sc_hd__and2_1)
                                                         _07_ (net)
                      0.041503    0.000190    4.166917 v _52_/A (sky130_fd_sc_hd__nor2_1)
     3    0.011215    0.151911    0.141588    4.308505 ^ _52_/Y (sky130_fd_sc_hd__nor2_1)
                                                         _13_ (net)
                      0.151911    0.000229    4.308733 ^ _71_/A2 (sky130_fd_sc_hd__a21oi_1)
     2    0.007874    0.060585    0.074176    4.382909 v _71_/Y (sky130_fd_sc_hd__a21oi_1)
                                                         _28_ (net)
                      0.060586    0.000236    4.383145 v _74_/A2 (sky130_fd_sc_hd__o31ai_2)
     3    0.013496    0.245951    0.243815    4.626960 ^ _74_/Y (sky130_fd_sc_hd__o31ai_2)
                                                         _31_ (net)
                      0.245951    0.000334    4.627294 ^ _83_/A (sky130_fd_sc_hd__xnor2_1)
     1    0.002252    0.074960    0.076789    4.704083 ^ _83_/Y (sky130_fd_sc_hd__xnor2_1)
                                                         net24 (net)
                      0.074960    0.000064    4.704147 ^ output24/A (sky130_fd_sc_hd__buf_2)
     1    0.034666    0.129537    0.149766    4.853913 ^ output24/X (sky130_fd_sc_hd__buf_2)
                                                         sum[5] (net)
                      0.129585    0.000885    4.854797 ^ sum[5] (out)
                                              4.854797   data arrival time

                      0.000000   20.000000   20.000000   clock __VIRTUAL_CLK__ (rise edge)
                                  0.000000   20.000000   clock network delay (ideal)
                                 -0.250000   19.750002   clock uncertainty
                                  0.000000   19.750002   clock reconvergence pessimism
                                 -4.000000   15.750001   output external delay
                                             15.750001   data required time
---------------------------------------------------------------------------------------------
                                             15.750001   data required time
                                             -4.854797   data arrival time
---------------------------------------------------------------------------------------------
                                             10.895204   slack (MET)


Startpoint: b[0] (input port clocked by __VIRTUAL_CLK__)
Endpoint: sum[3] (output port clocked by __VIRTUAL_CLK__)
Path Group: __VIRTUAL_CLK__
Path Type: max

Fanout         Cap        Slew       Delay        Time   Description
---------------------------------------------------------------------------------------------
                      0.000000    0.000000    0.000000   clock __VIRTUAL_CLK__ (rise edge)
                                  0.000000    0.000000   clock network delay (ideal)
                                  4.000000    4.000000 v input external delay
     1    0.003388    0.005577    0.002802    4.002802 v b[0] (in)
                                                         b[0] (net)
                      0.005578    0.000000    4.002802 v input9/A (sky130_fd_sc_hd__clkbuf_1)
     2    0.004746    0.025104    0.053310    4.056112 v input9/X (sky130_fd_sc_hd__clkbuf_1)
                                                         net9 (net)
                      0.025104    0.000094    4.056206 v _48_/A (sky130_fd_sc_hd__or2_1)
     2    0.005968    0.042589    0.141902    4.198109 v _48_/X (sky130_fd_sc_hd__or2_1)
                                                         _09_ (net)
                      0.042589    0.000097    4.198206 v _50_/A2 (sky130_fd_sc_hd__a21bo_1)
     3    0.011813    0.050803    0.151761    4.349967 v _50_/X (sky130_fd_sc_hd__a21bo_1)
                                                         _11_ (net)
                      0.050804    0.000305    4.350272 v _53_/A1 (sky130_fd_sc_hd__a21oi_1)
     2    0.008083    0.147247    0.139923    4.490195 ^ _53_/Y (sky130_fd_sc_hd__a21oi_1)
                                                         _14_ (net)
                      0.147248    0.000199    4.490394 ^ _54_/A2 (sky130_fd_sc_hd__o21ba_1)
     1    0.004927    0.046263    0.090910    4.581304 ^ _54_/X (sky130_fd_sc_hd__o21ba_1)
                                                         _15_ (net)
                      0.046263    0.000099    4.581403 ^ _55_/B (sky130_fd_sc_hd__xnor2_1)
     1    0.003010    0.084985    0.069666    4.651069 ^ _55_/Y (sky130_fd_sc_hd__xnor2_1)
                                                         net22 (net)
                      0.084985    0.000093    4.651162 ^ output22/A (sky130_fd_sc_hd__buf_2)
     1    0.034404    0.128592    0.151513    4.802675 ^ output22/X (sky130_fd_sc_hd__buf_2)
                                                         sum[3] (net)
                      0.128636    0.000748    4.803423 ^ sum[3] (out)
                                              4.803423   data arrival time

                      0.000000   20.000000   20.000000   clock __VIRTUAL_CLK__ (rise edge)
                                  0.000000   20.000000   clock network delay (ideal)
                                 -0.250000   19.750002   clock uncertainty
                                  0.000000   19.750002   clock reconvergence pessimism
                                 -4.000000   15.750001   output external delay
                                             15.750001   data required time
---------------------------------------------------------------------------------------------
                                             15.750001   data required time
                                             -4.803423   data arrival time
---------------------------------------------------------------------------------------------
                                             10.946577   slack (MET)


Startpoint: b[0] (input port clocked by __VIRTUAL_CLK__)
Endpoint: sum[4] (output port clocked by __VIRTUAL_CLK__)
Path Group: __VIRTUAL_CLK__
Path Type: max

Fanout         Cap        Slew       Delay        Time   Description
---------------------------------------------------------------------------------------------
                      0.000000    0.000000    0.000000   clock __VIRTUAL_CLK__ (rise edge)
                                  0.000000    0.000000   clock network delay (ideal)
                                  4.000000    4.000000 v input external delay
     1    0.003388    0.005577    0.002802    4.002802 v b[0] (in)
                                                         b[0] (net)
                      0.005578    0.000000    4.002802 v input9/A (sky130_fd_sc_hd__clkbuf_1)
     2    0.004746    0.025104    0.053310    4.056112 v input9/X (sky130_fd_sc_hd__clkbuf_1)
                                                         net9 (net)
                      0.025104    0.000094    4.056206 v _48_/A (sky130_fd_sc_hd__or2_1)
     2    0.005968    0.042589    0.141902    4.198109 v _48_/X (sky130_fd_sc_hd__or2_1)
                                                         _09_ (net)
                      0.042589    0.000097    4.198206 v _50_/A2 (sky130_fd_sc_hd__a21bo_1)
     3    0.011813    0.050803    0.151761    4.349967 v _50_/X (sky130_fd_sc_hd__a21bo_1)
                                                         _11_ (net)
                      0.050804    0.000309    4.350276 v _71_/A1 (sky130_fd_sc_hd__a21oi_1)
     2    0.008657    0.155131    0.145564    4.495840 ^ _71_/Y (sky130_fd_sc_hd__a21oi_1)
                                                         _28_ (net)
                      0.155131    0.000237    4.496077 ^ _73_/A (sky130_fd_sc_hd__nor2_1)
     1    0.005420    0.051143    0.045256    4.541332 v _73_/Y (sky130_fd_sc_hd__nor2_1)
                                                         _30_ (net)
                      0.051143    0.000175    4.541507 v _84_/B (sky130_fd_sc_hd__xnor2_1)
     1    0.002546    0.078670    0.089301    4.630808 ^ _84_/Y (sky130_fd_sc_hd__xnor2_1)
                                                         net23 (net)
                      0.078670    0.000075    4.630883 ^ output23/A (sky130_fd_sc_hd__buf_2)
     1    0.034173    0.127772    0.149546    4.780428 ^ output23/X (sky130_fd_sc_hd__buf_2)
                                                         sum[4] (net)
                      0.127814    0.000674    4.781102 ^ sum[4] (out)
                                              4.781102   data arrival time

                      0.000000   20.000000   20.000000   clock __VIRTUAL_CLK__ (rise edge)
                                  0.000000   20.000000   clock network delay (ideal)
                                 -0.250000   19.750002   clock uncertainty
                                  0.000000   19.750002   clock reconvergence pessimism
                                 -4.000000   15.750001   output external delay
                                             15.750001   data required time
---------------------------------------------------------------------------------------------
                                             15.750001   data required time
                                             -4.781102   data arrival time
---------------------------------------------------------------------------------------------
                                             10.968899   slack (MET)


Startpoint: b[0] (input port clocked by __VIRTUAL_CLK__)
Endpoint: sum[2] (output port clocked by __VIRTUAL_CLK__)
Path Group: __VIRTUAL_CLK__
Path Type: max

Fanout         Cap        Slew       Delay        Time   Description
---------------------------------------------------------------------------------------------
                      0.000000    0.000000    0.000000   clock __VIRTUAL_CLK__ (rise edge)
                                  0.000000    0.000000   clock network delay (ideal)
                                  4.000000    4.000000 v input external delay
     1    0.003388    0.005577    0.002802    4.002802 v b[0] (in)
                                                         b[0] (net)
                      0.005578    0.000000    4.002802 v input9/A (sky130_fd_sc_hd__clkbuf_1)
     2    0.004746    0.025104    0.053310    4.056112 v input9/X (sky130_fd_sc_hd__clkbuf_1)
                                                         net9 (net)
                      0.025104    0.000094    4.056206 v _48_/A (sky130_fd_sc_hd__or2_1)
     2    0.005968    0.042589    0.141902    4.198109 v _48_/X (sky130_fd_sc_hd__or2_1)
                                                         _09_ (net)
                      0.042589    0.000097    4.198206 v _50_/A2 (sky130_fd_sc_hd__a21bo_1)
     3    0.011813    0.050803    0.151761    4.349967 v _50_/X (sky130_fd_sc_hd__a21bo_1)
                                                         _11_ (net)
                      0.050804    0.000305    4.350272 v _53_/A1 (sky130_fd_sc_hd__a21oi_1)
     2    0.008083    0.147247    0.139923    4.490195 ^ _53_/Y (sky130_fd_sc_hd__a21oi_1)
                                                         _14_ (net)
                      0.147248    0.000206    4.490401 ^ _56_/B (sky130_fd_sc_hd__xnor2_1)
     1    0.002338    0.076092    0.074297    4.564698 ^ _56_/Y (sky130_fd_sc_hd__xnor2_1)
                                                         net21 (net)
                      0.076092    0.000067    4.564764 ^ output21/A (sky130_fd_sc_hd__buf_2)
     1    0.034309    0.128265    0.149203    4.713967 ^ output21/X (sky130_fd_sc_hd__buf_2)
                                                         sum[2] (net)
                      0.128311    0.000800    4.714767 ^ sum[2] (out)
                                              4.714767   data arrival time

                      0.000000   20.000000   20.000000   clock __VIRTUAL_CLK__ (rise edge)
                                  0.000000   20.000000   clock network delay (ideal)
                                 -0.250000   19.750002   clock uncertainty
                                  0.000000   19.750002   clock reconvergence pessimism
                                 -4.000000   15.750001   output external delay
                                             15.750001   data required time
---------------------------------------------------------------------------------------------
                                             15.750001   data required time
                                             -4.714767   data arrival time
---------------------------------------------------------------------------------------------
                                             11.035233   slack (MET)


Startpoint: b[0] (input port clocked by __VIRTUAL_CLK__)
Endpoint: sum[1] (output port clocked by __VIRTUAL_CLK__)
Path Group: __VIRTUAL_CLK__
Path Type: max

Fanout         Cap        Slew       Delay        Time   Description
---------------------------------------------------------------------------------------------
                      0.000000    0.000000    0.000000   clock __VIRTUAL_CLK__ (rise edge)
                                  0.000000    0.000000   clock network delay (ideal)
                                  4.000000    4.000000 v input external delay
     1    0.003388    0.005577    0.002802    4.002802 v b[0] (in)
                                                         b[0] (net)
                      0.005578    0.000000    4.002802 v input9/A (sky130_fd_sc_hd__clkbuf_1)
     2    0.004746    0.025104    0.053310    4.056112 v input9/X (sky130_fd_sc_hd__clkbuf_1)
                                                         net9 (net)
                      0.025104    0.000094    4.056206 v _48_/A (sky130_fd_sc_hd__or2_1)
     2    0.005968    0.042589    0.141902    4.198109 v _48_/X (sky130_fd_sc_hd__or2_1)
                                                         _09_ (net)
                      0.042589    0.000097    4.198206 v _50_/A2 (sky130_fd_sc_hd__a21bo_1)
     3    0.011813    0.050803    0.151761    4.349967 v _50_/X (sky130_fd_sc_hd__a21bo_1)
                                                         _11_ (net)
                      0.050805    0.000349    4.350316 v _57_/A (sky130_fd_sc_hd__xor2_1)
     1    0.002914    0.081558    0.105228    4.455544 ^ _57_/X (sky130_fd_sc_hd__xor2_1)
                                                         net20 (net)
                      0.081558    0.000066    4.455610 ^ output20/A (sky130_fd_sc_hd__buf_2)
     1    0.034053    0.127342    0.149945    4.605555 ^ output20/X (sky130_fd_sc_hd__buf_2)
                                                         sum[1] (net)
                      0.127384    0.000626    4.606181 ^ sum[1] (out)
                                              4.606181   data arrival time

                      0.000000   20.000000   20.000000   clock __VIRTUAL_CLK__ (rise edge)
                                  0.000000   20.000000   clock network delay (ideal)
                                 -0.250000   19.750002   clock uncertainty
                                  0.000000   19.750002   clock reconvergence pessimism
                                 -4.000000   15.750001   output external delay
                                             15.750001   data required time
---------------------------------------------------------------------------------------------
                                             15.750001   data required time
                                             -4.606181   data arrival time
---------------------------------------------------------------------------------------------
                                             11.143820   slack (MET)


Startpoint: b[0] (input port clocked by __VIRTUAL_CLK__)
Endpoint: sum[0] (output port clocked by __VIRTUAL_CLK__)
Path Group: __VIRTUAL_CLK__
Path Type: max

Fanout         Cap        Slew       Delay        Time   Description
---------------------------------------------------------------------------------------------
                      0.000000    0.000000    0.000000   clock __VIRTUAL_CLK__ (rise edge)
                                  0.000000    0.000000   clock network delay (ideal)
                                  4.000000    4.000000 v input external delay
     1    0.003388    0.005577    0.002802    4.002802 v b[0] (in)
                                                         b[0] (net)
                      0.005578    0.000000    4.002802 v input9/A (sky130_fd_sc_hd__clkbuf_1)
     2    0.004746    0.025104    0.053310    4.056112 v input9/X (sky130_fd_sc_hd__clkbuf_1)
                                                         net9 (net)
                      0.025104    0.000094    4.056206 v _48_/A (sky130_fd_sc_hd__or2_1)
     2    0.005968    0.042589    0.141902    4.198109 v _48_/X (sky130_fd_sc_hd__or2_1)
                                                         _09_ (net)
                      0.042589    0.000131    4.198240 v _49_/B (sky130_fd_sc_hd__nand2_1)
     1    0.005597    0.050302    0.060513    4.258752 ^ _49_/Y (sky130_fd_sc_hd__nand2_1)
                                                         _10_ (net)
                      0.050302    0.000177    4.258930 ^ _58_/B (sky130_fd_sc_hd__xnor2_1)
     1    0.002241    0.074561    0.065955    4.324885 ^ _58_/Y (sky130_fd_sc_hd__xnor2_1)
                                                         net19 (net)
                      0.074561    0.000044    4.324929 ^ output19/A (sky130_fd_sc_hd__buf_2)
     1    0.034343    0.128381    0.148971    4.473900 ^ output19/X (sky130_fd_sc_hd__buf_2)
                                                         sum[0] (net)
                      0.128425    0.000744    4.474644 ^ sum[0] (out)
                                              4.474644   data arrival time

                      0.000000   20.000000   20.000000   clock __VIRTUAL_CLK__ (rise edge)
                                  0.000000   20.000000   clock network delay (ideal)
                                 -0.250000   19.750002   clock uncertainty
                                  0.000000   19.750002   clock reconvergence pessimism
                                 -4.000000   15.750001   output external delay
                                             15.750001   data required time
---------------------------------------------------------------------------------------------
                                             15.750001   data required time
                                             -4.474644   data arrival time
---------------------------------------------------------------------------------------------
                                             11.275356   slack (MET)



%OL_END_REPORT
%OL_CREATE_REPORT checks.rpt

===========================================================================
report_checks -unconstrained
===========================================================================
======================= nom_ff_n40C_1v95 Corner ===================================

Startpoint: a[1] (input port clocked by __VIRTUAL_CLK__)
Endpoint: sum[7] (output port clocked by __VIRTUAL_CLK__)
Path Group: __VIRTUAL_CLK__
Path Type: max

Fanout         Cap        Slew       Delay        Time   Description
---------------------------------------------------------------------------------------------
                      0.000000    0.000000    0.000000   clock __VIRTUAL_CLK__ (rise edge)
                                  0.000000    0.000000   clock network delay (ideal)
                                  4.000000    4.000000 v input external delay
     1    0.003519    0.005771    0.002921    4.002921 v a[1] (in)
                                                         a[1] (net)
                      0.005772    0.000000    4.002921 v input2/A (sky130_fd_sc_hd__clkbuf_1)
     2    0.004636    0.024715    0.053037    4.055958 v input2/X (sky130_fd_sc_hd__clkbuf_1)
                                                         net2 (net)
                      0.024715    0.000110    4.056067 v _46_/B (sky130_fd_sc_hd__and2_1)
     3    0.008448    0.041503    0.110660    4.166728 v _46_/X (sky130_fd_sc_hd__and2_1)
                                                         _07_ (net)
                      0.041503    0.000190    4.166917 v _52_/A (sky130_fd_sc_hd__nor2_1)
     3    0.011215    0.151911    0.141588    4.308505 ^ _52_/Y (sky130_fd_sc_hd__nor2_1)
                                                         _13_ (net)
                      0.151911    0.000229    4.308733 ^ _71_/A2 (sky130_fd_sc_hd__a21oi_1)
     2    0.007874    0.060585    0.074176    4.382909 v _71_/Y (sky130_fd_sc_hd__a21oi_1)
                                                         _28_ (net)
                      0.060586    0.000236    4.383145 v _74_/A2 (sky130_fd_sc_hd__o31ai_2)
     3    0.013496    0.245951    0.243815    4.626960 ^ _74_/Y (sky130_fd_sc_hd__o31ai_2)
                                                         _31_ (net)
                      0.245951    0.000424    4.627384 ^ _77_/A1 (sky130_fd_sc_hd__o211a_1)
     1    0.004954    0.043492    0.119619    4.747004 ^ _77_/X (sky130_fd_sc_hd__o211a_1)
                                                         _34_ (net)
                      0.043492    0.000099    4.747103 ^ _78_/B (sky130_fd_sc_hd__xnor2_1)
     1    0.002563    0.078909    0.066382    4.813485 ^ _78_/Y (sky130_fd_sc_hd__xnor2_1)
                                                         net26 (net)
                      0.078909    0.000074    4.813560 ^ output26/A (sky130_fd_sc_hd__buf_2)
     1    0.035058    0.130901    0.151795    4.965354 ^ output26/X (sky130_fd_sc_hd__buf_2)
                                                         sum[7] (net)
                      0.130944    0.000657    4.966012 ^ sum[7] (out)
                                              4.966012   data arrival time

                      0.000000   20.000000   20.000000   clock __VIRTUAL_CLK__ (rise edge)
                                  0.000000   20.000000   clock network delay (ideal)
                                 -0.250000   19.750002   clock uncertainty
                                  0.000000   19.750002   clock reconvergence pessimism
                                 -4.000000   15.750001   output external delay
                                             15.750001   data required time
---------------------------------------------------------------------------------------------
                                             15.750001   data required time
                                             -4.966012   data arrival time
---------------------------------------------------------------------------------------------
                                             10.783989   slack (MET)




===========================================================================
report_checks --slack_max -0.01
============================================================================
======================= nom_ff_n40C_1v95 Corner ===================================

No paths found.


===========================================================================
 report_check_types -max_slew -max_cap -max_fanout -violators
============================================================================
======================= nom_ff_n40C_1v95 Corner ===================================



===========================================================================
report_parasitic_annotation -report_unannotated
============================================================================
Found 0 unannotated drivers.
Found 0 partially unannotated drivers.

===========================================================================
max slew violation count 0
%OL_METRIC_I design__max_slew_violation__count__corner:nom_ff_n40C_1v95 0
max fanout violation count 0
%OL_METRIC_I design__max_fanout_violation__count__corner:nom_ff_n40C_1v95 0
max cap violation count 0
%OL_METRIC_I design__max_cap_violation__count__corner:nom_ff_n40C_1v95 0
============================================================================

===========================================================================
check_setup -verbose -unconstrained_endpoints -multiple_clock -no_clock -no_input_delay -loops -generated_clocks
===========================================================================
%OL_END_REPORT
%OL_CREATE_REPORT power.rpt

===========================================================================
 report_power
============================================================================
======================= nom_ff_n40C_1v95 Corner ===================================

Group                    Internal    Switching      Leakage        Total
                            Power        Power        Power        Power (Watts)
------------------------------------------------------------------------
Sequential           0.000000e+00 0.000000e+00 0.000000e+00 0.000000e+00   0.0%
Combinational        7.641996e-06 1.525763e-05 3.407833e-10 2.289996e-05 100.0%
Clock                0.000000e+00 0.000000e+00 1.026675e-10 1.026675e-10   0.0%
Macro                0.000000e+00 0.000000e+00 0.000000e+00 0.000000e+00   0.0%
Pad                  0.000000e+00 0.000000e+00 0.000000e+00 0.000000e+00   0.0%
------------------------------------------------------------------------
Total                7.641996e-06 1.525763e-05 4.434508e-10 2.290007e-05 100.0%
                            33.4%        66.6%         0.0%
%OL_METRIC_F power__internal__total 7.641996489837766e-6
%OL_METRIC_F power__switching__total 1.5257626728271134e-5
%OL_METRIC_F power__leakage__total 4.4345083161090315e-10
%OL_METRIC_F power__total 2.2900067051523365e-5

%OL_END_REPORT
%OL_CREATE_REPORT skew.min.rpt

===========================================================================
Clock Skew (Hold)
============================================================================
%OL_METRIC_F clock__skew__worst_hold__corner:nom_ff_n40C_1v95 0.0
======================= nom_ff_n40C_1v95 Corner ===================================

Clock __VIRTUAL_CLK__
No launch/capture paths found.

%OL_END_REPORT
%OL_CREATE_REPORT skew.max.rpt

===========================================================================
Clock Skew (Setup)
============================================================================
%OL_METRIC_F clock__skew__worst_setup__corner:nom_ff_n40C_1v95 0.0
======================= nom_ff_n40C_1v95 Corner ===================================

Clock __VIRTUAL_CLK__
No launch/capture paths found.

%OL_END_REPORT
%OL_CREATE_REPORT ws.min.rpt

===========================================================================
Worst Slack (Hold)
============================================================================
%OL_METRIC_F timing__hold__ws__corner:nom_ff_n40C_1v95 8.000048849814466
nom_ff_n40C_1v95: 8.000048849814466
%OL_END_REPORT
%OL_CREATE_REPORT ws.max.rpt

===========================================================================
Worst Slack (Setup)
============================================================================
%OL_METRIC_F timing__setup__ws__corner:nom_ff_n40C_1v95 10.783989118037693
nom_ff_n40C_1v95: 10.783989118037693
%OL_END_REPORT
%OL_CREATE_REPORT tns.min.rpt

===========================================================================
Total Negative Slack (Hold)
============================================================================
%OL_METRIC_F timing__hold__tns__corner:nom_ff_n40C_1v95 0.0
nom_ff_n40C_1v95: 0.0
%OL_END_REPORT
%OL_CREATE_REPORT tns.max.rpt

===========================================================================
Total Negative Slack (Setup)
============================================================================
%OL_METRIC_F timing__setup__tns__corner:nom_ff_n40C_1v95 0.0
nom_ff_n40C_1v95: 0.0
%OL_END_REPORT
%OL_CREATE_REPORT wns.min.rpt

===========================================================================
Worst Negative Slack (Hold)
============================================================================
%OL_METRIC_F timing__hold__wns__corner:nom_ff_n40C_1v95 0
nom_ff_n40C_1v95: 0
%OL_END_REPORT
%OL_CREATE_REPORT wns.max.rpt

===========================================================================
Worst Negative Slack (Setup)
============================================================================
%OL_METRIC_F timing__setup__wns__corner:nom_ff_n40C_1v95 0.0
nom_ff_n40C_1v95: 0.0
%OL_END_REPORT
%OL_CREATE_REPORT violator_list.rpt

===========================================================================
Violator List
============================================================================
%OL_METRIC_I timing__hold_vio__count__corner:nom_ff_n40C_1v95 0
%OL_METRIC_F timing__hold_r2r__ws__corner:nom_ff_n40C_1v95 inf
%OL_METRIC_I timing__hold_r2r_vio__count__corner:nom_ff_n40C_1v95 0
%OL_METRIC_I timing__setup_vio__count__corner:nom_ff_n40C_1v95 0
%OL_METRIC_F timing__setup_r2r__ws__corner:nom_ff_n40C_1v95 inf
%OL_METRIC_I timing__setup_r2r_vio__count__corner:nom_ff_n40C_1v95 0
%OL_END_REPORT
%OL_CREATE_REPORT unpropagated.rpt
__VIRTUAL_CLK__
%OL_END_REPORT
%OL_CREATE_REPORT clock.rpt
Clock: __VIRTUAL_CLK__
Sources: 
Generated: no
Virtual: yes
Propagated: no
Period: 20.000000

===========================================================================
report_clock_properties
============================================================================
Clock                   Period          Waveform
----------------------------------------------------
__VIRTUAL_CLK__      20.000000    0.000000 10.000000

===========================================================================
report_clock_latency
============================================================================
Clock __VIRTUAL_CLK__


===========================================================================
report_clock_min_period
============================================================================
__VIRTUAL_CLK__ period_min = 0.00 fmax = inf
%OL_END_REPORT
Writing SDF files for all corners…
Removing Clock latencies before writing libs…
Writing timing models for all corners…
Writing timing models for the nom_ff_n40C_1v95 corner to /home/minhnd/projects/cla8-practice/runs/RUN_2026-09-18_10-37-11/54-openroad-stapostpnr/nom_ff_n40C_1v95/cla8__nom_ff_n40C_1v95.lib…
