Reading timing models for corner nom_tt_025C_1v80…
Reading timing library for the 'nom_tt_025C_1v80' corner at '/home/minhnd/.volare/volare/sky130/versions/0fe599b2afb6708d281543108caf8310912f54af/sky130A/libs.ref/sky130_fd_sc_hd/lib/sky130_fd_sc_hd__tt_025C_1v80.lib'…
Reading timing models for corner nom_ff_n40C_1v95…
Reading timing library for the 'nom_ff_n40C_1v95' corner at '/home/minhnd/.volare/volare/sky130/versions/0fe599b2afb6708d281543108caf8310912f54af/sky130A/libs.ref/sky130_fd_sc_hd/lib/sky130_fd_sc_hd__ff_n40C_1v95.lib'…
Reading timing models for corner nom_ss_100C_1v60…
Reading timing library for the 'nom_ss_100C_1v60' corner at '/home/minhnd/.volare/volare/sky130/versions/0fe599b2afb6708d281543108caf8310912f54af/sky130A/libs.ref/sky130_fd_sc_hd/lib/sky130_fd_sc_hd__ss_100C_1v60.lib'…
Reading OpenROAD database at '/home/minhnd/projects/cla8-practice/runs/util40/27-openroad-globalplacement/cla8.odb'…
Reading design constraints file at '/nix/store/ss2cw3sxbrwwx9jl0rrppbw4kgcmgi2n-python3-3.11.9-env/lib/python3.11/site-packages/openlane/scripts/base.sdc'…
[WARNING STA-0366] port '__VIRTUAL_CLK__' not found.
[INFO] Using clock __VIRTUAL_CLK__…
[INFO] Setting output delay to: 4
[INFO] Setting input delay to: 4
[WARNING STA-0366] port '__VIRTUAL_CLK__' not found.
[INFO] Setting load to: 0.033442
[INFO] Setting clock uncertainty to: 0.25
[INFO] Setting clock transition to: 0.1499999999999999944488848768742172978818416595458984375
[WARNING STA-0419] transition time can not be specified for virtual clocks.
[INFO] Setting timing derate to: 5%
[WARNING STA-0450] virtual clock __VIRTUAL_CLK__ can not be propagated.
[INFO] Setting RC values…
[INFO RSZ-0027] Inserted 17 input buffers.
[INFO RSZ-0028] Inserted 9 output buffers.
[INFO RSZ-0058] Using max wire length 6335um.
Iteration | Resized | Buffers | Nets repaired | Remaining
---------------------------------------------------------
        0 |       0 |       0 |             0 |        91
       10 |       9 |       0 |             0 |        81
       20 |      18 |       0 |             0 |        71
       30 |      28 |       0 |             0 |        61
       40 |      37 |       0 |             0 |        51
       50 |      47 |       0 |             0 |        41
       60 |      57 |       0 |             0 |        31
       70 |      65 |       0 |             0 |        21
       80 |      69 |       0 |             0 |        11
       90 |      69 |       0 |             0 |         1
    final |      69 |       0 |             0 |         0
---------------------------------------------------------
[INFO RSZ-0039] Resized 69 instances.
Placement Analysis
---------------------------------
total displacement        171.6 u
average displacement        1.5 u
max displacement            7.4 u
original HPWL             624.7 u
legalized HPWL            775.0 u
delta HPWL                   24 %

[INFO DPL-0020] Mirrored 26 instances
[INFO DPL-0021] HPWL before             775.0 u
[INFO DPL-0022] HPWL after              740.6 u
[INFO DPL-0023] HPWL delta               -4.4 %
[INFO] Setting RC values…
Setting global connections for newly added cells…
[INFO] Setting global connections...
Updating metrics…
Cell type report:                       Count       Area
  Fill cell                                24      90.09
  Tap cell                                 14      17.52
  Timing Repair Buffer                     26     108.85
  Multi-Input combinational cell           48     305.29
  Total                                   112     521.75
Writing OpenROAD database to '/home/minhnd/projects/cla8-practice/runs/util40/31-openroad-repairdesignpostgpl/cla8.odb'…
Writing netlist to '/home/minhnd/projects/cla8-practice/runs/util40/31-openroad-repairdesignpostgpl/cla8.nl.v'…
Writing powered netlist to '/home/minhnd/projects/cla8-practice/runs/util40/31-openroad-repairdesignpostgpl/cla8.pnl.v'…
Writing layout to '/home/minhnd/projects/cla8-practice/runs/util40/31-openroad-repairdesignpostgpl/cla8.def'…
Writing timing constraints to '/home/minhnd/projects/cla8-practice/runs/util40/31-openroad-repairdesignpostgpl/cla8.sdc'…
