Reading OpenROAD database at '/home/minhnd/projects/CLA32_Floorplanning/runs/acc32_sram_v9/24-openroad-ioplacement/acc32_sram.odb'…
Reading library file at '/home/minhnd/.volare/volare/sky130/versions/0fe599b2afb6708d281543108caf8310912f54af/sky130A/libs.ref/sky130_fd_sc_hd/lib/sky130_fd_sc_hd__tt_025C_1v80.lib'…
Reading library file at '/home/minhnd/projects/CLA32_Floorplanning/macros/sky130_sram_macros/sky130_sram_1kbyte_1rw1r_32x256_8/sky130_sram_1kbyte_1rw1r_32x256_8_TT_1p8V_25C.lib'…
Reading macro library file at '/home/minhnd/projects/CLA32_Floorplanning/macros/sky130_sram_macros/sky130_sram_1kbyte_1rw1r_32x256_8/sky130_sram_1kbyte_1rw1r_32x256_8_TT_1p8V_25C.lib'…
[WARNING STA-1140] /home/minhnd/projects/CLA32_Floorplanning/macros/sky130_sram_macros/sky130_sram_1kbyte_1rw1r_32x256_8/sky130_sram_1kbyte_1rw1r_32x256_8_TT_1p8V_25C.lib line 1, library sky130_sram_1kbyte_1rw1r_32x256_8_TT_1p8V_25C_lib already exists.
Reading design constraints file at '/nix/store/ss2cw3sxbrwwx9jl0rrppbw4kgcmgi2n-python3-3.11.9-env/lib/python3.11/site-packages/openlane/scripts/base.sdc'…
[INFO] Using clock clk…
[INFO] Setting output delay to: 10
[INFO] Setting input delay to: 10
[INFO] Setting load to: 0.033442
[INFO] Setting clock uncertainty to: 0.25
[INFO] Setting clock transition to: 0.1499999999999999944488848768742172978818416595458984375
[INFO] Setting timing derate to: 5%
[INFO] Setting RC values…
[INFO] Setting signal min routing layer to: met1 and clock min routing layer to met1. 
[INFO] Setting signal max routing layer to: met5 and clock max routing layer to met5. 
+ global_placement -density 0.5114650000000001 -timing_driven -routability_driven -pad_right 0 -pad_left 0 -init_wirelength_coef 0.25
[INFO GPL-0002] DBU: 1000
[INFO GPL-0003] SiteSize: (  0.460  2.720 ) um
[INFO GPL-0004] CoreBBox: (  5.520 10.880 ) ( 703.800 707.200 ) um
[INFO GPL-0006] NumInstances:              5443
[INFO GPL-0007] NumPlaceInstances:          398
[INFO GPL-0008] NumFixedInstances:         4743
[INFO GPL-0009] NumDummyInstances:          302
[INFO GPL-0010] NumNets:                    505
[INFO GPL-0011] NumPins:                   1508
[INFO GPL-0012] DieBBox:  (  0.000  0.000 ) ( 709.540 720.260 ) um
[INFO GPL-0013] CoreBBox: (  5.520 10.880 ) ( 703.800 707.200 ) um
[INFO GPL-0016] CoreArea:            486226.330 um^2
[INFO GPL-0017] NonPlaceInstsArea:   218992.531 um^2
[INFO GPL-0018] PlaceInstsArea:        4448.016 um^2
[INFO GPL-0019] Util:                     1.664 %
[INFO GPL-0020] StdInstsArea:          4448.016 um^2
[INFO GPL-0021] MacroInstsArea:           0.000 um^2
[InitialPlace]  Iter: 1 CG residual: 0.00420243 HPWL: 119660677
[InitialPlace]  Iter: 2 CG residual: 0.00000245 HPWL: 120512574
[InitialPlace]  Iter: 3 CG residual: 0.00000012 HPWL: 117918155
[InitialPlace]  Iter: 4 CG residual: 0.00000010 HPWL: 117711493
[InitialPlace]  Iter: 5 CG residual: 0.00000010 HPWL: 117657012
[INFO GPL-0031] FillerInit:NumGCells:     12727
[INFO GPL-0032] FillerInit:NumGNets:        505
[INFO GPL-0033] FillerInit:NumGPins:       1508
[INFO GPL-0023] TargetDensity:            0.511
[INFO GPL-0024] AvrgPlaceInstArea:       11.176 um^2
[INFO GPL-0025] IdealBinArea:            21.851 um^2
[INFO GPL-0026] IdealBinCnt:              22252
[INFO GPL-0027] TotalBinArea:        486226.330 um^2
[INFO GPL-0028] BinCnt:       128    128
[INFO GPL-0029] BinSize: (  5.456  5.440 )
[INFO GPL-0030] NumBins: 16384
[NesterovSolve] Iter:    1 overflow: 0.935 HPWL: 10615911
[NesterovSolve] Iter:   10 overflow: 0.643 HPWL: 11447388
[NesterovSolve] Snapshot saved at iter = 14
[NesterovSolve] Iter:   20 overflow: 0.580 HPWL: 11308283
[NesterovSolve] Iter:   30 overflow: 0.560 HPWL: 11300263
[NesterovSolve] Iter:   40 overflow: 0.583 HPWL: 11221520
[NesterovSolve] Iter:   50 overflow: 0.586 HPWL: 11204365
[NesterovSolve] Iter:   60 overflow: 0.580 HPWL: 11226617
[NesterovSolve] Iter:   70 overflow: 0.580 HPWL: 11235705
[NesterovSolve] Iter:   80 overflow: 0.583 HPWL: 11220659
[NesterovSolve] Iter:   90 overflow: 0.583 HPWL: 11217492
[NesterovSolve] Iter:  100 overflow: 0.581 HPWL: 11230781
[NesterovSolve] Iter:  110 overflow: 0.581 HPWL: 11237558
[NesterovSolve] Iter:  120 overflow: 0.581 HPWL: 11247203
[NesterovSolve] Iter:  130 overflow: 0.579 HPWL: 11280025
[NesterovSolve] Iter:  140 overflow: 0.576 HPWL: 11341441
[NesterovSolve] Iter:  150 overflow: 0.574 HPWL: 11435043
[NesterovSolve] Iter:  160 overflow: 0.573 HPWL: 11574435
[NesterovSolve] Iter:  170 overflow: 0.571 HPWL: 11778250
[NesterovSolve] Iter:  180 overflow: 0.572 HPWL: 12125453
[NesterovSolve] Iter:  190 overflow: 0.578 HPWL: 12784233
[NesterovSolve] Iter:  200 overflow: 0.589 HPWL: 13761335
[NesterovSolve] Iter:  210 overflow: 0.585 HPWL: 14474674
[NesterovSolve] Iter:  220 overflow: 0.575 HPWL: 14405636
[NesterovSolve] Iter:  230 overflow: 0.563 HPWL: 15388243
[NesterovSolve] Iter:  240 overflow: 0.564 HPWL: 15864060
[NesterovSolve] Iter:  250 overflow: 0.533 HPWL: 14969413
[NesterovSolve] Iter:  260 overflow: 0.502 HPWL: 14775669
[NesterovSolve] Iter:  270 overflow: 0.490 HPWL: 14064795
[NesterovSolve] Iter:  280 overflow: 0.460 HPWL: 13411250
[NesterovSolve] Iter:  290 overflow: 0.411 HPWL: 12592056
[NesterovSolve] Iter:  300 overflow: 0.338 HPWL: 11843800
[INFO GPL-0075] Routability numCall: 1 inflationIterCnt: 1 bloatIterCnt: 0
[INFO GPL-0036] TileBBox: (    0    0 ) ( 6900 6900 ) DBU
[INFO GPL-0038] TileCnt:     102  104
[INFO GPL-0040] NumTiles: 10608
[INFO GPL-0081] TotalRouteOverflow: 2.524530291557312
[INFO GPL-0082] OverflowTileCnt: 879
[INFO GPL-0083] 0.5%RC: 1.0152901057843808
[INFO GPL-0084] 1.0%RC: 1.0093698423599529
[INFO GPL-0085] 2.0%RC: 1.0058203834882924
[INFO GPL-0086] 5.0%RC: 1.003674665413334
[INFO GPL-0087] FinalRC: 1.0123299
[INFO GPL-0078] FinalRC lower than minRC (1e+30), min RC updated.
[INFO GPL-0045] InflatedAreaDelta:       16.988 um^2
[INFO GPL-0046] TargetDensity:            0.511
[INFO GPL-0049] WhiteSpaceArea:      267233.798 um^2
[INFO GPL-0050] NesterovInstsArea:     4448.016 um^2
[INFO GPL-0051] TotalFillerArea:     132232.727 um^2
[INFO GPL-0052] TotalGCellsArea:     136680.743 um^2
[INFO GPL-0053] ExpectedGCellsArea:  136697.731 um^2
[INFO GPL-0054] NewTargetDensity:         0.512
[INFO GPL-0055] NewWhiteSpaceArea:   267233.798 um^2
[INFO GPL-0056] MovableArea:         136697.733 um^2
[INFO GPL-0057] NewNesterovInstArea:   4465.004 um^2
[INFO GPL-0058] NewTotalFillerArea:  132232.729 um^2
[INFO GPL-0059] NewTotalGCellsArea:  136697.733 um^2
[NesterovSolve] Revert back to snapshot coordi
[NesterovSolve] Iter:  310 overflow: 0.580 HPWL: 11296016
[NesterovSolve] Iter:  320 overflow: 0.559 HPWL: 11309934
[NesterovSolve] Iter:  330 overflow: 0.583 HPWL: 11234736
[NesterovSolve] Iter:  340 overflow: 0.587 HPWL: 11201851
[NesterovSolve] Iter:  350 overflow: 0.583 HPWL: 11222045
[NesterovSolve] Iter:  360 overflow: 0.580 HPWL: 11236584
[NesterovSolve] Iter:  370 overflow: 0.584 HPWL: 11223842
[NesterovSolve] Iter:  380 overflow: 0.585 HPWL: 11215523
[NesterovSolve] Iter:  390 overflow: 0.583 HPWL: 11225297
[NesterovSolve] Iter:  400 overflow: 0.583 HPWL: 11229509
[NesterovSolve] Iter:  410 overflow: 0.584 HPWL: 11225567
[NesterovSolve] Iter:  420 overflow: 0.583 HPWL: 11230368
[NesterovSolve] Iter:  430 overflow: 0.582 HPWL: 11245958
[NesterovSolve] Iter:  440 overflow: 0.581 HPWL: 11264654
[NesterovSolve] Iter:  450 overflow: 0.580 HPWL: 11293710
[NesterovSolve] Iter:  460 overflow: 0.577 HPWL: 11344835
[NesterovSolve] Iter:  470 overflow: 0.577 HPWL: 11419530
[NesterovSolve] Iter:  480 overflow: 0.576 HPWL: 11515868
[NesterovSolve] Iter:  490 overflow: 0.573 HPWL: 11641901
[NesterovSolve] Iter:  500 overflow: 0.573 HPWL: 11815898
[NesterovSolve] Iter:  510 overflow: 0.573 HPWL: 12091352
[NesterovSolve] Iter:  520 overflow: 0.580 HPWL: 12518853
[NesterovSolve] Iter:  530 overflow: 0.584 HPWL: 13038643
[NesterovSolve] Iter:  540 overflow: 0.590 HPWL: 13262221
[NesterovSolve] Iter:  550 overflow: 0.585 HPWL: 13186181
[NesterovSolve] Iter:  560 overflow: 0.571 HPWL: 13470899
[NesterovSolve] Iter:  570 overflow: 0.558 HPWL: 14471801
[NesterovSolve] Iter:  580 overflow: 0.548 HPWL: 14317818
[NesterovSolve] Iter:  590 overflow: 0.538 HPWL: 13884091
[NesterovSolve] Iter:  600 overflow: 0.526 HPWL: 13889051
[NesterovSolve] Iter:  610 overflow: 0.517 HPWL: 13707863
[NesterovSolve] Iter:  620 overflow: 0.499 HPWL: 13252031
[NesterovSolve] Iter:  630 overflow: 0.492 HPWL: 12844160
[NesterovSolve] Iter:  640 overflow: 0.467 HPWL: 12254179
[NesterovSolve] Iter:  650 overflow: 0.433 HPWL: 11767714
[NesterovSolve] Iter:  660 overflow: 0.389 HPWL: 11529034
[NesterovSolve] Iter:  670 overflow: 0.312 HPWL: 11601008
[INFO GPL-0075] Routability numCall: 2 inflationIterCnt: 2 bloatIterCnt: 0
[INFO GPL-0036] TileBBox: (    0    0 ) ( 6900 6900 ) DBU
[INFO GPL-0038] TileCnt:     102  104
[INFO GPL-0040] NumTiles: 10608
[INFO GPL-0081] TotalRouteOverflow: 2.3548810482025146
[INFO GPL-0082] OverflowTileCnt: 829
[INFO GPL-0083] 0.5%RC: 1.0131412457536768
[INFO GPL-0084] 1.0%RC: 1.0080129008426844
[INFO GPL-0085] 2.0%RC: 1.0051466176207637
[INFO GPL-0086] 5.0%RC: 1.0034138927351957
[INFO GPL-0087] FinalRC: 1.0105771
[INFO GPL-0078] FinalRC lower than minRC (1.0123299), min RC updated.
[INFO GPL-0045] InflatedAreaDelta:       12.270 um^2
[INFO GPL-0046] TargetDensity:            0.512
[INFO GPL-0049] WhiteSpaceArea:      267233.798 um^2
[INFO GPL-0050] NesterovInstsArea:     4465.004 um^2
[INFO GPL-0051] TotalFillerArea:     132232.729 um^2
[INFO GPL-0052] TotalGCellsArea:     136697.733 um^2
[INFO GPL-0053] ExpectedGCellsArea:  136710.003 um^2
[INFO GPL-0054] NewTargetDensity:         0.512
[INFO GPL-0055] NewWhiteSpaceArea:   267233.798 um^2
[INFO GPL-0056] MovableArea:         136710.005 um^2
[INFO GPL-0057] NewNesterovInstArea:   4477.274 um^2
[INFO GPL-0058] NewTotalFillerArea:  132232.731 um^2
[INFO GPL-0059] NewTotalGCellsArea:  136710.005 um^2
[NesterovSolve] Revert back to snapshot coordi
[NesterovSolve] Iter:  680 overflow: 0.571 HPWL: 11311417
[NesterovSolve] Iter:  690 overflow: 0.565 HPWL: 11285390
[NesterovSolve] Iter:  700 overflow: 0.587 HPWL: 11211246
[NesterovSolve] Iter:  710 overflow: 0.588 HPWL: 11207843
[NesterovSolve] Iter:  720 overflow: 0.581 HPWL: 11230749
[NesterovSolve] Iter:  730 overflow: 0.583 HPWL: 11233709
[NesterovSolve] Iter:  740 overflow: 0.586 HPWL: 11217705
[NesterovSolve] Iter:  750 overflow: 0.585 HPWL: 11218421
[NesterovSolve] Iter:  760 overflow: 0.584 HPWL: 11228805
[NesterovSolve] Iter:  770 overflow: 0.585 HPWL: 11228063
[NesterovSolve] Iter:  780 overflow: 0.585 HPWL: 11225811
[NesterovSolve] Iter:  790 overflow: 0.584 HPWL: 11236055
[NesterovSolve] Iter:  800 overflow: 0.583 HPWL: 11253097
[NesterovSolve] Iter:  810 overflow: 0.582 HPWL: 11274267
[NesterovSolve] Iter:  820 overflow: 0.580 HPWL: 11310131
[NesterovSolve] Iter:  830 overflow: 0.578 HPWL: 11372219
[NesterovSolve] Iter:  840 overflow: 0.577 HPWL: 11455028
[NesterovSolve] Iter:  850 overflow: 0.576 HPWL: 11560853
[NesterovSolve] Iter:  860 overflow: 0.575 HPWL: 11703565
[NesterovSolve] Iter:  870 overflow: 0.574 HPWL: 11909351
[NesterovSolve] Iter:  880 overflow: 0.577 HPWL: 12242300
[NesterovSolve] Iter:  890 overflow: 0.581 HPWL: 12737381
[NesterovSolve] Iter:  900 overflow: 0.588 HPWL: 13187075
[NesterovSolve] Iter:  910 overflow: 0.589 HPWL: 13258661
[NesterovSolve] Iter:  920 overflow: 0.578 HPWL: 13198472
[NesterovSolve] Iter:  930 overflow: 0.565 HPWL: 13895595
[NesterovSolve] Iter:  940 overflow: 0.567 HPWL: 15035683
[NesterovSolve] Iter:  950 overflow: 0.554 HPWL: 14253913
[NesterovSolve] Iter:  960 overflow: 0.534 HPWL: 14031824
[NesterovSolve] Iter:  970 overflow: 0.523 HPWL: 13880650
[NesterovSolve] Iter:  980 overflow: 0.514 HPWL: 13528287
[NesterovSolve] Iter:  990 overflow: 0.499 HPWL: 13105264
[NesterovSolve] Iter: 1000 overflow: 0.489 HPWL: 12572182
[NesterovSolve] Iter: 1010 overflow: 0.458 HPWL: 12057502
[NesterovSolve] Iter: 1020 overflow: 0.417 HPWL: 11641952
[NesterovSolve] Iter: 1030 overflow: 0.359 HPWL: 11527694
[INFO GPL-0075] Routability numCall: 3 inflationIterCnt: 3 bloatIterCnt: 0
[INFO GPL-0036] TileBBox: (    0    0 ) ( 6900 6900 ) DBU
[INFO GPL-0038] TileCnt:     102  104
[INFO GPL-0040] NumTiles: 10608
[INFO GPL-0081] TotalRouteOverflow: 2.331650972366333
[INFO GPL-0082] OverflowTileCnt: 828
[INFO GPL-0083] 0.5%RC: 1.0127478506830003
[INFO GPL-0084] 1.0%RC: 1.0078117268107762
[INFO GPL-0085] 2.0%RC: 1.0050460922885949
[INFO GPL-0086] 5.0%RC: 1.003374211532248
[INFO GPL-0087] FinalRC: 1.0102798
[INFO GPL-0079] MinRC (1.0105771) violation occurred, total count: 1.
[INFO GPL-0045] InflatedAreaDelta:       16.572 um^2
[INFO GPL-0046] TargetDensity:            0.512
[INFO GPL-0049] WhiteSpaceArea:      267233.798 um^2
[INFO GPL-0050] NesterovInstsArea:     4477.274 um^2
[INFO GPL-0051] TotalFillerArea:     132232.731 um^2
[INFO GPL-0052] TotalGCellsArea:     136710.005 um^2
[INFO GPL-0053] ExpectedGCellsArea:  136726.577 um^2
[INFO GPL-0054] NewTargetDensity:         0.512
[INFO GPL-0055] NewWhiteSpaceArea:   267233.798 um^2
[INFO GPL-0056] MovableArea:         136726.585 um^2
[INFO GPL-0057] NewNesterovInstArea:   4493.846 um^2
[INFO GPL-0058] NewTotalFillerArea:  132232.739 um^2
[INFO GPL-0059] NewTotalGCellsArea:  136726.585 um^2
[NesterovSolve] Revert back to snapshot coordi
[NesterovSolve] Iter: 1040 overflow: 0.584 HPWL: 11289114
[NesterovSolve] Iter: 1050 overflow: 0.561 HPWL: 11315464
[NesterovSolve] Iter: 1060 overflow: 0.580 HPWL: 11251576
[NesterovSolve] Iter: 1070 overflow: 0.589 HPWL: 11201862
[NesterovSolve] Iter: 1080 overflow: 0.587 HPWL: 11217162
[NesterovSolve] Iter: 1090 overflow: 0.582 HPWL: 11235888
[NesterovSolve] Iter: 1100 overflow: 0.586 HPWL: 11227445
[NesterovSolve] Iter: 1110 overflow: 0.588 HPWL: 11215169
[NesterovSolve] Iter: 1120 overflow: 0.586 HPWL: 11223019
[NesterovSolve] Iter: 1130 overflow: 0.585 HPWL: 11229733
[NesterovSolve] Iter: 1140 overflow: 0.587 HPWL: 11226243
[NesterovSolve] Iter: 1150 overflow: 0.586 HPWL: 11228468
[NesterovSolve] Iter: 1160 overflow: 0.585 HPWL: 11242709
[NesterovSolve] Iter: 1170 overflow: 0.584 HPWL: 11260666
[NesterovSolve] Iter: 1180 overflow: 0.583 HPWL: 11286269
[NesterovSolve] Iter: 1190 overflow: 0.581 HPWL: 11332729
[NesterovSolve] Iter: 1200 overflow: 0.579 HPWL: 11402839
[NesterovSolve] Iter: 1210 overflow: 0.578 HPWL: 11495091
[NesterovSolve] Iter: 1220 overflow: 0.576 HPWL: 11613587
[NesterovSolve] Iter: 1230 overflow: 0.576 HPWL: 11775626
[NesterovSolve] Iter: 1240 overflow: 0.576 HPWL: 12025804
[NesterovSolve] Iter: 1250 overflow: 0.582 HPWL: 12419561
[NesterovSolve] Iter: 1260 overflow: 0.586 HPWL: 12947596
[NesterovSolve] Iter: 1270 overflow: 0.592 HPWL: 13279109
[NesterovSolve] Iter: 1280 overflow: 0.584 HPWL: 13294185
[NesterovSolve] Iter: 1290 overflow: 0.569 HPWL: 13466531
[NesterovSolve] Iter: 1300 overflow: 0.554 HPWL: 14306719
[NesterovSolve] Iter: 1310 overflow: 0.552 HPWL: 14494317
[NesterovSolve] Iter: 1320 overflow: 0.547 HPWL: 13891281
[NesterovSolve] Iter: 1330 overflow: 0.533 HPWL: 13903087
[NesterovSolve] Iter: 1340 overflow: 0.523 HPWL: 13769822
[NesterovSolve] Iter: 1350 overflow: 0.508 HPWL: 13281812
[NesterovSolve] Iter: 1360 overflow: 0.500 HPWL: 12906776
[NesterovSolve] Iter: 1370 overflow: 0.479 HPWL: 12383313
[NesterovSolve] Iter: 1380 overflow: 0.448 HPWL: 11852658
[NesterovSolve] Iter: 1390 overflow: 0.398 HPWL: 11552527
[NesterovSolve] Iter: 1400 overflow: 0.329 HPWL: 11566601
[INFO GPL-0075] Routability numCall: 4 inflationIterCnt: 4 bloatIterCnt: 0
[INFO GPL-0036] TileBBox: (    0    0 ) ( 6900 6900 ) DBU
[INFO GPL-0038] TileCnt:     102  104
[INFO GPL-0040] NumTiles: 10608
[INFO GPL-0081] TotalRouteOverflow: 2.293000817298889
[INFO GPL-0082] OverflowTileCnt: 812
[INFO GPL-0083] 0.5%RC: 1.0121565968902022
[INFO GPL-0084] 1.0%RC: 1.007512413452719
[INFO GPL-0085] 2.0%RC: 1.004896385568968
[INFO GPL-0086] 5.0%RC: 1.0033149449838756
[INFO GPL-0087] FinalRC: 1.0098345
[INFO GPL-0077] FinalRC lower than targetRC(1.01), routability not needed.
[NesterovSolve] Iter: 1410 overflow: 0.258 HPWL: 11776022
[NesterovSolve] Iter: 1420 overflow: 0.231 HPWL: 11825884
[NesterovSolve] Iter: 1430 overflow: 0.202 HPWL: 11745116
[NesterovSolve] Iter: 1440 overflow: 0.180 HPWL: 11527722
[NesterovSolve] Iter: 1450 overflow: 0.158 HPWL: 11549715
[NesterovSolve] Iter: 1460 overflow: 0.139 HPWL: 11658174
[NesterovSolve] Iter: 1470 overflow: 0.121 HPWL: 11766942
[NesterovSolve] Iter: 1480 overflow: 0.109 HPWL: 11870753
[NesterovSolve] Finished with Overflow: 0.099442
[INFO] Setting RC values…
Setting global connections for newly added cells…
[INFO] Setting global connections...
sram0 matched with sram0
Updating metrics…
Cell type report:                       Count       Area
  Macro                                     1  190712.55
  Fill cell                               822    3085.46
  Tap cell                               3920    4904.70
  Inverter                                 85     319.06
  Sequential cell                          74    1944.36
  Multi-Input combinational cell          239    2184.60
  Total                                  5141  203150.73
Writing OpenROAD database to '/home/minhnd/projects/CLA32_Floorplanning/runs/acc32_sram_v9/27-openroad-globalplacement/acc32_sram.odb'…
Writing netlist to '/home/minhnd/projects/CLA32_Floorplanning/runs/acc32_sram_v9/27-openroad-globalplacement/acc32_sram.nl.v'…
Writing powered netlist to '/home/minhnd/projects/CLA32_Floorplanning/runs/acc32_sram_v9/27-openroad-globalplacement/acc32_sram.pnl.v'…
Writing layout to '/home/minhnd/projects/CLA32_Floorplanning/runs/acc32_sram_v9/27-openroad-globalplacement/acc32_sram.def'…
Writing timing constraints to '/home/minhnd/projects/CLA32_Floorplanning/runs/acc32_sram_v9/27-openroad-globalplacement/acc32_sram.sdc'…
