                                                                        Cells by Master                                                                         
┏━━━━━━━━━━━━━━━━━━━━━━━━━━━━━━━━━━━━━━━━━━━━━━━━━━━━━━━━━━━━━━━━━━━━━━━━━━━━━━━━━━━━━━━━━━━━━━━━━━━━━━━━━━━━━━━━━━━━━━━━━━━━━━━━━┳━━━━━━━━━━━━━━━━━━━━━━━━━━━━┓
┃ Cell                                                                                                                            ┃ Count                      ┃
┡━━━━━━━━━━━━━━━━━━━━━━━━━━━━━━━━━━━━━━━━━━━━━━━━━━━━━━━━━━━━━━━━━━━━━━━━━━━━━━━━━━━━━━━━━━━━━━━━━━━━━━━━━━━━━━━━━━━━━━━━━━━━━━━━━╇━━━━━━━━━━━━━━━━━━━━━━━━━━━━┩
│ sky130_ef_sc_hd__decap_12                                                                                                       │ 145                        │
│ sky130_fd_sc_hd__a211o_1                                                                                                        │ 2                          │
│ sky130_fd_sc_hd__a211oi_1                                                                                                       │ 2                          │
│ sky130_fd_sc_hd__a21bo_1                                                                                                        │ 10                         │
│ sky130_fd_sc_hd__a21o_1                                                                                                         │ 7                          │
│ sky130_fd_sc_hd__a21oi_1                                                                                                        │ 6                          │
│ sky130_fd_sc_hd__a311o_1                                                                                                        │ 1                          │
│ sky130_fd_sc_hd__a31o_1                                                                                                         │ 3                          │
│ sky130_fd_sc_hd__a31oi_1                                                                                                        │ 1                          │
│ sky130_fd_sc_hd__and2_1                                                                                                         │ 8                          │
│ sky130_fd_sc_hd__and2b_1                                                                                                        │ 2                          │
│ sky130_fd_sc_hd__and3_1                                                                                                         │ 5                          │
│ sky130_fd_sc_hd__and4_1                                                                                                         │ 1                          │
│ sky130_fd_sc_hd__buf_1                                                                                                          │ 10                         │
│ sky130_fd_sc_hd__buf_2                                                                                                          │ 34                         │
│ sky130_fd_sc_hd__buf_4                                                                                                          │ 2                          │
│ sky130_fd_sc_hd__clkbuf_1                                                                                                       │ 22                         │
│ sky130_fd_sc_hd__clkbuf_16                                                                                                      │ 5                          │
│ sky130_fd_sc_hd__clkbuf_2                                                                                                       │ 1                          │
│ sky130_fd_sc_hd__clkbuf_4                                                                                                       │ 2                          │
│ sky130_fd_sc_hd__clkbuf_8                                                                                                       │ 1                          │
│ sky130_fd_sc_hd__decap_3                                                                                                        │ 109                        │
│ sky130_fd_sc_hd__decap_4                                                                                                        │ 56                         │
│ sky130_fd_sc_hd__decap_6                                                                                                        │ 34                         │
│ sky130_fd_sc_hd__decap_8                                                                                                        │ 56                         │
│ sky130_fd_sc_hd__dfrtp_1                                                                                                        │ 31                         │
│ sky130_fd_sc_hd__dfrtp_4                                                                                                        │ 1                          │
│ sky130_fd_sc_hd__fill_1                                                                                                         │ 110                        │
│ sky130_fd_sc_hd__fill_2                                                                                                         │ 49                         │
│ sky130_fd_sc_hd__inv_2                                                                                                          │ 35                         │
│ sky130_fd_sc_hd__nand2_1                                                                                                        │ 48                         │
│ sky130_fd_sc_hd__nand2b_1                                                                                                       │ 2                          │
│ sky130_fd_sc_hd__nand3_1                                                                                                        │ 2                          │
│ sky130_fd_sc_hd__nor2_1                                                                                                         │ 17                         │
│ sky130_fd_sc_hd__nor3_1                                                                                                         │ 2                          │
│ sky130_fd_sc_hd__nor3_2                                                                                                         │ 1                          │
│ sky130_fd_sc_hd__o211a_1                                                                                                        │ 4                          │
│ sky130_fd_sc_hd__o211ai_1                                                                                                       │ 2                          │
│ sky130_fd_sc_hd__o21a_1                                                                                                         │ 4                          │
│ sky130_fd_sc_hd__o221ai_1                                                                                                       │ 1                          │
│ sky130_fd_sc_hd__o221ai_4                                                                                                       │ 1                          │
│ sky130_fd_sc_hd__o22a_1                                                                                                         │ 1                          │
│ sky130_fd_sc_hd__o22ai_1                                                                                                        │ 1                          │
│ sky130_fd_sc_hd__o31a_1                                                                                                         │ 1                          │
│ sky130_fd_sc_hd__or2_1                                                                                                          │ 28                         │
│ sky130_fd_sc_hd__or3_1                                                                                                          │ 4                          │
│ sky130_fd_sc_hd__tapvpwrvgnd_1                                                                                                  │ 96                         │
│ sky130_fd_sc_hd__xnor2_1                                                                                                        │ 26                         │
│ sky130_fd_sc_hd__xor2_1                                                                                                         │ 4                          │
└─────────────────────────────────────────────────────────────────────────────────────────────────────────────────────────────────┴────────────────────────────┘
