[WARNING ORD-0039] .openroad ignored with -python
                                Cells by Master                                 
┏━━━━━━━━━━━━━━━━━━━━━━━━━━━━━━━━━━━━━━━━━━━━━━━━━━━━━━━━━━━━━━━━┳━━━━━━━━━━━━━┓
┃ Cell                                                           ┃ Count       ┃
┡━━━━━━━━━━━━━━━━━━━━━━━━━━━━━━━━━━━━━━━━━━━━━━━━━━━━━━━━━━━━━━━━╇━━━━━━━━━━━━━┩
│ sky130_ef_sc_hd__decap_12                                      │ 145         │
│ sky130_fd_sc_hd__a211o_1                                       │ 2           │
│ sky130_fd_sc_hd__a211oi_1                                      │ 2           │
│ sky130_fd_sc_hd__a21bo_1                                       │ 10          │
│ sky130_fd_sc_hd__a21o_1                                        │ 7           │
│ sky130_fd_sc_hd__a21oi_1                                       │ 6           │
│ sky130_fd_sc_hd__a311o_1                                       │ 1           │
│ sky130_fd_sc_hd__a31o_1                                        │ 3           │
│ sky130_fd_sc_hd__a31oi_1                                       │ 1           │
│ sky130_fd_sc_hd__and2_1                                        │ 8           │
│ sky130_fd_sc_hd__and2b_1                                       │ 2           │
│ sky130_fd_sc_hd__and3_1                                        │ 5           │
│ sky130_fd_sc_hd__and4_1                                        │ 1           │
│ sky130_fd_sc_hd__buf_1                                         │ 10          │
│ sky130_fd_sc_hd__buf_2                                         │ 34          │
│ sky130_fd_sc_hd__buf_4                                         │ 2           │
│ sky130_fd_sc_hd__clkbuf_1                                      │ 22          │
│ sky130_fd_sc_hd__clkbuf_16                                     │ 5           │
│ sky130_fd_sc_hd__clkbuf_2                                      │ 1           │
│ sky130_fd_sc_hd__clkbuf_4                                      │ 2           │
│ sky130_fd_sc_hd__clkbuf_8                                      │ 1           │
│ sky130_fd_sc_hd__decap_3                                       │ 109         │
│ sky130_fd_sc_hd__decap_4                                       │ 56          │
│ sky130_fd_sc_hd__decap_6                                       │ 34          │
│ sky130_fd_sc_hd__decap_8                                       │ 56          │
│ sky130_fd_sc_hd__dfrtp_1                                       │ 31          │
│ sky130_fd_sc_hd__dfrtp_4                                       │ 1           │
│ sky130_fd_sc_hd__fill_1                                        │ 110         │
│ sky130_fd_sc_hd__fill_2                                        │ 49          │
│ sky130_fd_sc_hd__inv_2                                         │ 35          │
│ sky130_fd_sc_hd__nand2_1                                       │ 48          │
│ sky130_fd_sc_hd__nand2b_1                                      │ 2           │
│ sky130_fd_sc_hd__nand3_1                                       │ 2           │
│ sky130_fd_sc_hd__nor2_1                                        │ 17          │
│ sky130_fd_sc_hd__nor3_1                                        │ 2           │
│ sky130_fd_sc_hd__nor3_2                                        │ 1           │
│ sky130_fd_sc_hd__o211a_1                                       │ 4           │
│ sky130_fd_sc_hd__o211ai_1                                      │ 2           │
│ sky130_fd_sc_hd__o21a_1                                        │ 4           │
│ sky130_fd_sc_hd__o221ai_1                                      │ 1           │
│ sky130_fd_sc_hd__o221ai_4                                      │ 1           │
│ sky130_fd_sc_hd__o22a_1                                        │ 1           │
│ sky130_fd_sc_hd__o22ai_1                                       │ 1           │
│ sky130_fd_sc_hd__o31a_1                                        │ 1           │
│ sky130_fd_sc_hd__or2_1                                         │ 28          │
│ sky130_fd_sc_hd__or3_1                                         │ 4           │
│ sky130_fd_sc_hd__tapvpwrvgnd_1                                 │ 96          │
│ sky130_fd_sc_hd__xnor2_1                                       │ 26          │
│ sky130_fd_sc_hd__xor2_1                                        │ 4           │
└────────────────────────────────────────────────────────────────┴─────────────┘
                               Cells by Function                                
┏━━━━━━━━━━━━━━━━━━━━━━━━━━━━━━━━━━━━━━━━━━━━━━━━━━━━━━━━━━━━━━━┳━━━━━━━━━━━━━━┓
┃ Cell Function                                                 ┃ Count        ┃
┡━━━━━━━━━━━━━━━━━━━━━━━━━━━━━━━━━━━━━━━━━━━━━━━━━━━━━━━━━━━━━━━╇━━━━━━━━━━━━━━┩
│ sky130_ef_sc_hd__decap                                        │ 145          │
│ sky130_fd_sc_hd__a211o                                        │ 2            │
│ sky130_fd_sc_hd__a211oi                                       │ 2            │
│ sky130_fd_sc_hd__a21bo                                        │ 10           │
│ sky130_fd_sc_hd__a21o                                         │ 7            │
│ sky130_fd_sc_hd__a21oi                                        │ 6            │
│ sky130_fd_sc_hd__a311o                                        │ 1            │
│ sky130_fd_sc_hd__a31o                                         │ 3            │
│ sky130_fd_sc_hd__a31oi                                        │ 1            │
│ sky130_fd_sc_hd__and2                                         │ 8            │
│ sky130_fd_sc_hd__and2b                                        │ 2            │
│ sky130_fd_sc_hd__and3                                         │ 5            │
│ sky130_fd_sc_hd__and4                                         │ 1            │
│ sky130_fd_sc_hd__buf                                          │ 46           │
│ sky130_fd_sc_hd__clkbuf                                       │ 31           │
│ sky130_fd_sc_hd__decap                                        │ 255          │
│ sky130_fd_sc_hd__dfrtp                                        │ 32           │
│ sky130_fd_sc_hd__fill                                         │ 159          │
│ sky130_fd_sc_hd__inv                                          │ 35           │
│ sky130_fd_sc_hd__nand2                                        │ 48           │
│ sky130_fd_sc_hd__nand2b                                       │ 2            │
│ sky130_fd_sc_hd__nand3                                        │ 2            │
│ sky130_fd_sc_hd__nor2                                         │ 17           │
│ sky130_fd_sc_hd__nor3                                         │ 3            │
│ sky130_fd_sc_hd__o211a                                        │ 4            │
│ sky130_fd_sc_hd__o211ai                                       │ 2            │
│ sky130_fd_sc_hd__o21a                                         │ 4            │
│ sky130_fd_sc_hd__o221ai                                       │ 2            │
│ sky130_fd_sc_hd__o22a                                         │ 1            │
│ sky130_fd_sc_hd__o22ai                                        │ 1            │
│ sky130_fd_sc_hd__o31a                                         │ 1            │
│ sky130_fd_sc_hd__or2                                          │ 28           │
│ sky130_fd_sc_hd__or3                                          │ 4            │
│ sky130_fd_sc_hd__tapvpwrvgnd                                  │ 96           │
│ sky130_fd_sc_hd__xnor2                                        │ 26           │
│ sky130_fd_sc_hd__xor2                                         │ 4            │
└───────────────────────────────────────────────────────────────┴──────────────┘
                                  Cells by SCL                                  
┏━━━━━━━━━━━━━━━━━━━━━━━━━━━━━━━━━━━━━━━━━━━━━━━━━━━━━━━┳━━━━━━━━━━━━━━━━━━━━━━┓
┃ SCL                                                   ┃ Count                ┃
┡━━━━━━━━━━━━━━━━━━━━━━━━━━━━━━━━━━━━━━━━━━━━━━━━━━━━━━━╇━━━━━━━━━━━━━━━━━━━━━━┩
│ sky130_ef_sc_hd                                       │ 145                  │
│ sky130_fd_sc_hd                                       │ 851                  │
└───────────────────────────────────────────────────────┴──────────────────────┘
                             Buffers by Cell Master                             
┏━━━━━━━━━━━━━━━━━━━━━━━━━━━━━━━━━━━━━━━━━━━━━━━━━━━━━━━━━━━━━━┳━━━━━━━━━━━━━━━┓
┃ Buffer                                                       ┃ Count         ┃
┡━━━━━━━━━━━━━━━━━━━━━━━━━━━━━━━━━━━━━━━━━━━━━━━━━━━━━━━━━━━━━━╇━━━━━━━━━━━━━━━┩
│ sky130_fd_sc_hd__buf_1                                       │ 10            │
│ sky130_fd_sc_hd__buf_2                                       │ 34            │
│ sky130_fd_sc_hd__buf_4                                       │ 2             │
│ sky130_fd_sc_hd__clkbuf_1                                    │ 22            │
│ sky130_fd_sc_hd__clkbuf_16                                   │ 5             │
│ sky130_fd_sc_hd__clkbuf_2                                    │ 1             │
│ sky130_fd_sc_hd__clkbuf_4                                    │ 2             │
│ sky130_fd_sc_hd__clkbuf_8                                    │ 1             │
└──────────────────────────────────────────────────────────────┴───────────────┘
