
===========================================================================
report_checks -unconstrained
===========================================================================
======================= nom_ff_n40C_1v95 Corner ===================================

Startpoint: rst (input port clocked by clk)
Endpoint: _592_ (recovery check against rising-edge clock clk)
Path Group: asynchronous
Path Type: max

Fanout         Cap        Slew       Delay        Time   Description
---------------------------------------------------------------------------------------------
                      0.150000    0.000000    0.000000   clock clk (rise edge)
                                  0.000000    0.000000   clock network delay (ideal)
                                 10.000000   10.000000 v input external delay
    74    0.317090    0.466541    0.351426   10.351427 v rst (in)
                                                         rst (net)
                      0.466541    0.000000   10.351427 v _284_/A (sky130_fd_sc_hd__inv_2)
     1    0.003617    0.072813    0.119382   10.470809 ^ _284_/Y (sky130_fd_sc_hd__inv_2)
                                                         _000_ (net)
                      0.072813    0.000000   10.470809 ^ _592_/RESET_B (sky130_fd_sc_hd__dfrtp_2)
                                             10.470809   data arrival time

                      0.150000   50.000000   50.000000   clock clk (rise edge)
                                  0.000000   50.000000   clock network delay (ideal)
                                 -0.250000   49.749996   clock uncertainty
                                  0.000000   49.749996   clock reconvergence pessimism
                                             49.749996 ^ _592_/CLK (sky130_fd_sc_hd__dfrtp_2)
                                  0.141290   49.891289   library recovery time
                                             49.891289   data required time
---------------------------------------------------------------------------------------------
                                             49.891289   data required time
                                            -10.470809   data arrival time
---------------------------------------------------------------------------------------------
                                             39.420479   slack (MET)


Startpoint: sram0 (falling edge-triggered flip-flop clocked by clk)
Endpoint: _602_ (rising edge-triggered flip-flop clocked by clk)
Path Group: clk
Path Type: max

Fanout         Cap        Slew       Delay        Time   Description
---------------------------------------------------------------------------------------------
                      0.150000   25.000000   25.000000   clock clk (fall edge)
                                  0.000000   25.000000   clock network delay (ideal)
                      0.150000    0.000000   25.000000 v sram0/clk0 (sky130_sram_1kbyte_1rw1r_32x256_8)
     1    0.002059    0.002195    0.340888   25.340887 v sram0/dout0[0] (sky130_sram_1kbyte_1rw1r_32x256_8)
                                                         dout0[0] (net)
                      0.001647    0.000000   25.340887 v _602_/D (sky130_fd_sc_hd__dfrtp_2)
                                             25.340887   data arrival time

                      0.150000   50.000000   50.000000   clock clk (rise edge)
                                  0.000000   50.000000   clock network delay (ideal)
                                 -0.250000   49.749996   clock uncertainty
                                  0.000000   49.749996   clock reconvergence pessimism
                                             49.749996 ^ _602_/CLK (sky130_fd_sc_hd__dfrtp_2)
                                 -0.051524   49.698471   library setup time
                                             49.698471   data required time
---------------------------------------------------------------------------------------------
                                             49.698471   data required time
                                            -25.340887   data arrival time
---------------------------------------------------------------------------------------------
                                             24.357586   slack (MET)




===========================================================================
report_checks --slack_max -0.01
============================================================================
======================= nom_ff_n40C_1v95 Corner ===================================

No paths found.


===========================================================================
 report_check_types -max_slew -max_cap -max_fanout -violators
============================================================================
======================= nom_ff_n40C_1v95 Corner ===================================

max slew

Pin                                        Limit        Slew       Slack
------------------------------------------------------------------------
rst                                     0.150000    1.156845   -1.006845 (VIOLATED)
_284_/A                                 0.150000    1.156845   -1.006845 (VIOLATED)
_519_/A                                 0.150000    1.156845   -1.006845 (VIOLATED)
_520_/A                                 0.150000    1.156845   -1.006845 (VIOLATED)
_521_/A                                 0.150000    1.156845   -1.006845 (VIOLATED)
_522_/A                                 0.150000    1.156845   -1.006845 (VIOLATED)
_523_/A                                 0.150000    1.156845   -1.006845 (VIOLATED)
_524_/A                                 0.150000    1.156845   -1.006845 (VIOLATED)
_525_/A                                 0.150000    1.156845   -1.006845 (VIOLATED)
_526_/A                                 0.150000    1.156845   -1.006845 (VIOLATED)
_527_/A                                 0.150000    1.156845   -1.006845 (VIOLATED)
_528_/A                                 0.150000    1.156845   -1.006845 (VIOLATED)
_529_/A                                 0.150000    1.156845   -1.006845 (VIOLATED)
_530_/A                                 0.150000    1.156845   -1.006845 (VIOLATED)
_531_/A                                 0.150000    1.156845   -1.006845 (VIOLATED)
_532_/A                                 0.150000    1.156845   -1.006845 (VIOLATED)
_533_/A                                 0.150000    1.156845   -1.006845 (VIOLATED)
_534_/A                                 0.150000    1.156845   -1.006845 (VIOLATED)
_535_/A                                 0.150000    1.156845   -1.006845 (VIOLATED)
_536_/A                                 0.150000    1.156845   -1.006845 (VIOLATED)
_537_/A                                 0.150000    1.156845   -1.006845 (VIOLATED)
_538_/A                                 0.150000    1.156845   -1.006845 (VIOLATED)
_539_/A                                 0.150000    1.156845   -1.006845 (VIOLATED)
_540_/A                                 0.150000    1.156845   -1.006845 (VIOLATED)
_541_/A                                 0.150000    1.156845   -1.006845 (VIOLATED)
_542_/A                                 0.150000    1.156845   -1.006845 (VIOLATED)
_543_/A                                 0.150000    1.156845   -1.006845 (VIOLATED)
_544_/A                                 0.150000    1.156845   -1.006845 (VIOLATED)
_545_/A                                 0.150000    1.156845   -1.006845 (VIOLATED)
_546_/A                                 0.150000    1.156845   -1.006845 (VIOLATED)
_547_/A                                 0.150000    1.156845   -1.006845 (VIOLATED)
_548_/A                                 0.150000    1.156845   -1.006845 (VIOLATED)
_549_/A                                 0.150000    1.156845   -1.006845 (VIOLATED)
_550_/A                                 0.150000    1.156845   -1.006845 (VIOLATED)
_551_/A                                 0.150000    1.156845   -1.006845 (VIOLATED)
_552_/A                                 0.150000    1.156845   -1.006845 (VIOLATED)
_553_/A                                 0.150000    1.156845   -1.006845 (VIOLATED)
_554_/A                                 0.150000    1.156845   -1.006845 (VIOLATED)
_555_/A                                 0.150000    1.156845   -1.006845 (VIOLATED)
_556_/A                                 0.150000    1.156845   -1.006845 (VIOLATED)
_557_/A                                 0.150000    1.156845   -1.006845 (VIOLATED)
_558_/A                                 0.150000    1.156845   -1.006845 (VIOLATED)
_559_/A                                 0.150000    1.156845   -1.006845 (VIOLATED)
_560_/A                                 0.150000    1.156845   -1.006845 (VIOLATED)
_561_/A                                 0.150000    1.156845   -1.006845 (VIOLATED)
_562_/A                                 0.150000    1.156845   -1.006845 (VIOLATED)
_563_/A                                 0.150000    1.156845   -1.006845 (VIOLATED)
_564_/A                                 0.150000    1.156845   -1.006845 (VIOLATED)
_565_/A                                 0.150000    1.156845   -1.006845 (VIOLATED)
_566_/A                                 0.150000    1.156845   -1.006845 (VIOLATED)
_567_/A                                 0.150000    1.156845   -1.006845 (VIOLATED)
_568_/A                                 0.150000    1.156845   -1.006845 (VIOLATED)
_569_/A                                 0.150000    1.156845   -1.006845 (VIOLATED)
_570_/A                                 0.150000    1.156845   -1.006845 (VIOLATED)
_571_/A                                 0.150000    1.156845   -1.006845 (VIOLATED)
_572_/A                                 0.150000    1.156845   -1.006845 (VIOLATED)
_573_/A                                 0.150000    1.156845   -1.006845 (VIOLATED)
_574_/A                                 0.150000    1.156845   -1.006845 (VIOLATED)
_575_/A                                 0.150000    1.156845   -1.006845 (VIOLATED)
_576_/A                                 0.150000    1.156845   -1.006845 (VIOLATED)
_577_/A                                 0.150000    1.156845   -1.006845 (VIOLATED)
_578_/A                                 0.150000    1.156845   -1.006845 (VIOLATED)
_579_/A                                 0.150000    1.156845   -1.006845 (VIOLATED)
_580_/A                                 0.150000    1.156845   -1.006845 (VIOLATED)
_581_/A                                 0.150000    1.156845   -1.006845 (VIOLATED)
_582_/A                                 0.150000    1.156845   -1.006845 (VIOLATED)
_583_/A                                 0.150000    1.156845   -1.006845 (VIOLATED)
_584_/A                                 0.150000    1.156845   -1.006845 (VIOLATED)
_585_/A                                 0.150000    1.156845   -1.006845 (VIOLATED)
_586_/A                                 0.150000    1.156845   -1.006845 (VIOLATED)
_587_/A                                 0.150000    1.156845   -1.006845 (VIOLATED)
_588_/A                                 0.150000    1.156845   -1.006845 (VIOLATED)
_589_/A                                 0.150000    1.156845   -1.006845 (VIOLATED)
_590_/A                                 0.150000    1.156845   -1.006845 (VIOLATED)
_591_/A                                 0.150000    1.156845   -1.006845 (VIOLATED)
_300_/A1                                0.150000    0.681889   -0.531889 (VIOLATED)
_302_/A                                 0.150000    0.681889   -0.531889 (VIOLATED)
_303_/A                                 0.150000    0.681889   -0.531889 (VIOLATED)
_304_/A1                                0.150000    0.681889   -0.531889 (VIOLATED)
_307_/A                                 0.150000    0.681889   -0.531889 (VIOLATED)
_309_/A1                                0.150000    0.681889   -0.531889 (VIOLATED)
_311_/A                                 0.150000    0.681889   -0.531889 (VIOLATED)
_312_/A1                                0.150000    0.681889   -0.531889 (VIOLATED)
_315_/A                                 0.150000    0.681889   -0.531889 (VIOLATED)
_316_/A1                                0.150000    0.681889   -0.531889 (VIOLATED)
_323_/A                                 0.150000    0.681889   -0.531889 (VIOLATED)
_324_/A1                                0.150000    0.681889   -0.531889 (VIOLATED)
_326_/A1                                0.150000    0.681889   -0.531889 (VIOLATED)
_327_/A                                 0.150000    0.681889   -0.531889 (VIOLATED)
_329_/A                                 0.150000    0.681889   -0.531889 (VIOLATED)
_330_/A1                                0.150000    0.681889   -0.531889 (VIOLATED)
_332_/A1                                0.150000    0.681889   -0.531889 (VIOLATED)
_334_/A                                 0.150000    0.681889   -0.531889 (VIOLATED)
_341_/A                                 0.150000    0.681889   -0.531889 (VIOLATED)
_342_/A1                                0.150000    0.681889   -0.531889 (VIOLATED)
_344_/A1                                0.150000    0.681889   -0.531889 (VIOLATED)
_345_/A                                 0.150000    0.681889   -0.531889 (VIOLATED)
_347_/A                                 0.150000    0.681889   -0.531889 (VIOLATED)
_348_/A1                                0.150000    0.681889   -0.531889 (VIOLATED)
_351_/A1                                0.150000    0.681889   -0.531889 (VIOLATED)
_353_/A                                 0.150000    0.681889   -0.531889 (VIOLATED)
_359_/A                                 0.150000    0.681889   -0.531889 (VIOLATED)
_360_/A1                                0.150000    0.681889   -0.531889 (VIOLATED)
_362_/A                                 0.150000    0.681889   -0.531889 (VIOLATED)
_363_/A1                                0.150000    0.681889   -0.531889 (VIOLATED)
_365_/A                                 0.150000    0.681889   -0.531889 (VIOLATED)
_366_/A1                                0.150000    0.681889   -0.531889 (VIOLATED)
_369_/A                                 0.150000    0.681889   -0.531889 (VIOLATED)
_372_/A1                                0.150000    0.681889   -0.531889 (VIOLATED)
_375_/A                                 0.150000    0.681889   -0.531889 (VIOLATED)
_376_/A1                                0.150000    0.681889   -0.531889 (VIOLATED)
_378_/A                                 0.150000    0.681889   -0.531889 (VIOLATED)
_379_/A1                                0.150000    0.681889   -0.531889 (VIOLATED)
_380_/A1                                0.150000    0.681889   -0.531889 (VIOLATED)
_382_/A                                 0.150000    0.681889   -0.531889 (VIOLATED)
_383_/A1                                0.150000    0.681889   -0.531889 (VIOLATED)
_387_/A                                 0.150000    0.681889   -0.531889 (VIOLATED)
_390_/A1                                0.150000    0.681889   -0.531889 (VIOLATED)
_394_/A                                 0.150000    0.681889   -0.531889 (VIOLATED)
_395_/A1                                0.150000    0.681889   -0.531889 (VIOLATED)
_397_/A2                                0.150000    0.681889   -0.531889 (VIOLATED)
_398_/B                                 0.150000    0.681889   -0.531889 (VIOLATED)
_399_/A                                 0.150000    0.681889   -0.531889 (VIOLATED)
_400_/A1                                0.150000    0.681889   -0.531889 (VIOLATED)
_402_/A                                 0.150000    0.681889   -0.531889 (VIOLATED)
_403_/B                                 0.150000    0.681889   -0.531889 (VIOLATED)
_404_/A1                                0.150000    0.681889   -0.531889 (VIOLATED)
_424_/A                                 0.150000    0.681889   -0.531889 (VIOLATED)
_425_/A1                                0.150000    0.681889   -0.531889 (VIOLATED)
_427_/A1                                0.150000    0.681889   -0.531889 (VIOLATED)
_428_/A                                 0.150000    0.681889   -0.531889 (VIOLATED)
_432_/A1                                0.150000    0.681889   -0.531889 (VIOLATED)
_433_/A                                 0.150000    0.681889   -0.531889 (VIOLATED)
_436_/A1                                0.150000    0.681889   -0.531889 (VIOLATED)
_437_/A                                 0.150000    0.681889   -0.531889 (VIOLATED)
_452_/A1                                0.150000    0.681889   -0.531889 (VIOLATED)
_508_/A                                 0.150000    0.681889   -0.531889 (VIOLATED)
_510_/A1                                0.150000    0.681889   -0.531889 (VIOLATED)
_511_/A                                 0.150000    0.681889   -0.531889 (VIOLATED)
_601_/Q                                 0.150000    0.681889   -0.531889 (VIOLATED)
sram0/addr0[1]                          0.040000    0.074851   -0.034851 (VIOLATED)
sram0/addr0[2]                          0.040000    0.074851   -0.034851 (VIOLATED)
sram0/addr0[3]                          0.040000    0.074851   -0.034851 (VIOLATED)
sram0/addr0[4]                          0.040000    0.074851   -0.034851 (VIOLATED)
sram0/addr0[5]                          0.040000    0.074851   -0.034851 (VIOLATED)
sram0/addr0[6]                          0.040000    0.074851   -0.034851 (VIOLATED)
sram0/addr0[7]                          0.040000    0.074851   -0.034851 (VIOLATED)
_407_/Y                                 0.150000    0.163140   -0.013140 (VIOLATED)
_409_/A2                                0.150000    0.163140   -0.013140 (VIOLATED)
_412_/A2                                0.150000    0.163140   -0.013140 (VIOLATED)
_462_/A                                 0.150000    0.163140   -0.013140 (VIOLATED)
sram0/addr0[0]                          0.040000    0.053118   -0.013118 (VIOLATED)
acc_out[3]                              0.150000    0.160240   -0.010240 (VIOLATED)
_397_/B1                                0.150000    0.160240   -0.010240 (VIOLATED)
_398_/C                                 0.150000    0.160240   -0.010240 (VIOLATED)
_637_/Q                                 0.150000    0.160240   -0.010240 (VIOLATED)
acc_out[31]                             0.150000    0.159725   -0.009725 (VIOLATED)
_509_/A                                 0.150000    0.159725   -0.009725 (VIOLATED)
_665_/Q                                 0.150000    0.159725   -0.009725 (VIOLATED)
acc_out[7]                              0.150000    0.158795   -0.008795 (VIOLATED)
_378_/C                                 0.150000    0.158795   -0.008795 (VIOLATED)
_379_/B1                                0.150000    0.158795   -0.008795 (VIOLATED)
_380_/B1                                0.150000    0.158795   -0.008795 (VIOLATED)
_641_/Q                                 0.150000    0.158795   -0.008795 (VIOLATED)
_438_/Y                                 0.150000    0.158120   -0.008120 (VIOLATED)
_439_/B                                 0.150000    0.158120   -0.008120 (VIOLATED)
_493_/A2                                0.150000    0.158120   -0.008120 (VIOLATED)
_499_/B                                 0.150000    0.158120   -0.008120 (VIOLATED)
_341_/Y                                 0.150000    0.153639   -0.003639 (VIOLATED)
_343_/A                                 0.150000    0.153639   -0.003639 (VIOLATED)
_422_/B                                 0.150000    0.153639   -0.003639 (VIOLATED)
_485_/A1                                0.150000    0.153639   -0.003639 (VIOLATED)
_490_/B                                 0.150000    0.153639   -0.003639 (VIOLATED)
_359_/Y                                 0.150000    0.153155   -0.003155 (VIOLATED)
_361_/A                                 0.150000    0.153155   -0.003155 (VIOLATED)
_419_/C                                 0.150000    0.153155   -0.003155 (VIOLATED)
_477_/A1                                0.150000    0.153155   -0.003155 (VIOLATED)
_482_/B                                 0.150000    0.153155   -0.003155 (VIOLATED)
acc_out[2]                              0.150000    0.153006   -0.003006 (VIOLATED)
acc_out[9]                              0.150000    0.153006   -0.003006 (VIOLATED)
_369_/C                                 0.150000    0.153006   -0.003006 (VIOLATED)
_372_/B1                                0.150000    0.153006   -0.003006 (VIOLATED)
_399_/C                                 0.150000    0.153006   -0.003006 (VIOLATED)
_400_/B1                                0.150000    0.153006   -0.003006 (VIOLATED)
_636_/Q                                 0.150000    0.153006   -0.003006 (VIOLATED)
_643_/Q                                 0.150000    0.153006   -0.003006 (VIOLATED)
acc_out[12]                             0.150000    0.152494   -0.002494 (VIOLATED)
acc_out[16]                             0.150000    0.152494   -0.002494 (VIOLATED)
_341_/B                                 0.150000    0.152494   -0.002494 (VIOLATED)
_342_/B1                                0.150000    0.152494   -0.002494 (VIOLATED)
_359_/B                                 0.150000    0.152494   -0.002494 (VIOLATED)
_360_/B1                                0.150000    0.152494   -0.002494 (VIOLATED)
_646_/Q                                 0.150000    0.152494   -0.002494 (VIOLATED)
_650_/Q                                 0.150000    0.152494   -0.002494 (VIOLATED)

max fanout

Pin                                   Limit Fanout  Slack
---------------------------------------------------------
rst                                      10     74    -64 (VIOLATED)
_601_/Q                                  10     64    -54 (VIOLATED)

max capacitance

Pin                                        Limit         Cap       Slack
------------------------------------------------------------------------
rst                                     0.200000    0.344248   -0.144248 (VIOLATED)



===========================================================================
report_parasitic_annotation -report_unannotated
============================================================================
Found 520 unannotated drivers.
 clk
 rst
 wr_addr[0]
 wr_addr[1]
 wr_addr[2]
 wr_addr[3]
 wr_addr[4]
 wr_addr[5]
 wr_addr[6]
 wr_addr[7]
 wr_data[0]
 wr_data[10]
 wr_data[11]
 wr_data[12]
 wr_data[13]
 wr_data[14]
 wr_data[15]
 wr_data[16]
 wr_data[17]
 wr_data[18]
 wr_data[19]
 wr_data[1]
 wr_data[20]
 wr_data[21]
 wr_data[22]
 wr_data[23]
 wr_data[24]
 wr_data[25]
 wr_data[26]
 wr_data[27]
 wr_data[28]
 wr_data[29]
 wr_data[2]
 wr_data[30]
 wr_data[31]
 wr_data[3]
 wr_data[4]
 wr_data[5]
 wr_data[6]
 wr_data[7]
 wr_data[8]
 wr_data[9]
 wr_en
 _283_/Y
 _284_/Y
 _285_/Y
 _286_/X
 _287_/X
 _288_/X
 _289_/X
 _290_/X
 _291_/X
 _292_/X
 _293_/Y
 _294_/Y
 _295_/X
 _296_/X
 _297_/X
 _298_/Y
 _299_/Y
 _300_/X
 _301_/Y
 _302_/X
 _303_/X
 _304_/Y
 _305_/X
 _306_/Y
 _307_/X
 _308_/Y
 _309_/Y
 _310_/X
 _311_/X
 _312_/Y
 _313_/Y
 _314_/Y
 _315_/X
 _316_/Y
 _317_/X
 _318_/X
 _319_/Y
 _320_/X
 _321_/X
 _322_/Y
 _323_/X
 _324_/Y
 _325_/X
 _326_/Y
 _327_/X
 _328_/X
 _329_/X
 _330_/Y
 _331_/X
 _332_/Y
 _333_/Y
 _334_/X
 _335_/X
 _336_/X
 _337_/Y
 _338_/X
 _339_/X
 _340_/X
 _341_/Y
 _342_/X
 _343_/Y
 _344_/Y
 _345_/X
 _346_/X
 _347_/X
 _348_/Y
 _349_/Y
 _350_/X
 _351_/Y
 _352_/Y
 _353_/X
 _354_/X
 _355_/X
 _356_/X
 _357_/Y
 _358_/X
 _359_/Y
 _360_/X
 _361_/Y
 _362_/X
 _363_/X
 _364_/Y
 _365_/X
 _366_/X
 _367_/Y
 _368_/X
 _369_/Y
 _370_/Y
 _371_/X
 _372_/X
 _373_/Y
 _374_/X
 _375_/X
 _376_/Y
 _377_/X
 _378_/X
 _379_/Y
 _380_/X
 _381_/X
 _382_/X
 _383_/Y
 _384_/Y
 _385_/X
 _386_/X
 _387_/X
 _388_/X
 _389_/Y
 _390_/Y
 _391_/Y
 _392_/X
 _393_/X
 _394_/X
 _395_/X
 _396_/Y
 _397_/Y
 _398_/Y
 _399_/Y
 _400_/X
 _401_/Y
 _402_/X
 _403_/X
 _404_/X
 _405_/Y
 _406_/X
 _407_/Y
 _408_/X
 _409_/Y
 _410_/X
 _411_/X
 _412_/X
 _413_/X
 _414_/Y
 _415_/X
 _416_/X
 _417_/X
 _418_/X
 _419_/X
 _420_/Y
 _421_/X
 _422_/X
 _423_/Y
 _424_/X
 _425_/Y
 _426_/X
 _427_/Y
 _428_/X
 _429_/Y
 _430_/X
 _431_/Y
 _432_/Y
 _433_/X
 _434_/X
 _435_/Y
 _436_/Y
 _437_/X
 _438_/Y
 _439_/Y
 _440_/Y
 _441_/X
 _442_/X
 _443_/X
 _444_/X
 _445_/X
 _446_/X
 _447_/X
 _448_/X
 _449_/Y
 _450_/Y
 _451_/Y
 _452_/Y
 _453_/Y
 _454_/X
 _455_/X
 _456_/X
 _457_/X
 _458_/X
 _459_/X
 _460_/X
 _461_/X
 _462_/Y
 _463_/Y
 _464_/Y
 _465_/X
 _466_/X
 _467_/Y
 _468_/Y
 _469_/Y
 _470_/Y
 _471_/X
 _472_/Y
 _473_/X
 _474_/Y
 _475_/Y
 _476_/X
 _477_/Y
 _478_/X
 _479_/X
 _480_/Y
 _481_/Y
 _482_/X
 _483_/Y
 _484_/X
 _485_/Y
 _486_/X
 _487_/X
 _488_/Y
 _489_/Y
 _490_/X
 _491_/Y
 _492_/Y
 _493_/Y
 _494_/X
 _495_/X
 _496_/X
 _497_/Y
 _498_/X
 _499_/X
 _500_/Y
 _501_/X
 _502_/X
 _503_/Y
 _504_/X
 _505_/Y
 _506_/X
 _507_/Y
 _508_/Y
 _509_/X
 _510_/X
 _511_/X
 _512_/Y
 _513_/X
 _514_/Y
 _515_/X
 _516_/Y
 _517_/X
 _518_/Y
 _519_/Y
 _520_/Y
 _521_/Y
 _522_/Y
 _523_/Y
 _524_/Y
 _525_/Y
 _526_/Y
 _527_/Y
 _528_/Y
 _529_/Y
 _530_/Y
 _531_/Y
 _532_/Y
 _533_/Y
 _534_/Y
 _535_/Y
 _536_/Y
 _537_/Y
 _538_/Y
 _539_/Y
 _540_/Y
 _541_/Y
 _542_/Y
 _543_/Y
 _544_/Y
 _545_/Y
 _546_/Y
 _547_/Y
 _548_/Y
 _549_/Y
 _550_/Y
 _551_/Y
 _552_/Y
 _553_/Y
 _554_/Y
 _555_/Y
 _556_/Y
 _557_/Y
 _558_/Y
 _559_/Y
 _560_/Y
 _561_/Y
 _562_/Y
 _563_/Y
 _564_/Y
 _565_/Y
 _566_/Y
 _567_/Y
 _568_/Y
 _569_/Y
 _570_/Y
 _571_/Y
 _572_/Y
 _573_/Y
 _574_/Y
 _575_/Y
 _576_/Y
 _577_/Y
 _578_/Y
 _579_/Y
 _580_/Y
 _581_/Y
 _582_/Y
 _583_/Y
 _584_/Y
 _585_/Y
 _586_/Y
 _587_/Y
 _588_/Y
 _589_/Y
 _590_/Y
 _591_/Y
 _592_/Q
 _593_/Q
 _594_/Q
 _595_/Q
 _596_/Q
 _597_/Q
 _598_/Q
 _599_/Q
 _600_/Q
 _601_/Q
 _602_/Q
 _603_/Q
 _604_/Q
 _605_/Q
 _606_/Q
 _607_/Q
 _608_/Q
 _609_/Q
 _610_/Q
 _611_/Q
 _612_/Q
 _613_/Q
 _614_/Q
 _615_/Q
 _616_/Q
 _617_/Q
 _618_/Q
 _619_/Q
 _620_/Q
 _621_/Q
 _622_/Q
 _623_/Q
 _624_/Q
 _625_/Q
 _626_/Q
 _627_/Q
 _628_/Q
 _629_/Q
 _630_/Q
 _631_/Q
 _632_/Q
 _633_/Q
 _634_/Q
 _635_/Q
 _636_/Q
 _637_/Q
 _638_/Q
 _639_/Q
 _640_/Q
 _641_/Q
 _642_/Q
 _643_/Q
 _644_/Q
 _645_/Q
 _646_/Q
 _647_/Q
 _648_/Q
 _649_/Q
 _650_/Q
 _651_/Q
 _652_/Q
 _653_/Q
 _654_/Q
 _655_/Q
 _656_/Q
 _657_/Q
 _658_/Q
 _659_/Q
 _660_/Q
 _661_/Q
 _662_/Q
 _663_/Q
 _664_/Q
 _665_/Q
 _666_/HI
 _666_/LO
 _667_/HI
 _667_/LO
 _668_/HI
 _668_/LO
 _669_/HI
 _669_/LO
 _670_/HI
 _670_/LO
 _671_/HI
 _671_/LO
 _672_/HI
 _672_/LO
 _673_/HI
 _673_/LO
 _674_/HI
 _674_/LO
 _675_/HI
 _675_/LO
 _676_/HI
 _676_/LO
 _677_/HI
 _677_/LO
 _678_/HI
 _678_/LO
 _679_/HI
 _679_/LO
 _680_/HI
 _680_/LO
 sram0/dout0[0]
 sram0/dout0[10]
 sram0/dout0[11]
 sram0/dout0[12]
 sram0/dout0[13]
 sram0/dout0[14]
 sram0/dout0[15]
 sram0/dout0[16]
 sram0/dout0[17]
 sram0/dout0[18]
 sram0/dout0[19]
 sram0/dout0[1]
 sram0/dout0[20]
 sram0/dout0[21]
 sram0/dout0[22]
 sram0/dout0[23]
 sram0/dout0[24]
 sram0/dout0[25]
 sram0/dout0[26]
 sram0/dout0[27]
 sram0/dout0[28]
 sram0/dout0[29]
 sram0/dout0[2]
 sram0/dout0[30]
 sram0/dout0[31]
 sram0/dout0[3]
 sram0/dout0[4]
 sram0/dout0[5]
 sram0/dout0[6]
 sram0/dout0[7]
 sram0/dout0[8]
 sram0/dout0[9]
 sram0/dout1[0]
 sram0/dout1[10]
 sram0/dout1[11]
 sram0/dout1[12]
 sram0/dout1[13]
 sram0/dout1[14]
 sram0/dout1[15]
 sram0/dout1[16]
 sram0/dout1[17]
 sram0/dout1[18]
 sram0/dout1[19]
 sram0/dout1[1]
 sram0/dout1[20]
 sram0/dout1[21]
 sram0/dout1[22]
 sram0/dout1[23]
 sram0/dout1[24]
 sram0/dout1[25]
 sram0/dout1[26]
 sram0/dout1[27]
 sram0/dout1[28]
 sram0/dout1[29]
 sram0/dout1[2]
 sram0/dout1[30]
 sram0/dout1[31]
 sram0/dout1[3]
 sram0/dout1[4]
 sram0/dout1[5]
 sram0/dout1[6]
 sram0/dout1[7]
 sram0/dout1[8]
 sram0/dout1[9]
Found 0 partially unannotated drivers.

===========================================================================
max slew violation count 194
max fanout violation count 2
max cap violation count 1
============================================================================

===========================================================================
check_setup -verbose -unconstrained_endpoints -multiple_clock -no_clock -no_input_delay -loops -generated_clocks
===========================================================================
Warning: There is 1 unclocked register/latch pin.
  sram0/clk1
Warning: There are 14 unconstrained endpoints.
  sram0/addr1[0]
  sram0/addr1[1]
  sram0/addr1[2]
  sram0/addr1[3]
  sram0/addr1[4]
  sram0/addr1[5]
  sram0/addr1[6]
  sram0/addr1[7]
  sram0/csb0
  sram0/csb1
  sram0/wmask0[0]
  sram0/wmask0[1]
  sram0/wmask0[2]
  sram0/wmask0[3]
