Clock: clk
Sources: clk 
Generated: no
Virtual: no
Propagated: no
Period: 50.000000

===========================================================================
report_clock_properties
============================================================================
Clock                   Period          Waveform
----------------------------------------------------
clk                  50.000000    0.000000 25.000000

===========================================================================
report_clock_latency
============================================================================
Clock clk
rise -> rise
    min     max
0.000000 0.000000 source latency
0.351926         network latency _592_/CLK
        0.351926 network latency _592_/CLK
---------------
0.351926 0.351926 latency
        0.000000 skew

fall -> fall
    min     max
0.000000 0.000000 source latency
0.156575         network latency _592_/CLK
        0.156575 network latency _592_/CLK
---------------
0.156575 0.156575 latency
        0.000000 skew



===========================================================================
report_clock_min_period
============================================================================
clk period_min = 2.98 fmax = 335.13
