
===========================================================================
report_checks -unconstrained
===========================================================================
======================= nom_tt_025C_1v80 Corner ===================================

Startpoint: a[1] (input port clocked by __VIRTUAL_CLK__)
Endpoint: sum[30] (output port clocked by __VIRTUAL_CLK__)
Path Group: __VIRTUAL_CLK__
Path Type: max

Fanout         Cap        Slew       Delay        Time   Description
---------------------------------------------------------------------------------------------
                      0.000000    0.000000    0.000000   clock __VIRTUAL_CLK__ (rise edge)
                                  0.000000    0.000000   clock network delay (ideal)
                                  4.000000    4.000000 v input external delay
     2    0.006890    0.017711    0.011147    4.011147 v a[1] (in)
                                                         a[1] (net)
                      0.017711    0.000000    4.011147 v _183_/B (sky130_fd_sc_hd__and2_2)
     3    0.013121    0.059925    0.204278    4.215425 v _183_/X (sky130_fd_sc_hd__and2_2)
                                                         _006_ (net)
                      0.059925    0.000012    4.215437 v _189_/A (sky130_fd_sc_hd__nor2_2)
     3    0.018952    0.227095    0.219721    4.435158 ^ _189_/Y (sky130_fd_sc_hd__nor2_2)
                                                         _012_ (net)
                      0.227095    0.000032    4.435191 ^ _206_/A2 (sky130_fd_sc_hd__a211oi_2)
     2    0.006852    0.075298    0.117678    4.552869 v _206_/Y (sky130_fd_sc_hd__a211oi_2)
                                                         _025_ (net)
                      0.075298    0.000017    4.552886 v _209_/A2 (sky130_fd_sc_hd__o31a_2)
     4    0.017628    0.085304    0.380438    4.933324 v _209_/X (sky130_fd_sc_hd__o31a_2)
                                                         _028_ (net)
                      0.085304    0.000022    4.933346 v _236_/A1 (sky130_fd_sc_hd__a211oi_2)
     4    0.014961    0.332521    0.322065    5.255411 ^ _236_/Y (sky130_fd_sc_hd__a211oi_2)
                                                         _051_ (net)
                      0.332521    0.000094    5.255506 ^ _261_/A2 (sky130_fd_sc_hd__o311ai_2)
     4    0.012614    0.131109    0.187359    5.442864 v _261_/Y (sky130_fd_sc_hd__o311ai_2)
                                                         _072_ (net)
                      0.131109    0.000099    5.442964 v _310_/A1 (sky130_fd_sc_hd__a2111o_2)
     3    0.010869    0.086215    0.479164    5.922128 v _310_/X (sky130_fd_sc_hd__a2111o_2)
                                                         _113_ (net)
                      0.086215    0.000075    5.922203 v _333_/A1 (sky130_fd_sc_hd__a211o_2)
     3    0.009947    0.066899    0.331514    6.253716 v _333_/X (sky130_fd_sc_hd__a211o_2)
                                                         _132_ (net)
                      0.066899    0.000048    6.253764 v _364_/A1 (sky130_fd_sc_hd__a21o_2)
     3    0.010535    0.053150    0.216036    6.469800 v _364_/X (sky130_fd_sc_hd__a21o_2)
                                                         _159_ (net)
                      0.053150    0.000102    6.469902 v _370_/A1 (sky130_fd_sc_hd__a311o_2)
     3    0.010168    0.074246    0.342244    6.812146 v _370_/X (sky130_fd_sc_hd__a311o_2)
                                                         _165_ (net)
                      0.074246    0.000068    6.812213 v _374_/A3 (sky130_fd_sc_hd__a31o_2)
     2    0.013866    0.062601    0.286509    7.098722 v _374_/X (sky130_fd_sc_hd__a31o_2)
                                                         _168_ (net)
                      0.062601    0.000029    7.098751 v _375_/B (sky130_fd_sc_hd__xnor2_2)
     1    0.034610    0.455812    0.380432    7.479183 ^ _375_/Y (sky130_fd_sc_hd__xnor2_2)
                                                         sum[30] (net)
                      0.455812    0.000265    7.479447 ^ sum[30] (out)
                                              7.479447   data arrival time

                      0.000000   20.000000   20.000000   clock __VIRTUAL_CLK__ (rise edge)
                                  0.000000   20.000000   clock network delay (ideal)
                                 -0.250000   19.750002   clock uncertainty
                                  0.000000   19.750002   clock reconvergence pessimism
                                 -4.000000   15.750001   output external delay
                                             15.750001   data required time
---------------------------------------------------------------------------------------------
                                             15.750001   data required time
                                             -7.479447   data arrival time
---------------------------------------------------------------------------------------------
                                              8.270554   slack (MET)




===========================================================================
report_checks --slack_max -0.01
============================================================================
======================= nom_tt_025C_1v80 Corner ===================================

No paths found.


===========================================================================
 report_check_types -max_slew -max_cap -max_fanout -violators
============================================================================
======================= nom_tt_025C_1v80 Corner ===================================



===========================================================================
report_parasitic_annotation -report_unannotated
============================================================================
Found 0 unannotated drivers.
Found 0 partially unannotated drivers.

===========================================================================
max slew violation count 0
Writing metric design__max_slew_violation__count__corner:nom_tt_025C_1v80: 0
max fanout violation count 0
Writing metric design__max_fanout_violation__count__corner:nom_tt_025C_1v80: 0
max cap violation count 0
Writing metric design__max_cap_violation__count__corner:nom_tt_025C_1v80: 0
============================================================================

===========================================================================
check_setup -verbose -unconstrained_endpoints -multiple_clock -no_clock -no_input_delay -loops -generated_clocks
===========================================================================
