
===========================================================================
report_checks -unconstrained
===========================================================================
======================= nom_ss_100C_1v60 Corner ===================================

Startpoint: rst (input port clocked by clk)
Endpoint: _94_ (recovery check against rising-edge clock clk)
Path Group: asynchronous
Path Type: max

Fanout         Cap        Slew       Delay        Time   Description
---------------------------------------------------------------------------------------------
                                  0.000000    0.000000   clock clk (rise edge)
                                  0.000000    0.000000   clock network delay (propagated)
                                  4.000000    4.000000 v input external delay
     1    0.002590    0.017663    0.008571    4.008571 v rst (in)
                                                         rst (net)
                      0.017663    0.000000    4.008571 v input9/A (sky130_fd_sc_hd__clkbuf_4)
     8    0.047218    0.179708    0.333021    4.341592 v input9/X (sky130_fd_sc_hd__clkbuf_4)
                                                         net9 (net)
                      0.179715    0.001326    4.342918 v _86_/A (sky130_fd_sc_hd__inv_2)
     1    0.003869    0.062585    0.113578    4.456496 ^ _86_/Y (sky130_fd_sc_hd__inv_2)
                                                         _02_ (net)
                      0.062585    0.000049    4.456545 ^ _94_/RESET_B (sky130_fd_sc_hd__dfrtp_1)
                                              4.456545   data arrival time

                                 20.000000   20.000000   clock clk (rise edge)
                                  0.000000   20.000000   clock source latency
     1    0.011271    0.089830    0.058767   20.058767 ^ clk (in)
                                                         clk (net)
                      0.089832    0.000000   20.058767 ^ clkbuf_0_clk/A (sky130_fd_sc_hd__clkbuf_16)
     2    0.020733    0.068342    0.231552   20.290319 ^ clkbuf_0_clk/X (sky130_fd_sc_hd__clkbuf_16)
                                                         clknet_0_clk (net)
                      0.068360    0.000565   20.290884 ^ clkbuf_1_0__f_clk/A (sky130_fd_sc_hd__clkbuf_16)
     4    0.011775    0.057166    0.209138   20.500021 ^ clkbuf_1_0__f_clk/X (sky130_fd_sc_hd__clkbuf_16)
                                                         clknet_1_0__leaf_clk (net)
                      0.057166    0.000316   20.500338 ^ _94_/CLK (sky130_fd_sc_hd__dfrtp_1)
                                 -0.250000   20.250340   clock uncertainty
                                  0.000000   20.250340   clock reconvergence pessimism
                                  0.461057   20.711395   library recovery time
                                             20.711395   data required time
---------------------------------------------------------------------------------------------
                                             20.711395   data required time
                                             -4.456545   data arrival time
---------------------------------------------------------------------------------------------
                                             16.254850   slack (MET)


Startpoint: data_in[1] (input port clocked by clk)
Endpoint: _98_ (rising edge-triggered flip-flop clocked by clk)
Path Group: clk
Path Type: max

Fanout         Cap        Slew       Delay        Time   Description
---------------------------------------------------------------------------------------------
                                  0.000000    0.000000   clock clk (rise edge)
                                  0.000000    0.000000   clock network delay (propagated)
                                  4.000000    4.000000 v input external delay
     1    0.002835    0.018590    0.009345    4.009345 v data_in[1] (in)
                                                         data_in[1] (net)
                      0.018590    0.000000    4.009345 v input2/A (sky130_fd_sc_hd__clkbuf_1)
     2    0.005249    0.075100    0.159076    4.168421 v input2/X (sky130_fd_sc_hd__clkbuf_1)
                                                         net2 (net)
                      0.075100    0.000135    4.168556 v _50_/A (sky130_fd_sc_hd__nand2_1)
     4    0.014044    0.221187    0.204572    4.373128 ^ _50_/Y (sky130_fd_sc_hd__nand2_1)
                                                         _15_ (net)
                      0.221188    0.000322    4.373450 ^ _54_/C_N (sky130_fd_sc_hd__or3b_1)
     3    0.009624    0.208421    0.946497    5.319947 v _54_/X (sky130_fd_sc_hd__or3b_1)
                                                         _19_ (net)
                      0.208421    0.000217    5.320164 v _55_/A2 (sky130_fd_sc_hd__a211o_1)
     4    0.011092    0.159506    0.678517    5.998681 v _55_/X (sky130_fd_sc_hd__a211o_1)
                                                         _20_ (net)
                      0.159506    0.000322    5.999004 v _60_/A2 (sky130_fd_sc_hd__a311o_1)
     4    0.014306    0.192914    0.737469    6.736473 v _60_/X (sky130_fd_sc_hd__a311o_1)
                                                         _25_ (net)
                      0.192914    0.000586    6.737059 v _70_/A2 (sky130_fd_sc_hd__a31o_1)
     1    0.004648    0.082515    0.438947    7.176005 v _70_/X (sky130_fd_sc_hd__a31o_1)
                                                         _33_ (net)
                      0.082515    0.000092    7.176097 v _71_/B (sky130_fd_sc_hd__xnor2_1)
     1    0.002282    0.083702    0.201235    7.377332 v _71_/Y (sky130_fd_sc_hd__xnor2_1)
                                                         adder.high.sum[2] (net)
                      0.083702    0.000044    7.377376 v _98_/D (sky130_fd_sc_hd__dfrtp_1)
                                              7.377376   data arrival time

                                 20.000000   20.000000   clock clk (rise edge)
                                  0.000000   20.000000   clock source latency
     1    0.011271    0.089830    0.058767   20.058767 ^ clk (in)
                                                         clk (net)
                      0.089832    0.000000   20.058767 ^ clkbuf_0_clk/A (sky130_fd_sc_hd__clkbuf_16)
     2    0.020733    0.068342    0.231552   20.290319 ^ clkbuf_0_clk/X (sky130_fd_sc_hd__clkbuf_16)
                                                         clknet_0_clk (net)
                      0.068360    0.000570   20.290890 ^ clkbuf_1_1__f_clk/A (sky130_fd_sc_hd__clkbuf_16)
     4    0.012859    0.058525    0.210683   20.501572 ^ clkbuf_1_1__f_clk/X (sky130_fd_sc_hd__clkbuf_16)
                                                         clknet_1_1__leaf_clk (net)
                      0.058525    0.000197   20.501770 ^ _98_/CLK (sky130_fd_sc_hd__dfrtp_1)
                                 -0.250000   20.251770   clock uncertainty
                                  0.000000   20.251770   clock reconvergence pessimism
                                 -0.285338   19.966433   library setup time
                                             19.966433   data required time
---------------------------------------------------------------------------------------------
                                             19.966433   data required time
                                             -7.377376   data arrival time
---------------------------------------------------------------------------------------------
                                             12.589056   slack (MET)




===========================================================================
report_checks --slack_max -0.01
============================================================================
======================= nom_ss_100C_1v60 Corner ===================================

No paths found.


===========================================================================
 report_check_types -max_slew -max_cap -max_fanout -violators
============================================================================
======================= nom_ss_100C_1v60 Corner ===================================



===========================================================================
report_parasitic_annotation -report_unannotated
============================================================================
Found 0 unannotated drivers.
Found 0 partially unannotated drivers.

===========================================================================
max slew violation count 0
max fanout violation count 0
max cap violation count 0
============================================================================

===========================================================================
check_setup -verbose -unconstrained_endpoints -multiple_clock -no_clock -no_input_delay -loops -generated_clocks
===========================================================================
