Clock: clk
Sources: clk 
Generated: no
Virtual: yes
Propagated: no
Period: 20.000000

===========================================================================
report_clock_properties
============================================================================
Clock                   Period          Waveform
----------------------------------------------------
clk                  20.000000    0.000000 10.000000

===========================================================================
report_clock_latency
============================================================================
Clock clk
rise -> rise
    min     max
0.000000 0.000000 source latency
0.500182         network latency _93_/CLK
        0.501860 network latency _95_/CLK
---------------
0.500182 0.501860 latency
        0.001678 skew

fall -> fall
    min     max
0.000000 0.000000 source latency
0.519379         network latency _93_/CLK
        0.520807 network latency _95_/CLK
---------------
0.519379 0.520807 latency
        0.001428 skew



===========================================================================
report_clock_min_period
============================================================================
clk period_min = 4.58 fmax = 218.48
