
===========================================================================
report_checks -path_delay min (Hold)
============================================================================
======================= nom_ss_100C_1v60 Corner ===================================

Startpoint: cin (input port clocked by __VIRTUAL_CLK__)
Endpoint: sum[0] (output port clocked by __VIRTUAL_CLK__)
Path Group: __VIRTUAL_CLK__
Path Type: min

Fanout         Cap        Slew       Delay        Time   Description
---------------------------------------------------------------------------------------------
                      0.000000    0.000000    0.000000   clock __VIRTUAL_CLK__ (rise edge)
                                  0.000000    0.000000   clock network delay (ideal)
                                  4.000000    4.000000 ^ input external delay
     2    0.011542    0.094037    0.059983    4.059983 ^ cin (in)
                                                         cin (net)
                      0.094037    0.000000    4.059983 ^ _58_/A (sky130_fd_sc_hd__xnor2_2)
     1    0.033442    0.320833    0.337759    4.397741 v _58_/Y (sky130_fd_sc_hd__xnor2_2)
                                                         sum[0] (net)
                      0.320833    0.000000    4.397741 v sum[0] (out)
                                              4.397741   data arrival time

                      0.000000    0.000000    0.000000   clock __VIRTUAL_CLK__ (rise edge)
                                  0.000000    0.000000   clock network delay (ideal)
                                  0.250000    0.250000   clock uncertainty
                                  0.000000    0.250000   clock reconvergence pessimism
                                 -4.000000   -3.750000   output external delay
                                             -3.750000   data required time
---------------------------------------------------------------------------------------------
                                             -3.750000   data required time
                                             -4.397741   data arrival time
---------------------------------------------------------------------------------------------
                                              8.147741   slack (MET)


Startpoint: b[5] (input port clocked by __VIRTUAL_CLK__)
Endpoint: sum[5] (output port clocked by __VIRTUAL_CLK__)
Path Group: __VIRTUAL_CLK__
Path Type: min

Fanout         Cap        Slew       Delay        Time   Description
---------------------------------------------------------------------------------------------
                      0.000000    0.000000    0.000000   clock __VIRTUAL_CLK__ (rise edge)
                                  0.000000    0.000000   clock network delay (ideal)
                                  4.000000    4.000000 ^ input external delay
     2    0.006034    0.056120    0.032667    4.032667 ^ b[5] (in)
                                                         b[5] (net)
                      0.056120    0.000000    4.032667 ^ _75_/A (sky130_fd_sc_hd__nand2_2)
     3    0.009716    0.102520    0.113974    4.146641 v _75_/Y (sky130_fd_sc_hd__nand2_2)
                                                         _32_ (net)
                      0.102520    0.000000    4.146641 v _80_/B (sky130_fd_sc_hd__nand2_2)
     1    0.008492    0.097731    0.139971    4.286612 ^ _80_/Y (sky130_fd_sc_hd__nand2_2)
                                                         _36_ (net)
                      0.097731    0.000000    4.286612 ^ _83_/B (sky130_fd_sc_hd__xnor2_2)
     1    0.033442    0.320882    0.317986    4.604598 v _83_/Y (sky130_fd_sc_hd__xnor2_2)
                                                         sum[5] (net)
                      0.320882    0.000000    4.604598 v sum[5] (out)
                                              4.604598   data arrival time

                      0.000000    0.000000    0.000000   clock __VIRTUAL_CLK__ (rise edge)
                                  0.000000    0.000000   clock network delay (ideal)
                                  0.250000    0.250000   clock uncertainty
                                  0.000000    0.250000   clock reconvergence pessimism
                                 -4.000000   -3.750000   output external delay
                                             -3.750000   data required time
---------------------------------------------------------------------------------------------
                                             -3.750000   data required time
                                             -4.604598   data arrival time
---------------------------------------------------------------------------------------------
                                              8.354597   slack (MET)


Startpoint: b[7] (input port clocked by __VIRTUAL_CLK__)
Endpoint: sum[7] (output port clocked by __VIRTUAL_CLK__)
Path Group: __VIRTUAL_CLK__
Path Type: min

Fanout         Cap        Slew       Delay        Time   Description
---------------------------------------------------------------------------------------------
                      0.000000    0.000000    0.000000   clock __VIRTUAL_CLK__ (rise edge)
                                  0.000000    0.000000   clock network delay (ideal)
                                  4.000000    4.000000 ^ input external delay
     3    0.007450    0.065868    0.039689    4.039689 ^ b[7] (in)
                                                         b[7] (net)
                      0.065868    0.000000    4.039689 ^ _60_/A (sky130_fd_sc_hd__nand2_2)
     2    0.008660    0.093970    0.111332    4.151021 v _60_/Y (sky130_fd_sc_hd__nand2_2)
                                                         _17_ (net)
                      0.093970    0.000000    4.151021 v _62_/A (sky130_fd_sc_hd__nand2_2)
     1    0.009061    0.095957    0.125140    4.276161 ^ _62_/Y (sky130_fd_sc_hd__nand2_2)
                                                         _19_ (net)
                      0.095957    0.000000    4.276161 ^ _78_/A (sky130_fd_sc_hd__xnor2_2)
     1    0.033442    0.320768    0.338462    4.614623 v _78_/Y (sky130_fd_sc_hd__xnor2_2)
                                                         sum[7] (net)
                      0.320768    0.000000    4.614623 v sum[7] (out)
                                              4.614623   data arrival time

                      0.000000    0.000000    0.000000   clock __VIRTUAL_CLK__ (rise edge)
                                  0.000000    0.000000   clock network delay (ideal)
                                  0.250000    0.250000   clock uncertainty
                                  0.000000    0.250000   clock reconvergence pessimism
                                 -4.000000   -3.750000   output external delay
                                             -3.750000   data required time
---------------------------------------------------------------------------------------------
                                             -3.750000   data required time
                                             -4.614623   data arrival time
---------------------------------------------------------------------------------------------
                                              8.364623   slack (MET)


Startpoint: b[4] (input port clocked by __VIRTUAL_CLK__)
Endpoint: sum[4] (output port clocked by __VIRTUAL_CLK__)
Path Group: __VIRTUAL_CLK__
Path Type: min

Fanout         Cap        Slew       Delay        Time   Description
---------------------------------------------------------------------------------------------
                      0.000000    0.000000    0.000000   clock __VIRTUAL_CLK__ (rise edge)
                                  0.000000    0.000000   clock network delay (ideal)
                                  4.000000    4.000000 ^ input external delay
     2    0.006034    0.056120    0.032667    4.032667 ^ b[4] (in)
                                                         b[4] (net)
                      0.056120    0.000000    4.032667 ^ _67_/A (sky130_fd_sc_hd__nand2_2)
     2    0.008642    0.093967    0.107391    4.140058 v _67_/Y (sky130_fd_sc_hd__nand2_2)
                                                         _24_ (net)
                      0.093967    0.000000    4.140058 v _69_/A (sky130_fd_sc_hd__nand2_2)
     2    0.013722    0.131788    0.152006    4.292064 ^ _69_/Y (sky130_fd_sc_hd__nand2_2)
                                                         _26_ (net)
                      0.131788    0.000000    4.292064 ^ _84_/A (sky130_fd_sc_hd__xnor2_2)
     1    0.033442    0.320868    0.351586    4.643650 v _84_/Y (sky130_fd_sc_hd__xnor2_2)
                                                         sum[4] (net)
                      0.320868    0.000000    4.643650 v sum[4] (out)
                                              4.643650   data arrival time

                      0.000000    0.000000    0.000000   clock __VIRTUAL_CLK__ (rise edge)
                                  0.000000    0.000000   clock network delay (ideal)
                                  0.250000    0.250000   clock uncertainty
                                  0.000000    0.250000   clock reconvergence pessimism
                                 -4.000000   -3.750000   output external delay
                                             -3.750000   data required time
---------------------------------------------------------------------------------------------
                                             -3.750000   data required time
                                             -4.643650   data arrival time
---------------------------------------------------------------------------------------------
                                              8.393649   slack (MET)


Startpoint: a[1] (input port clocked by __VIRTUAL_CLK__)
Endpoint: sum[1] (output port clocked by __VIRTUAL_CLK__)
Path Group: __VIRTUAL_CLK__
Path Type: min

Fanout         Cap        Slew       Delay        Time   Description
---------------------------------------------------------------------------------------------
                      0.000000    0.000000    0.000000   clock __VIRTUAL_CLK__ (rise edge)
                                  0.000000    0.000000   clock network delay (ideal)
                                  4.000000    4.000000 v input external delay
     2    0.005534    0.030206    0.017792    4.017792 v a[1] (in)
                                                         a[1] (net)
                      0.030206    0.000000    4.017792 v _51_/B (sky130_fd_sc_hd__nor2_2)
     1    0.004682    0.133821    0.129710    4.147501 ^ _51_/Y (sky130_fd_sc_hd__nor2_2)
                                                         _12_ (net)
                      0.133821    0.000000    4.147501 ^ _52_/B (sky130_fd_sc_hd__nor2_2)
     3    0.017362    0.089041    0.131908    4.279410 v _52_/Y (sky130_fd_sc_hd__nor2_2)
                                                         _13_ (net)
                      0.089041    0.000000    4.279410 v _57_/B (sky130_fd_sc_hd__xor2_2)
     1    0.033442    0.184911    0.389993    4.669403 v _57_/X (sky130_fd_sc_hd__xor2_2)
                                                         sum[1] (net)
                      0.184911    0.000000    4.669403 v sum[1] (out)
                                              4.669403   data arrival time

                      0.000000    0.000000    0.000000   clock __VIRTUAL_CLK__ (rise edge)
                                  0.000000    0.000000   clock network delay (ideal)
                                  0.250000    0.250000   clock uncertainty
                                  0.000000    0.250000   clock reconvergence pessimism
                                 -4.000000   -3.750000   output external delay
                                             -3.750000   data required time
---------------------------------------------------------------------------------------------
                                             -3.750000   data required time
                                             -4.669403   data arrival time
---------------------------------------------------------------------------------------------
                                              8.419403   slack (MET)


Startpoint: a[3] (input port clocked by __VIRTUAL_CLK__)
Endpoint: sum[3] (output port clocked by __VIRTUAL_CLK__)
Path Group: __VIRTUAL_CLK__
Path Type: min

Fanout         Cap        Slew       Delay        Time   Description
---------------------------------------------------------------------------------------------
                      0.000000    0.000000    0.000000   clock __VIRTUAL_CLK__ (rise edge)
                                  0.000000    0.000000   clock network delay (ideal)
                                  4.000000    4.000000 v input external delay
     3    0.006814    0.035420    0.021665    4.021666 v a[3] (in)
                                                         a[3] (net)
                      0.035420    0.000000    4.021666 v _39_/B (sky130_fd_sc_hd__nor2_2)
     1    0.004585    0.132194    0.130208    4.151874 ^ _39_/Y (sky130_fd_sc_hd__nor2_2)
                                                         _00_ (net)
                      0.132194    0.000000    4.151874 ^ _42_/A (sky130_fd_sc_hd__nor2_2)
     1    0.008431    0.056935    0.111203    4.263077 v _42_/Y (sky130_fd_sc_hd__nor2_2)
                                                         _03_ (net)
                      0.056935    0.000000    4.263077 v _55_/A (sky130_fd_sc_hd__xnor2_2)
     1    0.033442    0.320813    0.419465    4.682542 v _55_/Y (sky130_fd_sc_hd__xnor2_2)
                                                         sum[3] (net)
                      0.320813    0.000000    4.682542 v sum[3] (out)
                                              4.682542   data arrival time

                      0.000000    0.000000    0.000000   clock __VIRTUAL_CLK__ (rise edge)
                                  0.000000    0.000000   clock network delay (ideal)
                                  0.250000    0.250000   clock uncertainty
                                  0.000000    0.250000   clock reconvergence pessimism
                                 -4.000000   -3.750000   output external delay
                                             -3.750000   data required time
---------------------------------------------------------------------------------------------
                                             -3.750000   data required time
                                             -4.682542   data arrival time
---------------------------------------------------------------------------------------------
                                              8.432542   slack (MET)


Startpoint: a[2] (input port clocked by __VIRTUAL_CLK__)
Endpoint: sum[2] (output port clocked by __VIRTUAL_CLK__)
Path Group: __VIRTUAL_CLK__
Path Type: min

Fanout         Cap        Slew       Delay        Time   Description
---------------------------------------------------------------------------------------------
                      0.000000    0.000000    0.000000   clock __VIRTUAL_CLK__ (rise edge)
                                  0.000000    0.000000   clock network delay (ideal)
                                  4.000000    4.000000 ^ input external delay
     3    0.010788    0.088846    0.056243    4.056243 ^ a[2] (in)
                                                         a[2] (net)
                      0.088846    0.000000    4.056243 ^ _44_/B (sky130_fd_sc_hd__nor2_2)
     2    0.006487    0.041979    0.077867    4.134109 v _44_/Y (sky130_fd_sc_hd__nor2_2)
                                                         _05_ (net)
                      0.041979    0.000000    4.134109 v _45_/B (sky130_fd_sc_hd__nor2_2)
     1    0.009061    0.206111    0.188194    4.322304 ^ _45_/Y (sky130_fd_sc_hd__nor2_2)
                                                         _06_ (net)
                      0.206111    0.000000    4.322304 ^ _56_/A (sky130_fd_sc_hd__xnor2_2)
     1    0.033442    0.320804    0.378809    4.701113 v _56_/Y (sky130_fd_sc_hd__xnor2_2)
                                                         sum[2] (net)
                      0.320804    0.000000    4.701113 v sum[2] (out)
                                              4.701113   data arrival time

                      0.000000    0.000000    0.000000   clock __VIRTUAL_CLK__ (rise edge)
                                  0.000000    0.000000   clock network delay (ideal)
                                  0.250000    0.250000   clock uncertainty
                                  0.000000    0.250000   clock reconvergence pessimism
                                 -4.000000   -3.750000   output external delay
                                             -3.750000   data required time
---------------------------------------------------------------------------------------------
                                             -3.750000   data required time
                                             -4.701113   data arrival time
---------------------------------------------------------------------------------------------
                                              8.451112   slack (MET)


Startpoint: b[6] (input port clocked by __VIRTUAL_CLK__)
Endpoint: sum[6] (output port clocked by __VIRTUAL_CLK__)
Path Group: __VIRTUAL_CLK__
Path Type: min

Fanout         Cap        Slew       Delay        Time   Description
---------------------------------------------------------------------------------------------
                      0.000000    0.000000    0.000000   clock __VIRTUAL_CLK__ (rise edge)
                                  0.000000    0.000000   clock network delay (ideal)
                                  4.000000    4.000000 ^ input external delay
     2    0.006034    0.056120    0.032667    4.032667 ^ b[6] (in)
                                                         b[6] (net)
                      0.056120    0.000000    4.032667 ^ _64_/A (sky130_fd_sc_hd__nand2_2)
     4    0.017059    0.161001    0.158980    4.191647 v _64_/Y (sky130_fd_sc_hd__nand2_2)
                                                         _21_ (net)
                      0.161001    0.000000    4.191647 v _79_/B (sky130_fd_sc_hd__nand2_2)
     1    0.009061    0.102393    0.171414    4.363061 ^ _79_/Y (sky130_fd_sc_hd__nand2_2)
                                                         _35_ (net)
                      0.102393    0.000000    4.363061 ^ _82_/A (sky130_fd_sc_hd__xnor2_2)
     1    0.033442    0.320776    0.340819    4.703880 v _82_/Y (sky130_fd_sc_hd__xnor2_2)
                                                         sum[6] (net)
                      0.320776    0.000000    4.703880 v sum[6] (out)
                                              4.703880   data arrival time

                      0.000000    0.000000    0.000000   clock __VIRTUAL_CLK__ (rise edge)
                                  0.000000    0.000000   clock network delay (ideal)
                                  0.250000    0.250000   clock uncertainty
                                  0.000000    0.250000   clock reconvergence pessimism
                                 -4.000000   -3.750000   output external delay
                                             -3.750000   data required time
---------------------------------------------------------------------------------------------
                                             -3.750000   data required time
                                             -4.703880   data arrival time
---------------------------------------------------------------------------------------------
                                              8.453880   slack (MET)


Startpoint: b[7] (input port clocked by __VIRTUAL_CLK__)
Endpoint: cout (output port clocked by __VIRTUAL_CLK__)
Path Group: __VIRTUAL_CLK__
Path Type: min

Fanout         Cap        Slew       Delay        Time   Description
---------------------------------------------------------------------------------------------
                      0.000000    0.000000    0.000000   clock __VIRTUAL_CLK__ (rise edge)
                                  0.000000    0.000000   clock network delay (ideal)
                                  4.000000    4.000000 v input external delay
     3    0.007071    0.036467    0.022441    4.022441 v b[7] (in)
                                                         b[7] (net)
                      0.036467    0.000000    4.022441 v _60_/A (sky130_fd_sc_hd__nand2_2)
     2    0.009092    0.094170    0.098927    4.121368 ^ _60_/Y (sky130_fd_sc_hd__nand2_2)
                                                         _17_ (net)
                      0.094170    0.000000    4.121368 ^ _85_/A (sky130_fd_sc_hd__nand2_2)
     1    0.002251    0.046637    0.081564    4.202932 v _85_/Y (sky130_fd_sc_hd__nand2_2)
                                                         _38_ (net)
                      0.046637    0.000000    4.202932 v _86_/B2 (sky130_fd_sc_hd__o221a_2)
     1    0.033442    0.180634    0.596702    4.799634 v _86_/X (sky130_fd_sc_hd__o221a_2)
                                                         cout (net)
                      0.180634    0.000000    4.799634 v cout (out)
                                              4.799634   data arrival time

                      0.000000    0.000000    0.000000   clock __VIRTUAL_CLK__ (rise edge)
                                  0.000000    0.000000   clock network delay (ideal)
                                  0.250000    0.250000   clock uncertainty
                                  0.000000    0.250000   clock reconvergence pessimism
                                 -4.000000   -3.750000   output external delay
                                             -3.750000   data required time
---------------------------------------------------------------------------------------------
                                             -3.750000   data required time
                                             -4.799634   data arrival time
---------------------------------------------------------------------------------------------
                                              8.549634   slack (MET)



