Reading timing models for corner nom_tt_025C_1v80…
Reading timing library for the 'nom_tt_025C_1v80' corner at '/home/minhnd/.volare/volare/sky130/versions/0fe599b2afb6708d281543108caf8310912f54af/sky130A/libs.ref/sky130_fd_sc_hd/lib/sky130_fd_sc_hd__tt_025C_1v80.lib'…
Reading timing models for corner nom_ff_n40C_1v95…
Reading timing library for the 'nom_ff_n40C_1v95' corner at '/home/minhnd/.volare/volare/sky130/versions/0fe599b2afb6708d281543108caf8310912f54af/sky130A/libs.ref/sky130_fd_sc_hd/lib/sky130_fd_sc_hd__ff_n40C_1v95.lib'…
Reading timing models for corner nom_ss_100C_1v60…
Reading timing library for the 'nom_ss_100C_1v60' corner at '/home/minhnd/.volare/volare/sky130/versions/0fe599b2afb6708d281543108caf8310912f54af/sky130A/libs.ref/sky130_fd_sc_hd/lib/sky130_fd_sc_hd__ss_100C_1v60.lib'…
Reading OpenROAD database at '/home/minhnd/projects/CLA32_Floorplanning/runs/cla32_pdn_wide/27-openroad-globalplacement/cla32.odb'…
Reading design constraints file at '/nix/store/ss2cw3sxbrwwx9jl0rrppbw4kgcmgi2n-python3-3.11.9-env/lib/python3.11/site-packages/openlane/scripts/base.sdc'…
[WARNING STA-0366] port '__VIRTUAL_CLK__' not found.
[INFO] Using clock __VIRTUAL_CLK__…
[INFO] Setting output delay to: 4
[INFO] Setting input delay to: 4
[WARNING STA-0366] port '__VIRTUAL_CLK__' not found.
[INFO] Setting load to: 0.033442
[INFO] Setting clock uncertainty to: 0.25
[INFO] Setting clock transition to: 0.1499999999999999944488848768742172978818416595458984375
[WARNING STA-0419] transition time can not be specified for virtual clocks.
[INFO] Setting timing derate to: 5%
[WARNING STA-0450] virtual clock __VIRTUAL_CLK__ can not be propagated.
[INFO] Setting RC values…
[INFO RSZ-0027] Inserted 65 input buffers.
[INFO RSZ-0028] Inserted 33 output buffers.
[INFO RSZ-0058] Using max wire length 6335um.
Iteration | Resized | Buffers | Nets repaired | Remaining
---------------------------------------------------------
        0 |       0 |       0 |             0 |       372
       10 |       9 |       0 |             0 |       362
       20 |      19 |       0 |             0 |       352
       30 |      29 |       0 |             0 |       342
       40 |      39 |       0 |             0 |       332
       50 |      49 |       0 |             0 |       322
       60 |      59 |       0 |             0 |       312
       70 |      69 |       0 |             0 |       302
       80 |      79 |       0 |             0 |       292
       90 |      89 |       0 |             0 |       282
      100 |      99 |       0 |             0 |       272
      110 |     108 |       0 |             0 |       262
      120 |     116 |       0 |             0 |       252
      130 |     126 |       0 |             0 |       242
      140 |     135 |       0 |             0 |       232
      150 |     145 |       0 |             0 |       222
      160 |     155 |       0 |             0 |       212
      170 |     165 |       0 |             0 |       202
      180 |     173 |       0 |             0 |       192
      190 |     183 |       0 |             0 |       182
      200 |     193 |       0 |             0 |       172
      210 |     203 |       0 |             0 |       162
      220 |     213 |       0 |             0 |       152
      230 |     223 |       0 |             0 |       142
      240 |     233 |       0 |             0 |       132
      250 |     238 |       0 |             0 |       122
      260 |     243 |       0 |             0 |       112
      270 |     249 |       0 |             0 |       102
      280 |     258 |       0 |             0 |        92
      290 |     265 |       0 |             0 |        82
      300 |     269 |       0 |             0 |        72
      310 |     275 |       0 |             0 |        62
      320 |     275 |       0 |             0 |        52
      330 |     275 |       0 |             0 |        42
      340 |     275 |       0 |             0 |        32
      350 |     275 |       0 |             0 |        22
      360 |     275 |       0 |             0 |        12
      370 |     275 |       0 |             0 |         2
    final |     275 |       0 |             0 |         0
---------------------------------------------------------
[INFO RSZ-0039] Resized 275 instances.
Placement Analysis
---------------------------------
total displacement        700.9 u
average displacement        1.7 u
max displacement           16.1 u
original HPWL            3981.4 u
legalized HPWL           4434.3 u
delta HPWL                   11 %

[INFO DPL-0020] Mirrored 121 instances
[INFO DPL-0021] HPWL before            4434.3 u
[INFO DPL-0022] HPWL after             4280.3 u
[INFO DPL-0023] HPWL delta               -3.5 %
[INFO] Setting RC values…
Setting global connections for newly added cells…
[INFO] Setting global connections...
Updating metrics…
Cell type report:                       Count       Area
  Fill cell                                48     180.17
  Tap cell                                 65      81.33
  Timing Repair Buffer                     98     409.14
  Inverter                                  4      15.01
  Multi-Input combinational cell          205    1325.02
  Total                                   420    2010.68
Writing OpenROAD database to '/home/minhnd/projects/CLA32_Floorplanning/runs/cla32_pdn_wide/31-openroad-repairdesignpostgpl/cla32.odb'…
Writing netlist to '/home/minhnd/projects/CLA32_Floorplanning/runs/cla32_pdn_wide/31-openroad-repairdesignpostgpl/cla32.nl.v'…
Writing powered netlist to '/home/minhnd/projects/CLA32_Floorplanning/runs/cla32_pdn_wide/31-openroad-repairdesignpostgpl/cla32.pnl.v'…
Writing layout to '/home/minhnd/projects/CLA32_Floorplanning/runs/cla32_pdn_wide/31-openroad-repairdesignpostgpl/cla32.def'…
Writing timing constraints to '/home/minhnd/projects/CLA32_Floorplanning/runs/cla32_pdn_wide/31-openroad-repairdesignpostgpl/cla32.sdc'…
