
===========================================================================
report_checks -path_delay min (Hold)
============================================================================
======================= min_tt_025C_1v80 Corner ===================================

Startpoint: cin (input port clocked by __VIRTUAL_CLK__)
Endpoint: sum[0] (output port clocked by __VIRTUAL_CLK__)
Path Group: __VIRTUAL_CLK__
Path Type: min

Fanout         Cap        Slew       Delay        Time   Description
---------------------------------------------------------------------------------------------
                      0.000000    0.000000    0.000000   clock __VIRTUAL_CLK__ (rise edge)
                                  0.000000    0.000000   clock network delay (ideal)
                                  4.000000    4.000000 ^ input external delay
     1    0.003887    0.024448    0.014116    4.014116 ^ cin (in)
                                                         cin (net)
                      0.024448    0.000000    4.014116 ^ input17/A (sky130_fd_sc_hd__buf_1)
     2    0.008491    0.107545    0.118793    4.132910 ^ input17/X (sky130_fd_sc_hd__buf_1)
                                                         net17 (net)
                      0.107545    0.000097    4.133007 ^ _58_/A (sky130_fd_sc_hd__xnor2_1)
     1    0.001977    0.028384    0.075013    4.208020 v _58_/Y (sky130_fd_sc_hd__xnor2_1)
                                                         net19 (net)
                      0.028384    0.000010    4.208030 v output19/A (sky130_fd_sc_hd__buf_2)
     1    0.034290    0.089504    0.173292    4.381322 v output19/X (sky130_fd_sc_hd__buf_2)
                                                         sum[0] (net)
                      0.089504    0.000271    4.381593 v sum[0] (out)
                                              4.381593   data arrival time

                      0.000000    0.000000    0.000000   clock __VIRTUAL_CLK__ (rise edge)
                                  0.000000    0.000000   clock network delay (ideal)
                                  0.250000    0.250000   clock uncertainty
                                  0.000000    0.250000   clock reconvergence pessimism
                                 -4.000000   -3.750000   output external delay
                                             -3.750000   data required time
---------------------------------------------------------------------------------------------
                                             -3.750000   data required time
                                             -4.381593   data arrival time
---------------------------------------------------------------------------------------------
                                              8.131594   slack (MET)


Startpoint: b[5] (input port clocked by __VIRTUAL_CLK__)
Endpoint: sum[5] (output port clocked by __VIRTUAL_CLK__)
Path Group: __VIRTUAL_CLK__
Path Type: min

Fanout         Cap        Slew       Delay        Time   Description
---------------------------------------------------------------------------------------------
                      0.000000    0.000000    0.000000   clock __VIRTUAL_CLK__ (rise edge)
                                  0.000000    0.000000   clock network delay (ideal)
                                  4.000000    4.000000 ^ input external delay
     1    0.002865    0.020009    0.010526    4.010526 ^ b[5] (in)
                                                         b[5] (net)
                      0.020009    0.000000    4.010526 ^ input14/A (sky130_fd_sc_hd__clkbuf_1)
     2    0.004606    0.063972    0.086384    4.096910 ^ input14/X (sky130_fd_sc_hd__clkbuf_1)
                                                         net14 (net)
                      0.063972    0.000036    4.096947 ^ _75_/A (sky130_fd_sc_hd__nand2_1)
     3    0.008998    0.071067    0.082787    4.179734 v _75_/Y (sky130_fd_sc_hd__nand2_1)
                                                         _32_ (net)
                      0.071067    0.000081    4.179814 v _80_/B (sky130_fd_sc_hd__nand2_1)
     1    0.005003    0.058089    0.086589    4.266403 ^ _80_/Y (sky130_fd_sc_hd__nand2_1)
                                                         _36_ (net)
                      0.058089    0.000025    4.266428 ^ _83_/B (sky130_fd_sc_hd__xnor2_1)
     1    0.001988    0.028247    0.054247    4.320675 v _83_/Y (sky130_fd_sc_hd__xnor2_1)
                                                         net24 (net)
                      0.028247    0.000018    4.320693 v output24/A (sky130_fd_sc_hd__buf_2)
     1    0.034592    0.090246    0.173641    4.494333 v output24/X (sky130_fd_sc_hd__buf_2)
                                                         sum[5] (net)
                      0.090248    0.000471    4.494804 v sum[5] (out)
                                              4.494804   data arrival time

                      0.000000    0.000000    0.000000   clock __VIRTUAL_CLK__ (rise edge)
                                  0.000000    0.000000   clock network delay (ideal)
                                  0.250000    0.250000   clock uncertainty
                                  0.000000    0.250000   clock reconvergence pessimism
                                 -4.000000   -3.750000   output external delay
                                             -3.750000   data required time
---------------------------------------------------------------------------------------------
                                             -3.750000   data required time
                                             -4.494804   data arrival time
---------------------------------------------------------------------------------------------
                                              8.244804   slack (MET)


Startpoint: b[6] (input port clocked by __VIRTUAL_CLK__)
Endpoint: sum[6] (output port clocked by __VIRTUAL_CLK__)
Path Group: __VIRTUAL_CLK__
Path Type: min

Fanout         Cap        Slew       Delay        Time   Description
---------------------------------------------------------------------------------------------
                      0.000000    0.000000    0.000000   clock __VIRTUAL_CLK__ (rise edge)
                                  0.000000    0.000000   clock network delay (ideal)
                                  4.000000    4.000000 ^ input external delay
     1    0.002845    0.019924    0.010452    4.010452 ^ b[6] (in)
                                                         b[6] (net)
                      0.019924    0.000000    4.010452 ^ input15/A (sky130_fd_sc_hd__clkbuf_1)
     2    0.004679    0.064791    0.086941    4.097393 ^ input15/X (sky130_fd_sc_hd__clkbuf_1)
                                                         net15 (net)
                      0.064791    0.000032    4.097425 ^ _64_/A (sky130_fd_sc_hd__nand2_1)
     4    0.012323    0.093369    0.099930    4.197355 v _64_/Y (sky130_fd_sc_hd__nand2_1)
                                                         _21_ (net)
                      0.093369    0.000078    4.197433 v _79_/B (sky130_fd_sc_hd__nand2_1)
     1    0.005558    0.062857    0.100102    4.297535 ^ _79_/Y (sky130_fd_sc_hd__nand2_1)
                                                         _35_ (net)
                      0.062857    0.000067    4.297602 ^ _82_/A (sky130_fd_sc_hd__xnor2_1)
     1    0.001809    0.029729    0.062322    4.359924 v _82_/Y (sky130_fd_sc_hd__xnor2_1)
                                                         net25 (net)
                      0.029729    0.000008    4.359931 v output25/A (sky130_fd_sc_hd__buf_2)
     1    0.034199    0.089266    0.173759    4.533690 v output25/X (sky130_fd_sc_hd__buf_2)
                                                         sum[6] (net)
                      0.089266    0.000200    4.533891 v sum[6] (out)
                                              4.533891   data arrival time

                      0.000000    0.000000    0.000000   clock __VIRTUAL_CLK__ (rise edge)
                                  0.000000    0.000000   clock network delay (ideal)
                                  0.250000    0.250000   clock uncertainty
                                  0.000000    0.250000   clock reconvergence pessimism
                                 -4.000000   -3.750000   output external delay
                                             -3.750000   data required time
---------------------------------------------------------------------------------------------
                                             -3.750000   data required time
                                             -4.533891   data arrival time
---------------------------------------------------------------------------------------------
                                              8.283891   slack (MET)


Startpoint: b[7] (input port clocked by __VIRTUAL_CLK__)
Endpoint: sum[7] (output port clocked by __VIRTUAL_CLK__)
Path Group: __VIRTUAL_CLK__
Path Type: min

Fanout         Cap        Slew       Delay        Time   Description
---------------------------------------------------------------------------------------------
                      0.000000    0.000000    0.000000   clock __VIRTUAL_CLK__ (rise edge)
                                  0.000000    0.000000   clock network delay (ideal)
                                  4.000000    4.000000 ^ input external delay
     1    0.003205    0.021482    0.011719    4.011719 ^ b[7] (in)
                                                         b[7] (net)
                      0.021482    0.000000    4.011719 ^ input16/A (sky130_fd_sc_hd__clkbuf_1)
     3    0.007854    0.100386    0.112675    4.124394 ^ input16/X (sky130_fd_sc_hd__clkbuf_1)
                                                         net16 (net)
                      0.100386    0.000117    4.124511 ^ _60_/A (sky130_fd_sc_hd__nand2_1)
     2    0.007655    0.066059    0.087690    4.212202 v _60_/Y (sky130_fd_sc_hd__nand2_1)
                                                         _17_ (net)
                      0.066059    0.000071    4.212272 v _62_/A (sky130_fd_sc_hd__nand2_1)
     1    0.005760    0.063553    0.081392    4.293664 ^ _62_/Y (sky130_fd_sc_hd__nand2_1)
                                                         _19_ (net)
                      0.063553    0.000068    4.293731 ^ _78_/A (sky130_fd_sc_hd__xnor2_1)
     1    0.002262    0.029756    0.065307    4.359038 v _78_/Y (sky130_fd_sc_hd__xnor2_1)
                                                         net26 (net)
                      0.029756    0.000022    4.359060 v output26/A (sky130_fd_sc_hd__buf_2)
     1    0.034922    0.090814    0.175131    4.534192 v output26/X (sky130_fd_sc_hd__buf_2)
                                                         sum[7] (net)
                      0.090814    0.000194    4.534385 v sum[7] (out)
                                              4.534385   data arrival time

                      0.000000    0.000000    0.000000   clock __VIRTUAL_CLK__ (rise edge)
                                  0.000000    0.000000   clock network delay (ideal)
                                  0.250000    0.250000   clock uncertainty
                                  0.000000    0.250000   clock reconvergence pessimism
                                 -4.000000   -3.750000   output external delay
                                             -3.750000   data required time
---------------------------------------------------------------------------------------------
                                             -3.750000   data required time
                                             -4.534385   data arrival time
---------------------------------------------------------------------------------------------
                                              8.284385   slack (MET)


Startpoint: b[4] (input port clocked by __VIRTUAL_CLK__)
Endpoint: sum[4] (output port clocked by __VIRTUAL_CLK__)
Path Group: __VIRTUAL_CLK__
Path Type: min

Fanout         Cap        Slew       Delay        Time   Description
---------------------------------------------------------------------------------------------
                      0.000000    0.000000    0.000000   clock __VIRTUAL_CLK__ (rise edge)
                                  0.000000    0.000000   clock network delay (ideal)
                                  4.000000    4.000000 ^ input external delay
     1    0.003470    0.022636    0.012642    4.012642 ^ b[4] (in)
                                                         b[4] (net)
                      0.022636    0.000000    4.012642 ^ input13/A (sky130_fd_sc_hd__clkbuf_1)
     2    0.004616    0.064092    0.087379    4.100020 ^ input13/X (sky130_fd_sc_hd__clkbuf_1)
                                                         net13 (net)
                      0.064092    0.000046    4.100066 ^ _67_/A (sky130_fd_sc_hd__nand2_1)
     2    0.008342    0.067212    0.079379    4.179445 v _67_/Y (sky130_fd_sc_hd__nand2_1)
                                                         _24_ (net)
                      0.067212    0.000040    4.179485 v _69_/A (sky130_fd_sc_hd__nand2_1)
     2    0.009945    0.098668    0.108339    4.287824 ^ _69_/Y (sky130_fd_sc_hd__nand2_1)
                                                         _26_ (net)
                      0.098668    0.000081    4.287905 ^ _84_/A (sky130_fd_sc_hd__xnor2_1)
     1    0.002252    0.033582    0.074553    4.362458 v _84_/Y (sky130_fd_sc_hd__xnor2_1)
                                                         net23 (net)
                      0.033582    0.000023    4.362481 v output23/A (sky130_fd_sc_hd__buf_2)
     1    0.034113    0.089061    0.175247    4.537728 v output23/X (sky130_fd_sc_hd__buf_2)
                                                         sum[4] (net)
                      0.089061    0.000214    4.537942 v sum[4] (out)
                                              4.537942   data arrival time

                      0.000000    0.000000    0.000000   clock __VIRTUAL_CLK__ (rise edge)
                                  0.000000    0.000000   clock network delay (ideal)
                                  0.250000    0.250000   clock uncertainty
                                  0.000000    0.250000   clock reconvergence pessimism
                                 -4.000000   -3.750000   output external delay
                                             -3.750000   data required time
---------------------------------------------------------------------------------------------
                                             -3.750000   data required time
                                             -4.537942   data arrival time
---------------------------------------------------------------------------------------------
                                              8.287943   slack (MET)


Startpoint: a[3] (input port clocked by __VIRTUAL_CLK__)
Endpoint: sum[3] (output port clocked by __VIRTUAL_CLK__)
Path Group: __VIRTUAL_CLK__
Path Type: min

Fanout         Cap        Slew       Delay        Time   Description
---------------------------------------------------------------------------------------------
                      0.000000    0.000000    0.000000   clock __VIRTUAL_CLK__ (rise edge)
                                  0.000000    0.000000   clock network delay (ideal)
                                  4.000000    4.000000 v input external delay
     1    0.003348    0.009905    0.005344    4.005344 v a[3] (in)
                                                         a[3] (net)
                      0.009905    0.000000    4.005344 v input4/A (sky130_fd_sc_hd__clkbuf_1)
     3    0.006815    0.047678    0.091470    4.096814 v input4/X (sky130_fd_sc_hd__clkbuf_1)
                                                         net4 (net)
                      0.047678    0.000044    4.096858 v _39_/B (sky130_fd_sc_hd__nor2_1)
     1    0.003611    0.088536    0.092282    4.189140 ^ _39_/Y (sky130_fd_sc_hd__nor2_1)
                                                         _00_ (net)
                      0.088536    0.000041    4.189181 ^ _42_/A (sky130_fd_sc_hd__nor2_1)
     1    0.004955    0.039459    0.061845    4.251027 v _42_/Y (sky130_fd_sc_hd__nor2_1)
                                                         _03_ (net)
                      0.039459    0.000048    4.251075 v _55_/A (sky130_fd_sc_hd__xnor2_1)
     1    0.002671    0.033254    0.115681    4.366755 v _55_/Y (sky130_fd_sc_hd__xnor2_1)
                                                         net22 (net)
                      0.033254    0.000031    4.366786 v output22/A (sky130_fd_sc_hd__buf_2)
     1    0.034329    0.089594    0.175396    4.542183 v output22/X (sky130_fd_sc_hd__buf_2)
                                                         sum[3] (net)
                      0.089594    0.000357    4.542540 v sum[3] (out)
                                              4.542540   data arrival time

                      0.000000    0.000000    0.000000   clock __VIRTUAL_CLK__ (rise edge)
                                  0.000000    0.000000   clock network delay (ideal)
                                  0.250000    0.250000   clock uncertainty
                                  0.000000    0.250000   clock reconvergence pessimism
                                 -4.000000   -3.750000   output external delay
                                             -3.750000   data required time
---------------------------------------------------------------------------------------------
                                             -3.750000   data required time
                                             -4.542540   data arrival time
---------------------------------------------------------------------------------------------
                                              8.292540   slack (MET)


Startpoint: cin (input port clocked by __VIRTUAL_CLK__)
Endpoint: sum[1] (output port clocked by __VIRTUAL_CLK__)
Path Group: __VIRTUAL_CLK__
Path Type: min

Fanout         Cap        Slew       Delay        Time   Description
---------------------------------------------------------------------------------------------
                      0.000000    0.000000    0.000000   clock __VIRTUAL_CLK__ (rise edge)
                                  0.000000    0.000000   clock network delay (ideal)
                                  4.000000    4.000000 ^ input external delay
     1    0.003887    0.024448    0.014116    4.014116 ^ cin (in)
                                                         cin (net)
                      0.024448    0.000000    4.014116 ^ input17/A (sky130_fd_sc_hd__buf_1)
     2    0.008491    0.107545    0.118793    4.132910 ^ input17/X (sky130_fd_sc_hd__buf_1)
                                                         net17 (net)
                      0.107545    0.000072    4.132982 ^ _50_/A1 (sky130_fd_sc_hd__a21bo_1)
     3    0.012150    0.107928    0.171312    4.304294 ^ _50_/X (sky130_fd_sc_hd__a21bo_1)
                                                         _11_ (net)
                      0.107928    0.000166    4.304460 ^ _57_/A (sky130_fd_sc_hd__xor2_1)
     1    0.002577    0.035358    0.074900    4.379360 v _57_/X (sky130_fd_sc_hd__xor2_1)
                                                         net20 (net)
                      0.035358    0.000020    4.379379 v output20/A (sky130_fd_sc_hd__buf_2)
     1    0.034015    0.088819    0.175861    4.555240 v output20/X (sky130_fd_sc_hd__buf_2)
                                                         sum[1] (net)
                      0.088819    0.000175    4.555414 v sum[1] (out)
                                              4.555414   data arrival time

                      0.000000    0.000000    0.000000   clock __VIRTUAL_CLK__ (rise edge)
                                  0.000000    0.000000   clock network delay (ideal)
                                  0.250000    0.250000   clock uncertainty
                                  0.000000    0.250000   clock reconvergence pessimism
                                 -4.000000   -3.750000   output external delay
                                             -3.750000   data required time
---------------------------------------------------------------------------------------------
                                             -3.750000   data required time
                                             -4.555414   data arrival time
---------------------------------------------------------------------------------------------
                                              8.305414   slack (MET)


Startpoint: a[2] (input port clocked by __VIRTUAL_CLK__)
Endpoint: sum[2] (output port clocked by __VIRTUAL_CLK__)
Path Group: __VIRTUAL_CLK__
Path Type: min

Fanout         Cap        Slew       Delay        Time   Description
---------------------------------------------------------------------------------------------
                      0.000000    0.000000    0.000000   clock __VIRTUAL_CLK__ (rise edge)
                                  0.000000    0.000000   clock network delay (ideal)
                                  4.000000    4.000000 ^ input external delay
     1    0.003506    0.022792    0.012775    4.012774 ^ a[2] (in)
                                                         a[2] (net)
                      0.022792    0.000000    4.012774 ^ input3/A (sky130_fd_sc_hd__buf_1)
     3    0.010808    0.133805    0.136387    4.149162 ^ input3/X (sky130_fd_sc_hd__buf_1)
                                                         net3 (net)
                      0.133805    0.000091    4.149253 ^ _44_/B (sky130_fd_sc_hd__nor2_1)
     2    0.006068    0.050066    0.073435    4.222688 v _44_/Y (sky130_fd_sc_hd__nor2_1)
                                                         _05_ (net)
                      0.050066    0.000062    4.222750 v _45_/B (sky130_fd_sc_hd__nor2_1)
     1    0.005288    0.115723    0.114004    4.336754 ^ _45_/Y (sky130_fd_sc_hd__nor2_1)
                                                         _06_ (net)
                      0.115723    0.000054    4.336808 ^ _56_/A (sky130_fd_sc_hd__xnor2_1)
     1    0.002067    0.032346    0.077778    4.414586 v _56_/Y (sky130_fd_sc_hd__xnor2_1)
                                                         net21 (net)
                      0.032346    0.000019    4.414605 v output21/A (sky130_fd_sc_hd__buf_2)
     1    0.034254    0.089460    0.174829    4.589433 v output21/X (sky130_fd_sc_hd__buf_2)
                                                         sum[2] (net)
                      0.089461    0.000401    4.589835 v sum[2] (out)
                                              4.589835   data arrival time

                      0.000000    0.000000    0.000000   clock __VIRTUAL_CLK__ (rise edge)
                                  0.000000    0.000000   clock network delay (ideal)
                                  0.250000    0.250000   clock uncertainty
                                  0.000000    0.250000   clock reconvergence pessimism
                                 -4.000000   -3.750000   output external delay
                                             -3.750000   data required time
---------------------------------------------------------------------------------------------
                                             -3.750000   data required time
                                             -4.589835   data arrival time
---------------------------------------------------------------------------------------------
                                              8.339835   slack (MET)


Startpoint: b[7] (input port clocked by __VIRTUAL_CLK__)
Endpoint: cout (output port clocked by __VIRTUAL_CLK__)
Path Group: __VIRTUAL_CLK__
Path Type: min

Fanout         Cap        Slew       Delay        Time   Description
---------------------------------------------------------------------------------------------
                      0.000000    0.000000    0.000000   clock __VIRTUAL_CLK__ (rise edge)
                                  0.000000    0.000000   clock network delay (ideal)
                                  4.000000    4.000000 v input external delay
     1    0.003029    0.009163    0.004805    4.004805 v b[7] (in)
                                                         b[7] (net)
                      0.009163    0.000000    4.004805 v input16/A (sky130_fd_sc_hd__clkbuf_1)
     3    0.007528    0.051245    0.094434    4.099239 v input16/X (sky130_fd_sc_hd__clkbuf_1)
                                                         net16 (net)
                      0.051245    0.000112    4.099351 v _60_/A (sky130_fd_sc_hd__nand2_1)
     2    0.007897    0.080690    0.088466    4.187817 ^ _60_/Y (sky130_fd_sc_hd__nand2_1)
                                                         _17_ (net)
                      0.080690    0.000055    4.187872 ^ _85_/A (sky130_fd_sc_hd__nand2_1)
     1    0.002976    0.037633    0.054826    4.242698 v _85_/Y (sky130_fd_sc_hd__nand2_1)
                                                         _38_ (net)
                      0.037633    0.000031    4.242729 v _86_/B2 (sky130_fd_sc_hd__o221a_1)
     1    0.001838    0.028310    0.189695    4.432425 v _86_/X (sky130_fd_sc_hd__o221a_1)
                                                         net18 (net)
                      0.028310    0.000015    4.432439 v output18/A (sky130_fd_sc_hd__buf_2)
     1    0.034309    0.089550    0.173290    4.605730 v output18/X (sky130_fd_sc_hd__buf_2)
                                                         cout (net)
                      0.089550    0.000279    4.606009 v cout (out)
                                              4.606009   data arrival time

                      0.000000    0.000000    0.000000   clock __VIRTUAL_CLK__ (rise edge)
                                  0.000000    0.000000   clock network delay (ideal)
                                  0.250000    0.250000   clock uncertainty
                                  0.000000    0.250000   clock reconvergence pessimism
                                 -4.000000   -3.750000   output external delay
                                             -3.750000   data required time
---------------------------------------------------------------------------------------------
                                             -3.750000   data required time
                                             -4.606009   data arrival time
---------------------------------------------------------------------------------------------
                                              8.356009   slack (MET)



